<html>
<body>
<pre>
<h1>µVision Build Log</h1>
<h2>Tool Versions:</h2>
IDE-Version: µVision V5.38.0.0
Copyright (C) 2022 ARM Ltd and ARM Germany GmbH. All rights reserved.
License Information: Charles Norton
GVSU
User-based license: Keil MDK Community (non-commercial free of charge)
Valid until: May 31 2033. Cached until: Dec 10 2024
 
Tool Versions:
Toolchain:       Keil MDK Community (non-commercial free of charge  Version: 5.38.0.0
Toolchain Path:  C:\Keil_v5\ARM\ARMCLANG\Bin
C Compiler:      ArmClang.exe V6.19
Assembler:       Armasm.exe V6.19
Linker/Locator:  ArmLink.exe V6.19
Library Manager: ArmAr.exe V6.19
Hex Converter:   FromElf.exe V6.19
CPU DLL:         SARMCM3.DLL V5.38.0.0
Dialog DLL:      DCM.DLL V1.17.5.0
Target DLL:      STLink\ST-LINKIII-KEIL_SWO.dll V3.1.0.0
Dialog DLL:      TCM.DLL V1.56.4.0
 
<h2>Project:</h2>
C:\Users\xchar\OneDrive\Documents\GVSU_ARCHIVE\Fall_2024\EGR_326_903\EGR326\Final_project\jb\EGR326_lab6.uvprojx
Project File Date:  11/30/2024

<h2>Output:</h2>
*** Using Compiler 'V6.19', folder: 'C:\Keil_v5\ARM\ARMCLANG\Bin'
Build target 'Target 1'
testmain.c(30): warning: In file included from...
./main.h(11): warning: In file included from...
./ILI9341.h(11): warning: In file included from...
./spi.h(68): warning: no newline at end of file [-Wnewline-eof]
/* EOF */
         ^
testmain.c(30): warning: In file included from...
./main.h(15): warning: In file included from...
./my_photos.h(7): warning: no previous extern declaration for non-static variable 'Happy' [-Wmissing-variable-declarations]
const uint16_t Happy[] = {// 'happy', 211x200px
               ^
./my_photos.h(7): note: declare 'static' if the variable is not intended to be used outside of this translation unit
const uint16_t Happy[] = {// 'happy', 211x200px
      ^
./my_photos.h(2647): warning: no previous extern declaration for non-static variable 'content' [-Wmissing-variable-declarations]
const uint16_t content[] = {// 'content', 211x199px
               ^
./my_photos.h(2647): note: declare 'static' if the variable is not intended to be used outside of this translation unit
const uint16_t content[] = {// 'content', 211x199px
      ^
./my_photos.h(5274): warning: no previous extern declaration for non-static variable 'Hungry' [-Wmissing-variable-declarations]
const uint16_t Hungry[] = {// 'hungry', 214x205px
               ^
./my_photos.h(5274): note: declare 'static' if the variable is not intended to be used outside of this translation unit
const uint16_t Hungry[] = {// 'hungry', 214x205px
      ^
./my_photos.h(8018): warning: no previous extern declaration for non-static variable 'Sleepy' [-Wmissing-variable-declarations]
const uint16_t Sleepy[] = {// 'alseep', 211x198px
               ^
./my_photos.h(8018): note: declare 'static' if the variable is not intended to be used outside of this translation unit
const uint16_t Sleepy[] = {// 'alseep', 211x198px
      ^
./my_photos.h(10632): warning: no previous extern declaration for non-static variable 'contentImage' [-Wmissing-variable-declarations]
const tImage16bit contentImage[] = {{content, 211, 199, 41989}}; // 211x199px
                  ^
./my_photos.h(10632): note: declare 'static' if the variable is not intended to be used outside of this translation unit
const tImage16bit contentImage[] = {{content, 211, 199, 41989}}; // 211x199px
      ^
./my_photos.h(10634): warning: no previous extern declaration for non-static variable 'HappyImage' [-Wmissing-variable-declarations]
const tImage16bit HappyImage[] = {{Happy, 211, 200, 42200}};    //'happy', 211x200px
                  ^
./my_photos.h(10634): note: declare 'static' if the variable is not intended to be used outside of this translation unit
const tImage16bit HappyImage[] = {{Happy, 211, 200, 42200}};    //'happy', 211x200px
      ^
./my_photos.h(10636): warning: no previous extern declaration for non-static variable 'HungryImage' [-Wmissing-variable-declarations]
const tImage16bit HungryImage[] = {{Hungry, 214, 205, 43870}}; // 'hungry', 214x205px
                  ^
./my_photos.h(10636): note: declare 'static' if the variable is not intended to be used outside of this translation unit
const tImage16bit HungryImage[] = {{Hungry, 214, 205, 43870}}; // 'hungry', 214x205px
      ^
./my_photos.h(10638): warning: no previous extern declaration for non-static variable 'SleepyImage' [-Wmissing-variable-declarations]
const tImage16bit SleepyImage[] = {{Sleepy, 211, 198, 41778}}; // 'alseep', 211x198px
                  ^
./my_photos.h(10638): note: declare 'static' if the variable is not intended to be used outside of this translation unit
const tImage16bit SleepyImage[] = {{Sleepy, 211, 198, 41778}}; // 'alseep', 211x198px
      ^
testmain.c(30): warning: In file included from...
./main.h(17): warning: In file included from...
./I2C.h(10): warning: no newline at end of file [-Wnewline-eof]
#endif
      ^
testmain.c(30): warning: In file included from...
./main.h(18): warning: In file included from...
./rotary_encoder.h(66): warning: no newline at end of file [-Wnewline-eof]
#endif
      ^
testmain.c(30): warning: In file included from...
./main.h(19): warning: In file included from...
./hall.h(23): warning: no newline at end of file [-Wnewline-eof]
#endif 
       ^
testmain.c(30): warning: In file included from...
./main.h(20): warning: In file included from...
./TIMERS.h(18): warning: no newline at end of file [-Wnewline-eof]
#endif 
       ^
testmain.c(30): warning: In file included from...
./main.h(21): warning: In file included from...
./stepper.h(73): warning: no newline at end of file [-Wnewline-eof]
#endif
      ^
testmain.c(30): warning: In file included from...
./main.h(22): warning: In file included from...
./btn.h(28): warning: no newline at end of file [-Wnewline-eof]
#endif
      ^
testmain.c(30): warning: In file included from...
./main.h(26): warning: In file included from...
./Sonar.h(38): warning: no newline at end of file [-Wnewline-eof]
/* EOF */
         ^
testmain.c(30): warning: In file included from...
./main.h(27): warning: In file included from...
./servo.h(49): warning: no newline at end of file [-Wnewline-eof]
#endif
      ^
testmain.c(30): warning: In file included from...
./main.h(28): warning: In file included from...
./ADC.h(12): warning: no newline at end of file [-Wnewline-eof]
#endif
      ^
testmain.c(30): warning: In file included from...
./main.h(29): warning: In file included from...
./health_bar.h(72): warning: no newline at end of file [-Wnewline-eof]
#endif
      ^
testmain.c(30): warning: In file included from...
./main.h(30): warning: In file included from...
./Flash_Access.h(15): warning: no newline at end of file [-Wnewline-eof]
#endif
      ^
testmain.c(30): warning: In file included from...
./main.h(31): warning: In file included from...
./sevenSeg.h(27): warning: no newline at end of file [-Wnewline-eof]
/* EOF */
         ^
testmain.c(30): warning: In file included from...
./main.h(33): warning: In file included from...
./Piezo.h(151): warning: no newline at end of file [-Wnewline-eof]
#endif
      ^
testmain.c(30): warning: In file included from...
./main.h(126): warning: no newline at end of file [-Wnewline-eof]
/* EOF */
         ^
testmain.c(42): warning: no previous extern declaration for non-static variable 'Mimic_Servo' [-Wmissing-variable-declarations]
Servo Mimic_Servo = {1000,1000,1000,false};
      ^
testmain.c(42): note: declare 'static' if the variable is not intended to be used outside of this translation unit
Servo Mimic_Servo = {1000,1000,1000,false};
^
testmain.c(35): warning: padding size of 'Servo' with 3 bytes to alignment boundary [-Wpadded]
typedef struct{
        ^
testmain.c(43): warning: no previous extern declaration for non-static variable 'test' [-Wmissing-variable-declarations]
bool test = 0;
     ^
testmain.c(43): note: declare 'static' if the variable is not intended to be used outside of this translation unit
bool test = 0;
^
C:\Keil_v5\ARM\ARMCLANG\Bin\..\include\stdbool.h(15): note: expanded from macro 'bool'
    #define bool _Bool
                 ^
testmain.c(44): warning: no previous extern declaration for non-static variable 'tongue_wag' [-Wmissing-variable-declarations]
bool tongue_wag = 0;
     ^
testmain.c(44): note: declare 'static' if the variable is not intended to be used outside of this translation unit
bool tongue_wag = 0;
^
C:\Keil_v5\ARM\ARMCLANG\Bin\..\include\stdbool.h(15): note: expanded from macro 'bool'
    #define bool _Bool
                 ^
testmain.c(46): warning: no previous extern declaration for non-static variable 'random_seconds' [-Wmissing-variable-declarations]
uint8_t random_seconds = 1;
        ^
testmain.c(46): note: declare 'static' if the variable is not intended to be used outside of this translation unit
uint8_t random_seconds = 1;
^
testmain.c(47): warning: no previous extern declaration for non-static variable 'random_seconds_counter' [-Wmissing-variable-declarations]
uint32_t random_seconds_counter = 0;
         ^
testmain.c(47): note: declare 'static' if the variable is not intended to be used outside of this translation unit
uint32_t random_seconds_counter = 0;
^
testmain.c(49): warning: no previous extern declaration for non-static variable 'swPress' [-Wmissing-variable-declarations]
uint8_t swPress = 0; 
        ^
testmain.c(49): note: declare 'static' if the variable is not intended to be used outside of this translation unit
uint8_t swPress = 0; 
^
testmain.c(50): warning: no previous extern declaration for non-static variable 'foodCount' [-Wmissing-variable-declarations]
uint8_t foodCount = 0; // IN CASE OF ADDING OVERFEEDING
        ^
testmain.c(50): note: declare 'static' if the variable is not intended to be used outside of this translation unit
uint8_t foodCount = 0; // IN CASE OF ADDING OVERFEEDING
^
testmain.c(51): warning: no previous extern declaration for non-static variable 'petFlag' [-Wmissing-variable-declarations]
uint8_t petFlag = 0;
        ^
testmain.c(51): note: declare 'static' if the variable is not intended to be used outside of this translation unit
uint8_t petFlag = 0;
^
testmain.c(53): warning: no previous extern declaration for non-static variable 'Expression_Transition' [-Wmissing-variable-declarations]
bool Expression_Transition = true;
     ^
testmain.c(53): note: declare 'static' if the variable is not intended to be used outside of this translation unit
bool Expression_Transition = true;
^
C:\Keil_v5\ARM\ARMCLANG\Bin\..\include\stdbool.h(15): note: expanded from macro 'bool'
    #define bool _Bool
                 ^
testmain.c(58): warning: no previous extern declaration for non-static variable 'last' [-Wmissing-variable-declarations]
int last = 0; // FOR MENU SYSTEM
    ^
testmain.c(58): note: declare 'static' if the variable is not intended to be used outside of this translation unit
int last = 0; // FOR MENU SYSTEM
^
testmain.c(61): warning: no previous extern declaration for non-static variable 'pos' [-Wmissing-variable-declarations]
int pos = 0; // FOR ROTARY ENCODER
    ^
testmain.c(61): note: declare 'static' if the variable is not intended to be used outside of this translation unit
int pos = 0; // FOR ROTARY ENCODER
^
testmain.c(62): warning: no previous extern declaration for non-static variable 'servo' [-Wmissing-variable-declarations]
int servo = 1000;
    ^
testmain.c(62): note: declare 'static' if the variable is not intended to be used outside of this translation unit
int servo = 1000;
^
testmain.c(63): warning: no previous extern declaration for non-static variable 'value' [-Wmissing-variable-declarations]
char value = 0; // FOR MENU SYSTEM
     ^
testmain.c(63): note: declare 'static' if the variable is not intended to be used outside of this translation unit
char value = 0; // FOR MENU SYSTEM
^
testmain.c(70): warning: no previous extern declaration for non-static variable 'lightLvl' [-Wmissing-variable-declarations]
int lightLvl = 0;
    ^
testmain.c(70): note: declare 'static' if the variable is not intended to be used outside of this translation unit
int lightLvl = 0;
^
testmain.c(73): warning: no previous extern declaration for non-static variable 'count' [-Wmissing-variable-declarations]
int count = 60;
    ^
testmain.c(73): note: declare 'static' if the variable is not intended to be used outside of this translation unit
int count = 60;
^
testmain.c(74): warning: no previous extern declaration for non-static variable 'old_count' [-Wmissing-variable-declarations]
int old_count = 0;
    ^
testmain.c(74): note: declare 'static' if the variable is not intended to be used outside of this translation unit
int old_count = 0;
^
testmain.c(76): warning: no previous extern declaration for non-static variable 'num' [-Wmissing-variable-declarations]
int num[] = {0x7E,  //0
    ^
testmain.c(76): note: declare 'static' if the variable is not intended to be used outside of this translation unit
int num[] = {0x7E,  //0
^
testmain.c(91): warning: no previous extern declaration for non-static variable 'menu' [-Wmissing-variable-declarations]
int menu = startUpScreen; 
    ^
testmain.c(91): note: declare 'static' if the variable is not intended to be used outside of this translation unit
int menu = startUpScreen; 
^
testmain.c(93): warning: no previous extern declaration for non-static variable 'state' [-Wmissing-variable-declarations]
int state = MENU_STATE;
    ^
testmain.c(93): note: declare 'static' if the variable is not intended to be used outside of this translation unit
int state = MENU_STATE;
^
testmain.c(97): warning: no previous extern declaration for non-static variable 'tmp' [-Wmissing-variable-declarations]
uint8_t tmp = 0;
        ^
testmain.c(97): note: declare 'static' if the variable is not intended to be used outside of this translation unit
uint8_t tmp = 0;
^
testmain.c(107): warning: no previous extern declaration for non-static variable 'RTC_Data_ptr' [-Wmissing-variable-declarations]
char *RTC_Data_ptr = &RTC_data;
      ^
testmain.c(107): note: declare 'static' if the variable is not intended to be used outside of this translation unit
char *RTC_Data_ptr = &RTC_data;
^
testmain.c(109): warning: no previous extern declaration for non-static variable 'refresh_WDT' [-Wmissing-variable-declarations]
bool refresh_WDT = false;
     ^
testmain.c(109): note: declare 'static' if the variable is not intended to be used outside of this translation unit
bool refresh_WDT = false;
^
C:\Keil_v5\ARM\ARMCLANG\Bin\..\include\stdbool.h(15): note: expanded from macro 'bool'
    #define bool _Bool
                 ^
testmain.c(120): warning: no previous extern declaration for non-static variable 'menu_flag' [-Wmissing-variable-declarations]
uint8_t menu_flag = 1;
        ^
testmain.c(120): note: declare 'static' if the variable is not intended to be used outside of this translation unit
uint8_t menu_flag = 1;
^
testmain.c(122): warning: no previous extern declaration for non-static variable 'distance' [-Wmissing-variable-declarations]
int distance = 0;
    ^
testmain.c(122): note: declare 'static' if the variable is not intended to be used outside of this translation unit
int distance = 0;
^
testmain.c(157): warning: assigning to 'char *' from 'uint8_t *' (aka 'unsigned char *') converts between pointers to integer types where one is of the unique plain 'char' type and the other is not [-Wpointer-sign]
        health_ptr = &health;
                   ^ ~~~~~~~
testmain.c(173): warning: implicit conversion loses integer precision: 'volatile uint32_t' (aka 'volatile unsigned int') to 'uint8_t' (aka 'unsigned char') [-Wimplicit-int-conversion]
                        CNT_Old = TIM2->CNT;
                                ~ ~~~~~~^~~
testmain.c(397): warning: using integer absolute value function 'abs' when argument is of floating point type [-Wabsolute-value]
                        distance = abs(dist()); //get the distance value
                                   ^
testmain.c(397): note: use function 'fabs' instead
                        distance = abs(dist()); //get the distance value
                                   ^~~
                                   fabs
testmain.c(397): note: include the header <math.h> or explicitly provide a declaration for 'fabs'
testmain.c(397): warning: implicit conversion turns floating-point number into integer: 'double' to 'int' [-Wfloat-conversion]
                        distance = abs(dist()); //get the distance value
                                   ~~~ ^~~~~~
testmain.c(409): warning: implicit conversion loses integer precision: 'int' to 'uint8_t' (aka 'unsigned char') [-Wimplicit-int-conversion]
                                sevenSeg_write(0x05, num[count/10]);
                                ~~~~~~~~~~~~~~       ^~~~~~~~~~~~~
testmain.c(410): warning: implicit conversion loses integer precision: 'int' to 'uint8_t' (aka 'unsigned char') [-Wimplicit-int-conversion]
                                sevenSeg_write(0x04, num[count%10]);
                                ~~~~~~~~~~~~~~       ^~~~~~~~~~~~~
testmain.c(461): warning: implicit conversion changes signedness: 'int' to 'uint32_t' (aka 'unsigned int') [-Wsign-conversion]
                                        TIM2->CNT = pos*2; //keeps the current position value 
                                                  ~ ~~~^~
testmain.c(448): warning: no previous prototype for function 'EXTI4_IRQHandler' [-Wmissing-prototypes]
        void EXTI4_IRQHandler(void){
             ^
testmain.c(448): note: declare 'static' if the function is not intended to be used outside of this translation unit
        void EXTI4_IRQHandler(void){
        ^
        static 
testmain.c(538): warning: declaration shadows a variable in the global scope [-Wshadow]
void Set_Time(uint8_t RTC_Hour, uint8_t RTC_Minute, uint8_t RTC_Second){
                      ^
testmain.c(111): note: previous declaration is here
uint8_t RTC_Hour;
        ^
testmain.c(538): warning: declaration shadows a variable in the global scope [-Wshadow]
void Set_Time(uint8_t RTC_Hour, uint8_t RTC_Minute, uint8_t RTC_Second){
                                        ^
testmain.c(112): note: previous declaration is here
uint8_t RTC_Minute;
        ^
testmain.c(538): warning: declaration shadows a variable in the global scope [-Wshadow]
void Set_Time(uint8_t RTC_Hour, uint8_t RTC_Minute, uint8_t RTC_Second){
                                                            ^
testmain.c(113): note: previous declaration is here
uint8_t RTC_Second;
        ^
testmain.c(555): warning: declaration shadows a variable in the global scope [-Wshadow]
void Set_Date(uint8_t RTC_Year, uint8_t RTC_Month, uint8_t RTC_Date){
                      ^
testmain.c(115): note: previous declaration is here
uint8_t RTC_Year;
        ^
testmain.c(555): warning: declaration shadows a variable in the global scope [-Wshadow]
void Set_Date(uint8_t RTC_Year, uint8_t RTC_Month, uint8_t RTC_Date){
                                        ^
testmain.c(116): note: previous declaration is here
uint8_t RTC_Month;
        ^
testmain.c(555): warning: declaration shadows a variable in the global scope [-Wshadow]
void Set_Date(uint8_t RTC_Year, uint8_t RTC_Month, uint8_t RTC_Date){
                                                           ^
testmain.c(117): note: previous declaration is here
uint8_t RTC_Date;
        ^
testmain.c(30): warning: In file included from...
./main.h(11): warning: In file included from...
./ILI9341.h(10): warning: In file included from...
./bitmap_typedefs.h(18): warning: padding size of 'tImage' with 3 bytes to alignment boundary [-Wpadded]
typedef struct
        ^
testmain.c(652): warning: implicit conversion loses integer precision: 'int' to 'uint8_t' (aka 'unsigned char') [-Wimplicit-int-conversion]
                                tmp = pos;
                                    ~ ^~~
testmain.c(666): warning: implicit conversion loses integer precision: 'unsigned int' to 'char' [-Wimplicit-int-conversion]
                                value = TIM2->CNT/2;
                                      ~ ~~~~~~~~~^~
testmain.c(672): warning: implicit conversion loses integer precision: 'int' to 'uint16_t' (aka 'unsigned short') [-Wimplicit-int-conversion]
                        Draw_Char_BG(180+((pos%2)*20), 30+((pos/2)*30), (value + '0'), WHITE, GRAY, &font_ubuntu_mono_24);
                        ~~~~~~~~~~~~                   ~~^~~~~~~~~~~~~
testmain.c(672): warning: implicit conversion changes signedness: 'int' to 'uint16_t' (aka 'unsigned short') [-Wsign-conversion]
                        Draw_Char_BG(180+((pos%2)*20), 30+((pos/2)*30), (value + '0'), WHITE, GRAY, &font_ubuntu_mono_24);
                        ~~~~~~~~~~~~ ~~~^~~~~~~~~~~~~
testmain.c(681): warning: implicit conversion loses integer precision: 'int' to 'uint8_t' (aka 'unsigned char') [-Wimplicit-int-conversion]
        RTC_Second = timeDate[0]<<4 | timeDate[1];
                   ~ ~~~~~~~~~~~~~~~^~~~~~~~~~~~~
testmain.c(682): warning: implicit conversion loses integer precision: 'int' to 'uint8_t' (aka 'unsigned char') [-Wimplicit-int-conversion]
        RTC_Minute = timeDate[2]<<4 | timeDate[3];
                   ~ ~~~~~~~~~~~~~~~^~~~~~~~~~~~~
testmain.c(683): warning: implicit conversion loses integer precision: 'int' to 'uint8_t' (aka 'unsigned char') [-Wimplicit-int-conversion]
        RTC_Hour = timeDate[4]<<4 | timeDate[5];
                 ~ ~~~~~~~~~~~~~~~^~~~~~~~~~~~~
testmain.c(684): warning: implicit conversion loses integer precision: 'int' to 'uint8_t' (aka 'unsigned char') [-Wimplicit-int-conversion]
        RTC_Date = timeDate[6]<<4 | timeDate[7];
                 ~ ~~~~~~~~~~~~~~~^~~~~~~~~~~~~
testmain.c(685): warning: implicit conversion loses integer precision: 'int' to 'uint8_t' (aka 'unsigned char') [-Wimplicit-int-conversion]
        RTC_Month = timeDate[8]<<4 | timeDate[9];
                  ~ ~~~~~~~~~~~~~~~^~~~~~~~~~~~~
testmain.c(686): warning: implicit conversion loses integer precision: 'int' to 'uint8_t' (aka 'unsigned char') [-Wimplicit-int-conversion]
        RTC_Year = timeDate[10]<<4 | timeDate[11];
                 ~ ~~~~~~~~~~~~~~~~^~~~~~~~~~~~~~
testmain.c(756): warning: implicit conversion loses integer precision: 'int' to 'uint16_t' (aka 'unsigned short') [-Wimplicit-int-conversion]
                                                                        Draw_String_BG(30, 80+(pos*40), " ", GRAY, GRAY, &font_ubuntu_mono_24);
                                                                        ~~~~~~~~~~~~~~     ~~^~~~~~~~~
testmain.c(758): warning: implicit conversion loses integer precision: 'int' to 'uint16_t' (aka 'unsigned short') [-Wimplicit-int-conversion]
                                                                        Draw_String_BG(30, 80+(temp*40), " ", BROWN, BROWN, &font_ubuntu_mono_24);
                                                                        ~~~~~~~~~~~~~~     ~~^~~~~~~~~~
testmain.c(927): warning: implicit conversion changes signedness: 'int' to 'uint32_t' (aka 'unsigned int') [-Wsign-conversion]
                Eye_Move_To(rand()%((1800-1000)+1)+1000 );
                ~~~~~~~~~~~ ~~~~~~~~~~~~~~~~~~~~~~^~~~~
testmain.c(928): warning: implicit conversion changes signedness: 'int' to 'uint8_t' (aka 'unsigned char') [-Wsign-conversion]
                random_seconds = rand()%(8)+1;
                               ~ ~~~~~~~~~~^~
testmain.c(55): warning: no previous extern declaration for non-static variable 'Time_New' [-Wmissing-variable-declarations]
unsigned long long Time_New;
                   ^
testmain.c(55): note: declare 'static' if the variable is not intended to be used outside of this translation unit
unsigned long long Time_New;
^
testmain.c(56): warning: no previous extern declaration for non-static variable 'Time_Old' [-Wmissing-variable-declarations]
unsigned long long Time_Old;
                   ^
testmain.c(56): note: declare 'static' if the variable is not intended to be used outside of this translation unit
unsigned long long Time_Old;
^
testmain.c(59): warning: no previous extern declaration for non-static variable 'current' [-Wmissing-variable-declarations]
int current;  // FOR MENU SYSTEM
    ^
testmain.c(59): note: declare 'static' if the variable is not intended to be used outside of this translation unit
int current;  // FOR MENU SYSTEM
^
testmain.c(60): warning: no previous extern declaration for non-static variable 'period' [-Wmissing-variable-declarations]
double period; // FOR MENU SYSTEM
       ^
testmain.c(60): note: declare 'static' if the variable is not intended to be used outside of this translation unit
double period; // FOR MENU SYSTEM
^
testmain.c(64): warning: no previous extern declaration for non-static variable 'timeDate' [-Wmissing-variable-declarations]
char timeDate[14]; // FOR RTC
     ^
testmain.c(64): note: declare 'static' if the variable is not intended to be used outside of this translation unit
char timeDate[14]; // FOR RTC
^
testmain.c(66): warning: no previous extern declaration for non-static variable 'health_ptr' [-Wmissing-variable-declarations]
char* health_ptr;
      ^
testmain.c(66): note: declare 'static' if the variable is not intended to be used outside of this translation unit
char* health_ptr;
^
testmain.c(94): warning: no previous extern declaration for non-static variable 'prev_state' [-Wmissing-variable-declarations]
int prev_state;
    ^
testmain.c(94): note: declare 'static' if the variable is not intended to be used outside of this translation unit
int prev_state;
^
testmain.c(99): warning: no previous extern declaration for non-static variable 'CNT_Old' [-Wmissing-variable-declarations]
uint8_t CNT_Old;
        ^
testmain.c(99): note: declare 'static' if the variable is not intended to be used outside of this translation unit
uint8_t CNT_Old;
^
testmain.c(100): warning: no previous extern declaration for non-static variable 'CNT_New' [-Wmissing-variable-declarations]
uint8_t CNT_New;
        ^
testmain.c(100): note: declare 'static' if the variable is not intended to be used outside of this translation unit
uint8_t CNT_New;
^
testmain.c(106): warning: no previous extern declaration for non-static variable 'RTC_data' [-Wmissing-variable-declarations]
char RTC_data;
     ^
testmain.c(106): note: declare 'static' if the variable is not intended to be used outside of this translation unit
char RTC_data;
^
testmain.c(111): warning: no previous extern declaration for non-static variable 'RTC_Hour' [-Wmissing-variable-declarations]
uint8_t RTC_Hour;
        ^
testmain.c(111): note: declare 'static' if the variable is not intended to be used outside of this translation unit
uint8_t RTC_Hour;
^
testmain.c(112): warning: no previous extern declaration for non-static variable 'RTC_Minute' [-Wmissing-variable-declarations]
uint8_t RTC_Minute;
        ^
testmain.c(112): note: declare 'static' if the variable is not intended to be used outside of this translation unit
uint8_t RTC_Minute;
^
testmain.c(113): warning: no previous extern declaration for non-static variable 'RTC_Second' [-Wmissing-variable-declarations]
uint8_t RTC_Second;
        ^
testmain.c(113): note: declare 'static' if the variable is not intended to be used outside of this translation unit
uint8_t RTC_Second;
^
testmain.c(115): warning: no previous extern declaration for non-static variable 'RTC_Year' [-Wmissing-variable-declarations]
uint8_t RTC_Year;
        ^
testmain.c(115): note: declare 'static' if the variable is not intended to be used outside of this translation unit
uint8_t RTC_Year;
^
testmain.c(116): warning: no previous extern declaration for non-static variable 'RTC_Month' [-Wmissing-variable-declarations]
uint8_t RTC_Month;
        ^
testmain.c(116): note: declare 'static' if the variable is not intended to be used outside of this translation unit
uint8_t RTC_Month;
^
testmain.c(117): warning: no previous extern declaration for non-static variable 'RTC_Date' [-Wmissing-variable-declarations]
uint8_t RTC_Date;
        ^
testmain.c(117): note: declare 'static' if the variable is not intended to be used outside of this translation unit
uint8_t RTC_Date;
^
testmain.c(118): warning: no previous extern declaration for non-static variable 'RTC_Day' [-Wmissing-variable-declarations]
uint8_t RTC_Day;
        ^
testmain.c(118): note: declare 'static' if the variable is not intended to be used outside of this translation unit
uint8_t RTC_Day;
^
94 warnings generated.
compiling testmain.c...
linking...
Program Size: Code=27400 RO-data=347480 RW-data=112 ZI-data=2232  
".\Objects\EGR326_lab6.axf" - 0 Error(s), 94 Warning(s).

<h2>Software Packages used:</h2>

Package Vendor: ARM
                http://www.keil.com/pack/ARM.CMSIS.5.9.0.pack
                ARM.CMSIS.5.9.0
                CMSIS (Common Microcontroller Software Interface Standard)
   * Component: CORE Version: 5.6.0

Package Vendor: Keil
                https://www.keil.com/pack/Keil.ARM_Compiler.1.7.2.pack
                Keil.ARM_Compiler.1.7.2
                Keil ARM Compiler extensions for ARM Compiler 5 and ARM Compiler 6
   * Component: STDERR Variant: ITM Version: 1.2.0
   * Component: STDIN Variant: ITM Version: 1.2.0
   * Component: STDOUT Variant: ITM Version: 1.2.0

Package Vendor: Keil
                https://www.keil.com/pack/Keil.STM32F4xx_DFP.2.17.1.pack
                Keil.STM32F4xx_DFP.2.17.1
                STMicroelectronics STM32F4 Series Device Support, Drivers and Examples
   * Component: Startup Version: 2.6.3

<h2>Collection of Component include folders:</h2>
  ./RTE/_Target_1
  C:/Users/xchar/AppData/Local/Arm/Packs/ARM/CMSIS/5.9.0/CMSIS/Core/Include
  C:/Users/xchar/AppData/Local/Arm/Packs/Keil/STM32F4xx_DFP/2.17.1/Drivers/CMSIS/Device/ST/STM32F4xx/Include

<h2>Collection of Component Files used:</h2>

   * Component: ARM::CMSIS:CORE:5.6.0

   * Component: Keil.ARM Compiler::Compiler:I/O:STDERR:ITM:1.2.0
      Source file:   Source/retarget_io.c

   * Component: Keil.ARM Compiler::Compiler:I/O:STDIN:ITM:1.2.0
      Source file:   Source/retarget_io.c

   * Component: Keil.ARM Compiler::Compiler:I/O:STDOUT:ITM:1.2.0
      Source file:   Source/retarget_io.c

   * Component: Keil::Device:Startup:2.6.3
      Source file:   Drivers/CMSIS/Device/ST/STM32F4xx/Source/Templates/arm/startup_stm32f446xx.s
      Source file:   Drivers/CMSIS/Device/ST/STM32F4xx/Source/Templates/system_stm32f4xx.c
      Source file:   MDK/Device/Source/ARM/STM32F446xx_OPT.s
      Source file:   MDK/Device/Source/ARM/STM32F4xx_OTP.s
      Include file:  Drivers/CMSIS/Device/ST/STM32F4xx/Include/stm32f4xx.h
Build Time Elapsed:  00:00:02
</pre>
</body>
</html>
