Component: Arm Compiler for Embedded 6.22 Tool: armlink [5ee90200]

==============================================================================

Section Cross References

    ili9341.o(.ARM.exidx.text.SysTick_Init) refers to ili9341.o(.text.SysTick_Init) for [Anonymous Symbol]
    ili9341.o(.ARM.exidx.text.delayMS) refers to ili9341.o(.text.delayMS) for [Anonymous Symbol]
    ili9341.o(.ARM.exidx.text.delayMicroS) refers to ili9341.o(.text.delayMicroS) for [Anonymous Symbol]
    ili9341.o(.text.Draw_String_BG) refers to strlen.o(.text) for strlen
    ili9341.o(.text.Draw_String_BG) refers to ili9341.o(.text.Draw_Char_BG) for Draw_Char_BG
    ili9341.o(.text.Draw_String_BG) refers to ili9341.o(.data.ILI_TFTwidth) for ILI_TFTwidth
    ili9341.o(.ARM.exidx.text.Draw_String_BG) refers to ili9341.o(.text.Draw_String_BG) for [Anonymous Symbol]
    ili9341.o(.text.Draw_Char_BG) refers to ili9341.o(.text.Draw_Pixel) for Draw_Pixel
    ili9341.o(.ARM.exidx.text.Draw_Char_BG) refers to ili9341.o(.text.Draw_Char_BG) for [Anonymous Symbol]
    ili9341.o(.text.Draw_String_NoBG) refers to strlen.o(.text) for strlen
    ili9341.o(.text.Draw_String_NoBG) refers to ili9341.o(.text.Draw_Char_NoBG) for Draw_Char_NoBG
    ili9341.o(.text.Draw_String_NoBG) refers to ili9341.o(.data.ILI_TFTwidth) for ILI_TFTwidth
    ili9341.o(.ARM.exidx.text.Draw_String_NoBG) refers to ili9341.o(.text.Draw_String_NoBG) for [Anonymous Symbol]
    ili9341.o(.text.Draw_Char_NoBG) refers to ili9341.o(.text.Draw_Pixel) for Draw_Pixel
    ili9341.o(.ARM.exidx.text.Draw_Char_NoBG) refers to ili9341.o(.text.Draw_Char_NoBG) for [Anonymous Symbol]
    ili9341.o(.text.Draw_Pixel) refers to ili9341.o(.text.Set_Address_Window) for Set_Address_Window
    ili9341.o(.text.Draw_Pixel) refers to ili9341.o(.text.ILI_Push_16Bit) for ILI_Push_16Bit
    ili9341.o(.ARM.exidx.text.Draw_Pixel) refers to ili9341.o(.text.Draw_Pixel) for [Anonymous Symbol]
    ili9341.o(.text.Draw_Bitmap) refers to ili9341.o(.text.Set_Address_Window) for Set_Address_Window
    ili9341.o(.text.Draw_Bitmap) refers to ili9341.o(.text.ILI_8Bit_Data) for ILI_8Bit_Data
    ili9341.o(.ARM.exidx.text.Draw_Bitmap) refers to ili9341.o(.text.Draw_Bitmap) for [Anonymous Symbol]
    ili9341.o(.text.Set_Address_Window) refers to ili9341.o(.text.ILI_8Bit_Command) for ILI_8Bit_Command
    ili9341.o(.text.Set_Address_Window) refers to ili9341.o(.text.ILI_Push_16Bit) for ILI_Push_16Bit
    ili9341.o(.ARM.exidx.text.Set_Address_Window) refers to ili9341.o(.text.Set_Address_Window) for [Anonymous Symbol]
    ili9341.o(.text.ILI_8Bit_Data) refers to spi.o(.text.SPI_Transmit) for SPI_Transmit
    ili9341.o(.ARM.exidx.text.ILI_8Bit_Data) refers to ili9341.o(.text.ILI_8Bit_Data) for [Anonymous Symbol]
    ili9341.o(.text.Fill_Screen) refers to ili9341.o(.data.ILI_TFTwidth) for ILI_TFTwidth
    ili9341.o(.text.Fill_Screen) refers to ili9341.o(.data.ILI_TFTheight) for ILI_TFTheight
    ili9341.o(.text.Fill_Screen) refers to ili9341.o(.text.Set_Address_Window) for Set_Address_Window
    ili9341.o(.text.Fill_Screen) refers to ili9341.o(.text.Fill_Color) for Fill_Color
    ili9341.o(.ARM.exidx.text.Fill_Screen) refers to ili9341.o(.text.Fill_Screen) for [Anonymous Symbol]
    ili9341.o(.text.Fill_Color) refers to ili9341.o(.text.ILI_Push_16Bit) for ILI_Push_16Bit
    ili9341.o(.text.Fill_Color) refers to ili9341.o(.text.ILI_8Bit_Data) for ILI_8Bit_Data
    ili9341.o(.ARM.exidx.text.Fill_Color) refers to ili9341.o(.text.Fill_Color) for [Anonymous Symbol]
    ili9341.o(.text.Draw_Line) refers to ili9341.o(.text.Set_Address_Window) for Set_Address_Window
    ili9341.o(.text.Draw_Line) refers to ili9341.o(.text.ILI_Push_16Bit) for ILI_Push_16Bit
    ili9341.o(.ARM.exidx.text.Draw_Line) refers to ili9341.o(.text.Draw_Line) for [Anonymous Symbol]
    ili9341.o(.text.ILI_Push_16Bit) refers to ili9341.o(.text.ILI_8Bit_Data) for ILI_8Bit_Data
    ili9341.o(.ARM.exidx.text.ILI_Push_16Bit) refers to ili9341.o(.text.ILI_Push_16Bit) for [Anonymous Symbol]
    ili9341.o(.text.Draw_VLine) refers to ili9341.o(.text.Set_Address_Window) for Set_Address_Window
    ili9341.o(.text.Draw_VLine) refers to ili9341.o(.text.Fill_Color) for Fill_Color
    ili9341.o(.ARM.exidx.text.Draw_VLine) refers to ili9341.o(.text.Draw_VLine) for [Anonymous Symbol]
    ili9341.o(.text.Draw_HLine) refers to ili9341.o(.text.Set_Address_Window) for Set_Address_Window
    ili9341.o(.text.Draw_HLine) refers to ili9341.o(.text.Fill_Color) for Fill_Color
    ili9341.o(.ARM.exidx.text.Draw_HLine) refers to ili9341.o(.text.Draw_HLine) for [Anonymous Symbol]
    ili9341.o(.text.Invert_Display) refers to ili9341.o(.bss.Invert_Display.inv_flag) for Invert_Display.inv_flag
    ili9341.o(.text.Invert_Display) refers to ili9341.o(.text.ILI_8Bit_Command) for ILI_8Bit_Command
    ili9341.o(.ARM.exidx.text.Invert_Display) refers to ili9341.o(.text.Invert_Display) for [Anonymous Symbol]
[...]
    [Anonymous Symbol]                       0x08001cd4   Section        0  testmain.o(.rodata.font_ubuntu_mono_24_0x74)
    font_ubuntu_mono_24_0x75                 0x08001ce0   Data          12  testmain.o(.rodata.font_ubuntu_mono_24_0x75)
    [Anonymous Symbol]                       0x08001ce0   Section        0  testmain.o(.rodata.font_ubuntu_mono_24_0x75)
    font_ubuntu_mono_24_0x76                 0x08001cec   Data          12  testmain.o(.rodata.font_ubuntu_mono_24_0x76)
    [Anonymous Symbol]                       0x08001cec   Section        0  testmain.o(.rodata.font_ubuntu_mono_24_0x76)
    font_ubuntu_mono_24_0x77                 0x08001cf8   Data          12  testmain.o(.rodata.font_ubuntu_mono_24_0x77)
    [Anonymous Symbol]                       0x08001cf8   Section        0  testmain.o(.rodata.font_ubuntu_mono_24_0x77)
    font_ubuntu_mono_24_0x78                 0x08001d04   Data          12  testmain.o(.rodata.font_ubuntu_mono_24_0x78)
    [Anonymous Symbol]                       0x08001d04   Section        0  testmain.o(.rodata.font_ubuntu_mono_24_0x78)
    font_ubuntu_mono_24_0x79                 0x08001d10   Data          12  testmain.o(.rodata.font_ubuntu_mono_24_0x79)
    [Anonymous Symbol]                       0x08001d10   Section        0  testmain.o(.rodata.font_ubuntu_mono_24_0x79)
    font_ubuntu_mono_24_0x7a                 0x08001d1c   Data          12  testmain.o(.rodata.font_ubuntu_mono_24_0x7a)
    [Anonymous Symbol]                       0x08001d1c   Section        0  testmain.o(.rodata.font_ubuntu_mono_24_0x7a)
    font_ubuntu_mono_24_0x7b                 0x08001d28   Data          12  testmain.o(.rodata.font_ubuntu_mono_24_0x7b)
    [Anonymous Symbol]                       0x08001d28   Section        0  testmain.o(.rodata.font_ubuntu_mono_24_0x7b)
    font_ubuntu_mono_24_0x7c                 0x08001d34   Data          12  testmain.o(.rodata.font_ubuntu_mono_24_0x7c)
    [Anonymous Symbol]                       0x08001d34   Section        0  testmain.o(.rodata.font_ubuntu_mono_24_0x7c)
    font_ubuntu_mono_24_0x7d                 0x08001d40   Data          12  testmain.o(.rodata.font_ubuntu_mono_24_0x7d)
    [Anonymous Symbol]                       0x08001d40   Section        0  testmain.o(.rodata.font_ubuntu_mono_24_0x7d)
    font_ubuntu_mono_24_0x7e                 0x08001d4c   Data          12  testmain.o(.rodata.font_ubuntu_mono_24_0x7e)
    [Anonymous Symbol]                       0x08001d4c   Section        0  testmain.o(.rodata.font_ubuntu_mono_24_0x7e)
    font_ubuntu_mono_24_array                0x08001d58   Data         760  testmain.o(.rodata.font_ubuntu_mono_24_array)
    [Anonymous Symbol]                       0x08001d58   Section        0  testmain.o(.rodata.font_ubuntu_mono_24_array)
    image_data_font_ubuntu_mono_24_0x20      0x08002050   Data          48  testmain.o(.rodata.image_data_font_ubuntu_mono_24_0x20)
    [Anonymous Symbol]                       0x08002050   Section        0  testmain.o(.rodata.image_data_font_ubuntu_mono_24_0x20)
    image_data_font_ubuntu_mono_24_0x21      0x08002080   Data          48  testmain.o(.rodata.image_data_font_ubuntu_mono_24_0x21)
    [Anonymous Symbol]                       0x08002080   Section        0  testmain.o(.rodata.image_data_font_ubuntu_mono_24_0x21)
    image_data_font_ubuntu_mono_24_0x22      0x080020b0   Data          48  testmain.o(.rodata.image_data_font_ubuntu_mono_24_0x22)
    [Anonymous Symbol]                       0x080020b0   Section        0  testmain.o(.rodata.image_data_font_ubuntu_mono_24_0x22)
    image_data_font_ubuntu_mono_24_0x23      0x080020e0   Data          48  testmain.o(.rodata.image_data_font_ubuntu_mono_24_0x23)
    [Anonymous Symbol]                       0x080020e0   Section        0  testmain.o(.rodata.image_data_font_ubuntu_mono_24_0x23)
    image_data_font_ubuntu_mono_24_0x24      0x08002110   Data          48  testmain.o(.rodata.image_data_font_ubuntu_mono_24_0x24)
    [Anonymous Symbol]                       0x08002110   Section        0  testmain.o(.rodata.image_data_font_ubuntu_mono_24_0x24)
    image_data_font_ubuntu_mono_24_0x25      0x08002140   Data          48  testmain.o(.rodata.image_data_font_ubuntu_mono_24_0x25)
    [Anonymous Symbol]                       0x08002140   Section        0  testmain.o(.rodata.image_data_font_ubuntu_mono_24_0x25)
    image_data_font_ubuntu_mono_24_0x26      0x08002170   Data          48  testmain.o(.rodata.image_data_font_ubuntu_mono_24_0x26)
    [Anonymous Symbol]                       0x08002170   Section        0  testmain.o(.rodata.image_data_font_ubuntu_mono_24_0x26)
    image_data_font_ubuntu_mono_24_0x27      0x080021a0   Data          48  testmain.o(.rodata.image_data_font_ubuntu_mono_24_0x27)
    [Anonymous Symbol]                       0x080021a0   Section        0  testmain.o(.rodata.image_data_font_ubuntu_mono_24_0x27)
    image_data_font_ubuntu_mono_24_0x28      0x080021d0   Data          48  testmain.o(.rodata.image_data_font_ubuntu_mono_24_0x28)
    [Anonymous Symbol]                       0x080021d0   Section        0  testmain.o(.rodata.image_data_font_ubuntu_mono_24_0x28)
    image_data_font_ubuntu_mono_24_0x29      0x08002200   Data          48  testmain.o(.rodata.image_data_font_ubuntu_mono_24_0x29)
    [Anonymous Symbol]                       0x08002200   Section        0  testmain.o(.rodata.image_data_font_ubuntu_mono_24_0x29)
    image_data_font_ubuntu_mono_24_0x2a      0x08002230   Data          48  testmain.o(.rodata.image_data_font_ubuntu_mono_24_0x2a)
    [Anonymous Symbol]                       0x08002230   Section        0  testmain.o(.rodata.image_data_font_ubuntu_mono_24_0x2a)
    image_data_font_ubuntu_mono_24_0x2b      0x08002260   Data          48  testmain.o(.rodata.image_data_font_ubuntu_mono_24_0x2b)
    [Anonymous Symbol]                       0x08002260   Section        0  testmain.o(.rodata.image_data_font_ubuntu_mono_24_0x2b)
    image_data_font_ubuntu_mono_24_0x2c      0x08002290   Data          48  testmain.o(.rodata.image_data_font_ubuntu_mono_24_0x2c)
    [Anonymous Symbol]                       0x08002290   Section        0  testmain.o(.rodata.image_data_font_ubuntu_mono_24_0x2c)
    image_data_font_ubuntu_mono_24_0x2d      0x080022c0   Data          48  testmain.o(.rodata.image_data_font_ubuntu_mono_24_0x2d)
    [Anonymous Symbol]                       0x080022c0   Section        0  testmain.o(.rodata.image_data_font_ubuntu_mono_24_0x2d)
    image_data_font_ubuntu_mono_24_0x2e      0x080022f0   Data          48  testmain.o(.rodata.image_data_font_ubuntu_mono_24_0x2e)
    [Anonymous Symbol]                       0x080022f0   Section        0  testmain.o(.rodata.image_data_font_ubuntu_mono_24_0x2e)
    image_data_font_ubuntu_mono_24_0x2f      0x08002320   Data          48  testmain.o(.rodata.image_data_font_ubuntu_mono_24_0x2f)
    [Anonymous Symbol]                       0x08002320   Section        0  testmain.o(.rodata.image_data_font_ubuntu_mono_24_0x2f)
    image_data_font_ubuntu_mono_24_0x30      0x08002350   Data          48  testmain.o(.rodata.image_data_font_ubuntu_mono_24_0x30)
    [Anonymous Symbol]                       0x08002350   Section        0  testmain.o(.rodata.image_data_font_ubuntu_mono_24_0x30)
    image_data_font_ubuntu_mono_24_0x31      0x08002380   Data          48  testmain.o(.rodata.image_data_font_ubuntu_mono_24_0x31)
    [Anonymous Symbol]                       0x08002380   Section        0  testmain.o(.rodata.image_data_font_ubuntu_mono_24_0x31)
    image_data_font_ubuntu_mono_24_0x32      0x080023b0   Data          48  testmain.o(.rodata.image_data_font_ubuntu_mono_24_0x32)
    [Anonymous Symbol]                       0x080023b0   Section        0  testmain.o(.rodata.image_data_font_ubuntu_mono_24_0x32)
    image_data_font_ubuntu_mono_24_0x33      0x080023e0   Data          48  testmain.o(.rodata.image_data_font_ubuntu_mono_24_0x33)
    [Anonymous Symbol]                       0x080023e0   Section        0  testmain.o(.rodata.image_data_font_ubuntu_mono_24_0x33)
    image_data_font_ubuntu_mono_24_0x34      0x08002410   Data          48  testmain.o(.rodata.image_data_font_ubuntu_mono_24_0x34)
    [Anonymous Symbol]                       0x08002410   Section        0  testmain.o(.rodata.image_data_font_ubuntu_mono_24_0x34)
    image_data_font_ubuntu_mono_24_0x35      0x08002440   Data          48  testmain.o(.rodata.image_data_font_ubuntu_mono_24_0x35)
    [Anonymous Symbol]                       0x08002440   Section        0  testmain.o(.rodata.image_data_font_ubuntu_mono_24_0x35)
    image_data_font_ubuntu_mono_24_0x36      0x08002470   Data          48  testmain.o(.rodata.image_data_font_ubuntu_mono_24_0x36)
    [Anonymous Symbol]                       0x08002470   Section        0  testmain.o(.rodata.image_data_font_ubuntu_mono_24_0x36)
    image_data_font_ubuntu_mono_24_0x37      0x080024a0   Data          48  testmain.o(.rodata.image_data_font_ubuntu_mono_24_0x37)
    [Anonymous Symbol]                       0x080024a0   Section        0  testmain.o(.rodata.image_data_font_ubuntu_mono_24_0x37)
    image_data_font_ubuntu_mono_24_0x38      0x080024d0   Data          48  testmain.o(.rodata.image_data_font_ubuntu_mono_24_0x38)
    [Anonymous Symbol]                       0x080024d0   Section        0  testmain.o(.rodata.image_data_font_ubuntu_mono_24_0x38)
    image_data_font_ubuntu_mono_24_0x39      0x08002500   Data          48  testmain.o(.rodata.image_data_font_ubuntu_mono_24_0x39)
    [Anonymous Symbol]                       0x08002500   Section        0  testmain.o(.rodata.image_data_font_ubuntu_mono_24_0x39)
    image_data_font_ubuntu_mono_24_0x3a      0x08002530   Data          48  testmain.o(.rodata.image_data_font_ubuntu_mono_24_0x3a)
    [Anonymous Symbol]                       0x08002530   Section        0  testmain.o(.rodata.image_data_font_ubuntu_mono_24_0x3a)
    image_data_font_ubuntu_mono_24_0x3b      0x08002560   Data          48  testmain.o(.rodata.image_data_font_ubuntu_mono_24_0x3b)
    [Anonymous Symbol]                       0x08002560   Section        0  testmain.o(.rodata.image_data_font_ubuntu_mono_24_0x3b)
    image_data_font_ubuntu_mono_24_0x3c      0x08002590   Data          48  testmain.o(.rodata.image_data_font_ubuntu_mono_24_0x3c)
    [Anonymous Symbol]                       0x08002590   Section        0  testmain.o(.rodata.image_data_font_ubuntu_mono_24_0x3c)
    image_data_font_ubuntu_mono_24_0x3d      0x080025c0   Data          48  testmain.o(.rodata.image_data_font_ubuntu_mono_24_0x3d)
    [Anonymous Symbol]                       0x080025c0   Section        0  testmain.o(.rodata.image_data_font_ubuntu_mono_24_0x3d)
    image_data_font_ubuntu_mono_24_0x3e      0x080025f0   Data          48  testmain.o(.rodata.image_data_font_ubuntu_mono_24_0x3e)
    [Anonymous Symbol]                       0x080025f0   Section        0  testmain.o(.rodata.image_data_font_ubuntu_mono_24_0x3e)
    image_data_font_ubuntu_mono_24_0x3f      0x08002620   Data          48  testmain.o(.rodata.image_data_font_ubuntu_mono_24_0x3f)
    [Anonymous Symbol]                       0x08002620   Section        0  testmain.o(.rodata.image_data_font_ubuntu_mono_24_0x3f)
    image_data_font_ubuntu_mono_24_0x40      0x08002650   Data          48  testmain.o(.rodata.image_data_font_ubuntu_mono_24_0x40)
    [Anonymous Symbol]                       0x08002650   Section        0  testmain.o(.rodata.image_data_font_ubuntu_mono_24_0x40)
    image_data_font_ubuntu_mono_24_0x41      0x08002680   Data          48  testmain.o(.rodata.image_data_font_ubuntu_mono_24_0x41)
    [Anonymous Symbol]                       0x08002680   Section        0  testmain.o(.rodata.image_data_font_ubuntu_mono_24_0x41)
    image_data_font_ubuntu_mono_24_0x42      0x080026b0   Data          48  testmain.o(.rodata.image_data_font_ubuntu_mono_24_0x42)
    [Anonymous Symbol]                       0x080026b0   Section        0  testmain.o(.rodata.image_data_font_ubuntu_mono_24_0x42)
    image_data_font_ubuntu_mono_24_0x43      0x080026e0   Data          48  testmain.o(.rodata.image_data_font_ubuntu_mono_24_0x43)
    [Anonymous Symbol]                       0x080026e0   Section        0  testmain.o(.rodata.image_data_font_ubuntu_mono_24_0x43)
    image_data_font_ubuntu_mono_24_0x44      0x08002710   Data          48  testmain.o(.rodata.image_data_font_ubuntu_mono_24_0x44)
    [Anonymous Symbol]                       0x08002710   Section        0  testmain.o(.rodata.image_data_font_ubuntu_mono_24_0x44)
    image_data_font_ubuntu_mono_24_0x45      0x08002740   Data          48  testmain.o(.rodata.image_data_font_ubuntu_mono_24_0x45)
    [Anonymous Symbol]                       0x08002740   Section        0  testmain.o(.rodata.image_data_font_ubuntu_mono_24_0x45)
    image_data_font_ubuntu_mono_24_0x46      0x08002770   Data          48  testmain.o(.rodata.image_data_font_ubuntu_mono_24_0x46)
    [Anonymous Symbol]                       0x08002770   Section        0  testmain.o(.rodata.image_data_font_ubuntu_mono_24_0x46)
    image_data_font_ubuntu_mono_24_0x47      0x080027a0   Data          48  testmain.o(.rodata.image_data_font_ubuntu_mono_24_0x47)
    [Anonymous Symbol]                       0x080027a0   Section        0  testmain.o(.rodata.image_data_font_ubuntu_mono_24_0x47)
    image_data_font_ubuntu_mono_24_0x48      0x080027d0   Data          48  testmain.o(.rodata.image_data_font_ubuntu_mono_24_0x48)
    [Anonymous Symbol]                       0x080027d0   Section        0  testmain.o(.rodata.image_data_font_ubuntu_mono_24_0x48)
    image_data_font_ubuntu_mono_24_0x49      0x08002800   Data          48  testmain.o(.rodata.image_data_font_ubuntu_mono_24_0x49)
    [Anonymous Symbol]                       0x08002800   Section        0  testmain.o(.rodata.image_data_font_ubuntu_mono_24_0x49)
    image_data_font_ubuntu_mono_24_0x4a      0x08002830   Data          48  testmain.o(.rodata.image_data_font_ubuntu_mono_24_0x4a)
    [Anonymous Symbol]                       0x08002830   Section        0  testmain.o(.rodata.image_data_font_ubuntu_mono_24_0x4a)
    image_data_font_ubuntu_mono_24_0x4b      0x08002860   Data          48  testmain.o(.rodata.image_data_font_ubuntu_mono_24_0x4b)
    [Anonymous Symbol]                       0x08002860   Section        0  testmain.o(.rodata.image_data_font_ubuntu_mono_24_0x4b)
    image_data_font_ubuntu_mono_24_0x4c      0x08002890   Data          48  testmain.o(.rodata.image_data_font_ubuntu_mono_24_0x4c)
    [Anonymous Symbol]                       0x08002890   Section        0  testmain.o(.rodata.image_data_font_ubuntu_mono_24_0x4c)
    image_data_font_ubuntu_mono_24_0x4d      0x080028c0   Data          48  testmain.o(.rodata.image_data_font_ubuntu_mono_24_0x4d)
    [Anonymous Symbol]                       0x080028c0   Section        0  testmain.o(.rodata.image_data_font_ubuntu_mono_24_0x4d)
    image_data_font_ubuntu_mono_24_0x4e      0x080028f0   Data          48  testmain.o(.rodata.image_data_font_ubuntu_mono_24_0x4e)
    [Anonymous Symbol]                       0x080028f0   Section        0  testmain.o(.rodata.image_data_font_ubuntu_mono_24_0x4e)
    image_data_font_ubuntu_mono_24_0x4f      0x08002920   Data          48  testmain.o(.rodata.image_data_font_ubuntu_mono_24_0x4f)
    [Anonymous Symbol]                       0x08002920   Section        0  testmain.o(.rodata.image_data_font_ubuntu_mono_24_0x4f)
    image_data_font_ubuntu_mono_24_0x50      0x08002950   Data          48  testmain.o(.rodata.image_data_font_ubuntu_mono_24_0x50)
    [Anonymous Symbol]                       0x08002950   Section        0  testmain.o(.rodata.image_data_font_ubuntu_mono_24_0x50)
    image_data_font_ubuntu_mono_24_0x51      0x08002980   Data          48  testmain.o(.rodata.image_data_font_ubuntu_mono_24_0x51)
    [Anonymous Symbol]                       0x08002980   Section        0  testmain.o(.rodata.image_data_font_ubuntu_mono_24_0x51)
    image_data_font_ubuntu_mono_24_0x52      0x080029b0   Data          48  testmain.o(.rodata.image_data_font_ubuntu_mono_24_0x52)
    [Anonymous Symbol]                       0x080029b0   Section        0  testmain.o(.rodata.image_data_font_ubuntu_mono_24_0x52)
    image_data_font_ubuntu_mono_24_0x53      0x080029e0   Data          48  testmain.o(.rodata.image_data_font_ubuntu_mono_24_0x53)
    [Anonymous Symbol]                       0x080029e0   Section        0  testmain.o(.rodata.image_data_font_ubuntu_mono_24_0x53)
    image_data_font_ubuntu_mono_24_0x54      0x08002a10   Data          48  testmain.o(.rodata.image_data_font_ubuntu_mono_24_0x54)
    [Anonymous Symbol]                       0x08002a10   Section        0  testmain.o(.rodata.image_data_font_ubuntu_mono_24_0x54)
    image_data_font_ubuntu_mono_24_0x55      0x08002a40   Data          48  testmain.o(.rodata.image_data_font_ubuntu_mono_24_0x55)
    [Anonymous Symbol]                       0x08002a40   Section        0  testmain.o(.rodata.image_data_font_ubuntu_mono_24_0x55)
    image_data_font_ubuntu_mono_24_0x56      0x08002a70   Data          48  testmain.o(.rodata.image_data_font_ubuntu_mono_24_0x56)
    [Anonymous Symbol]                       0x08002a70   Section        0  testmain.o(.rodata.image_data_font_ubuntu_mono_24_0x56)
    image_data_font_ubuntu_mono_24_0x57      0x08002aa0   Data          48  testmain.o(.rodata.image_data_font_ubuntu_mono_24_0x57)
    [Anonymous Symbol]                       0x08002aa0   Section        0  testmain.o(.rodata.image_data_font_ubuntu_mono_24_0x57)
    image_data_font_ubuntu_mono_24_0x58      0x08002ad0   Data          48  testmain.o(.rodata.image_data_font_ubuntu_mono_24_0x58)
    [Anonymous Symbol]                       0x08002ad0   Section        0  testmain.o(.rodata.image_data_font_ubuntu_mono_24_0x58)
    image_data_font_ubuntu_mono_24_0x59      0x08002b00   Data          48  testmain.o(.rodata.image_data_font_ubuntu_mono_24_0x59)
    [Anonymous Symbol]                       0x08002b00   Section        0  testmain.o(.rodata.image_data_font_ubuntu_mono_24_0x59)
    image_data_font_ubuntu_mono_24_0x5a      0x08002b30   Data          48  testmain.o(.rodata.image_data_font_ubuntu_mono_24_0x5a)
    [Anonymous Symbol]                       0x08002b30   Section        0  testmain.o(.rodata.image_data_font_ubuntu_mono_24_0x5a)
    image_data_font_ubuntu_mono_24_0x5b      0x08002b60   Data          48  testmain.o(.rodata.image_data_font_ubuntu_mono_24_0x5b)
    [Anonymous Symbol]                       0x08002b60   Section        0  testmain.o(.rodata.image_data_font_ubuntu_mono_24_0x5b)
    image_data_font_ubuntu_mono_24_0x5c      0x08002b90   Data          48  testmain.o(.rodata.image_data_font_ubuntu_mono_24_0x5c)
    [Anonymous Symbol]                       0x08002b90   Section        0  testmain.o(.rodata.image_data_font_ubuntu_mono_24_0x5c)
    image_data_font_ubuntu_mono_24_0x5d      0x08002bc0   Data          48  testmain.o(.rodata.image_data_font_ubuntu_mono_24_0x5d)
    [Anonymous Symbol]                       0x08002bc0   Section        0  testmain.o(.rodata.image_data_font_ubuntu_mono_24_0x5d)
    image_data_font_ubuntu_mono_24_0x5e      0x08002bf0   Data          48  testmain.o(.rodata.image_data_font_ubuntu_mono_24_0x5e)
    [Anonymous Symbol]                       0x08002bf0   Section        0  testmain.o(.rodata.image_data_font_ubuntu_mono_24_0x5e)
    image_data_font_ubuntu_mono_24_0x5f      0x08002c20   Data          48  testmain.o(.rodata.image_data_font_ubuntu_mono_24_0x5f)
    [Anonymous Symbol]                       0x08002c20   Section        0  testmain.o(.rodata.image_data_font_ubuntu_mono_24_0x5f)
    image_data_font_ubuntu_mono_24_0x60      0x08002c50   Data          48  testmain.o(.rodata.image_data_font_ubuntu_mono_24_0x60)
    [Anonymous Symbol]                       0x08002c50   Section        0  testmain.o(.rodata.image_data_font_ubuntu_mono_24_0x60)
    image_data_font_ubuntu_mono_24_0x61      0x08002c80   Data          48  testmain.o(.rodata.image_data_font_ubuntu_mono_24_0x61)
    [Anonymous Symbol]                       0x08002c80   Section        0  testmain.o(.rodata.image_data_font_ubuntu_mono_24_0x61)
    image_data_font_ubuntu_mono_24_0x62      0x08002cb0   Data          48  testmain.o(.rodata.image_data_font_ubuntu_mono_24_0x62)
    [Anonymous Symbol]                       0x08002cb0   Section        0  testmain.o(.rodata.image_data_font_ubuntu_mono_24_0x62)
    image_data_font_ubuntu_mono_24_0x63      0x08002ce0   Data          48  testmain.o(.rodata.image_data_font_ubuntu_mono_24_0x63)
    [Anonymous Symbol]                       0x08002ce0   Section        0  testmain.o(.rodata.image_data_font_ubuntu_mono_24_0x63)
    image_data_font_ubuntu_mono_24_0x64      0x08002d10   Data          48  testmain.o(.rodata.image_data_font_ubuntu_mono_24_0x64)
    [Anonymous Symbol]                       0x08002d10   Section        0  testmain.o(.rodata.image_data_font_ubuntu_mono_24_0x64)
    image_data_font_ubuntu_mono_24_0x65      0x08002d40   Data          48  testmain.o(.rodata.image_data_font_ubuntu_mono_24_0x65)
    [Anonymous Symbol]                       0x08002d40   Section        0  testmain.o(.rodata.image_data_font_ubuntu_mono_24_0x65)
    image_data_font_ubuntu_mono_24_0x66      0x08002d70   Data          48  testmain.o(.rodata.image_data_font_ubuntu_mono_24_0x66)
    [Anonymous Symbol]                       0x08002d70   Section        0  testmain.o(.rodata.image_data_font_ubuntu_mono_24_0x66)
    image_data_font_ubuntu_mono_24_0x67      0x08002da0   Data          48  testmain.o(.rodata.image_data_font_ubuntu_mono_24_0x67)
    [Anonymous Symbol]                       0x08002da0   Section        0  testmain.o(.rodata.image_data_font_ubuntu_mono_24_0x67)
    image_data_font_ubuntu_mono_24_0x68      0x08002dd0   Data          48  testmain.o(.rodata.image_data_font_ubuntu_mono_24_0x68)
    [Anonymous Symbol]                       0x08002dd0   Section        0  testmain.o(.rodata.image_data_font_ubuntu_mono_24_0x68)
    image_data_font_ubuntu_mono_24_0x69      0x08002e00   Data          48  testmain.o(.rodata.image_data_font_ubuntu_mono_24_0x69)
    [Anonymous Symbol]                       0x08002e00   Section        0  testmain.o(.rodata.image_data_font_ubuntu_mono_24_0x69)
    image_data_font_ubuntu_mono_24_0x6a      0x08002e30   Data          48  testmain.o(.rodata.image_data_font_ubuntu_mono_24_0x6a)
    [Anonymous Symbol]                       0x08002e30   Section        0  testmain.o(.rodata.image_data_font_ubuntu_mono_24_0x6a)
    image_data_font_ubuntu_mono_24_0x6b      0x08002e60   Data          48  testmain.o(.rodata.image_data_font_ubuntu_mono_24_0x6b)
    [Anonymous Symbol]                       0x08002e60   Section        0  testmain.o(.rodata.image_data_font_ubuntu_mono_24_0x6b)
    image_data_font_ubuntu_mono_24_0x6c      0x08002e90   Data          48  testmain.o(.rodata.image_data_font_ubuntu_mono_24_0x6c)
    [Anonymous Symbol]                       0x08002e90   Section        0  testmain.o(.rodata.image_data_font_ubuntu_mono_24_0x6c)
    image_data_font_ubuntu_mono_24_0x6d      0x08002ec0   Data          48  testmain.o(.rodata.image_data_font_ubuntu_mono_24_0x6d)
    [Anonymous Symbol]                       0x08002ec0   Section        0  testmain.o(.rodata.image_data_font_ubuntu_mono_24_0x6d)
    image_data_font_ubuntu_mono_24_0x6e      0x08002ef0   Data          48  testmain.o(.rodata.image_data_font_ubuntu_mono_24_0x6e)
    [Anonymous Symbol]                       0x08002ef0   Section        0  testmain.o(.rodata.image_data_font_ubuntu_mono_24_0x6e)
    image_data_font_ubuntu_mono_24_0x6f      0x08002f20   Data          48  testmain.o(.rodata.image_data_font_ubuntu_mono_24_0x6f)
    [Anonymous Symbol]                       0x08002f20   Section        0  testmain.o(.rodata.image_data_font_ubuntu_mono_24_0x6f)
    image_data_font_ubuntu_mono_24_0x70      0x08002f50   Data          48  testmain.o(.rodata.image_data_font_ubuntu_mono_24_0x70)
    [Anonymous Symbol]                       0x08002f50   Section        0  testmain.o(.rodata.image_data_font_ubuntu_mono_24_0x70)
    image_data_font_ubuntu_mono_24_0x71      0x08002f80   Data          48  testmain.o(.rodata.image_data_font_ubuntu_mono_24_0x71)
    [Anonymous Symbol]                       0x08002f80   Section        0  testmain.o(.rodata.image_data_font_ubuntu_mono_24_0x71)
    image_data_font_ubuntu_mono_24_0x72      0x08002fb0   Data          48  testmain.o(.rodata.image_data_font_ubuntu_mono_24_0x72)
    [Anonymous Symbol]                       0x08002fb0   Section        0  testmain.o(.rodata.image_data_font_ubuntu_mono_24_0x72)
    image_data_font_ubuntu_mono_24_0x73      0x08002fe0   Data          48  testmain.o(.rodata.image_data_font_ubuntu_mono_24_0x73)
    [Anonymous Symbol]                       0x08002fe0   Section        0  testmain.o(.rodata.image_data_font_ubuntu_mono_24_0x73)
    image_data_font_ubuntu_mono_24_0x74      0x08003010   Data          48  testmain.o(.rodata.image_data_font_ubuntu_mono_24_0x74)
    [Anonymous Symbol]                       0x08003010   Section        0  testmain.o(.rodata.image_data_font_ubuntu_mono_24_0x74)
    image_data_font_ubuntu_mono_24_0x75      0x08003040   Data          48  testmain.o(.rodata.image_data_font_ubuntu_mono_24_0x75)
    [Anonymous Symbol]                       0x08003040   Section        0  testmain.o(.rodata.image_data_font_ubuntu_mono_24_0x75)
    image_data_font_ubuntu_mono_24_0x76      0x08003070   Data          48  testmain.o(.rodata.image_data_font_ubuntu_mono_24_0x76)
    [Anonymous Symbol]                       0x08003070   Section        0  testmain.o(.rodata.image_data_font_ubuntu_mono_24_0x76)
    image_data_font_ubuntu_mono_24_0x77      0x080030a0   Data          48  testmain.o(.rodata.image_data_font_ubuntu_mono_24_0x77)
    [Anonymous Symbol]                       0x080030a0   Section        0  testmain.o(.rodata.image_data_font_ubuntu_mono_24_0x77)
    image_data_font_ubuntu_mono_24_0x78      0x080030d0   Data          48  testmain.o(.rodata.image_data_font_ubuntu_mono_24_0x78)
    [Anonymous Symbol]                       0x080030d0   Section        0  testmain.o(.rodata.image_data_font_ubuntu_mono_24_0x78)
    image_data_font_ubuntu_mono_24_0x79      0x08003100   Data          48  testmain.o(.rodata.image_data_font_ubuntu_mono_24_0x79)
    [Anonymous Symbol]                       0x08003100   Section        0  testmain.o(.rodata.image_data_font_ubuntu_mono_24_0x79)
    image_data_font_ubuntu_mono_24_0x7a      0x08003130   Data          48  testmain.o(.rodata.image_data_font_ubuntu_mono_24_0x7a)
    [Anonymous Symbol]                       0x08003130   Section        0  testmain.o(.rodata.image_data_font_ubuntu_mono_24_0x7a)
    image_data_font_ubuntu_mono_24_0x7b      0x08003160   Data          48  testmain.o(.rodata.image_data_font_ubuntu_mono_24_0x7b)
    [Anonymous Symbol]                       0x08003160   Section        0  testmain.o(.rodata.image_data_font_ubuntu_mono_24_0x7b)
    image_data_font_ubuntu_mono_24_0x7c      0x08003190   Data          48  testmain.o(.rodata.image_data_font_ubuntu_mono_24_0x7c)
    [Anonymous Symbol]                       0x08003190   Section        0  testmain.o(.rodata.image_data_font_ubuntu_mono_24_0x7c)
    image_data_font_ubuntu_mono_24_0x7d      0x080031c0   Data          48  testmain.o(.rodata.image_data_font_ubuntu_mono_24_0x7d)
    [Anonymous Symbol]                       0x080031c0   Section        0  testmain.o(.rodata.image_data_font_ubuntu_mono_24_0x7d)
    image_data_font_ubuntu_mono_24_0x7e      0x080031f0   Data          48  testmain.o(.rodata.image_data_font_ubuntu_mono_24_0x7e)
    [Anonymous Symbol]                       0x080031f0   Section        0  testmain.o(.rodata.image_data_font_ubuntu_mono_24_0x7e)
    .L.str.9                                 0x08003220   Data          18  testmain.o(.rodata.str1.1)
    [Anonymous Symbol]                       0x08003220   Section        0  testmain.o(.rodata.str1.1)
    .L.str.4                                 0x08003232   Data          11  testmain.o(.rodata.str1.1)
    .L.str.6                                 0x0800323d   Data           9  testmain.o(.rodata.str1.1)
    .L.str.2                                 0x08003246   Data          11  testmain.o(.rodata.str1.1)
    .L.str.1                                 0x08003251   Data           6  testmain.o(.rodata.str1.1)
    .L.str.5                                 0x08003257   Data          10  testmain.o(.rodata.str1.1)
    .L.str.7                                 0x08003261   Data          10  testmain.o(.rodata.str1.1)
    .L.str                                   0x0800326b   Data          10  testmain.o(.rodata.str1.1)
    .L.str.3                                 0x08003275   Data           9  testmain.o(.rodata.str1.1)
    .L.str.8                                 0x0800327e   Data          17  testmain.o(.rodata.str1.1)
    ILI_TFTheight                            0x20000000   Data           2  ili9341.o(.data.ILI_TFTheight)
    [Anonymous Symbol]                       0x20000000   Section        0  ili9341.o(.data.ILI_TFTheight)
    ILI_TFTwidth                             0x20000002   Data           2  ili9341.o(.data.ILI_TFTwidth)
    [Anonymous Symbol]                       0x20000002   Section        0  ili9341.o(.data.ILI_TFTwidth)
    .bss                                     0x20000008   Section       96  libspace.o(.bss)
    ILI_Orientation                          0x20000068   Data           1  ili9341.o(.bss.ILI_Orientation)
    [Anonymous Symbol]                       0x20000068   Section        0  ili9341.o(.bss.ILI_Orientation)
    Heap_Mem                                 0x20000070   Data         512  startup_stm32f446xx.o(HEAP)
    HEAP                                     0x20000070   Section      512  startup_stm32f446xx.o(HEAP)
    Stack_Mem                                0x20000270   Data        1024  startup_stm32f446xx.o(STACK)
    STACK                                    0x20000270   Section     1024  startup_stm32f446xx.o(STACK)
    __initial_sp                             0x20000670   Data           0  startup_stm32f446xx.o(STACK)

    Global Symbols

    Symbol Name                              Value     Ov Type        Size  Object(Section)

    BuildAttributes$$THM_ISAv4$E$P$D$K$B$S$7EM$VFPi3$EXTD16$VFPS$VFMA$PE$A:L22UL41UL21$X:L11$S22US41US21$IEEE1$IW$~IW$USESV6$~STKCKD$USESV7$~SHL$OSPACE$ROPI$EBA8$UX$STANDARDLIB$REQ8$PRES8$EABIv2 0x00000000   Number         0  anon$$obj.o ABSOLUTE
    __ARM_exceptions_init                     - Undefined Weak Reference
    __alloca_initialize                       - Undefined Weak Reference
    __arm_preinit_                            - Undefined Weak Reference
    __arm_relocate_pie_                       - Undefined Weak Reference
    __cpp_initialize__aeabi_                  - Undefined Weak Reference
    __cxa_finalize                            - Undefined Weak Reference
    __rt_locale                               - Undefined Weak Reference
    __sigvec_lookup                           - Undefined Weak Reference
    _atexit_init                              - Undefined Weak Reference
    _call_atexit_fns                          - Undefined Weak Reference
    _clock_init                               - Undefined Weak Reference
    _fp_trap_init                             - Undefined Weak Reference
    _fp_trap_shutdown                         - Undefined Weak Reference
    _get_lc_collate                           - Undefined Weak Reference
    _get_lc_ctype                             - Undefined Weak Reference
    _get_lc_monetary                          - Undefined Weak Reference
    _get_lc_numeric                           - Undefined Weak Reference
    _get_lc_time                              - Undefined Weak Reference
    _getenv_init                              - Undefined Weak Reference
    _handle_redirection                       - Undefined Weak Reference
    _init_alloc                               - Undefined Weak Reference
    _init_user_alloc                          - Undefined Weak Reference
    _initio                                   - Undefined Weak Reference
    _rand_init                                - Undefined Weak Reference
    _signal_finish                            - Undefined Weak Reference
    _signal_init                              - Undefined Weak Reference
    _terminate_alloc                          - Undefined Weak Reference
    _terminate_user_alloc                     - Undefined Weak Reference
    _terminateio                              - Undefined Weak Reference
    __Vectors_Size                           0x000001c4   Number         0  startup_stm32f446xx.o ABSOLUTE
    __Vectors                                0x08000000   Data           4  startup_stm32f446xx.o(RESET)
    __Vectors_End                            0x080001c4   Data           0  startup_stm32f446xx.o(RESET)
    __main                                   0x080001c5   Thumb Code     8  __main.o(!!!main)
    __scatterload                            0x080001cd   Thumb Code     0  __scatter.o(!!!scatter)
    __scatterload_rt2                        0x080001cd   Thumb Code    84  __scatter.o(!!!scatter)
    __scatterload_rt2_thumb_only             0x080001cd   Thumb Code     0  __scatter.o(!!!scatter)
    __scatterload_loop                       0x080001d7   Thumb Code     0  __scatter.o(!!!scatter)
    __scatterload_copy                       0x08000229   Thumb Code    26  __scatter_copy.o(!!handler_copy)
    __scatterload_null                       0x08000245   Thumb Code     2  __scatter.o(!!handler_null)
    __scatterload_zeroinit                   0x08000249   Thumb Code    28  __scatter_zi.o(!!handler_zi)
    __rt_lib_init                            0x08000265   Thumb Code     0  libinit.o(.ARM.Collect$$libinit$$00000000)
    __rt_lib_init_fp_1                       0x08000267   Thumb Code     0  libinit2.o(.ARM.Collect$$libinit$$00000001)
    __rt_lib_init_alloca_1                   0x0800026b   Thumb Code     0  libinit2.o(.ARM.Collect$$libinit$$00000030)
    __rt_lib_init_argv_1                     0x0800026b   Thumb Code     0  libinit2.o(.ARM.Collect$$libinit$$0000002E)
    __rt_lib_init_atexit_1                   0x0800026b   Thumb Code     0  libinit2.o(.ARM.Collect$$libinit$$0000001D)
    __rt_lib_init_clock_1                    0x0800026b   Thumb Code     0  libinit2.o(.ARM.Collect$$libinit$$00000023)
    __rt_lib_init_cpp_1                      0x0800026b   Thumb Code     0  libinit2.o(.ARM.Collect$$libinit$$00000034)
    __rt_lib_init_exceptions_1               0x0800026b   Thumb Code     0  libinit2.o(.ARM.Collect$$libinit$$00000032)
    __rt_lib_init_fp_trap_1                  0x0800026b   Thumb Code     0  libinit2.o(.ARM.Collect$$libinit$$00000021)
    __rt_lib_init_getenv_1                   0x0800026b   Thumb Code     0  libinit2.o(.ARM.Collect$$libinit$$00000025)
    __rt_lib_init_heap_1                     0x0800026b   Thumb Code     0  libinit2.o(.ARM.Collect$$libinit$$0000000C)
    __rt_lib_init_lc_collate_1               0x0800026b   Thumb Code     0  libinit2.o(.ARM.Collect$$libinit$$00000013)
    __rt_lib_init_lc_ctype_1                 0x0800026b   Thumb Code     0  libinit2.o(.ARM.Collect$$libinit$$00000015)
    __rt_lib_init_lc_monetary_1              0x0800026b   Thumb Code     0  libinit2.o(.ARM.Collect$$libinit$$00000017)
    __rt_lib_init_lc_numeric_1               0x0800026b   Thumb Code     0  libinit2.o(.ARM.Collect$$libinit$$00000019)
    __rt_lib_init_lc_time_1                  0x0800026b   Thumb Code     0  libinit2.o(.ARM.Collect$$libinit$$0000001B)
    __rt_lib_init_preinit_1                  0x0800026b   Thumb Code     0  libinit2.o(.ARM.Collect$$libinit$$00000006)
    __rt_lib_init_rand_1                     0x0800026b   Thumb Code     0  libinit2.o(.ARM.Collect$$libinit$$00000010)
    __rt_lib_init_relocate_pie_1             0x0800026b   Thumb Code     0  libinit2.o(.ARM.Collect$$libinit$$00000004)
    __rt_lib_init_return                     0x0800026b   Thumb Code     0  libinit2.o(.ARM.Collect$$libinit$$00000035)
    __rt_lib_init_signal_1                   0x0800026b   Thumb Code     0  libinit2.o(.ARM.Collect$$libinit$$0000001F)
    __rt_lib_init_stdio_1                    0x0800026b   Thumb Code     0  libinit2.o(.ARM.Collect$$libinit$$00000027)
    __rt_lib_init_user_alloc_1               0x0800026b   Thumb Code     0  libinit2.o(.ARM.Collect$$libinit$$0000000E)
    __rt_lib_shutdown                        0x0800026d   Thumb Code     0  libshutdown.o(.ARM.Collect$$libshutdown$$00000000)
    __rt_lib_shutdown_cpp_1                  0x0800026f   Thumb Code     0  libshutdown2.o(.ARM.Collect$$libshutdown$$00000002)
    __rt_lib_shutdown_fp_trap_1              0x0800026f   Thumb Code     0  libshutdown2.o(.ARM.Collect$$libshutdown$$00000007)
    __rt_lib_shutdown_heap_1                 0x0800026f   Thumb Code     0  libshutdown2.o(.ARM.Collect$$libshutdown$$0000000F)
    __rt_lib_shutdown_return                 0x0800026f   Thumb Code     0  libshutdown2.o(.ARM.Collect$$libshutdown$$00000010)
    __rt_lib_shutdown_signal_1               0x0800026f   Thumb Code     0  libshutdown2.o(.ARM.Collect$$libshutdown$$0000000A)
    __rt_lib_shutdown_stdio_1                0x0800026f   Thumb Code     0  libshutdown2.o(.ARM.Collect$$libshutdown$$00000004)
    __rt_lib_shutdown_user_alloc_1           0x0800026f   Thumb Code     0  libshutdown2.o(.ARM.Collect$$libshutdown$$0000000C)
    __rt_entry                               0x08000271   Thumb Code     0  __rtentry.o(.ARM.Collect$$rtentry$$00000000)
    __rt_entry_presh_1                       0x08000271   Thumb Code     0  __rtentry2.o(.ARM.Collect$$rtentry$$00000002)
    __rt_entry_sh                            0x08000271   Thumb Code     0  __rtentry4.o(.ARM.Collect$$rtentry$$00000004)
    __rt_entry_li                            0x08000277   Thumb Code     0  __rtentry2.o(.ARM.Collect$$rtentry$$0000000A)
    __rt_entry_postsh_1                      0x08000277   Thumb Code     0  __rtentry2.o(.ARM.Collect$$rtentry$$00000009)
    __rt_entry_main                          0x0800027b   Thumb Code     0  __rtentry2.o(.ARM.Collect$$rtentry$$0000000D)
    __rt_entry_postli_1                      0x0800027b   Thumb Code     0  __rtentry2.o(.ARM.Collect$$rtentry$$0000000C)
    __rt_exit                                0x08000283   Thumb Code     0  rtexit.o(.ARM.Collect$$rtexit$$00000000)
    __rt_exit_ls                             0x08000285   Thumb Code     0  rtexit2.o(.ARM.Collect$$rtexit$$00000003)
    __rt_exit_prels_1                        0x08000285   Thumb Code     0  rtexit2.o(.ARM.Collect$$rtexit$$00000002)
    __rt_exit_exit                           0x08000289   Thumb Code     0  rtexit2.o(.ARM.Collect$$rtexit$$00000004)
    Reset_Handler                            0x08000291   Thumb Code     8  startup_stm32f446xx.o(.text)
    NMI_Handler                              0x08000299   Thumb Code     2  startup_stm32f446xx.o(.text)
    HardFault_Handler                        0x0800029b   Thumb Code     2  startup_stm32f446xx.o(.text)
    MemManage_Handler                        0x0800029d   Thumb Code     2  startup_stm32f446xx.o(.text)
    BusFault_Handler                         0x0800029f   Thumb Code     2  startup_stm32f446xx.o(.text)
    UsageFault_Handler                       0x080002a1   Thumb Code     2  startup_stm32f446xx.o(.text)
    SVC_Handler                              0x080002a3   Thumb Code     2  startup_stm32f446xx.o(.text)
    DebugMon_Handler                         0x080002a5   Thumb Code     2  startup_stm32f446xx.o(.text)
    PendSV_Handler                           0x080002a7   Thumb Code     2  startup_stm32f446xx.o(.text)
    SysTick_Handler                          0x080002a9   Thumb Code     2  startup_stm32f446xx.o(.text)
    ADC_IRQHandler                           0x080002ab   Thumb Code     0  startup_stm32f446xx.o(.text)
    CAN1_RX0_IRQHandler                      0x080002ab   Thumb Code     0  startup_stm32f446xx.o(.text)
    CAN1_RX1_IRQHandler                      0x080002ab   Thumb Code     0  startup_stm32f446xx.o(.text)
    CAN1_SCE_IRQHandler                      0x080002ab   Thumb Code     0  startup_stm32f446xx.o(.text)
    CAN1_TX_IRQHandler                       0x080002ab   Thumb Code     0  startup_stm32f446xx.o(.text)
    CAN2_RX0_IRQHandler                      0x080002ab   Thumb Code     0  startup_stm32f446xx.o(.text)
    CAN2_RX1_IRQHandler                      0x080002ab   Thumb Code     0  startup_stm32f446xx.o(.text)
    CAN2_SCE_IRQHandler                      0x080002ab   Thumb Code     0  startup_stm32f446xx.o(.text)
    CAN2_TX_IRQHandler                       0x080002ab   Thumb Code     0  startup_stm32f446xx.o(.text)
    CEC_IRQHandler                           0x080002ab   Thumb Code     0  startup_stm32f446xx.o(.text)
    DCMI_IRQHandler                          0x080002ab   Thumb Code     0  startup_stm32f446xx.o(.text)
    DMA1_Stream0_IRQHandler                  0x080002ab   Thumb Code     0  startup_stm32f446xx.o(.text)
    DMA1_Stream1_IRQHandler                  0x080002ab   Thumb Code     0  startup_stm32f446xx.o(.text)
    DMA1_Stream2_IRQHandler                  0x080002ab   Thumb Code     0  startup_stm32f446xx.o(.text)
    DMA1_Stream3_IRQHandler                  0x080002ab   Thumb Code     0  startup_stm32f446xx.o(.text)
    DMA1_Stream4_IRQHandler                  0x080002ab   Thumb Code     0  startup_stm32f446xx.o(.text)
    DMA1_Stream5_IRQHandler                  0x080002ab   Thumb Code     0  startup_stm32f446xx.o(.text)
    DMA1_Stream6_IRQHandler                  0x080002ab   Thumb Code     0  startup_stm32f446xx.o(.text)
    DMA1_Stream7_IRQHandler                  0x080002ab   Thumb Code     0  startup_stm32f446xx.o(.text)
    DMA2_Stream0_IRQHandler                  0x080002ab   Thumb Code     0  startup_stm32f446xx.o(.text)
    DMA2_Stream1_IRQHandler                  0x080002ab   Thumb Code     0  startup_stm32f446xx.o(.text)
    DMA2_Stream2_IRQHandler                  0x080002ab   Thumb Code     0  startup_stm32f446xx.o(.text)
    DMA2_Stream3_IRQHandler                  0x080002ab   Thumb Code     0  startup_stm32f446xx.o(.text)
    DMA2_Stream4_IRQHandler                  0x080002ab   Thumb Code     0  startup_stm32f446xx.o(.text)
    DMA2_Stream5_IRQHandler                  0x080002ab   Thumb Code     0  startup_stm32f446xx.o(.text)
    DMA2_Stream6_IRQHandler                  0x080002ab   Thumb Code     0  startup_stm32f446xx.o(.text)
    DMA2_Stream7_IRQHandler                  0x080002ab   Thumb Code     0  startup_stm32f446xx.o(.text)
    EXTI0_IRQHandler                         0x080002ab   Thumb Code     0  startup_stm32f446xx.o(.text)
    EXTI1_IRQHandler                         0x080002ab   Thumb Code     0  startup_stm32f446xx.o(.text)
    EXTI2_IRQHandler                         0x080002ab   Thumb Code     0  startup_stm32f446xx.o(.text)
    EXTI3_IRQHandler                         0x080002ab   Thumb Code     0  startup_stm32f446xx.o(.text)
    EXTI4_IRQHandler                         0x080002ab   Thumb Code     0  startup_stm32f446xx.o(.text)
    EXTI9_5_IRQHandler                       0x080002ab   Thumb Code     0  startup_stm32f446xx.o(.text)
    FLASH_IRQHandler                         0x080002ab   Thumb Code     0  startup_stm32f446xx.o(.text)
    FMC_IRQHandler                           0x080002ab   Thumb Code     0  startup_stm32f446xx.o(.text)
    FMPI2C1_ER_IRQHandler                    0x080002ab   Thumb Code     0  startup_stm32f446xx.o(.text)
    FMPI2C1_EV_IRQHandler                    0x080002ab   Thumb Code     0  startup_stm32f446xx.o(.text)
    FPU_IRQHandler                           0x080002ab   Thumb Code     0  startup_stm32f446xx.o(.text)
    I2C1_ER_IRQHandler                       0x080002ab   Thumb Code     0  startup_stm32f446xx.o(.text)
    I2C1_EV_IRQHandler                       0x080002ab   Thumb Code     0  startup_stm32f446xx.o(.text)
    I2C2_ER_IRQHandler                       0x080002ab   Thumb Code     0  startup_stm32f446xx.o(.text)
    I2C2_EV_IRQHandler                       0x080002ab   Thumb Code     0  startup_stm32f446xx.o(.text)
    I2C3_ER_IRQHandler                       0x080002ab   Thumb Code     0  startup_stm32f446xx.o(.text)
    I2C3_EV_IRQHandler                       0x080002ab   Thumb Code     0  startup_stm32f446xx.o(.text)
    OTG_FS_IRQHandler                        0x080002ab   Thumb Code     0  startup_stm32f446xx.o(.text)
    OTG_FS_WKUP_IRQHandler                   0x080002ab   Thumb Code     0  startup_stm32f446xx.o(.text)
    OTG_HS_EP1_IN_IRQHandler                 0x080002ab   Thumb Code     0  startup_stm32f446xx.o(.text)
    OTG_HS_EP1_OUT_IRQHandler                0x080002ab   Thumb Code     0  startup_stm32f446xx.o(.text)
    OTG_HS_IRQHandler                        0x080002ab   Thumb Code     0  startup_stm32f446xx.o(.text)
    OTG_HS_WKUP_IRQHandler                   0x080002ab   Thumb Code     0  startup_stm32f446xx.o(.text)
    PVD_IRQHandler                           0x080002ab   Thumb Code     0  startup_stm32f446xx.o(.text)
    QUADSPI_IRQHandler                       0x080002ab   Thumb Code     0  startup_stm32f446xx.o(.text)
    RCC_IRQHandler                           0x080002ab   Thumb Code     0  startup_stm32f446xx.o(.text)
    RTC_Alarm_IRQHandler                     0x080002ab   Thumb Code     0  startup_stm32f446xx.o(.text)
    RTC_WKUP_IRQHandler                      0x080002ab   Thumb Code     0  startup_stm32f446xx.o(.text)
    SAI1_IRQHandler                          0x080002ab   Thumb Code     0  startup_stm32f446xx.o(.text)
    SAI2_IRQHandler                          0x080002ab   Thumb Code     0  startup_stm32f446xx.o(.text)
    SDIO_IRQHandler                          0x080002ab   Thumb Code     0  startup_stm32f446xx.o(.text)
    SPDIF_RX_IRQHandler                      0x080002ab   Thumb Code     0  startup_stm32f446xx.o(.text)
    SPI1_IRQHandler                          0x080002ab   Thumb Code     0  startup_stm32f446xx.o(.text)
    SPI2_IRQHandler                          0x080002ab   Thumb Code     0  startup_stm32f446xx.o(.text)
    SPI3_IRQHandler                          0x080002ab   Thumb Code     0  startup_stm32f446xx.o(.text)
    SPI4_IRQHandler                          0x080002ab   Thumb Code     0  startup_stm32f446xx.o(.text)
    TAMP_STAMP_IRQHandler                    0x080002ab   Thumb Code     0  startup_stm32f446xx.o(.text)
    TIM1_BRK_TIM9_IRQHandler                 0x080002ab   Thumb Code     0  startup_stm32f446xx.o(.text)
    TIM1_CC_IRQHandler                       0x080002ab   Thumb Code     0  startup_stm32f446xx.o(.text)
    TIM1_TRG_COM_TIM11_IRQHandler            0x080002ab   Thumb Code     0  startup_stm32f446xx.o(.text)
    TIM1_UP_TIM10_IRQHandler                 0x080002ab   Thumb Code     0  startup_stm32f446xx.o(.text)
    TIM2_IRQHandler                          0x080002ab   Thumb Code     0  startup_stm32f446xx.o(.text)
    TIM4_IRQHandler                          0x080002ab   Thumb Code     0  startup_stm32f446xx.o(.text)
    TIM5_IRQHandler                          0x080002ab   Thumb Code     0  startup_stm32f446xx.o(.text)
    TIM6_DAC_IRQHandler                      0x080002ab   Thumb Code     0  startup_stm32f446xx.o(.text)
    TIM7_IRQHandler                          0x080002ab   Thumb Code     0  startup_stm32f446xx.o(.text)
    TIM8_BRK_TIM12_IRQHandler                0x080002ab   Thumb Code     0  startup_stm32f446xx.o(.text)
    TIM8_CC_IRQHandler                       0x080002ab   Thumb Code     0  startup_stm32f446xx.o(.text)
    TIM8_TRG_COM_TIM14_IRQHandler            0x080002ab   Thumb Code     0  startup_stm32f446xx.o(.text)
    TIM8_UP_TIM13_IRQHandler                 0x080002ab   Thumb Code     0  startup_stm32f446xx.o(.text)
    UART4_IRQHandler                         0x080002ab   Thumb Code     0  startup_stm32f446xx.o(.text)
    UART5_IRQHandler                         0x080002ab   Thumb Code     0  startup_stm32f446xx.o(.text)
    USART1_IRQHandler                        0x080002ab   Thumb Code     0  startup_stm32f446xx.o(.text)
    USART2_IRQHandler                        0x080002ab   Thumb Code     0  startup_stm32f446xx.o(.text)
    USART3_IRQHandler                        0x080002ab   Thumb Code     0  startup_stm32f446xx.o(.text)
    USART6_IRQHandler                        0x080002ab   Thumb Code     0  startup_stm32f446xx.o(.text)
    WWDG_IRQHandler                          0x080002ab   Thumb Code     0  startup_stm32f446xx.o(.text)
    __user_initial_stackheap                 0x080002ad   Thumb Code     0  startup_stm32f446xx.o(.text)
    strlen                                   0x080002d1   Thumb Code    62  strlen.o(.text)
    __use_two_region_memory                  0x0800030f   Thumb Code     2  heapauxi.o(.text)
    __rt_heap_escrow$2region                 0x08000311   Thumb Code     2  heapauxi.o(.text)
    __rt_heap_expand$2region                 0x08000313   Thumb Code     2  heapauxi.o(.text)
    __user_setup_stackheap                   0x08000315   Thumb Code    74  sys_stackheap_outer.o(.text)
    exit                                     0x0800035f   Thumb Code    18  exit.o(.text)
    __user_libspace                          0x08000371   Thumb Code     8  libspace.o(.text)
    __user_perproc_libspace                  0x08000371   Thumb Code     0  libspace.o(.text)
    __user_perthread_libspace                0x08000371   Thumb Code     0  libspace.o(.text)
    _sys_exit                                0x08000379   Thumb Code     8  sys_exit.o(.text)
    __I$use$semihosting                      0x08000385   Thumb Code     0  use_no_semi.o(.text)
    __use_no_semihosting_swi                 0x08000385   Thumb Code     2  use_no_semi.o(.text)
    __semihosting_library_function           0x08000387   Thumb Code     0  indicate_semi.o(.text)
    CS_Low                                   0x08000389   Thumb Code    16  spi.o(.text.CS_Low)
    Display_Init                             0x08000399   Thumb Code  1156  ili9341.o(.text.Display_Init)
    Draw_Bitmap                              0x0800081d   Thumb Code   172  ili9341.o(.text.Draw_Bitmap)
    Draw_Char_BG                             0x080008c9   Thumb Code   370  ili9341.o(.text.Draw_Char_BG)
    Draw_Pixel                               0x08000a3d   Thumb Code    72  ili9341.o(.text.Draw_Pixel)
    Draw_String_BG                           0x08000a85   Thumb Code   284  ili9341.o(.text.Draw_String_BG)
    EXTI15_10_IRQHandler                     0x08000ba1   Thumb Code   134  testmain.o(.text.EXTI15_10_IRQHandler)
    Fill_Color                               0x08000c29   Thumb Code   170  ili9341.o(.text.Fill_Color)
    Fill_Rect                                0x08000cd5   Thumb Code   270  ili9341.o(.text.Fill_Rect)
    Fill_Screen                              0x08000de5   Thumb Code    90  ili9341.o(.text.Fill_Screen)
    GPIO_PinMode_Setup                       0x08000e41   Thumb Code    90  ili9341.o(.text.GPIO_PinMode_Setup)
    ILI_8Bit_Command                         0x08000e9d   Thumb Code    58  ili9341.o(.text.ILI_8Bit_Command)
    ILI_8Bit_Data                            0x08000ed9   Thumb Code    58  ili9341.o(.text.ILI_8Bit_Data)
    ILI_Push_16Bit                           0x08000f15   Thumb Code    28  ili9341.o(.text.ILI_Push_16Bit)
    Rotate_Display                           0x08000f31   Thumb Code   350  ili9341.o(.text.Rotate_Display)
    SPI_Enable                               0x08001091   Thumb Code    18  spi.o(.text.SPI_Enable)
    SPI_GPIO                                 0x080010a5   Thumb Code   180  spi.o(.text.SPI_GPIO)
    SPI_Init                                 0x08001159   Thumb Code    88  spi.o(.text.SPI_Init)
    SPI_Transmit                             0x080011b1   Thumb Code   158  spi.o(.text.SPI_Transmit)
    Set_Address_Window                       0x08001251   Thumb Code    74  ili9341.o(.text.Set_Address_Window)
    SysTick_Init                             0x0800129d   Thumb Code    46  ili9341.o(.text.SysTick_Init)
    SystemInit                               0x080012cd   Thumb Code    18  system_stm32f4xx.o(.text.SystemInit)
    TIM3_IRQHandler                          0x080012e1   Thumb Code    20  testmain.o(.text.TIM3_IRQHandler)
    delayMS                                  0x08001325   Thumb Code    66  ili9341.o(.text.delayMS)
    delayMicroS                              0x08001369   Thumb Code    66  ili9341.o(.text.delayMicroS)
    hallEffect_pinInit                       0x080013ad   Thumb Code   118  hall.o(.text.hallEffect_pinInit)
    main                                     0x08001425   Thumb Code   674  testmain.o(.text.main)
    stepper_init                             0x080016c9   Thumb Code   130  stepper.o(.text.stepper_init)
    timer_init                               0x0800174d   Thumb Code   364  timers.o(.text.timer_init)
    _fp_init                                 0x080018c1   Thumb Code    26  fpinit.o(x$fpl$fpinit)
    __fplib_config_fpu_vfp                   0x080018d9   Thumb Code     0  fpinit.o(x$fpl$fpinit)
    __fplib_config_pureend_doubles           0x080018d9   Thumb Code     0  fpinit.o(x$fpl$fpinit)
    testImage                                0x08003290   Data          12  testmain.o(.rodata.testImage)
    testImageData                            0x0800329c   Data       60000  testmain.o(.rodata.testImageData)
    Region$$Table$$Base                      0x08011cfc   Number         0  anon$$obj.o(Region$$Table)
    Region$$Table$$Limit                     0x08011d1c   Number         0  anon$$obj.o(Region$$Table)
    flag_closed                              0x20000004   Data           4  testmain.o(.data.flag_closed)
    __libspace_start                         0x20000008   Data          96  libspace.o(.bss)
    __temporary_stack_top$libspace           0x20000068   Data           0  libspace.o(.bss)



==============================================================================

Memory Map of the image

  Image Entry point : 0x08000291

  Load Region LR_1 (Base: 0x08000000, Size: 0x00011d24, Max: 0xffffffff, ABSOLUTE)

    Execution Region ER_RO (Exec base: 0x08000000, Load base: 0x08000000, Size: 0x00011d1c, Max: 0xffffffff, ABSOLUTE)

    Exec Addr    Load Addr    Size         Type   Attr      Idx    E Section Name        Object

    0x08000000   0x08000000   0x000001c4   Data   RO          378    RESET               startup_stm32f446xx.o
    0x080001c4   0x080001c4   0x00000008   Code   RO          407  * !!!main             c_w.l(__main.o)
    0x080001cc   0x080001cc   0x0000005c   Code   RO          572    !!!scatter          c_w.l(__scatter.o)
    0x08000228   0x08000228   0x0000001a   Code   RO          576    !!handler_copy      c_w.l(__scatter_copy.o)
    0x08000242   0x08000242   0x00000002   PAD
    0x08000244   0x08000244   0x00000002   Code   RO          573    !!handler_null      c_w.l(__scatter.o)
    0x08000246   0x08000246   0x00000002   PAD
    0x08000248   0x08000248   0x0000001c   Code   RO          578    !!handler_zi        c_w.l(__scatter_zi.o)
    0x08000264   0x08000264   0x00000002   Code   RO          434    .ARM.Collect$$libinit$$00000000  c_w.l(libinit.o)
    0x08000266   0x08000266   0x00000004   Code   RO          440    .ARM.Collect$$libinit$$00000001  c_w.l(libinit2.o)
    0x0800026a   0x0800026a   0x00000000   Code   RO          443    .ARM.Collect$$libinit$$00000004  c_w.l(libinit2.o)
    0x0800026a   0x0800026a   0x00000000   Code   RO          445    .ARM.Collect$$libinit$$00000006  c_w.l(libinit2.o)
    0x0800026a   0x0800026a   0x00000000   Code   RO          448    .ARM.Collect$$libinit$$0000000C  c_w.l(libinit2.o)
    0x0800026a   0x0800026a   0x00000000   Code   RO          450    .ARM.Collect$$libinit$$0000000E  c_w.l(libinit2.o)
    0x0800026a   0x0800026a   0x00000000   Code   RO          452    .ARM.Collect$$libinit$$00000010  c_w.l(libinit2.o)
    0x0800026a   0x0800026a   0x00000000   Code   RO          455    .ARM.Collect$$libinit$$00000013  c_w.l(libinit2.o)
    0x0800026a   0x0800026a   0x00000000   Code   RO          457    .ARM.Collect$$libinit$$00000015  c_w.l(libinit2.o)
    0x0800026a   0x0800026a   0x00000000   Code   RO          459    .ARM.Collect$$libinit$$00000017  c_w.l(libinit2.o)
    0x0800026a   0x0800026a   0x00000000   Code   RO          461    .ARM.Collect$$libinit$$00000019  c_w.l(libinit2.o)
    0x0800026a   0x0800026a   0x00000000   Code   RO          463    .ARM.Collect$$libinit$$0000001B  c_w.l(libinit2.o)
    0x0800026a   0x0800026a   0x00000000   Code   RO          465    .ARM.Collect$$libinit$$0000001D  c_w.l(libinit2.o)
    0x0800026a   0x0800026a   0x00000000   Code   RO          467    .ARM.Collect$$libinit$$0000001F  c_w.l(libinit2.o)
    0x0800026a   0x0800026a   0x00000000   Code   RO          469    .ARM.Collect$$libinit$$00000021  c_w.l(libinit2.o)
    0x0800026a   0x0800026a   0x00000000   Code   RO          471    .ARM.Collect$$libinit$$00000023  c_w.l(libinit2.o)
    0x0800026a   0x0800026a   0x00000000   Code   RO          473    .ARM.Collect$$libinit$$00000025  c_w.l(libinit2.o)
    0x0800026a   0x0800026a   0x00000000   Code   RO          475    .ARM.Collect$$libinit$$00000027  c_w.l(libinit2.o)
    0x0800026a   0x0800026a   0x00000000   Code   RO          479    .ARM.Collect$$libinit$$0000002E  c_w.l(libinit2.o)
    0x0800026a   0x0800026a   0x00000000   Code   RO          481    .ARM.Collect$$libinit$$00000030  c_w.l(libinit2.o)
    0x0800026a   0x0800026a   0x00000000   Code   RO          483    .ARM.Collect$$libinit$$00000032  c_w.l(libinit2.o)
    0x0800026a   0x0800026a   0x00000000   Code   RO          485    .ARM.Collect$$libinit$$00000034  c_w.l(libinit2.o)
    0x0800026a   0x0800026a   0x00000002   Code   RO          486    .ARM.Collect$$libinit$$00000035  c_w.l(libinit2.o)
    0x0800026c   0x0800026c   0x00000002   Code   RO          508    .ARM.Collect$$libshutdown$$00000000  c_w.l(libshutdown.o)
    0x0800026e   0x0800026e   0x00000000   Code   RO          523    .ARM.Collect$$libshutdown$$00000002  c_w.l(libshutdown2.o)
    0x0800026e   0x0800026e   0x00000000   Code   RO          525    .ARM.Collect$$libshutdown$$00000004  c_w.l(libshutdown2.o)
    0x0800026e   0x0800026e   0x00000000   Code   RO          528    .ARM.Collect$$libshutdown$$00000007  c_w.l(libshutdown2.o)
    0x0800026e   0x0800026e   0x00000000   Code   RO          531    .ARM.Collect$$libshutdown$$0000000A  c_w.l(libshutdown2.o)
    0x0800026e   0x0800026e   0x00000000   Code   RO          533    .ARM.Collect$$libshutdown$$0000000C  c_w.l(libshutdown2.o)
    0x0800026e   0x0800026e   0x00000000   Code   RO          536    .ARM.Collect$$libshutdown$$0000000F  c_w.l(libshutdown2.o)
    0x0800026e   0x0800026e   0x00000002   Code   RO          537    .ARM.Collect$$libshutdown$$00000010  c_w.l(libshutdown2.o)
    0x08000270   0x08000270   0x00000000   Code   RO          409    .ARM.Collect$$rtentry$$00000000  c_w.l(__rtentry.o)
    0x08000270   0x08000270   0x00000000   Code   RO          411    .ARM.Collect$$rtentry$$00000002  c_w.l(__rtentry2.o)
    0x08000270   0x08000270   0x00000006   Code   RO          423    .ARM.Collect$$rtentry$$00000004  c_w.l(__rtentry4.o)
    0x08000276   0x08000276   0x00000000   Code   RO          413    .ARM.Collect$$rtentry$$00000009  c_w.l(__rtentry2.o)
    0x08000276   0x08000276   0x00000004   Code   RO          414    .ARM.Collect$$rtentry$$0000000A  c_w.l(__rtentry2.o)
    0x0800027a   0x0800027a   0x00000000   Code   RO          416    .ARM.Collect$$rtentry$$0000000C  c_w.l(__rtentry2.o)
    0x0800027a   0x0800027a   0x00000008   Code   RO          417    .ARM.Collect$$rtentry$$0000000D  c_w.l(__rtentry2.o)
    0x08000282   0x08000282   0x00000002   Code   RO          438    .ARM.Collect$$rtexit$$00000000  c_w.l(rtexit.o)
    0x08000284   0x08000284   0x00000000   Code   RO          488    .ARM.Collect$$rtexit$$00000002  c_w.l(rtexit2.o)
    0x08000284   0x08000284   0x00000004   Code   RO          489    .ARM.Collect$$rtexit$$00000003  c_w.l(rtexit2.o)
    0x08000288   0x08000288   0x00000006   Code   RO          490    .ARM.Collect$$rtexit$$00000004  c_w.l(rtexit2.o)
    0x0800028e   0x0800028e   0x00000002   PAD
    0x08000290   0x08000290   0x00000040   Code   RO          379  * .text               startup_stm32f446xx.o
    0x080002d0   0x080002d0   0x0000003e   Code   RO          401    .text               c_w.l(strlen.o)
    0x0800030e   0x0800030e   0x00000006   Code   RO          405    .text               c_w.l(heapauxi.o)
    0x08000314   0x08000314   0x0000004a   Code   RO          425    .text               c_w.l(sys_stackheap_outer.o)
    0x0800035e   0x0800035e   0x00000012   Code   RO          427    .text               c_w.l(exit.o)
    0x08000370   0x08000370   0x00000008   Code   RO          435    .text               c_w.l(libspace.o)
    0x08000378   0x08000378   0x0000000c   Code   RO          498    .text               c_w.l(sys_exit.o)
    0x08000384   0x08000384   0x00000002   Code   RO          513    .text               c_w.l(use_no_semi.o)
    0x08000386   0x08000386   0x00000000   Code   RO          515    .text               c_w.l(indicate_semi.o)
    0x08000386   0x08000386   0x00000002   PAD
    0x08000388   0x08000388   0x00000010   Code   RO           77    .text.CS_Low        spi.o
    0x08000398   0x08000398   0x00000484   Code   RO           43    .text.Display_Init  ili9341.o
    0x0800081c   0x0800081c   0x000000ac   Code   RO           19    .text.Draw_Bitmap   ili9341.o
    0x080008c8   0x080008c8   0x00000172   Code   RO           11    .text.Draw_Char_BG  ili9341.o
    0x08000a3a   0x08000a3a   0x00000002   PAD
    0x08000a3c   0x08000a3c   0x00000048   Code   RO           17    .text.Draw_Pixel    ili9341.o
    0x08000a84   0x08000a84   0x0000011c   Code   RO            9    .text.Draw_String_BG  ili9341.o
    0x08000ba0   0x08000ba0   0x00000086   Code   RO           94    .text.EXTI15_10_IRQHandler  testmain.o
    0x08000c26   0x08000c26   0x00000002   PAD
    0x08000c28   0x08000c28   0x000000aa   Code   RO           27    .text.Fill_Color    ili9341.o
    0x08000cd2   0x08000cd2   0x00000002   PAD
    0x08000cd4   0x08000cd4   0x0000010e   Code   RO           47    .text.Fill_Rect     ili9341.o
    0x08000de2   0x08000de2   0x00000002   PAD
    0x08000de4   0x08000de4   0x0000005a   Code   RO           25    .text.Fill_Screen   ili9341.o
    0x08000e3e   0x08000e3e   0x00000002   PAD
    0x08000e40   0x08000e40   0x0000005a   Code   RO           45    .text.GPIO_PinMode_Setup  ili9341.o
    0x08000e9a   0x08000e9a   0x00000002   PAD
    0x08000e9c   0x08000e9c   0x0000003a   Code   RO           39    .text.ILI_8Bit_Command  ili9341.o
    0x08000ed6   0x08000ed6   0x00000002   PAD
    0x08000ed8   0x08000ed8   0x0000003a   Code   RO           23    .text.ILI_8Bit_Data  ili9341.o
    0x08000f12   0x08000f12   0x00000002   PAD
    0x08000f14   0x08000f14   0x0000001c   Code   RO           31    .text.ILI_Push_16Bit  ili9341.o
    0x08000f30   0x08000f30   0x0000015e   Code   RO           41    .text.Rotate_Display  ili9341.o
    0x0800108e   0x0800108e   0x00000002   PAD
    0x08001090   0x08001090   0x00000012   Code   RO           75    .text.SPI_Enable    spi.o
    0x080010a2   0x080010a2   0x00000002   PAD
    0x080010a4   0x080010a4   0x000000b4   Code   RO           73    .text.SPI_GPIO      spi.o
    0x08001158   0x08001158   0x00000058   Code   RO           71    .text.SPI_Init      spi.o
    0x080011b0   0x080011b0   0x0000009e   Code   RO           81    .text.SPI_Transmit  spi.o
    0x0800124e   0x0800124e   0x00000002   PAD
    0x08001250   0x08001250   0x0000004a   Code   RO           21    .text.Set_Address_Window  ili9341.o
    0x0800129a   0x0800129a   0x00000002   PAD
    0x0800129c   0x0800129c   0x0000002e   Code   RO            3    .text.SysTick_Init  ili9341.o
    0x080012ca   0x080012ca   0x00000002   PAD
    0x080012cc   0x080012cc   0x00000012   Code   RO          386    .text.SystemInit    system_stm32f4xx.o
    0x080012de   0x080012de   0x00000002   PAD
    0x080012e0   0x080012e0   0x00000014   Code   RO           96    .text.TIM3_IRQHandler  testmain.o
    0x080012f4   0x080012f4   0x00000030   Code   RO          307    .text.__NVIC_EnableIRQ  hall.o
    0x08001324   0x08001324   0x00000042   Code   RO            5    .text.delayMS       ili9341.o
    0x08001366   0x08001366   0x00000002   PAD
    0x08001368   0x08001368   0x00000042   Code   RO            7    .text.delayMicroS   ili9341.o
    0x080013aa   0x080013aa   0x00000002   PAD
    0x080013ac   0x080013ac   0x00000076   Code   RO          305    .text.hallEffect_pinInit  hall.o
    0x08001422   0x08001422   0x00000002   PAD
    0x08001424   0x08001424   0x000002a2   Code   RO           92    .text.main          testmain.o
    0x080016c6   0x080016c6   0x00000002   PAD
    0x080016c8   0x080016c8   0x00000082   Code   RO          324    .text.stepper_init  stepper.o
    0x0800174a   0x0800174a   0x00000002   PAD
    0x0800174c   0x0800174c   0x00000174   Code   RO          316    .text.timer_init    timers.o
    0x080018c0   0x080018c0   0x0000001a   Code   RO          496    x$fpl$fpinit        fz_wm.l(fpinit.o)
    0x080018da   0x080018da   0x00000002   PAD
    0x080018dc   0x080018dc   0x00000008   Data   RO          103    .rodata.font_ubuntu_mono_24  testmain.o
    0x080018e4   0x080018e4   0x0000000c   Data   RO          107    .rodata.font_ubuntu_mono_24_0x20  testmain.o
    0x080018f0   0x080018f0   0x0000000c   Data   RO          108    .rodata.font_ubuntu_mono_24_0x21  testmain.o
    0x080018fc   0x080018fc   0x0000000c   Data   RO          109    .rodata.font_ubuntu_mono_24_0x22  testmain.o
    0x08001908   0x08001908   0x0000000c   Data   RO          110    .rodata.font_ubuntu_mono_24_0x23  testmain.o
    0x08001914   0x08001914   0x0000000c   Data   RO          111    .rodata.font_ubuntu_mono_24_0x24  testmain.o
    0x08001920   0x08001920   0x0000000c   Data   RO          112    .rodata.font_ubuntu_mono_24_0x25  testmain.o
    0x0800192c   0x0800192c   0x0000000c   Data   RO          113    .rodata.font_ubuntu_mono_24_0x26  testmain.o
    0x08001938   0x08001938   0x0000000c   Data   RO          114    .rodata.font_ubuntu_mono_24_0x27  testmain.o
    0x08001944   0x08001944   0x0000000c   Data   RO          115    .rodata.font_ubuntu_mono_24_0x28  testmain.o
    0x08001950   0x08001950   0x0000000c   Data   RO          116    .rodata.font_ubuntu_mono_24_0x29  testmain.o
    0x0800195c   0x0800195c   0x0000000c   Data   RO          117    .rodata.font_ubuntu_mono_24_0x2a  testmain.o
    0x08001968   0x08001968   0x0000000c   Data   RO          118    .rodata.font_ubuntu_mono_24_0x2b  testmain.o
    0x08001974   0x08001974   0x0000000c   Data   RO          119    .rodata.font_ubuntu_mono_24_0x2c  testmain.o
    0x08001980   0x08001980   0x0000000c   Data   RO          120    .rodata.font_ubuntu_mono_24_0x2d  testmain.o
    0x0800198c   0x0800198c   0x0000000c   Data   RO          121    .rodata.font_ubuntu_mono_24_0x2e  testmain.o
    0x08001998   0x08001998   0x0000000c   Data   RO          122    .rodata.font_ubuntu_mono_24_0x2f  testmain.o
    0x080019a4   0x080019a4   0x0000000c   Data   RO          123    .rodata.font_ubuntu_mono_24_0x30  testmain.o
    0x080019b0   0x080019b0   0x0000000c   Data   RO          124    .rodata.font_ubuntu_mono_24_0x31  testmain.o
    0x080019bc   0x080019bc   0x0000000c   Data   RO          125    .rodata.font_ubuntu_mono_24_0x32  testmain.o
    0x080019c8   0x080019c8   0x0000000c   Data   RO          126    .rodata.font_ubuntu_mono_24_0x33  testmain.o
    0x080019d4   0x080019d4   0x0000000c   Data   RO          127    .rodata.font_ubuntu_mono_24_0x34  testmain.o
    0x080019e0   0x080019e0   0x0000000c   Data   RO          128    .rodata.font_ubuntu_mono_24_0x35  testmain.o
    0x080019ec   0x080019ec   0x0000000c   Data   RO          129    .rodata.font_ubuntu_mono_24_0x36  testmain.o
    0x080019f8   0x080019f8   0x0000000c   Data   RO          130    .rodata.font_ubuntu_mono_24_0x37  testmain.o
    0x08001a04   0x08001a04   0x0000000c   Data   RO          131    .rodata.font_ubuntu_mono_24_0x38  testmain.o
    0x08001a10   0x08001a10   0x0000000c   Data   RO          132    .rodata.font_ubuntu_mono_24_0x39  testmain.o
    0x08001a1c   0x08001a1c   0x0000000c   Data   RO          133    .rodata.font_ubuntu_mono_24_0x3a  testmain.o
    0x08001a28   0x08001a28   0x0000000c   Data   RO          134    .rodata.font_ubuntu_mono_24_0x3b  testmain.o
    0x08001a34   0x08001a34   0x0000000c   Data   RO          135    .rodata.font_ubuntu_mono_24_0x3c  testmain.o
    0x08001a40   0x08001a40   0x0000000c   Data   RO          136    .rodata.font_ubuntu_mono_24_0x3d  testmain.o
    0x08001a4c   0x08001a4c   0x0000000c   Data   RO          137    .rodata.font_ubuntu_mono_24_0x3e  testmain.o
    0x08001a58   0x08001a58   0x0000000c   Data   RO          138    .rodata.font_ubuntu_mono_24_0x3f  testmain.o
    0x08001a64   0x08001a64   0x0000000c   Data   RO          139    .rodata.font_ubuntu_mono_24_0x40  testmain.o
    0x08001a70   0x08001a70   0x0000000c   Data   RO          140    .rodata.font_ubuntu_mono_24_0x41  testmain.o
    0x08001a7c   0x08001a7c   0x0000000c   Data   RO          141    .rodata.font_ubuntu_mono_24_0x42  testmain.o
    0x08001a88   0x08001a88   0x0000000c   Data   RO          142    .rodata.font_ubuntu_mono_24_0x43  testmain.o
    0x08001a94   0x08001a94   0x0000000c   Data   RO          143    .rodata.font_ubuntu_mono_24_0x44  testmain.o
    0x08001aa0   0x08001aa0   0x0000000c   Data   RO          144    .rodata.font_ubuntu_mono_24_0x45  testmain.o
    0x08001aac   0x08001aac   0x0000000c   Data   RO          145    .rodata.font_ubuntu_mono_24_0x46  testmain.o
    0x08001ab8   0x08001ab8   0x0000000c   Data   RO          146    .rodata.font_ubuntu_mono_24_0x47  testmain.o
    0x08001ac4   0x08001ac4   0x0000000c   Data   RO          147    .rodata.font_ubuntu_mono_24_0x48  testmain.o
    0x08001ad0   0x08001ad0   0x0000000c   Data   RO          148    .rodata.font_ubuntu_mono_24_0x49  testmain.o
    0x08001adc   0x08001adc   0x0000000c   Data   RO          149    .rodata.font_ubuntu_mono_24_0x4a  testmain.o
    0x08001ae8   0x08001ae8   0x0000000c   Data   RO          150    .rodata.font_ubuntu_mono_24_0x4b  testmain.o
    0x08001af4   0x08001af4   0x0000000c   Data   RO          151    .rodata.font_ubuntu_mono_24_0x4c  testmain.o
    0x08001b00   0x08001b00   0x0000000c   Data   RO          152    .rodata.font_ubuntu_mono_24_0x4d  testmain.o
    0x08001b0c   0x08001b0c   0x0000000c   Data   RO          153    .rodata.font_ubuntu_mono_24_0x4e  testmain.o
    0x08001b18   0x08001b18   0x0000000c   Data   RO          154    .rodata.font_ubuntu_mono_24_0x4f  testmain.o
    0x08001b24   0x08001b24   0x0000000c   Data   RO          155    .rodata.font_ubuntu_mono_24_0x50  testmain.o
    0x08001b30   0x08001b30   0x0000000c   Data   RO          156    .rodata.font_ubuntu_mono_24_0x51  testmain.o
    0x08001b3c   0x08001b3c   0x0000000c   Data   RO          157    .rodata.font_ubuntu_mono_24_0x52  testmain.o
    0x08001b48   0x08001b48   0x0000000c   Data   RO          158    .rodata.font_ubuntu_mono_24_0x53  testmain.o
    0x08001b54   0x08001b54   0x0000000c   Data   RO          159    .rodata.font_ubuntu_mono_24_0x54  testmain.o
    0x08001b60   0x08001b60   0x0000000c   Data   RO          160    .rodata.font_ubuntu_mono_24_0x55  testmain.o
    0x08001b6c   0x08001b6c   0x0000000c   Data   RO          161    .rodata.font_ubuntu_mono_24_0x56  testmain.o
    0x08001b78   0x08001b78   0x0000000c   Data   RO          162    .rodata.font_ubuntu_mono_24_0x57  testmain.o
    0x08001b84   0x08001b84   0x0000000c   Data   RO          163    .rodata.font_ubuntu_mono_24_0x58  testmain.o
    0x08001b90   0x08001b90   0x0000000c   Data   RO          164    .rodata.font_ubuntu_mono_24_0x59  testmain.o
    0x08001b9c   0x08001b9c   0x0000000c   Data   RO          165    .rodata.font_ubuntu_mono_24_0x5a  testmain.o
    0x08001ba8   0x08001ba8   0x0000000c   Data   RO          166    .rodata.font_ubuntu_mono_24_0x5b  testmain.o
    0x08001bb4   0x08001bb4   0x0000000c   Data   RO          167    .rodata.font_ubuntu_mono_24_0x5c  testmain.o
    0x08001bc0   0x08001bc0   0x0000000c   Data   RO          168    .rodata.font_ubuntu_mono_24_0x5d  testmain.o
    0x08001bcc   0x08001bcc   0x0000000c   Data   RO          169    .rodata.font_ubuntu_mono_24_0x5e  testmain.o
    0x08001bd8   0x08001bd8   0x0000000c   Data   RO          170    .rodata.font_ubuntu_mono_24_0x5f  testmain.o
    0x08001be4   0x08001be4   0x0000000c   Data   RO          171    .rodata.font_ubuntu_mono_24_0x60  testmain.o
    0x08001bf0   0x08001bf0   0x0000000c   Data   RO          172    .rodata.font_ubuntu_mono_24_0x61  testmain.o
    0x08001bfc   0x08001bfc   0x0000000c   Data   RO          173    .rodata.font_ubuntu_mono_24_0x62  testmain.o
    0x08001c08   0x08001c08   0x0000000c   Data   RO          174    .rodata.font_ubuntu_mono_24_0x63  testmain.o
    0x08001c14   0x08001c14   0x0000000c   Data   RO          175    .rodata.font_ubuntu_mono_24_0x64  testmain.o
    0x08001c20   0x08001c20   0x0000000c   Data   RO          176    .rodata.font_ubuntu_mono_24_0x65  testmain.o
    0x08001c2c   0x08001c2c   0x0000000c   Data   RO          177    .rodata.font_ubuntu_mono_24_0x66  testmain.o
    0x08001c38   0x08001c38   0x0000000c   Data   RO          178    .rodata.font_ubuntu_mono_24_0x67  testmain.o
    0x08001c44   0x08001c44   0x0000000c   Data   RO          179    .rodata.font_ubuntu_mono_24_0x68  testmain.o
    0x08001c50   0x08001c50   0x0000000c   Data   RO          180    .rodata.font_ubuntu_mono_24_0x69  testmain.o
    0x08001c5c   0x08001c5c   0x0000000c   Data   RO          181    .rodata.font_ubuntu_mono_24_0x6a  testmain.o
    0x08001c68   0x08001c68   0x0000000c   Data   RO          182    .rodata.font_ubuntu_mono_24_0x6b  testmain.o
    0x08001c74   0x08001c74   0x0000000c   Data   RO          183    .rodata.font_ubuntu_mono_24_0x6c  testmain.o
    0x08001c80   0x08001c80   0x0000000c   Data   RO          184    .rodata.font_ubuntu_mono_24_0x6d  testmain.o
    0x08001c8c   0x08001c8c   0x0000000c   Data   RO          185    .rodata.font_ubuntu_mono_24_0x6e  testmain.o
    0x08001c98   0x08001c98   0x0000000c   Data   RO          186    .rodata.font_ubuntu_mono_24_0x6f  testmain.o
    0x08001ca4   0x08001ca4   0x0000000c   Data   RO          187    .rodata.font_ubuntu_mono_24_0x70  testmain.o
    0x08001cb0   0x08001cb0   0x0000000c   Data   RO          188    .rodata.font_ubuntu_mono_24_0x71  testmain.o
    0x08001cbc   0x08001cbc   0x0000000c   Data   RO          189    .rodata.font_ubuntu_mono_24_0x72  testmain.o
    0x08001cc8   0x08001cc8   0x0000000c   Data   RO          190    .rodata.font_ubuntu_mono_24_0x73  testmain.o
    0x08001cd4   0x08001cd4   0x0000000c   Data   RO          191    .rodata.font_ubuntu_mono_24_0x74  testmain.o
    0x08001ce0   0x08001ce0   0x0000000c   Data   RO          192    .rodata.font_ubuntu_mono_24_0x75  testmain.o
    0x08001cec   0x08001cec   0x0000000c   Data   RO          193    .rodata.font_ubuntu_mono_24_0x76  testmain.o
    0x08001cf8   0x08001cf8   0x0000000c   Data   RO          194    .rodata.font_ubuntu_mono_24_0x77  testmain.o
    0x08001d04   0x08001d04   0x0000000c   Data   RO          195    .rodata.font_ubuntu_mono_24_0x78  testmain.o
    0x08001d10   0x08001d10   0x0000000c   Data   RO          196    .rodata.font_ubuntu_mono_24_0x79  testmain.o
    0x08001d1c   0x08001d1c   0x0000000c   Data   RO          197    .rodata.font_ubuntu_mono_24_0x7a  testmain.o
    0x08001d28   0x08001d28   0x0000000c   Data   RO          198    .rodata.font_ubuntu_mono_24_0x7b  testmain.o
    0x08001d34   0x08001d34   0x0000000c   Data   RO          199    .rodata.font_ubuntu_mono_24_0x7c  testmain.o
    0x08001d40   0x08001d40   0x0000000c   Data   RO          200    .rodata.font_ubuntu_mono_24_0x7d  testmain.o
    0x08001d4c   0x08001d4c   0x0000000c   Data   RO          201    .rodata.font_ubuntu_mono_24_0x7e  testmain.o
    0x08001d58   0x08001d58   0x000002f8   Data   RO          106    .rodata.font_ubuntu_mono_24_array  testmain.o
    0x08002050   0x08002050   0x00000030   Data   RO          202    .rodata.image_data_font_ubuntu_mono_24_0x20  testmain.o
    0x08002080   0x08002080   0x00000030   Data   RO          203    .rodata.image_data_font_ubuntu_mono_24_0x21  testmain.o
    0x080020b0   0x080020b0   0x00000030   Data   RO          204    .rodata.image_data_font_ubuntu_mono_24_0x22  testmain.o
    0x080020e0   0x080020e0   0x00000030   Data   RO          205    .rodata.image_data_font_ubuntu_mono_24_0x23  testmain.o
    0x08002110   0x08002110   0x00000030   Data   RO          206    .rodata.image_data_font_ubuntu_mono_24_0x24  testmain.o
    0x08002140   0x08002140   0x00000030   Data   RO          207    .rodata.image_data_font_ubuntu_mono_24_0x25  testmain.o
    0x08002170   0x08002170   0x00000030   Data   RO          208    .rodata.image_data_font_ubuntu_mono_24_0x26  testmain.o
    0x080021a0   0x080021a0   0x00000030   Data   RO          209    .rodata.image_data_font_ubuntu_mono_24_0x27  testmain.o
    0x080021d0   0x080021d0   0x00000030   Data   RO          210    .rodata.image_data_font_ubuntu_mono_24_0x28  testmain.o
    0x08002200   0x08002200   0x00000030   Data   RO          211    .rodata.image_data_font_ubuntu_mono_24_0x29  testmain.o
    0x08002230   0x08002230   0x00000030   Data   RO          212    .rodata.image_data_font_ubuntu_mono_24_0x2a  testmain.o
    0x08002260   0x08002260   0x00000030   Data   RO          213    .rodata.image_data_font_ubuntu_mono_24_0x2b  testmain.o
    0x08002290   0x08002290   0x00000030   Data   RO          214    .rodata.image_data_font_ubuntu_mono_24_0x2c  testmain.o
    0x080022c0   0x080022c0   0x00000030   Data   RO          215    .rodata.image_data_font_ubuntu_mono_24_0x2d  testmain.o
    0x080022f0   0x080022f0   0x00000030   Data   RO          216    .rodata.image_data_font_ubuntu_mono_24_0x2e  testmain.o
    0x08002320   0x08002320   0x00000030   Data   RO          217    .rodata.image_data_font_ubuntu_mono_24_0x2f  testmain.o
    0x08002350   0x08002350   0x00000030   Data   RO          218    .rodata.image_data_font_ubuntu_mono_24_0x30  testmain.o
    0x08002380   0x08002380   0x00000030   Data   RO          219    .rodata.image_data_font_ubuntu_mono_24_0x31  testmain.o
    0x080023b0   0x080023b0   0x00000030   Data   RO          220    .rodata.image_data_font_ubuntu_mono_24_0x32  testmain.o
    0x080023e0   0x080023e0   0x00000030   Data   RO          221    .rodata.image_data_font_ubuntu_mono_24_0x33  testmain.o
    0x08002410   0x08002410   0x00000030   Data   RO          222    .rodata.image_data_font_ubuntu_mono_24_0x34  testmain.o
    0x08002440   0x08002440   0x00000030   Data   RO          223    .rodata.image_data_font_ubuntu_mono_24_0x35  testmain.o
    0x08002470   0x08002470   0x00000030   Data   RO          224    .rodata.image_data_font_ubuntu_mono_24_0x36  testmain.o
    0x080024a0   0x080024a0   0x00000030   Data   RO          225    .rodata.image_data_font_ubuntu_mono_24_0x37  testmain.o
    0x080024d0   0x080024d0   0x00000030   Data   RO          226    .rodata.image_data_font_ubuntu_mono_24_0x38  testmain.o
    0x08002500   0x08002500   0x00000030   Data   RO          227    .rodata.image_data_font_ubuntu_mono_24_0x39  testmain.o
    0x08002530   0x08002530   0x00000030   Data   RO          228    .rodata.image_data_font_ubuntu_mono_24_0x3a  testmain.o
    0x08002560   0x08002560   0x00000030   Data   RO          229    .rodata.image_data_font_ubuntu_mono_24_0x3b  testmain.o
    0x08002590   0x08002590   0x00000030   Data   RO          230    .rodata.image_data_font_ubuntu_mono_24_0x3c  testmain.o
    0x080025c0   0x080025c0   0x00000030   Data   RO          231    .rodata.image_data_font_ubuntu_mono_24_0x3d  testmain.o
    0x080025f0   0x080025f0   0x00000030   Data   RO          232    .rodata.image_data_font_ubuntu_mono_24_0x3e  testmain.o
    0x08002620   0x08002620   0x00000030   Data   RO          233    .rodata.image_data_font_ubuntu_mono_24_0x3f  testmain.o
    0x08002650   0x08002650   0x00000030   Data   RO          234    .rodata.image_data_font_ubuntu_mono_24_0x40  testmain.o
    0x08002680   0x08002680   0x00000030   Data   RO          235    .rodata.image_data_font_ubuntu_mono_24_0x41  testmain.o
    0x080026b0   0x080026b0   0x00000030   Data   RO          236    .rodata.image_data_font_ubuntu_mono_24_0x42  testmain.o
    0x080026e0   0x080026e0   0x00000030   Data   RO          237    .rodata.image_data_font_ubuntu_mono_24_0x43  testmain.o
    0x08002710   0x08002710   0x00000030   Data   RO          238    .rodata.image_data_font_ubuntu_mono_24_0x44  testmain.o
    0x08002740   0x08002740   0x00000030   Data   RO          239    .rodata.image_data_font_ubuntu_mono_24_0x45  testmain.o
    0x08002770   0x08002770   0x00000030   Data   RO          240    .rodata.image_data_font_ubuntu_mono_24_0x46  testmain.o
    0x080027a0   0x080027a0   0x00000030   Data   RO          241    .rodata.image_data_font_ubuntu_mono_24_0x47  testmain.o
    0x080027d0   0x080027d0   0x00000030   Data   RO          242    .rodata.image_data_font_ubuntu_mono_24_0x48  testmain.o
    0x08002800   0x08002800   0x00000030   Data   RO          243    .rodata.image_data_font_ubuntu_mono_24_0x49  testmain.o
    0x08002830   0x08002830   0x00000030   Data   RO          244    .rodata.image_data_font_ubuntu_mono_24_0x4a  testmain.o
    0x08002860   0x08002860   0x00000030   Data   RO          245    .rodata.image_data_font_ubuntu_mono_24_0x4b  testmain.o
    0x08002890   0x08002890   0x00000030   Data   RO          246    .rodata.image_data_font_ubuntu_mono_24_0x4c  testmain.o
    0x080028c0   0x080028c0   0x00000030   Data   RO          247    .rodata.image_data_font_ubuntu_mono_24_0x4d  testmain.o
    0x080028f0   0x080028f0   0x00000030   Data   RO          248    .rodata.image_data_font_ubuntu_mono_24_0x4e  testmain.o
    0x08002920   0x08002920   0x00000030   Data   RO          249    .rodata.image_data_font_ubuntu_mono_24_0x4f  testmain.o
    0x08002950   0x08002950   0x00000030   Data   RO          250    .rodata.image_data_font_ubuntu_mono_24_0x50  testmain.o
    0x08002980   0x08002980   0x00000030   Data   RO          251    .rodata.image_data_font_ubuntu_mono_24_0x51  testmain.o
    0x080029b0   0x080029b0   0x00000030   Data   RO          252    .rodata.image_data_font_ubuntu_mono_24_0x52  testmain.o
    0x080029e0   0x080029e0   0x00000030   Data   RO          253    .rodata.image_data_font_ubuntu_mono_24_0x53  testmain.o
    0x08002a10   0x08002a10   0x00000030   Data   RO          254    .rodata.image_data_font_ubuntu_mono_24_0x54  testmain.o
    0x08002a40   0x08002a40   0x00000030   Data   RO          255    .rodata.image_data_font_ubuntu_mono_24_0x55  testmain.o
    0x08002a70   0x08002a70   0x00000030   Data   RO          256    .rodata.image_data_font_ubuntu_mono_24_0x56  testmain.o
    0x08002aa0   0x08002aa0   0x00000030   Data   RO          257    .rodata.image_data_font_ubuntu_mono_24_0x57  testmain.o
    0x08002ad0   0x08002ad0   0x00000030   Data   RO          258    .rodata.image_data_font_ubuntu_mono_24_0x58  testmain.o
    0x08002b00   0x08002b00   0x00000030   Data   RO          259    .rodata.image_data_font_ubuntu_mono_24_0x59  testmain.o
    0x08002b30   0x08002b30   0x00000030   Data   RO          260    .rodata.image_data_font_ubuntu_mono_24_0x5a  testmain.o
    0x08002b60   0x08002b60   0x00000030   Data   RO          261    .rodata.image_data_font_ubuntu_mono_24_0x5b  testmain.o
    0x08002b90   0x08002b90   0x00000030   Data   RO          262    .rodata.image_data_font_ubuntu_mono_24_0x5c  testmain.o
    0x08002bc0   0x08002bc0   0x00000030   Data   RO          263    .rodata.image_data_font_ubuntu_mono_24_0x5d  testmain.o
    0x08002bf0   0x08002bf0   0x00000030   Data   RO          264    .rodata.image_data_font_ubuntu_mono_24_0x5e  testmain.o
    0x08002c20   0x08002c20   0x00000030   Data   RO          265    .rodata.image_data_font_ubuntu_mono_24_0x5f  testmain.o
    0x08002c50   0x08002c50   0x00000030   Data   RO          266    .rodata.image_data_font_ubuntu_mono_24_0x60  testmain.o
    0x08002c80   0x08002c80   0x00000030   Data   RO          267    .rodata.image_data_font_ubuntu_mono_24_0x61  testmain.o
    0x08002cb0   0x08002cb0   0x00000030   Data   RO          268    .rodata.image_data_font_ubuntu_mono_24_0x62  testmain.o
    0x08002ce0   0x08002ce0   0x00000030   Data   RO          269    .rodata.image_data_font_ubuntu_mono_24_0x63  testmain.o
    0x08002d10   0x08002d10   0x00000030   Data   RO          270    .rodata.image_data_font_ubuntu_mono_24_0x64  testmain.o
    0x08002d40   0x08002d40   0x00000030   Data   RO          271    .rodata.image_data_font_ubuntu_mono_24_0x65  testmain.o
    0x08002d70   0x08002d70   0x00000030   Data   RO          272    .rodata.image_data_font_ubuntu_mono_24_0x66  testmain.o
    0x08002da0   0x08002da0   0x00000030   Data   RO          273    .rodata.image_data_font_ubuntu_mono_24_0x67  testmain.o
    0x08002dd0   0x08002dd0   0x00000030   Data   RO          274    .rodata.image_data_font_ubuntu_mono_24_0x68  testmain.o
    0x08002e00   0x08002e00   0x00000030   Data   RO          275    .rodata.image_data_font_ubuntu_mono_24_0x69  testmain.o
    0x08002e30   0x08002e30   0x00000030   Data   RO          276    .rodata.image_data_font_ubuntu_mono_24_0x6a  testmain.o
    0x08002e60   0x08002e60   0x00000030   Data   RO          277    .rodata.image_data_font_ubuntu_mono_24_0x6b  testmain.o
    0x08002e90   0x08002e90   0x00000030   Data   RO          278    .rodata.image_data_font_ubuntu_mono_24_0x6c  testmain.o
    0x08002ec0   0x08002ec0   0x00000030   Data   RO          279    .rodata.image_data_font_ubuntu_mono_24_0x6d  testmain.o
    0x08002ef0   0x08002ef0   0x00000030   Data   RO          280    .rodata.image_data_font_ubuntu_mono_24_0x6e  testmain.o
    0x08002f20   0x08002f20   0x00000030   Data   RO          281    .rodata.image_data_font_ubuntu_mono_24_0x6f  testmain.o
    0x08002f50   0x08002f50   0x00000030   Data   RO          282    .rodata.image_data_font_ubuntu_mono_24_0x70  testmain.o
    0x08002f80   0x08002f80   0x00000030   Data   RO          283    .rodata.image_data_font_ubuntu_mono_24_0x71  testmain.o
    0x08002fb0   0x08002fb0   0x00000030   Data   RO          284    .rodata.image_data_font_ubuntu_mono_24_0x72  testmain.o
    0x08002fe0   0x08002fe0   0x00000030   Data   RO          285    .rodata.image_data_font_ubuntu_mono_24_0x73  testmain.o
    0x08003010   0x08003010   0x00000030   Data   RO          286    .rodata.image_data_font_ubuntu_mono_24_0x74  testmain.o
    0x08003040   0x08003040   0x00000030   Data   RO          287    .rodata.image_data_font_ubuntu_mono_24_0x75  testmain.o
    0x08003070   0x08003070   0x00000030   Data   RO          288    .rodata.image_data_font_ubuntu_mono_24_0x76  testmain.o
    0x080030a0   0x080030a0   0x00000030   Data   RO          289    .rodata.image_data_font_ubuntu_mono_24_0x77  testmain.o
    0x080030d0   0x080030d0   0x00000030   Data   RO          290    .rodata.image_data_font_ubuntu_mono_24_0x78  testmain.o
    0x08003100   0x08003100   0x00000030   Data   RO          291    .rodata.image_data_font_ubuntu_mono_24_0x79  testmain.o
    0x08003130   0x08003130   0x00000030   Data   RO          292    .rodata.image_data_font_ubuntu_mono_24_0x7a  testmain.o
    0x08003160   0x08003160   0x00000030   Data   RO          293    .rodata.image_data_font_ubuntu_mono_24_0x7b  testmain.o
    0x08003190   0x08003190   0x00000030   Data   RO          294    .rodata.image_data_font_ubuntu_mono_24_0x7c  testmain.o
    0x080031c0   0x080031c0   0x00000030   Data   RO          295    .rodata.image_data_font_ubuntu_mono_24_0x7d  testmain.o
    0x080031f0   0x080031f0   0x00000030   Data   RO          296    .rodata.image_data_font_ubuntu_mono_24_0x7e  testmain.o
    0x08003220   0x08003220   0x0000006f   Data   RO          102    .rodata.str1.1      testmain.o
    0x0800328f   0x0800328f   0x00000001   PAD
    0x08003290   0x08003290   0x0000000c   Data   RO           99    .rodata.testImage   testmain.o
    0x0800329c   0x0800329c   0x0000ea60   Data   RO           98    .rodata.testImageData  testmain.o
    0x08011cfc   0x08011cfc   0x00000020   Data   RO          571    Region$$Table       anon$$obj.o


    Execution Region ER_RW (Exec base: 0x20000000, Load base: 0x08011d1c, Size: 0x00000008, Max: 0xffffffff, ABSOLUTE)

    Exec Addr    Load Addr    Size         Type   Attr      Idx    E Section Name        Object

    0x20000000   0x08011d1c   0x00000002   Data   RW           52    .data.ILI_TFTheight  ili9341.o
    0x20000002   0x08011d1e   0x00000002   Data   RW           51    .data.ILI_TFTwidth  ili9341.o
    0x20000004   0x08011d20   0x00000004   Data   RW          100    .data.flag_closed   testmain.o


    Execution Region ER_ZI (Exec base: 0x20000008, Load base: 0x08011d24, Size: 0x00000668, Max: 0xffffffff, ABSOLUTE)

    Exec Addr    Load Addr    Size         Type   Attr      Idx    E Section Name        Object

    0x20000008        -       0x00000060   Zero   RW          436    .bss                c_w.l(libspace.o)
    0x20000068        -       0x00000001   Zero   RW           54    .bss.ILI_Orientation  ili9341.o
    0x20000069   0x08011d24   0x00000007   PAD
    0x20000070        -       0x00000200   Zero   RW          377    HEAP                startup_stm32f446xx.o
    0x20000270        -       0x00000400   Zero   RW          376    STACK               startup_stm32f446xx.o


==============================================================================

Image component sizes


      Code (inc. data)   RO Data    RW Data    ZI Data      Debug   Object Name

       166          0          0          0          0       4719   hall.o
      3420          4          0          4          1      10339   ili9341.o
       460          0          0          0          0       2711   spi.o
        64         26        452          0       1536        888   startup_stm32f446xx.o
       130          0          0          0          0       2572   stepper.o
        18          0          0          0          0       2843   system_stm32f4xx.o
       828          4      66591          4          0      12642   testmain.o
       372          8          0          0          0       2183   timers.o

    ----------------------------------------------------------------------
      5496         42      67076          8       1544      38897   Object Totals
         0          0         32          0          0          0   (incl. Generated)
        38          0          1          0          7          0   (incl. Padding)

    ----------------------------------------------------------------------

      Code (inc. data)   RO Data    RW Data    ZI Data      Debug   Library Member Name

         8          0          0          0          0         68   __main.o
         0          0          0          0          0          0   __rtentry.o
        12          0          0          0          0          0   __rtentry2.o
         6          0          0          0          0          0   __rtentry4.o
        94          8          0          0          0          0   __scatter.o
        26          0          0          0          0          0   __scatter_copy.o
        28          0          0          0          0          0   __scatter_zi.o
        18          0          0          0          0         80   exit.o
         6          0          0          0          0        152   heapauxi.o
         0          0          0          0          0          0   indicate_semi.o
         2          0          0          0          0          0   libinit.o
         6          0          0          0          0          0   libinit2.o
         2          0          0          0          0          0   libshutdown.o
         2          0          0          0          0          0   libshutdown2.o
         8          4          0          0         96         68   libspace.o
         2          0          0          0          0          0   rtexit.o
        10          0          0          0          0          0   rtexit2.o
        62          0          0          0          0         76   strlen.o
        12          4          0          0          0         68   sys_exit.o
        74          0          0          0          0         80   sys_stackheap_outer.o
         2          0          0          0          0         68   use_no_semi.o
        26          0          0          0          0        116   fpinit.o

    ----------------------------------------------------------------------
       416         16          0          0         96        776   Library Totals
        10          0          0          0          0          0   (incl. Padding)

    ----------------------------------------------------------------------

      Code (inc. data)   RO Data    RW Data    ZI Data      Debug   Library Name

       380         16          0          0         96        660   c_w.l
        26          0          0          0          0        116   fz_wm.l

    ----------------------------------------------------------------------
       416         16          0          0         96        776   Library Totals

    ----------------------------------------------------------------------

==============================================================================


      Code (inc. data)   RO Data    RW Data    ZI Data      Debug   

      5912         58      67076          8       1640      39413   Grand Totals
      5912         58      67076          8       1640      39413   ELF Image Totals
      5912         58      67076          8          0          0   ROM Totals

==============================================================================

    Total RO  Size (Code + RO Data)                72988 (  71.28kB)
    Total RW  Size (RW Data + ZI Data)              1648 (   1.61kB)
    Total ROM Size (Code + RO Data + RW Data)      72996 (  71.29kB)

==============================================================================

