Component: Arm Compiler for Embedded 6.22 Tool: armlink [5ee90200]

==============================================================================

Section Cross References

    ili9341.o(.ARM.exidx.text.SysTick_Init) refers to ili9341.o(.text.SysTick_Init) for [Anonymous Symbol]
    ili9341.o(.ARM.exidx.text.delayMS) refers to ili9341.o(.text.delayMS) for [Anonymous Symbol]
    ili9341.o(.ARM.exidx.text.delayMicroS) refers to ili9341.o(.text.delayMicroS) for [Anonymous Symbol]
    ili9341.o(.text.Draw_String_BG) refers to strlen.o(.text) for strlen
    ili9341.o(.text.Draw_String_BG) refers to ili9341.o(.text.Draw_Char_BG) for Draw_Char_BG
    ili9341.o(.text.Draw_String_BG) refers to ili9341.o(.data.ILI_TFTwidth) for ILI_TFTwidth
    ili9341.o(.ARM.exidx.text.Draw_String_BG) refers to ili9341.o(.text.Draw_String_BG) for [Anonymous Symbol]
    ili9341.o(.text.Draw_Char_BG) refers to ili9341.o(.text.Draw_Pixel) for Draw_Pixel
    ili9341.o(.ARM.exidx.text.Draw_Char_BG) refers to ili9341.o(.text.Draw_Char_BG) for [Anonymous Symbol]
    ili9341.o(.text.Draw_String_NoBG) refers to strlen.o(.text) for strlen
    ili9341.o(.text.Draw_String_NoBG) refers to ili9341.o(.text.Draw_Char_NoBG) for Draw_Char_NoBG
    ili9341.o(.text.Draw_String_NoBG) refers to ili9341.o(.data.ILI_TFTwidth) for ILI_TFTwidth
    ili9341.o(.ARM.exidx.text.Draw_String_NoBG) refers to ili9341.o(.text.Draw_String_NoBG) for [Anonymous Symbol]
    ili9341.o(.text.Draw_Char_NoBG) refers to ili9341.o(.text.Draw_Pixel) for Draw_Pixel
    ili9341.o(.ARM.exidx.text.Draw_Char_NoBG) refers to ili9341.o(.text.Draw_Char_NoBG) for [Anonymous Symbol]
    ili9341.o(.text.Draw_Pixel) refers to ili9341.o(.text.Set_Address_Window) for Set_Address_Window
    ili9341.o(.text.Draw_Pixel) refers to ili9341.o(.text.ILI_Push_16Bit) for ILI_Push_16Bit
    ili9341.o(.ARM.exidx.text.Draw_Pixel) refers to ili9341.o(.text.Draw_Pixel) for [Anonymous Symbol]
    ili9341.o(.text.Draw_Bitmap) refers to ili9341.o(.text.Set_Address_Window) for Set_Address_Window
    ili9341.o(.text.Draw_Bitmap) refers to ili9341.o(.text.ILI_8Bit_Data) for ILI_8Bit_Data
    ili9341.o(.ARM.exidx.text.Draw_Bitmap) refers to ili9341.o(.text.Draw_Bitmap) for [Anonymous Symbol]
    ili9341.o(.text.Set_Address_Window) refers to ili9341.o(.text.ILI_8Bit_Command) for ILI_8Bit_Command
    ili9341.o(.text.Set_Address_Window) refers to ili9341.o(.text.ILI_Push_16Bit) for ILI_Push_16Bit
    ili9341.o(.ARM.exidx.text.Set_Address_Window) refers to ili9341.o(.text.Set_Address_Window) for [Anonymous Symbol]
    ili9341.o(.text.ILI_8Bit_Data) refers to spi.o(.text.SPI_Transmit) for SPI_Transmit
    ili9341.o(.ARM.exidx.text.ILI_8Bit_Data) refers to ili9341.o(.text.ILI_8Bit_Data) for [Anonymous Symbol]
    ili9341.o(.text.Fill_Screen) refers to ili9341.o(.data.ILI_TFTwidth) for ILI_TFTwidth
    ili9341.o(.text.Fill_Screen) refers to ili9341.o(.data.ILI_TFTheight) for ILI_TFTheight
    ili9341.o(.text.Fill_Screen) refers to ili9341.o(.text.Set_Address_Window) for Set_Address_Window
    ili9341.o(.text.Fill_Screen) refers to ili9341.o(.text.Fill_Color) for Fill_Color
    ili9341.o(.ARM.exidx.text.Fill_Screen) refers to ili9341.o(.text.Fill_Screen) for [Anonymous Symbol]
    ili9341.o(.text.Fill_Color) refers to ili9341.o(.text.ILI_Push_16Bit) for ILI_Push_16Bit
    ili9341.o(.text.Fill_Color) refers to ili9341.o(.text.ILI_8Bit_Data) for ILI_8Bit_Data
    ili9341.o(.ARM.exidx.text.Fill_Color) refers to ili9341.o(.text.Fill_Color) for [Anonymous Symbol]
    ili9341.o(.text.Draw_Line) refers to ili9341.o(.text.Set_Address_Window) for Set_Address_Window
    ili9341.o(.text.Draw_Line) refers to ili9341.o(.text.ILI_Push_16Bit) for ILI_Push_16Bit
    ili9341.o(.ARM.exidx.text.Draw_Line) refers to ili9341.o(.text.Draw_Line) for [Anonymous Symbol]
    ili9341.o(.text.ILI_Push_16Bit) refers to ili9341.o(.text.ILI_8Bit_Data) for ILI_8Bit_Data
    ili9341.o(.ARM.exidx.text.ILI_Push_16Bit) refers to ili9341.o(.text.ILI_Push_16Bit) for [Anonymous Symbol]
    ili9341.o(.text.Draw_VLine) refers to ili9341.o(.text.Set_Address_Window) for Set_Address_Window
    ili9341.o(.text.Draw_VLine) refers to ili9341.o(.text.Fill_Color) for Fill_Color
    ili9341.o(.ARM.exidx.text.Draw_VLine) refers to ili9341.o(.text.Draw_VLine) for [Anonymous Symbol]
    ili9341.o(.text.Draw_HLine) refers to ili9341.o(.text.Set_Address_Window) for Set_Address_Window
    ili9341.o(.text.Draw_HLine) refers to ili9341.o(.text.Fill_Color) for Fill_Color
    ili9341.o(.ARM.exidx.text.Draw_HLine) refers to ili9341.o(.text.Draw_HLine) for [Anonymous Symbol]
    ili9341.o(.text.Invert_Display) refers to ili9341.o(.bss.Invert_Display.inv_flag) for Invert_Display.inv_flag
    ili9341.o(.text.Invert_Display) refers to ili9341.o(.text.ILI_8Bit_Command) for ILI_8Bit_Command
    ili9341.o(.ARM.exidx.text.Invert_Display) refers to ili9341.o(.text.Invert_Display) for [Anonymous Symbol]
[...]
    image_data_font_ubuntu_mono_24_0x30      0x08003580   Data          48  testmain.o(.rodata.image_data_font_ubuntu_mono_24_0x30)
    [Anonymous Symbol]                       0x08003580   Section        0  testmain.o(.rodata.image_data_font_ubuntu_mono_24_0x30)
    image_data_font_ubuntu_mono_24_0x31      0x080035b0   Data          48  testmain.o(.rodata.image_data_font_ubuntu_mono_24_0x31)
    [Anonymous Symbol]                       0x080035b0   Section        0  testmain.o(.rodata.image_data_font_ubuntu_mono_24_0x31)
    image_data_font_ubuntu_mono_24_0x32      0x080035e0   Data          48  testmain.o(.rodata.image_data_font_ubuntu_mono_24_0x32)
    [Anonymous Symbol]                       0x080035e0   Section        0  testmain.o(.rodata.image_data_font_ubuntu_mono_24_0x32)
    image_data_font_ubuntu_mono_24_0x33      0x08003610   Data          48  testmain.o(.rodata.image_data_font_ubuntu_mono_24_0x33)
    [Anonymous Symbol]                       0x08003610   Section        0  testmain.o(.rodata.image_data_font_ubuntu_mono_24_0x33)
    image_data_font_ubuntu_mono_24_0x34      0x08003640   Data          48  testmain.o(.rodata.image_data_font_ubuntu_mono_24_0x34)
    [Anonymous Symbol]                       0x08003640   Section        0  testmain.o(.rodata.image_data_font_ubuntu_mono_24_0x34)
    image_data_font_ubuntu_mono_24_0x35      0x08003670   Data          48  testmain.o(.rodata.image_data_font_ubuntu_mono_24_0x35)
    [Anonymous Symbol]                       0x08003670   Section        0  testmain.o(.rodata.image_data_font_ubuntu_mono_24_0x35)
    image_data_font_ubuntu_mono_24_0x36      0x080036a0   Data          48  testmain.o(.rodata.image_data_font_ubuntu_mono_24_0x36)
    [Anonymous Symbol]                       0x080036a0   Section        0  testmain.o(.rodata.image_data_font_ubuntu_mono_24_0x36)
    image_data_font_ubuntu_mono_24_0x37      0x080036d0   Data          48  testmain.o(.rodata.image_data_font_ubuntu_mono_24_0x37)
    [Anonymous Symbol]                       0x080036d0   Section        0  testmain.o(.rodata.image_data_font_ubuntu_mono_24_0x37)
    image_data_font_ubuntu_mono_24_0x38      0x08003700   Data          48  testmain.o(.rodata.image_data_font_ubuntu_mono_24_0x38)
    [Anonymous Symbol]                       0x08003700   Section        0  testmain.o(.rodata.image_data_font_ubuntu_mono_24_0x38)
    image_data_font_ubuntu_mono_24_0x39      0x08003730   Data          48  testmain.o(.rodata.image_data_font_ubuntu_mono_24_0x39)
    [Anonymous Symbol]                       0x08003730   Section        0  testmain.o(.rodata.image_data_font_ubuntu_mono_24_0x39)
    image_data_font_ubuntu_mono_24_0x3a      0x08003760   Data          48  testmain.o(.rodata.image_data_font_ubuntu_mono_24_0x3a)
    [Anonymous Symbol]                       0x08003760   Section        0  testmain.o(.rodata.image_data_font_ubuntu_mono_24_0x3a)
    image_data_font_ubuntu_mono_24_0x3b      0x08003790   Data          48  testmain.o(.rodata.image_data_font_ubuntu_mono_24_0x3b)
    [Anonymous Symbol]                       0x08003790   Section        0  testmain.o(.rodata.image_data_font_ubuntu_mono_24_0x3b)
    image_data_font_ubuntu_mono_24_0x3c      0x080037c0   Data          48  testmain.o(.rodata.image_data_font_ubuntu_mono_24_0x3c)
    [Anonymous Symbol]                       0x080037c0   Section        0  testmain.o(.rodata.image_data_font_ubuntu_mono_24_0x3c)
    image_data_font_ubuntu_mono_24_0x3d      0x080037f0   Data          48  testmain.o(.rodata.image_data_font_ubuntu_mono_24_0x3d)
    [Anonymous Symbol]                       0x080037f0   Section        0  testmain.o(.rodata.image_data_font_ubuntu_mono_24_0x3d)
    image_data_font_ubuntu_mono_24_0x3e      0x08003820   Data          48  testmain.o(.rodata.image_data_font_ubuntu_mono_24_0x3e)
    [Anonymous Symbol]                       0x08003820   Section        0  testmain.o(.rodata.image_data_font_ubuntu_mono_24_0x3e)
    image_data_font_ubuntu_mono_24_0x3f      0x08003850   Data          48  testmain.o(.rodata.image_data_font_ubuntu_mono_24_0x3f)
    [Anonymous Symbol]                       0x08003850   Section        0  testmain.o(.rodata.image_data_font_ubuntu_mono_24_0x3f)
    image_data_font_ubuntu_mono_24_0x40      0x08003880   Data          48  testmain.o(.rodata.image_data_font_ubuntu_mono_24_0x40)
    [Anonymous Symbol]                       0x08003880   Section        0  testmain.o(.rodata.image_data_font_ubuntu_mono_24_0x40)
    image_data_font_ubuntu_mono_24_0x41      0x080038b0   Data          48  testmain.o(.rodata.image_data_font_ubuntu_mono_24_0x41)
    [Anonymous Symbol]                       0x080038b0   Section        0  testmain.o(.rodata.image_data_font_ubuntu_mono_24_0x41)
    image_data_font_ubuntu_mono_24_0x42      0x080038e0   Data          48  testmain.o(.rodata.image_data_font_ubuntu_mono_24_0x42)
    [Anonymous Symbol]                       0x080038e0   Section        0  testmain.o(.rodata.image_data_font_ubuntu_mono_24_0x42)
    image_data_font_ubuntu_mono_24_0x43      0x08003910   Data          48  testmain.o(.rodata.image_data_font_ubuntu_mono_24_0x43)
    [Anonymous Symbol]                       0x08003910   Section        0  testmain.o(.rodata.image_data_font_ubuntu_mono_24_0x43)
    image_data_font_ubuntu_mono_24_0x44      0x08003940   Data          48  testmain.o(.rodata.image_data_font_ubuntu_mono_24_0x44)
    [Anonymous Symbol]                       0x08003940   Section        0  testmain.o(.rodata.image_data_font_ubuntu_mono_24_0x44)
    image_data_font_ubuntu_mono_24_0x45      0x08003970   Data          48  testmain.o(.rodata.image_data_font_ubuntu_mono_24_0x45)
    [Anonymous Symbol]                       0x08003970   Section        0  testmain.o(.rodata.image_data_font_ubuntu_mono_24_0x45)
    image_data_font_ubuntu_mono_24_0x46      0x080039a0   Data          48  testmain.o(.rodata.image_data_font_ubuntu_mono_24_0x46)
    [Anonymous Symbol]                       0x080039a0   Section        0  testmain.o(.rodata.image_data_font_ubuntu_mono_24_0x46)
    image_data_font_ubuntu_mono_24_0x47      0x080039d0   Data          48  testmain.o(.rodata.image_data_font_ubuntu_mono_24_0x47)
    [Anonymous Symbol]                       0x080039d0   Section        0  testmain.o(.rodata.image_data_font_ubuntu_mono_24_0x47)
    image_data_font_ubuntu_mono_24_0x48      0x08003a00   Data          48  testmain.o(.rodata.image_data_font_ubuntu_mono_24_0x48)
    [Anonymous Symbol]                       0x08003a00   Section        0  testmain.o(.rodata.image_data_font_ubuntu_mono_24_0x48)
    image_data_font_ubuntu_mono_24_0x49      0x08003a30   Data          48  testmain.o(.rodata.image_data_font_ubuntu_mono_24_0x49)
    [Anonymous Symbol]                       0x08003a30   Section        0  testmain.o(.rodata.image_data_font_ubuntu_mono_24_0x49)
    image_data_font_ubuntu_mono_24_0x4a      0x08003a60   Data          48  testmain.o(.rodata.image_data_font_ubuntu_mono_24_0x4a)
    [Anonymous Symbol]                       0x08003a60   Section        0  testmain.o(.rodata.image_data_font_ubuntu_mono_24_0x4a)
    image_data_font_ubuntu_mono_24_0x4b      0x08003a90   Data          48  testmain.o(.rodata.image_data_font_ubuntu_mono_24_0x4b)
    [Anonymous Symbol]                       0x08003a90   Section        0  testmain.o(.rodata.image_data_font_ubuntu_mono_24_0x4b)
    image_data_font_ubuntu_mono_24_0x4c      0x08003ac0   Data          48  testmain.o(.rodata.image_data_font_ubuntu_mono_24_0x4c)
    [Anonymous Symbol]                       0x08003ac0   Section        0  testmain.o(.rodata.image_data_font_ubuntu_mono_24_0x4c)
    image_data_font_ubuntu_mono_24_0x4d      0x08003af0   Data          48  testmain.o(.rodata.image_data_font_ubuntu_mono_24_0x4d)
    [Anonymous Symbol]                       0x08003af0   Section        0  testmain.o(.rodata.image_data_font_ubuntu_mono_24_0x4d)
    image_data_font_ubuntu_mono_24_0x4e      0x08003b20   Data          48  testmain.o(.rodata.image_data_font_ubuntu_mono_24_0x4e)
    [Anonymous Symbol]                       0x08003b20   Section        0  testmain.o(.rodata.image_data_font_ubuntu_mono_24_0x4e)
    image_data_font_ubuntu_mono_24_0x4f      0x08003b50   Data          48  testmain.o(.rodata.image_data_font_ubuntu_mono_24_0x4f)
    [Anonymous Symbol]                       0x08003b50   Section        0  testmain.o(.rodata.image_data_font_ubuntu_mono_24_0x4f)
    image_data_font_ubuntu_mono_24_0x50      0x08003b80   Data          48  testmain.o(.rodata.image_data_font_ubuntu_mono_24_0x50)
    [Anonymous Symbol]                       0x08003b80   Section        0  testmain.o(.rodata.image_data_font_ubuntu_mono_24_0x50)
    image_data_font_ubuntu_mono_24_0x51      0x08003bb0   Data          48  testmain.o(.rodata.image_data_font_ubuntu_mono_24_0x51)
    [Anonymous Symbol]                       0x08003bb0   Section        0  testmain.o(.rodata.image_data_font_ubuntu_mono_24_0x51)
    image_data_font_ubuntu_mono_24_0x52      0x08003be0   Data          48  testmain.o(.rodata.image_data_font_ubuntu_mono_24_0x52)
    [Anonymous Symbol]                       0x08003be0   Section        0  testmain.o(.rodata.image_data_font_ubuntu_mono_24_0x52)
    image_data_font_ubuntu_mono_24_0x53      0x08003c10   Data          48  testmain.o(.rodata.image_data_font_ubuntu_mono_24_0x53)
    [Anonymous Symbol]                       0x08003c10   Section        0  testmain.o(.rodata.image_data_font_ubuntu_mono_24_0x53)
    image_data_font_ubuntu_mono_24_0x54      0x08003c40   Data          48  testmain.o(.rodata.image_data_font_ubuntu_mono_24_0x54)
    [Anonymous Symbol]                       0x08003c40   Section        0  testmain.o(.rodata.image_data_font_ubuntu_mono_24_0x54)
    image_data_font_ubuntu_mono_24_0x55      0x08003c70   Data          48  testmain.o(.rodata.image_data_font_ubuntu_mono_24_0x55)
    [Anonymous Symbol]                       0x08003c70   Section        0  testmain.o(.rodata.image_data_font_ubuntu_mono_24_0x55)
    image_data_font_ubuntu_mono_24_0x56      0x08003ca0   Data          48  testmain.o(.rodata.image_data_font_ubuntu_mono_24_0x56)
    [Anonymous Symbol]                       0x08003ca0   Section        0  testmain.o(.rodata.image_data_font_ubuntu_mono_24_0x56)
    image_data_font_ubuntu_mono_24_0x57      0x08003cd0   Data          48  testmain.o(.rodata.image_data_font_ubuntu_mono_24_0x57)
    [Anonymous Symbol]                       0x08003cd0   Section        0  testmain.o(.rodata.image_data_font_ubuntu_mono_24_0x57)
    image_data_font_ubuntu_mono_24_0x58      0x08003d00   Data          48  testmain.o(.rodata.image_data_font_ubuntu_mono_24_0x58)
    [Anonymous Symbol]                       0x08003d00   Section        0  testmain.o(.rodata.image_data_font_ubuntu_mono_24_0x58)
    image_data_font_ubuntu_mono_24_0x59      0x08003d30   Data          48  testmain.o(.rodata.image_data_font_ubuntu_mono_24_0x59)
    [Anonymous Symbol]                       0x08003d30   Section        0  testmain.o(.rodata.image_data_font_ubuntu_mono_24_0x59)
    image_data_font_ubuntu_mono_24_0x5a      0x08003d60   Data          48  testmain.o(.rodata.image_data_font_ubuntu_mono_24_0x5a)
    [Anonymous Symbol]                       0x08003d60   Section        0  testmain.o(.rodata.image_data_font_ubuntu_mono_24_0x5a)
    image_data_font_ubuntu_mono_24_0x5b      0x08003d90   Data          48  testmain.o(.rodata.image_data_font_ubuntu_mono_24_0x5b)
    [Anonymous Symbol]                       0x08003d90   Section        0  testmain.o(.rodata.image_data_font_ubuntu_mono_24_0x5b)
    image_data_font_ubuntu_mono_24_0x5c      0x08003dc0   Data          48  testmain.o(.rodata.image_data_font_ubuntu_mono_24_0x5c)
    [Anonymous Symbol]                       0x08003dc0   Section        0  testmain.o(.rodata.image_data_font_ubuntu_mono_24_0x5c)
    image_data_font_ubuntu_mono_24_0x5d      0x08003df0   Data          48  testmain.o(.rodata.image_data_font_ubuntu_mono_24_0x5d)
    [Anonymous Symbol]                       0x08003df0   Section        0  testmain.o(.rodata.image_data_font_ubuntu_mono_24_0x5d)
    image_data_font_ubuntu_mono_24_0x5e      0x08003e20   Data          48  testmain.o(.rodata.image_data_font_ubuntu_mono_24_0x5e)
    [Anonymous Symbol]                       0x08003e20   Section        0  testmain.o(.rodata.image_data_font_ubuntu_mono_24_0x5e)
    image_data_font_ubuntu_mono_24_0x5f      0x08003e50   Data          48  testmain.o(.rodata.image_data_font_ubuntu_mono_24_0x5f)
    [Anonymous Symbol]                       0x08003e50   Section        0  testmain.o(.rodata.image_data_font_ubuntu_mono_24_0x5f)
    image_data_font_ubuntu_mono_24_0x60      0x08003e80   Data          48  testmain.o(.rodata.image_data_font_ubuntu_mono_24_0x60)
    [Anonymous Symbol]                       0x08003e80   Section        0  testmain.o(.rodata.image_data_font_ubuntu_mono_24_0x60)
    image_data_font_ubuntu_mono_24_0x61      0x08003eb0   Data          48  testmain.o(.rodata.image_data_font_ubuntu_mono_24_0x61)
    [Anonymous Symbol]                       0x08003eb0   Section        0  testmain.o(.rodata.image_data_font_ubuntu_mono_24_0x61)
    image_data_font_ubuntu_mono_24_0x62      0x08003ee0   Data          48  testmain.o(.rodata.image_data_font_ubuntu_mono_24_0x62)
    [Anonymous Symbol]                       0x08003ee0   Section        0  testmain.o(.rodata.image_data_font_ubuntu_mono_24_0x62)
    image_data_font_ubuntu_mono_24_0x63      0x08003f10   Data          48  testmain.o(.rodata.image_data_font_ubuntu_mono_24_0x63)
    [Anonymous Symbol]                       0x08003f10   Section        0  testmain.o(.rodata.image_data_font_ubuntu_mono_24_0x63)
    image_data_font_ubuntu_mono_24_0x64      0x08003f40   Data          48  testmain.o(.rodata.image_data_font_ubuntu_mono_24_0x64)
    [Anonymous Symbol]                       0x08003f40   Section        0  testmain.o(.rodata.image_data_font_ubuntu_mono_24_0x64)
    image_data_font_ubuntu_mono_24_0x65      0x08003f70   Data          48  testmain.o(.rodata.image_data_font_ubuntu_mono_24_0x65)
    [Anonymous Symbol]                       0x08003f70   Section        0  testmain.o(.rodata.image_data_font_ubuntu_mono_24_0x65)
    image_data_font_ubuntu_mono_24_0x66      0x08003fa0   Data          48  testmain.o(.rodata.image_data_font_ubuntu_mono_24_0x66)
    [Anonymous Symbol]                       0x08003fa0   Section        0  testmain.o(.rodata.image_data_font_ubuntu_mono_24_0x66)
    image_data_font_ubuntu_mono_24_0x67      0x08003fd0   Data          48  testmain.o(.rodata.image_data_font_ubuntu_mono_24_0x67)
    [Anonymous Symbol]                       0x08003fd0   Section        0  testmain.o(.rodata.image_data_font_ubuntu_mono_24_0x67)
    image_data_font_ubuntu_mono_24_0x68      0x08004000   Data          48  testmain.o(.rodata.image_data_font_ubuntu_mono_24_0x68)
    [Anonymous Symbol]                       0x08004000   Section        0  testmain.o(.rodata.image_data_font_ubuntu_mono_24_0x68)
    image_data_font_ubuntu_mono_24_0x69      0x08004030   Data          48  testmain.o(.rodata.image_data_font_ubuntu_mono_24_0x69)
    [Anonymous Symbol]                       0x08004030   Section        0  testmain.o(.rodata.image_data_font_ubuntu_mono_24_0x69)
    image_data_font_ubuntu_mono_24_0x6a      0x08004060   Data          48  testmain.o(.rodata.image_data_font_ubuntu_mono_24_0x6a)
    [Anonymous Symbol]                       0x08004060   Section        0  testmain.o(.rodata.image_data_font_ubuntu_mono_24_0x6a)
    image_data_font_ubuntu_mono_24_0x6b      0x08004090   Data          48  testmain.o(.rodata.image_data_font_ubuntu_mono_24_0x6b)
    [Anonymous Symbol]                       0x08004090   Section        0  testmain.o(.rodata.image_data_font_ubuntu_mono_24_0x6b)
    image_data_font_ubuntu_mono_24_0x6c      0x080040c0   Data          48  testmain.o(.rodata.image_data_font_ubuntu_mono_24_0x6c)
    [Anonymous Symbol]                       0x080040c0   Section        0  testmain.o(.rodata.image_data_font_ubuntu_mono_24_0x6c)
    image_data_font_ubuntu_mono_24_0x6d      0x080040f0   Data          48  testmain.o(.rodata.image_data_font_ubuntu_mono_24_0x6d)
    [Anonymous Symbol]                       0x080040f0   Section        0  testmain.o(.rodata.image_data_font_ubuntu_mono_24_0x6d)
    image_data_font_ubuntu_mono_24_0x6e      0x08004120   Data          48  testmain.o(.rodata.image_data_font_ubuntu_mono_24_0x6e)
    [Anonymous Symbol]                       0x08004120   Section        0  testmain.o(.rodata.image_data_font_ubuntu_mono_24_0x6e)
    image_data_font_ubuntu_mono_24_0x6f      0x08004150   Data          48  testmain.o(.rodata.image_data_font_ubuntu_mono_24_0x6f)
    [Anonymous Symbol]                       0x08004150   Section        0  testmain.o(.rodata.image_data_font_ubuntu_mono_24_0x6f)
    image_data_font_ubuntu_mono_24_0x70      0x08004180   Data          48  testmain.o(.rodata.image_data_font_ubuntu_mono_24_0x70)
    [Anonymous Symbol]                       0x08004180   Section        0  testmain.o(.rodata.image_data_font_ubuntu_mono_24_0x70)
    image_data_font_ubuntu_mono_24_0x71      0x080041b0   Data          48  testmain.o(.rodata.image_data_font_ubuntu_mono_24_0x71)
    [Anonymous Symbol]                       0x080041b0   Section        0  testmain.o(.rodata.image_data_font_ubuntu_mono_24_0x71)
    image_data_font_ubuntu_mono_24_0x72      0x080041e0   Data          48  testmain.o(.rodata.image_data_font_ubuntu_mono_24_0x72)
    [Anonymous Symbol]                       0x080041e0   Section        0  testmain.o(.rodata.image_data_font_ubuntu_mono_24_0x72)
    image_data_font_ubuntu_mono_24_0x73      0x08004210   Data          48  testmain.o(.rodata.image_data_font_ubuntu_mono_24_0x73)
    [Anonymous Symbol]                       0x08004210   Section        0  testmain.o(.rodata.image_data_font_ubuntu_mono_24_0x73)
    image_data_font_ubuntu_mono_24_0x74      0x08004240   Data          48  testmain.o(.rodata.image_data_font_ubuntu_mono_24_0x74)
    [Anonymous Symbol]                       0x08004240   Section        0  testmain.o(.rodata.image_data_font_ubuntu_mono_24_0x74)
    image_data_font_ubuntu_mono_24_0x75      0x08004270   Data          48  testmain.o(.rodata.image_data_font_ubuntu_mono_24_0x75)
    [Anonymous Symbol]                       0x08004270   Section        0  testmain.o(.rodata.image_data_font_ubuntu_mono_24_0x75)
    image_data_font_ubuntu_mono_24_0x76      0x080042a0   Data          48  testmain.o(.rodata.image_data_font_ubuntu_mono_24_0x76)
    [Anonymous Symbol]                       0x080042a0   Section        0  testmain.o(.rodata.image_data_font_ubuntu_mono_24_0x76)
    image_data_font_ubuntu_mono_24_0x77      0x080042d0   Data          48  testmain.o(.rodata.image_data_font_ubuntu_mono_24_0x77)
    [Anonymous Symbol]                       0x080042d0   Section        0  testmain.o(.rodata.image_data_font_ubuntu_mono_24_0x77)
    image_data_font_ubuntu_mono_24_0x78      0x08004300   Data          48  testmain.o(.rodata.image_data_font_ubuntu_mono_24_0x78)
    [Anonymous Symbol]                       0x08004300   Section        0  testmain.o(.rodata.image_data_font_ubuntu_mono_24_0x78)
    image_data_font_ubuntu_mono_24_0x79      0x08004330   Data          48  testmain.o(.rodata.image_data_font_ubuntu_mono_24_0x79)
    [Anonymous Symbol]                       0x08004330   Section        0  testmain.o(.rodata.image_data_font_ubuntu_mono_24_0x79)
    image_data_font_ubuntu_mono_24_0x7a      0x08004360   Data          48  testmain.o(.rodata.image_data_font_ubuntu_mono_24_0x7a)
    [Anonymous Symbol]                       0x08004360   Section        0  testmain.o(.rodata.image_data_font_ubuntu_mono_24_0x7a)
    image_data_font_ubuntu_mono_24_0x7b      0x08004390   Data          48  testmain.o(.rodata.image_data_font_ubuntu_mono_24_0x7b)
    [Anonymous Symbol]                       0x08004390   Section        0  testmain.o(.rodata.image_data_font_ubuntu_mono_24_0x7b)
    image_data_font_ubuntu_mono_24_0x7c      0x080043c0   Data          48  testmain.o(.rodata.image_data_font_ubuntu_mono_24_0x7c)
    [Anonymous Symbol]                       0x080043c0   Section        0  testmain.o(.rodata.image_data_font_ubuntu_mono_24_0x7c)
    image_data_font_ubuntu_mono_24_0x7d      0x080043f0   Data          48  testmain.o(.rodata.image_data_font_ubuntu_mono_24_0x7d)
    [Anonymous Symbol]                       0x080043f0   Section        0  testmain.o(.rodata.image_data_font_ubuntu_mono_24_0x7d)
    image_data_font_ubuntu_mono_24_0x7e      0x08004420   Data          48  testmain.o(.rodata.image_data_font_ubuntu_mono_24_0x7e)
    [Anonymous Symbol]                       0x08004420   Section        0  testmain.o(.rodata.image_data_font_ubuntu_mono_24_0x7e)
    .L.str.11                                0x08004450   Data           2  testmain.o(.rodata.str1.1)
    [Anonymous Symbol]                       0x08004450   Section        0  testmain.o(.rodata.str1.1)
    .L.str.14                                0x08004452   Data          18  testmain.o(.rodata.str1.1)
    .L.str.5                                 0x08004464   Data          12  testmain.o(.rodata.str1.1)
    .L.str.8                                 0x08004470   Data          10  testmain.o(.rodata.str1.1)
    .L.str.6                                 0x0800447a   Data          12  testmain.o(.rodata.str1.1)
    .L.str.9                                 0x08004486   Data          11  testmain.o(.rodata.str1.1)
    .L.str.4                                 0x08004491   Data          11  testmain.o(.rodata.str1.1)
    .L.str.3                                 0x0800449c   Data           6  testmain.o(.rodata.str1.1)
    .L.str.10                                0x080044a2   Data          10  testmain.o(.rodata.str1.1)
    .L.str.7                                 0x080044ac   Data          10  testmain.o(.rodata.str1.1)
    .L.str.2                                 0x080044b6   Data          10  testmain.o(.rodata.str1.1)
    .L.str.15                                0x080044c0   Data          15  testmain.o(.rodata.str1.1)
    .L.str.12                                0x080044cf   Data          17  testmain.o(.rodata.str1.1)
    .L.str.13                                0x080044e0   Data          18  testmain.o(.rodata.str1.1)
    .L.str                                   0x080044f2   Data           7  testmain.o(.rodata.str1.1)
    .L.str.1                                 0x080044f9   Data           6  testmain.o(.rodata.str1.1)
    .L.str.16                                0x080044ff   Data           4  testmain.o(.rodata.str1.1)
    ILI_TFTheight                            0x20000000   Data           2  ili9341.o(.data.ILI_TFTheight)
    [Anonymous Symbol]                       0x20000000   Section        0  ili9341.o(.data.ILI_TFTheight)
    ILI_TFTwidth                             0x20000002   Data           2  ili9341.o(.data.ILI_TFTwidth)
    [Anonymous Symbol]                       0x20000002   Section        0  ili9341.o(.data.ILI_TFTwidth)
    .bss                                     0x20000018   Section       96  libspace.o(.bss)
    ILI_Orientation                          0x20000078   Data           1  ili9341.o(.bss.ILI_Orientation)
    [Anonymous Symbol]                       0x20000078   Section        0  ili9341.o(.bss.ILI_Orientation)
    Heap_Mem                                 0x200000a0   Data         512  startup_stm32f446xx.o(HEAP)
    HEAP                                     0x200000a0   Section      512  startup_stm32f446xx.o(HEAP)
    Stack_Mem                                0x200002a0   Data        1024  startup_stm32f446xx.o(STACK)
    STACK                                    0x200002a0   Section     1024  startup_stm32f446xx.o(STACK)
    __initial_sp                             0x200006a0   Data           0  startup_stm32f446xx.o(STACK)

    Global Symbols

    Symbol Name                              Value     Ov Type        Size  Object(Section)

    BuildAttributes$$THM_ISAv4$E$P$D$K$B$S$7EM$VFPi3$EXTD16$VFPS$VFMA$PE$A:L22UL41UL21$X:L11$S22US41US21$IEEE1$IW$~IW$USESV6$~STKCKD$USESV7$~SHL$OSPACE$ROPI$EBA8$UX$STANDARDLIB$REQ8$PRES8$EABIv2 0x00000000   Number         0  anon$$obj.o ABSOLUTE
    __ARM_exceptions_init                     - Undefined Weak Reference
    __alloca_initialize                       - Undefined Weak Reference
    __arm_preinit_                            - Undefined Weak Reference
    __arm_relocate_pie_                       - Undefined Weak Reference
    __cpp_initialize__aeabi_                  - Undefined Weak Reference
    __cxa_finalize                            - Undefined Weak Reference
    __rt_locale                               - Undefined Weak Reference
    __sigvec_lookup                           - Undefined Weak Reference
    _atexit_init                              - Undefined Weak Reference
    _call_atexit_fns                          - Undefined Weak Reference
    _clock_init                               - Undefined Weak Reference
    _fp_trap_init                             - Undefined Weak Reference
    _fp_trap_shutdown                         - Undefined Weak Reference
    _get_lc_collate                           - Undefined Weak Reference
    _get_lc_ctype                             - Undefined Weak Reference
    _get_lc_monetary                          - Undefined Weak Reference
    _get_lc_numeric                           - Undefined Weak Reference
    _get_lc_time                              - Undefined Weak Reference
    _getenv_init                              - Undefined Weak Reference
    _handle_redirection                       - Undefined Weak Reference
    _init_alloc                               - Undefined Weak Reference
    _init_user_alloc                          - Undefined Weak Reference
    _initio                                   - Undefined Weak Reference
    _rand_init                                - Undefined Weak Reference
    _signal_finish                            - Undefined Weak Reference
    _signal_init                              - Undefined Weak Reference
    _terminate_alloc                          - Undefined Weak Reference
    _terminate_user_alloc                     - Undefined Weak Reference
    _terminateio                              - Undefined Weak Reference
    __Vectors_Size                           0x000001c4   Number         0  startup_stm32f446xx.o ABSOLUTE
    __Vectors                                0x08000000   Data           4  startup_stm32f446xx.o(RESET)
    __Vectors_End                            0x080001c4   Data           0  startup_stm32f446xx.o(RESET)
    __main                                   0x080001c5   Thumb Code     8  __main.o(!!!main)
    __scatterload                            0x080001cd   Thumb Code     0  __scatter.o(!!!scatter)
    __scatterload_rt2                        0x080001cd   Thumb Code    84  __scatter.o(!!!scatter)
    __scatterload_rt2_thumb_only             0x080001cd   Thumb Code     0  __scatter.o(!!!scatter)
    __scatterload_loop                       0x080001d7   Thumb Code     0  __scatter.o(!!!scatter)
    __scatterload_copy                       0x08000229   Thumb Code    26  __scatter_copy.o(!!handler_copy)
    __scatterload_null                       0x08000245   Thumb Code     2  __scatter.o(!!handler_null)
    __scatterload_zeroinit                   0x08000249   Thumb Code    28  __scatter_zi.o(!!handler_zi)
    __rt_lib_init                            0x08000265   Thumb Code     0  libinit.o(.ARM.Collect$$libinit$$00000000)
    __rt_lib_init_fp_1                       0x08000267   Thumb Code     0  libinit2.o(.ARM.Collect$$libinit$$00000001)
    __rt_lib_init_alloca_1                   0x0800026b   Thumb Code     0  libinit2.o(.ARM.Collect$$libinit$$00000030)
    __rt_lib_init_argv_1                     0x0800026b   Thumb Code     0  libinit2.o(.ARM.Collect$$libinit$$0000002E)
    __rt_lib_init_atexit_1                   0x0800026b   Thumb Code     0  libinit2.o(.ARM.Collect$$libinit$$0000001D)
    __rt_lib_init_clock_1                    0x0800026b   Thumb Code     0  libinit2.o(.ARM.Collect$$libinit$$00000023)
    __rt_lib_init_cpp_1                      0x0800026b   Thumb Code     0  libinit2.o(.ARM.Collect$$libinit$$00000034)
    __rt_lib_init_exceptions_1               0x0800026b   Thumb Code     0  libinit2.o(.ARM.Collect$$libinit$$00000032)
    __rt_lib_init_fp_trap_1                  0x0800026b   Thumb Code     0  libinit2.o(.ARM.Collect$$libinit$$00000021)
    __rt_lib_init_getenv_1                   0x0800026b   Thumb Code     0  libinit2.o(.ARM.Collect$$libinit$$00000025)
    __rt_lib_init_heap_1                     0x0800026b   Thumb Code     0  libinit2.o(.ARM.Collect$$libinit$$0000000C)
    __rt_lib_init_lc_collate_1               0x0800026b   Thumb Code     0  libinit2.o(.ARM.Collect$$libinit$$00000013)
    __rt_lib_init_lc_ctype_1                 0x0800026b   Thumb Code     0  libinit2.o(.ARM.Collect$$libinit$$00000015)
    __rt_lib_init_lc_monetary_1              0x0800026b   Thumb Code     0  libinit2.o(.ARM.Collect$$libinit$$00000017)
    __rt_lib_init_lc_numeric_1               0x0800026b   Thumb Code     0  libinit2.o(.ARM.Collect$$libinit$$00000019)
    __rt_lib_init_lc_time_1                  0x0800026b   Thumb Code     0  libinit2.o(.ARM.Collect$$libinit$$0000001B)
    __rt_lib_init_preinit_1                  0x0800026b   Thumb Code     0  libinit2.o(.ARM.Collect$$libinit$$00000006)
    __rt_lib_init_rand_1                     0x0800026b   Thumb Code     0  libinit2.o(.ARM.Collect$$libinit$$00000010)
    __rt_lib_init_relocate_pie_1             0x0800026b   Thumb Code     0  libinit2.o(.ARM.Collect$$libinit$$00000004)
    __rt_lib_init_return                     0x0800026b   Thumb Code     0  libinit2.o(.ARM.Collect$$libinit$$00000035)
    __rt_lib_init_signal_1                   0x0800026b   Thumb Code     0  libinit2.o(.ARM.Collect$$libinit$$0000001F)
    __rt_lib_init_stdio_1                    0x0800026b   Thumb Code     0  libinit2.o(.ARM.Collect$$libinit$$00000027)
    __rt_lib_init_user_alloc_1               0x0800026b   Thumb Code     0  libinit2.o(.ARM.Collect$$libinit$$0000000E)
    __rt_lib_shutdown                        0x0800026d   Thumb Code     0  libshutdown.o(.ARM.Collect$$libshutdown$$00000000)
    __rt_lib_shutdown_cpp_1                  0x0800026f   Thumb Code     0  libshutdown2.o(.ARM.Collect$$libshutdown$$00000002)
    __rt_lib_shutdown_fp_trap_1              0x0800026f   Thumb Code     0  libshutdown2.o(.ARM.Collect$$libshutdown$$00000007)
    __rt_lib_shutdown_heap_1                 0x0800026f   Thumb Code     0  libshutdown2.o(.ARM.Collect$$libshutdown$$0000000F)
    __rt_lib_shutdown_return                 0x0800026f   Thumb Code     0  libshutdown2.o(.ARM.Collect$$libshutdown$$00000010)
    __rt_lib_shutdown_signal_1               0x0800026f   Thumb Code     0  libshutdown2.o(.ARM.Collect$$libshutdown$$0000000A)
    __rt_lib_shutdown_stdio_1                0x0800026f   Thumb Code     0  libshutdown2.o(.ARM.Collect$$libshutdown$$00000004)
    __rt_lib_shutdown_user_alloc_1           0x0800026f   Thumb Code     0  libshutdown2.o(.ARM.Collect$$libshutdown$$0000000C)
    __rt_entry                               0x08000271   Thumb Code     0  __rtentry.o(.ARM.Collect$$rtentry$$00000000)
    __rt_entry_presh_1                       0x08000271   Thumb Code     0  __rtentry2.o(.ARM.Collect$$rtentry$$00000002)
    __rt_entry_sh                            0x08000271   Thumb Code     0  __rtentry4.o(.ARM.Collect$$rtentry$$00000004)
    __rt_entry_li                            0x08000277   Thumb Code     0  __rtentry2.o(.ARM.Collect$$rtentry$$0000000A)
    __rt_entry_postsh_1                      0x08000277   Thumb Code     0  __rtentry2.o(.ARM.Collect$$rtentry$$00000009)
    __rt_entry_main                          0x0800027b   Thumb Code     0  __rtentry2.o(.ARM.Collect$$rtentry$$0000000D)
    __rt_entry_postli_1                      0x0800027b   Thumb Code     0  __rtentry2.o(.ARM.Collect$$rtentry$$0000000C)
    __rt_exit                                0x08000283   Thumb Code     0  rtexit.o(.ARM.Collect$$rtexit$$00000000)
    __rt_exit_ls                             0x08000285   Thumb Code     0  rtexit2.o(.ARM.Collect$$rtexit$$00000003)
    __rt_exit_prels_1                        0x08000285   Thumb Code     0  rtexit2.o(.ARM.Collect$$rtexit$$00000002)
    __rt_exit_exit                           0x08000289   Thumb Code     0  rtexit2.o(.ARM.Collect$$rtexit$$00000004)
    Reset_Handler                            0x08000291   Thumb Code     8  startup_stm32f446xx.o(.text)
    NMI_Handler                              0x08000299   Thumb Code     2  startup_stm32f446xx.o(.text)
    HardFault_Handler                        0x0800029b   Thumb Code     2  startup_stm32f446xx.o(.text)
    MemManage_Handler                        0x0800029d   Thumb Code     2  startup_stm32f446xx.o(.text)
    BusFault_Handler                         0x0800029f   Thumb Code     2  startup_stm32f446xx.o(.text)
    UsageFault_Handler                       0x080002a1   Thumb Code     2  startup_stm32f446xx.o(.text)
    SVC_Handler                              0x080002a3   Thumb Code     2  startup_stm32f446xx.o(.text)
    DebugMon_Handler                         0x080002a5   Thumb Code     2  startup_stm32f446xx.o(.text)
    PendSV_Handler                           0x080002a7   Thumb Code     2  startup_stm32f446xx.o(.text)
    SysTick_Handler                          0x080002a9   Thumb Code     2  startup_stm32f446xx.o(.text)
    ADC_IRQHandler                           0x080002ab   Thumb Code     0  startup_stm32f446xx.o(.text)
    CAN1_RX0_IRQHandler                      0x080002ab   Thumb Code     0  startup_stm32f446xx.o(.text)
    CAN1_RX1_IRQHandler                      0x080002ab   Thumb Code     0  startup_stm32f446xx.o(.text)
    CAN1_SCE_IRQHandler                      0x080002ab   Thumb Code     0  startup_stm32f446xx.o(.text)
    CAN1_TX_IRQHandler                       0x080002ab   Thumb Code     0  startup_stm32f446xx.o(.text)
    CAN2_RX0_IRQHandler                      0x080002ab   Thumb Code     0  startup_stm32f446xx.o(.text)
    CAN2_RX1_IRQHandler                      0x080002ab   Thumb Code     0  startup_stm32f446xx.o(.text)
    CAN2_SCE_IRQHandler                      0x080002ab   Thumb Code     0  startup_stm32f446xx.o(.text)
    CAN2_TX_IRQHandler                       0x080002ab   Thumb Code     0  startup_stm32f446xx.o(.text)
    CEC_IRQHandler                           0x080002ab   Thumb Code     0  startup_stm32f446xx.o(.text)
    DCMI_IRQHandler                          0x080002ab   Thumb Code     0  startup_stm32f446xx.o(.text)
    DMA1_Stream0_IRQHandler                  0x080002ab   Thumb Code     0  startup_stm32f446xx.o(.text)
    DMA1_Stream1_IRQHandler                  0x080002ab   Thumb Code     0  startup_stm32f446xx.o(.text)
    DMA1_Stream2_IRQHandler                  0x080002ab   Thumb Code     0  startup_stm32f446xx.o(.text)
    DMA1_Stream3_IRQHandler                  0x080002ab   Thumb Code     0  startup_stm32f446xx.o(.text)
    DMA1_Stream4_IRQHandler                  0x080002ab   Thumb Code     0  startup_stm32f446xx.o(.text)
    DMA1_Stream5_IRQHandler                  0x080002ab   Thumb Code     0  startup_stm32f446xx.o(.text)
    DMA1_Stream6_IRQHandler                  0x080002ab   Thumb Code     0  startup_stm32f446xx.o(.text)
    DMA1_Stream7_IRQHandler                  0x080002ab   Thumb Code     0  startup_stm32f446xx.o(.text)
    DMA2_Stream0_IRQHandler                  0x080002ab   Thumb Code     0  startup_stm32f446xx.o(.text)
    DMA2_Stream1_IRQHandler                  0x080002ab   Thumb Code     0  startup_stm32f446xx.o(.text)
    DMA2_Stream2_IRQHandler                  0x080002ab   Thumb Code     0  startup_stm32f446xx.o(.text)
    DMA2_Stream3_IRQHandler                  0x080002ab   Thumb Code     0  startup_stm32f446xx.o(.text)
    DMA2_Stream4_IRQHandler                  0x080002ab   Thumb Code     0  startup_stm32f446xx.o(.text)
    DMA2_Stream5_IRQHandler                  0x080002ab   Thumb Code     0  startup_stm32f446xx.o(.text)
    DMA2_Stream6_IRQHandler                  0x080002ab   Thumb Code     0  startup_stm32f446xx.o(.text)
    DMA2_Stream7_IRQHandler                  0x080002ab   Thumb Code     0  startup_stm32f446xx.o(.text)
    EXTI0_IRQHandler                         0x080002ab   Thumb Code     0  startup_stm32f446xx.o(.text)
    EXTI1_IRQHandler                         0x080002ab   Thumb Code     0  startup_stm32f446xx.o(.text)
    EXTI2_IRQHandler                         0x080002ab   Thumb Code     0  startup_stm32f446xx.o(.text)
    EXTI3_IRQHandler                         0x080002ab   Thumb Code     0  startup_stm32f446xx.o(.text)
    EXTI9_5_IRQHandler                       0x080002ab   Thumb Code     0  startup_stm32f446xx.o(.text)
    FLASH_IRQHandler                         0x080002ab   Thumb Code     0  startup_stm32f446xx.o(.text)
    FMC_IRQHandler                           0x080002ab   Thumb Code     0  startup_stm32f446xx.o(.text)
    FMPI2C1_ER_IRQHandler                    0x080002ab   Thumb Code     0  startup_stm32f446xx.o(.text)
    FMPI2C1_EV_IRQHandler                    0x080002ab   Thumb Code     0  startup_stm32f446xx.o(.text)
    FPU_IRQHandler                           0x080002ab   Thumb Code     0  startup_stm32f446xx.o(.text)
    I2C1_ER_IRQHandler                       0x080002ab   Thumb Code     0  startup_stm32f446xx.o(.text)
    I2C1_EV_IRQHandler                       0x080002ab   Thumb Code     0  startup_stm32f446xx.o(.text)
    I2C2_ER_IRQHandler                       0x080002ab   Thumb Code     0  startup_stm32f446xx.o(.text)
    I2C2_EV_IRQHandler                       0x080002ab   Thumb Code     0  startup_stm32f446xx.o(.text)
    I2C3_ER_IRQHandler                       0x080002ab   Thumb Code     0  startup_stm32f446xx.o(.text)
    I2C3_EV_IRQHandler                       0x080002ab   Thumb Code     0  startup_stm32f446xx.o(.text)
    OTG_FS_IRQHandler                        0x080002ab   Thumb Code     0  startup_stm32f446xx.o(.text)
    OTG_FS_WKUP_IRQHandler                   0x080002ab   Thumb Code     0  startup_stm32f446xx.o(.text)
    OTG_HS_EP1_IN_IRQHandler                 0x080002ab   Thumb Code     0  startup_stm32f446xx.o(.text)
    OTG_HS_EP1_OUT_IRQHandler                0x080002ab   Thumb Code     0  startup_stm32f446xx.o(.text)
    OTG_HS_IRQHandler                        0x080002ab   Thumb Code     0  startup_stm32f446xx.o(.text)
    OTG_HS_WKUP_IRQHandler                   0x080002ab   Thumb Code     0  startup_stm32f446xx.o(.text)
    PVD_IRQHandler                           0x080002ab   Thumb Code     0  startup_stm32f446xx.o(.text)
    QUADSPI_IRQHandler                       0x080002ab   Thumb Code     0  startup_stm32f446xx.o(.text)
    RCC_IRQHandler                           0x080002ab   Thumb Code     0  startup_stm32f446xx.o(.text)
    RTC_Alarm_IRQHandler                     0x080002ab   Thumb Code     0  startup_stm32f446xx.o(.text)
    RTC_WKUP_IRQHandler                      0x080002ab   Thumb Code     0  startup_stm32f446xx.o(.text)
    SAI1_IRQHandler                          0x080002ab   Thumb Code     0  startup_stm32f446xx.o(.text)
    SAI2_IRQHandler                          0x080002ab   Thumb Code     0  startup_stm32f446xx.o(.text)
    SDIO_IRQHandler                          0x080002ab   Thumb Code     0  startup_stm32f446xx.o(.text)
    SPDIF_RX_IRQHandler                      0x080002ab   Thumb Code     0  startup_stm32f446xx.o(.text)
    SPI1_IRQHandler                          0x080002ab   Thumb Code     0  startup_stm32f446xx.o(.text)
    SPI2_IRQHandler                          0x080002ab   Thumb Code     0  startup_stm32f446xx.o(.text)
    SPI3_IRQHandler                          0x080002ab   Thumb Code     0  startup_stm32f446xx.o(.text)
    SPI4_IRQHandler                          0x080002ab   Thumb Code     0  startup_stm32f446xx.o(.text)
    TAMP_STAMP_IRQHandler                    0x080002ab   Thumb Code     0  startup_stm32f446xx.o(.text)
    TIM1_BRK_TIM9_IRQHandler                 0x080002ab   Thumb Code     0  startup_stm32f446xx.o(.text)
    TIM1_CC_IRQHandler                       0x080002ab   Thumb Code     0  startup_stm32f446xx.o(.text)
    TIM1_TRG_COM_TIM11_IRQHandler            0x080002ab   Thumb Code     0  startup_stm32f446xx.o(.text)
    TIM1_UP_TIM10_IRQHandler                 0x080002ab   Thumb Code     0  startup_stm32f446xx.o(.text)
    TIM2_IRQHandler                          0x080002ab   Thumb Code     0  startup_stm32f446xx.o(.text)
    TIM4_IRQHandler                          0x080002ab   Thumb Code     0  startup_stm32f446xx.o(.text)
    TIM5_IRQHandler                          0x080002ab   Thumb Code     0  startup_stm32f446xx.o(.text)
    TIM6_DAC_IRQHandler                      0x080002ab   Thumb Code     0  startup_stm32f446xx.o(.text)
    TIM7_IRQHandler                          0x080002ab   Thumb Code     0  startup_stm32f446xx.o(.text)
    TIM8_BRK_TIM12_IRQHandler                0x080002ab   Thumb Code     0  startup_stm32f446xx.o(.text)
    TIM8_CC_IRQHandler                       0x080002ab   Thumb Code     0  startup_stm32f446xx.o(.text)
    TIM8_TRG_COM_TIM14_IRQHandler            0x080002ab   Thumb Code     0  startup_stm32f446xx.o(.text)
    TIM8_UP_TIM13_IRQHandler                 0x080002ab   Thumb Code     0  startup_stm32f446xx.o(.text)
    UART4_IRQHandler                         0x080002ab   Thumb Code     0  startup_stm32f446xx.o(.text)
    UART5_IRQHandler                         0x080002ab   Thumb Code     0  startup_stm32f446xx.o(.text)
    USART1_IRQHandler                        0x080002ab   Thumb Code     0  startup_stm32f446xx.o(.text)
    USART2_IRQHandler                        0x080002ab   Thumb Code     0  startup_stm32f446xx.o(.text)
    USART3_IRQHandler                        0x080002ab   Thumb Code     0  startup_stm32f446xx.o(.text)
    USART6_IRQHandler                        0x080002ab   Thumb Code     0  startup_stm32f446xx.o(.text)
    WWDG_IRQHandler                          0x080002ab   Thumb Code     0  startup_stm32f446xx.o(.text)
    __user_initial_stackheap                 0x080002ad   Thumb Code     0  startup_stm32f446xx.o(.text)
    strlen                                   0x080002d1   Thumb Code    62  strlen.o(.text)
    __use_two_region_memory                  0x0800030f   Thumb Code     2  heapauxi.o(.text)
    __rt_heap_escrow$2region                 0x08000311   Thumb Code     2  heapauxi.o(.text)
    __rt_heap_expand$2region                 0x08000313   Thumb Code     2  heapauxi.o(.text)
    __user_setup_stackheap                   0x08000315   Thumb Code    74  sys_stackheap_outer.o(.text)
    exit                                     0x0800035f   Thumb Code    18  exit.o(.text)
    __user_libspace                          0x08000371   Thumb Code     8  libspace.o(.text)
    __user_perproc_libspace                  0x08000371   Thumb Code     0  libspace.o(.text)
    __user_perthread_libspace                0x08000371   Thumb Code     0  libspace.o(.text)
    _sys_exit                                0x08000379   Thumb Code     8  sys_exit.o(.text)
    __I$use$semihosting                      0x08000385   Thumb Code     0  use_no_semi.o(.text)
    __use_no_semihosting_swi                 0x08000385   Thumb Code     2  use_no_semi.o(.text)
    __semihosting_library_function           0x08000387   Thumb Code     0  indicate_semi.o(.text)
    CS_Low                                   0x08000389   Thumb Code    16  spi.o(.text.CS_Low)
    Display_Init                             0x08000399   Thumb Code  1156  ili9341.o(.text.Display_Init)
    Draw_Bitmap                              0x0800081d   Thumb Code   172  ili9341.o(.text.Draw_Bitmap)
    Draw_Char_BG                             0x080008c9   Thumb Code   370  ili9341.o(.text.Draw_Char_BG)
    Draw_Pixel                               0x08000a3d   Thumb Code    72  ili9341.o(.text.Draw_Pixel)
    Draw_String_BG                           0x08000a85   Thumb Code   284  ili9341.o(.text.Draw_String_BG)
    EXTI15_10_IRQHandler                     0x08000ba1   Thumb Code   284  testmain.o(.text.EXTI15_10_IRQHandler)
    EXTI4_IRQHandler                         0x08000cbd   Thumb Code   452  testmain.o(.text.EXTI4_IRQHandler)
    Encoder_TIM_init                         0x08000e81   Thumb Code   110  rotary_encoder.o(.text.Encoder_TIM_init)
    Encoder_init                             0x08000ef1   Thumb Code   194  rotary_encoder.o(.text.Encoder_init)
    Fill_Color                               0x08000fb5   Thumb Code   170  ili9341.o(.text.Fill_Color)
    Fill_Rect                                0x08001061   Thumb Code   270  ili9341.o(.text.Fill_Rect)
    Fill_Screen                              0x08001171   Thumb Code    90  ili9341.o(.text.Fill_Screen)
    GPIO_PinMode_Setup                       0x080011cd   Thumb Code    90  ili9341.o(.text.GPIO_PinMode_Setup)
    I2C1_byteRead                            0x08001229   Thumb Code   332  i2c.o(.text.I2C1_byteRead)
    I2C1_byteWrite                           0x08001375   Thumb Code   238  i2c.o(.text.I2C1_byteWrite)
    I2C_init                                 0x08001465   Thumb Code   164  i2c.o(.text.I2C_init)
    ILI_8Bit_Command                         0x08001509   Thumb Code    58  ili9341.o(.text.ILI_8Bit_Command)
    ILI_8Bit_Data                            0x08001545   Thumb Code    58  ili9341.o(.text.ILI_8Bit_Data)
    ILI_Push_16Bit                           0x08001581   Thumb Code    28  ili9341.o(.text.ILI_Push_16Bit)
    MENU_SCREENS                             0x0800159d   Thumb Code  1836  testmain.o(.text.MENU_SCREENS)
    Read_Date                                0x08001cc9   Thumb Code   676  testmain.o(.text.Read_Date)
    Rotate_Display                           0x08001f6d   Thumb Code   350  ili9341.o(.text.Rotate_Display)
    SPI_Enable                               0x080020cd   Thumb Code    18  spi.o(.text.SPI_Enable)
    SPI_GPIO                                 0x080020e1   Thumb Code   180  spi.o(.text.SPI_GPIO)
    SPI_Init                                 0x08002195   Thumb Code    88  spi.o(.text.SPI_Init)
    SPI_Transmit                             0x080021ed   Thumb Code   158  spi.o(.text.SPI_Transmit)
    Set_Address_Window                       0x0800228d   Thumb Code    74  ili9341.o(.text.Set_Address_Window)
    Set_Date                                 0x080022d9   Thumb Code    58  testmain.o(.text.Set_Date)
    Set_TD                                   0x08002315   Thumb Code   734  testmain.o(.text.Set_TD)
    Set_Time                                 0x080025f5   Thumb Code    58  testmain.o(.text.Set_Time)
    SysTick_Init                             0x08002631   Thumb Code    46  ili9341.o(.text.SysTick_Init)
    SystemInit                               0x08002661   Thumb Code    18  system_stm32f4xx.o(.text.SystemInit)
    TIM3_IRQHandler                          0x08002675   Thumb Code    20  testmain.o(.text.TIM3_IRQHandler)
    delayMS                                  0x080026e9   Thumb Code    66  ili9341.o(.text.delayMS)
    delayMicroS                              0x0800272d   Thumb Code    66  ili9341.o(.text.delayMicroS)
    hallEffect_pinInit                       0x08002771   Thumb Code   170  hall.o(.text.hallEffect_pinInit)
    main                                     0x0800281d   Thumb Code   220  testmain.o(.text.main)
    stepper_init                             0x080028f9   Thumb Code   130  stepper.o(.text.stepper_init)
    timer_init                               0x0800297d   Thumb Code   364  timers.o(.text.timer_init)
    _fp_init                                 0x08002af1   Thumb Code    26  fpinit.o(x$fpl$fpinit)
    __fplib_config_fpu_vfp                   0x08002b09   Thumb Code     0  fpinit.o(x$fpl$fpinit)
    __fplib_config_pureend_doubles           0x08002b09   Thumb Code     0  fpinit.o(x$fpl$fpinit)
    testImage                                0x08004504   Data          12  testmain.o(.rodata.testImage)
    testImageData                            0x08004510   Data       60000  testmain.o(.rodata.testImageData)
    Region$$Table$$Base                      0x08012f70   Number         0  anon$$obj.o(Region$$Table)
    Region$$Table$$Limit                     0x08012f90   Number         0  anon$$obj.o(Region$$Table)
    RTC_Data_ptr                             0x20000004   Data           4  testmain.o(.data.RTC_Data_ptr)
    hall2_FLAG                               0x20000008   Data           1  testmain.o(.data.hall2_FLAG)
    hall_FLAG                                0x20000009   Data           1  testmain.o(.data.hall_FLAG)
    menu                                     0x2000000c   Data           4  testmain.o(.data.menu)
    menu_flag                                0x20000010   Data           1  testmain.o(.data.menu_flag)
    __libspace_start                         0x20000018   Data          96  libspace.o(.bss)
    __temporary_stack_top$libspace           0x20000078   Data           0  libspace.o(.bss)
    RTC_Date                                 0x20000079   Data           1  testmain.o(.bss.RTC_Date)
    RTC_Hour                                 0x2000007a   Data           1  testmain.o(.bss.RTC_Hour)
    RTC_Minute                               0x2000007b   Data           1  testmain.o(.bss.RTC_Minute)
    RTC_Month                                0x2000007c   Data           1  testmain.o(.bss.RTC_Month)
    RTC_Second                               0x2000007d   Data           1  testmain.o(.bss.RTC_Second)
    RTC_Year                                 0x2000007e   Data           1  testmain.o(.bss.RTC_Year)
    RTC_data                                 0x2000007f   Data           1  testmain.o(.bss.RTC_data)
    foodCount                                0x20000080   Data           1  testmain.o(.bss.foodCount)
    pos                                      0x20000084   Data           4  testmain.o(.bss.pos)
    state                                    0x20000088   Data           4  testmain.o(.bss.state)
    swPress                                  0x2000008c   Data           1  testmain.o(.bss.swPress)
    timeDate                                 0x2000008d   Data          14  testmain.o(.bss.timeDate)
    tmp                                      0x2000009b   Data           1  testmain.o(.bss.tmp)
    value                                    0x2000009c   Data           1  testmain.o(.bss.value)



==============================================================================

Memory Map of the image

  Image Entry point : 0x08000291

  Load Region LR_1 (Base: 0x08000000, Size: 0x00012fa4, Max: 0xffffffff, ABSOLUTE)

    Execution Region ER_RO (Exec base: 0x08000000, Load base: 0x08000000, Size: 0x00012f90, Max: 0xffffffff, ABSOLUTE)

    Exec Addr    Load Addr    Size         Type   Attr      Idx    E Section Name        Object

    0x08000000   0x08000000   0x000001c4   Data   RO          442    RESET               startup_stm32f446xx.o
    0x080001c4   0x080001c4   0x00000008   Code   RO          471  * !!!main             c_w.l(__main.o)
    0x080001cc   0x080001cc   0x0000005c   Code   RO          636    !!!scatter          c_w.l(__scatter.o)
    0x08000228   0x08000228   0x0000001a   Code   RO          640    !!handler_copy      c_w.l(__scatter_copy.o)
    0x08000242   0x08000242   0x00000002   PAD
    0x08000244   0x08000244   0x00000002   Code   RO          637    !!handler_null      c_w.l(__scatter.o)
    0x08000246   0x08000246   0x00000002   PAD
    0x08000248   0x08000248   0x0000001c   Code   RO          642    !!handler_zi        c_w.l(__scatter_zi.o)
    0x08000264   0x08000264   0x00000002   Code   RO          498    .ARM.Collect$$libinit$$00000000  c_w.l(libinit.o)
    0x08000266   0x08000266   0x00000004   Code   RO          504    .ARM.Collect$$libinit$$00000001  c_w.l(libinit2.o)
    0x0800026a   0x0800026a   0x00000000   Code   RO          507    .ARM.Collect$$libinit$$00000004  c_w.l(libinit2.o)
    0x0800026a   0x0800026a   0x00000000   Code   RO          509    .ARM.Collect$$libinit$$00000006  c_w.l(libinit2.o)
    0x0800026a   0x0800026a   0x00000000   Code   RO          512    .ARM.Collect$$libinit$$0000000C  c_w.l(libinit2.o)
    0x0800026a   0x0800026a   0x00000000   Code   RO          514    .ARM.Collect$$libinit$$0000000E  c_w.l(libinit2.o)
    0x0800026a   0x0800026a   0x00000000   Code   RO          516    .ARM.Collect$$libinit$$00000010  c_w.l(libinit2.o)
    0x0800026a   0x0800026a   0x00000000   Code   RO          519    .ARM.Collect$$libinit$$00000013  c_w.l(libinit2.o)
    0x0800026a   0x0800026a   0x00000000   Code   RO          521    .ARM.Collect$$libinit$$00000015  c_w.l(libinit2.o)
    0x0800026a   0x0800026a   0x00000000   Code   RO          523    .ARM.Collect$$libinit$$00000017  c_w.l(libinit2.o)
    0x0800026a   0x0800026a   0x00000000   Code   RO          525    .ARM.Collect$$libinit$$00000019  c_w.l(libinit2.o)
    0x0800026a   0x0800026a   0x00000000   Code   RO          527    .ARM.Collect$$libinit$$0000001B  c_w.l(libinit2.o)
    0x0800026a   0x0800026a   0x00000000   Code   RO          529    .ARM.Collect$$libinit$$0000001D  c_w.l(libinit2.o)
    0x0800026a   0x0800026a   0x00000000   Code   RO          531    .ARM.Collect$$libinit$$0000001F  c_w.l(libinit2.o)
    0x0800026a   0x0800026a   0x00000000   Code   RO          533    .ARM.Collect$$libinit$$00000021  c_w.l(libinit2.o)
    0x0800026a   0x0800026a   0x00000000   Code   RO          535    .ARM.Collect$$libinit$$00000023  c_w.l(libinit2.o)
    0x0800026a   0x0800026a   0x00000000   Code   RO          537    .ARM.Collect$$libinit$$00000025  c_w.l(libinit2.o)
    0x0800026a   0x0800026a   0x00000000   Code   RO          539    .ARM.Collect$$libinit$$00000027  c_w.l(libinit2.o)
    0x0800026a   0x0800026a   0x00000000   Code   RO          543    .ARM.Collect$$libinit$$0000002E  c_w.l(libinit2.o)
    0x0800026a   0x0800026a   0x00000000   Code   RO          545    .ARM.Collect$$libinit$$00000030  c_w.l(libinit2.o)
    0x0800026a   0x0800026a   0x00000000   Code   RO          547    .ARM.Collect$$libinit$$00000032  c_w.l(libinit2.o)
    0x0800026a   0x0800026a   0x00000000   Code   RO          549    .ARM.Collect$$libinit$$00000034  c_w.l(libinit2.o)
    0x0800026a   0x0800026a   0x00000002   Code   RO          550    .ARM.Collect$$libinit$$00000035  c_w.l(libinit2.o)
    0x0800026c   0x0800026c   0x00000002   Code   RO          572    .ARM.Collect$$libshutdown$$00000000  c_w.l(libshutdown.o)
    0x0800026e   0x0800026e   0x00000000   Code   RO          587    .ARM.Collect$$libshutdown$$00000002  c_w.l(libshutdown2.o)
    0x0800026e   0x0800026e   0x00000000   Code   RO          589    .ARM.Collect$$libshutdown$$00000004  c_w.l(libshutdown2.o)
    0x0800026e   0x0800026e   0x00000000   Code   RO          592    .ARM.Collect$$libshutdown$$00000007  c_w.l(libshutdown2.o)
    0x0800026e   0x0800026e   0x00000000   Code   RO          595    .ARM.Collect$$libshutdown$$0000000A  c_w.l(libshutdown2.o)
    0x0800026e   0x0800026e   0x00000000   Code   RO          597    .ARM.Collect$$libshutdown$$0000000C  c_w.l(libshutdown2.o)
    0x0800026e   0x0800026e   0x00000000   Code   RO          600    .ARM.Collect$$libshutdown$$0000000F  c_w.l(libshutdown2.o)
    0x0800026e   0x0800026e   0x00000002   Code   RO          601    .ARM.Collect$$libshutdown$$00000010  c_w.l(libshutdown2.o)
    0x08000270   0x08000270   0x00000000   Code   RO          473    .ARM.Collect$$rtentry$$00000000  c_w.l(__rtentry.o)
    0x08000270   0x08000270   0x00000000   Code   RO          475    .ARM.Collect$$rtentry$$00000002  c_w.l(__rtentry2.o)
    0x08000270   0x08000270   0x00000006   Code   RO          487    .ARM.Collect$$rtentry$$00000004  c_w.l(__rtentry4.o)
    0x08000276   0x08000276   0x00000000   Code   RO          477    .ARM.Collect$$rtentry$$00000009  c_w.l(__rtentry2.o)
    0x08000276   0x08000276   0x00000004   Code   RO          478    .ARM.Collect$$rtentry$$0000000A  c_w.l(__rtentry2.o)
    0x0800027a   0x0800027a   0x00000000   Code   RO          480    .ARM.Collect$$rtentry$$0000000C  c_w.l(__rtentry2.o)
    0x0800027a   0x0800027a   0x00000008   Code   RO          481    .ARM.Collect$$rtentry$$0000000D  c_w.l(__rtentry2.o)
    0x08000282   0x08000282   0x00000002   Code   RO          502    .ARM.Collect$$rtexit$$00000000  c_w.l(rtexit.o)
    0x08000284   0x08000284   0x00000000   Code   RO          552    .ARM.Collect$$rtexit$$00000002  c_w.l(rtexit2.o)
    0x08000284   0x08000284   0x00000004   Code   RO          553    .ARM.Collect$$rtexit$$00000003  c_w.l(rtexit2.o)
    0x08000288   0x08000288   0x00000006   Code   RO          554    .ARM.Collect$$rtexit$$00000004  c_w.l(rtexit2.o)
    0x0800028e   0x0800028e   0x00000002   PAD
    0x08000290   0x08000290   0x00000040   Code   RO          443  * .text               startup_stm32f446xx.o
    0x080002d0   0x080002d0   0x0000003e   Code   RO          465    .text               c_w.l(strlen.o)
    0x0800030e   0x0800030e   0x00000006   Code   RO          469    .text               c_w.l(heapauxi.o)
    0x08000314   0x08000314   0x0000004a   Code   RO          489    .text               c_w.l(sys_stackheap_outer.o)
    0x0800035e   0x0800035e   0x00000012   Code   RO          491    .text               c_w.l(exit.o)
    0x08000370   0x08000370   0x00000008   Code   RO          499    .text               c_w.l(libspace.o)
    0x08000378   0x08000378   0x0000000c   Code   RO          562    .text               c_w.l(sys_exit.o)
    0x08000384   0x08000384   0x00000002   Code   RO          577    .text               c_w.l(use_no_semi.o)
    0x08000386   0x08000386   0x00000000   Code   RO          579    .text               c_w.l(indicate_semi.o)
    0x08000386   0x08000386   0x00000002   PAD
    0x08000388   0x08000388   0x00000010   Code   RO           76    .text.CS_Low        spi.o
    0x08000398   0x08000398   0x00000484   Code   RO           42    .text.Display_Init  ili9341.o
    0x0800081c   0x0800081c   0x000000ac   Code   RO           18    .text.Draw_Bitmap   ili9341.o
    0x080008c8   0x080008c8   0x00000172   Code   RO           10    .text.Draw_Char_BG  ili9341.o
    0x08000a3a   0x08000a3a   0x00000002   PAD
    0x08000a3c   0x08000a3c   0x00000048   Code   RO           16    .text.Draw_Pixel    ili9341.o
    0x08000a84   0x08000a84   0x0000011c   Code   RO            8    .text.Draw_String_BG  ili9341.o
    0x08000ba0   0x08000ba0   0x0000011c   Code   RO           95    .text.EXTI15_10_IRQHandler  testmain.o
    0x08000cbc   0x08000cbc   0x000001c4   Code   RO           97    .text.EXTI4_IRQHandler  testmain.o
    0x08000e80   0x08000e80   0x0000006e   Code   RO          384    .text.Encoder_TIM_init  rotary_encoder.o
    0x08000eee   0x08000eee   0x00000002   PAD
    0x08000ef0   0x08000ef0   0x000000c2   Code   RO          386    .text.Encoder_init  rotary_encoder.o
    0x08000fb2   0x08000fb2   0x00000002   PAD
    0x08000fb4   0x08000fb4   0x000000aa   Code   RO           26    .text.Fill_Color    ili9341.o
    0x0800105e   0x0800105e   0x00000002   PAD
    0x08001060   0x08001060   0x0000010e   Code   RO           46    .text.Fill_Rect     ili9341.o
    0x0800116e   0x0800116e   0x00000002   PAD
    0x08001170   0x08001170   0x0000005a   Code   RO           24    .text.Fill_Screen   ili9341.o
    0x080011ca   0x080011ca   0x00000002   PAD
    0x080011cc   0x080011cc   0x0000005a   Code   RO           44    .text.GPIO_PinMode_Setup  ili9341.o
    0x08001226   0x08001226   0x00000002   PAD
    0x08001228   0x08001228   0x0000014c   Code   RO          375    .text.I2C1_byteRead  i2c.o
    0x08001374   0x08001374   0x000000ee   Code   RO          373    .text.I2C1_byteWrite  i2c.o
    0x08001462   0x08001462   0x00000002   PAD
    0x08001464   0x08001464   0x000000a4   Code   RO          371    .text.I2C_init      i2c.o
    0x08001508   0x08001508   0x0000003a   Code   RO           38    .text.ILI_8Bit_Command  ili9341.o
    0x08001542   0x08001542   0x00000002   PAD
    0x08001544   0x08001544   0x0000003a   Code   RO           22    .text.ILI_8Bit_Data  ili9341.o
    0x0800157e   0x0800157e   0x00000002   PAD
    0x08001580   0x08001580   0x0000001c   Code   RO           30    .text.ILI_Push_16Bit  ili9341.o
    0x0800159c   0x0800159c   0x0000072c   Code   RO           93    .text.MENU_SCREENS  testmain.o
    0x08001cc8   0x08001cc8   0x000002a4   Code   RO          105    .text.Read_Date     testmain.o
    0x08001f6c   0x08001f6c   0x0000015e   Code   RO           40    .text.Rotate_Display  ili9341.o
    0x080020ca   0x080020ca   0x00000002   PAD
    0x080020cc   0x080020cc   0x00000012   Code   RO           74    .text.SPI_Enable    spi.o
    0x080020de   0x080020de   0x00000002   PAD
    0x080020e0   0x080020e0   0x000000b4   Code   RO           72    .text.SPI_GPIO      spi.o
    0x08002194   0x08002194   0x00000058   Code   RO           70    .text.SPI_Init      spi.o
    0x080021ec   0x080021ec   0x0000009e   Code   RO           80    .text.SPI_Transmit  spi.o
    0x0800228a   0x0800228a   0x00000002   PAD
    0x0800228c   0x0800228c   0x0000004a   Code   RO           20    .text.Set_Address_Window  ili9341.o
    0x080022d6   0x080022d6   0x00000002   PAD
    0x080022d8   0x080022d8   0x0000003a   Code   RO          103    .text.Set_Date      testmain.o
    0x08002312   0x08002312   0x00000002   PAD
    0x08002314   0x08002314   0x000002de   Code   RO          107    .text.Set_TD        testmain.o
    0x080025f2   0x080025f2   0x00000002   PAD
    0x080025f4   0x080025f4   0x0000003a   Code   RO          101    .text.Set_Time      testmain.o
    0x0800262e   0x0800262e   0x00000002   PAD
    0x08002630   0x08002630   0x0000002e   Code   RO            2    .text.SysTick_Init  ili9341.o
    0x0800265e   0x0800265e   0x00000002   PAD
    0x08002660   0x08002660   0x00000012   Code   RO          450    .text.SystemInit    system_stm32f4xx.o
    0x08002672   0x08002672   0x00000002   PAD
    0x08002674   0x08002674   0x00000014   Code   RO           99    .text.TIM3_IRQHandler  testmain.o
    0x08002688   0x08002688   0x00000030   Code   RO          337    .text.__NVIC_EnableIRQ  hall.o
    0x080026b8   0x080026b8   0x00000030   Code   RO          388    .text.__NVIC_EnableIRQ  rotary_encoder.o
    0x080026e8   0x080026e8   0x00000042   Code   RO            4    .text.delayMS       ili9341.o
    0x0800272a   0x0800272a   0x00000002   PAD
    0x0800272c   0x0800272c   0x00000042   Code   RO            6    .text.delayMicroS   ili9341.o
    0x0800276e   0x0800276e   0x00000002   PAD
    0x08002770   0x08002770   0x000000aa   Code   RO          335    .text.hallEffect_pinInit  hall.o
    0x0800281a   0x0800281a   0x00000002   PAD
    0x0800281c   0x0800281c   0x000000dc   Code   RO           91    .text.main          testmain.o
    0x080028f8   0x080028f8   0x00000082   Code   RO          354    .text.stepper_init  stepper.o
    0x0800297a   0x0800297a   0x00000002   PAD
    0x0800297c   0x0800297c   0x00000174   Code   RO          346    .text.timer_init    timers.o
    0x08002af0   0x08002af0   0x0000001a   Code   RO          560    x$fpl$fpinit        fz_wm.l(fpinit.o)
    0x08002b0a   0x08002b0a   0x00000002   PAD
    0x08002b0c   0x08002b0c   0x00000008   Data   RO          130    .rodata.font_ubuntu_mono_24  testmain.o
    0x08002b14   0x08002b14   0x0000000c   Data   RO          137    .rodata.font_ubuntu_mono_24_0x20  testmain.o
    0x08002b20   0x08002b20   0x0000000c   Data   RO          138    .rodata.font_ubuntu_mono_24_0x21  testmain.o
    0x08002b2c   0x08002b2c   0x0000000c   Data   RO          139    .rodata.font_ubuntu_mono_24_0x22  testmain.o
    0x08002b38   0x08002b38   0x0000000c   Data   RO          140    .rodata.font_ubuntu_mono_24_0x23  testmain.o
    0x08002b44   0x08002b44   0x0000000c   Data   RO          141    .rodata.font_ubuntu_mono_24_0x24  testmain.o
    0x08002b50   0x08002b50   0x0000000c   Data   RO          142    .rodata.font_ubuntu_mono_24_0x25  testmain.o
    0x08002b5c   0x08002b5c   0x0000000c   Data   RO          143    .rodata.font_ubuntu_mono_24_0x26  testmain.o
    0x08002b68   0x08002b68   0x0000000c   Data   RO          144    .rodata.font_ubuntu_mono_24_0x27  testmain.o
    0x08002b74   0x08002b74   0x0000000c   Data   RO          145    .rodata.font_ubuntu_mono_24_0x28  testmain.o
    0x08002b80   0x08002b80   0x0000000c   Data   RO          146    .rodata.font_ubuntu_mono_24_0x29  testmain.o
    0x08002b8c   0x08002b8c   0x0000000c   Data   RO          147    .rodata.font_ubuntu_mono_24_0x2a  testmain.o
    0x08002b98   0x08002b98   0x0000000c   Data   RO          148    .rodata.font_ubuntu_mono_24_0x2b  testmain.o
    0x08002ba4   0x08002ba4   0x0000000c   Data   RO          149    .rodata.font_ubuntu_mono_24_0x2c  testmain.o
    0x08002bb0   0x08002bb0   0x0000000c   Data   RO          150    .rodata.font_ubuntu_mono_24_0x2d  testmain.o
    0x08002bbc   0x08002bbc   0x0000000c   Data   RO          151    .rodata.font_ubuntu_mono_24_0x2e  testmain.o
    0x08002bc8   0x08002bc8   0x0000000c   Data   RO          152    .rodata.font_ubuntu_mono_24_0x2f  testmain.o
    0x08002bd4   0x08002bd4   0x0000000c   Data   RO          153    .rodata.font_ubuntu_mono_24_0x30  testmain.o
    0x08002be0   0x08002be0   0x0000000c   Data   RO          154    .rodata.font_ubuntu_mono_24_0x31  testmain.o
    0x08002bec   0x08002bec   0x0000000c   Data   RO          155    .rodata.font_ubuntu_mono_24_0x32  testmain.o
    0x08002bf8   0x08002bf8   0x0000000c   Data   RO          156    .rodata.font_ubuntu_mono_24_0x33  testmain.o
    0x08002c04   0x08002c04   0x0000000c   Data   RO          157    .rodata.font_ubuntu_mono_24_0x34  testmain.o
    0x08002c10   0x08002c10   0x0000000c   Data   RO          158    .rodata.font_ubuntu_mono_24_0x35  testmain.o
    0x08002c1c   0x08002c1c   0x0000000c   Data   RO          159    .rodata.font_ubuntu_mono_24_0x36  testmain.o
    0x08002c28   0x08002c28   0x0000000c   Data   RO          160    .rodata.font_ubuntu_mono_24_0x37  testmain.o
    0x08002c34   0x08002c34   0x0000000c   Data   RO          161    .rodata.font_ubuntu_mono_24_0x38  testmain.o
    0x08002c40   0x08002c40   0x0000000c   Data   RO          162    .rodata.font_ubuntu_mono_24_0x39  testmain.o
    0x08002c4c   0x08002c4c   0x0000000c   Data   RO          163    .rodata.font_ubuntu_mono_24_0x3a  testmain.o
    0x08002c58   0x08002c58   0x0000000c   Data   RO          164    .rodata.font_ubuntu_mono_24_0x3b  testmain.o
    0x08002c64   0x08002c64   0x0000000c   Data   RO          165    .rodata.font_ubuntu_mono_24_0x3c  testmain.o
    0x08002c70   0x08002c70   0x0000000c   Data   RO          166    .rodata.font_ubuntu_mono_24_0x3d  testmain.o
    0x08002c7c   0x08002c7c   0x0000000c   Data   RO          167    .rodata.font_ubuntu_mono_24_0x3e  testmain.o
    0x08002c88   0x08002c88   0x0000000c   Data   RO          168    .rodata.font_ubuntu_mono_24_0x3f  testmain.o
    0x08002c94   0x08002c94   0x0000000c   Data   RO          169    .rodata.font_ubuntu_mono_24_0x40  testmain.o
    0x08002ca0   0x08002ca0   0x0000000c   Data   RO          170    .rodata.font_ubuntu_mono_24_0x41  testmain.o
    0x08002cac   0x08002cac   0x0000000c   Data   RO          171    .rodata.font_ubuntu_mono_24_0x42  testmain.o
    0x08002cb8   0x08002cb8   0x0000000c   Data   RO          172    .rodata.font_ubuntu_mono_24_0x43  testmain.o
    0x08002cc4   0x08002cc4   0x0000000c   Data   RO          173    .rodata.font_ubuntu_mono_24_0x44  testmain.o
    0x08002cd0   0x08002cd0   0x0000000c   Data   RO          174    .rodata.font_ubuntu_mono_24_0x45  testmain.o
    0x08002cdc   0x08002cdc   0x0000000c   Data   RO          175    .rodata.font_ubuntu_mono_24_0x46  testmain.o
    0x08002ce8   0x08002ce8   0x0000000c   Data   RO          176    .rodata.font_ubuntu_mono_24_0x47  testmain.o
    0x08002cf4   0x08002cf4   0x0000000c   Data   RO          177    .rodata.font_ubuntu_mono_24_0x48  testmain.o
    0x08002d00   0x08002d00   0x0000000c   Data   RO          178    .rodata.font_ubuntu_mono_24_0x49  testmain.o
    0x08002d0c   0x08002d0c   0x0000000c   Data   RO          179    .rodata.font_ubuntu_mono_24_0x4a  testmain.o
    0x08002d18   0x08002d18   0x0000000c   Data   RO          180    .rodata.font_ubuntu_mono_24_0x4b  testmain.o
    0x08002d24   0x08002d24   0x0000000c   Data   RO          181    .rodata.font_ubuntu_mono_24_0x4c  testmain.o
    0x08002d30   0x08002d30   0x0000000c   Data   RO          182    .rodata.font_ubuntu_mono_24_0x4d  testmain.o
    0x08002d3c   0x08002d3c   0x0000000c   Data   RO          183    .rodata.font_ubuntu_mono_24_0x4e  testmain.o
    0x08002d48   0x08002d48   0x0000000c   Data   RO          184    .rodata.font_ubuntu_mono_24_0x4f  testmain.o
    0x08002d54   0x08002d54   0x0000000c   Data   RO          185    .rodata.font_ubuntu_mono_24_0x50  testmain.o
    0x08002d60   0x08002d60   0x0000000c   Data   RO          186    .rodata.font_ubuntu_mono_24_0x51  testmain.o
    0x08002d6c   0x08002d6c   0x0000000c   Data   RO          187    .rodata.font_ubuntu_mono_24_0x52  testmain.o
    0x08002d78   0x08002d78   0x0000000c   Data   RO          188    .rodata.font_ubuntu_mono_24_0x53  testmain.o
    0x08002d84   0x08002d84   0x0000000c   Data   RO          189    .rodata.font_ubuntu_mono_24_0x54  testmain.o
    0x08002d90   0x08002d90   0x0000000c   Data   RO          190    .rodata.font_ubuntu_mono_24_0x55  testmain.o
    0x08002d9c   0x08002d9c   0x0000000c   Data   RO          191    .rodata.font_ubuntu_mono_24_0x56  testmain.o
    0x08002da8   0x08002da8   0x0000000c   Data   RO          192    .rodata.font_ubuntu_mono_24_0x57  testmain.o
    0x08002db4   0x08002db4   0x0000000c   Data   RO          193    .rodata.font_ubuntu_mono_24_0x58  testmain.o
    0x08002dc0   0x08002dc0   0x0000000c   Data   RO          194    .rodata.font_ubuntu_mono_24_0x59  testmain.o
    0x08002dcc   0x08002dcc   0x0000000c   Data   RO          195    .rodata.font_ubuntu_mono_24_0x5a  testmain.o
    0x08002dd8   0x08002dd8   0x0000000c   Data   RO          196    .rodata.font_ubuntu_mono_24_0x5b  testmain.o
    0x08002de4   0x08002de4   0x0000000c   Data   RO          197    .rodata.font_ubuntu_mono_24_0x5c  testmain.o
    0x08002df0   0x08002df0   0x0000000c   Data   RO          198    .rodata.font_ubuntu_mono_24_0x5d  testmain.o
    0x08002dfc   0x08002dfc   0x0000000c   Data   RO          199    .rodata.font_ubuntu_mono_24_0x5e  testmain.o
    0x08002e08   0x08002e08   0x0000000c   Data   RO          200    .rodata.font_ubuntu_mono_24_0x5f  testmain.o
    0x08002e14   0x08002e14   0x0000000c   Data   RO          201    .rodata.font_ubuntu_mono_24_0x60  testmain.o
    0x08002e20   0x08002e20   0x0000000c   Data   RO          202    .rodata.font_ubuntu_mono_24_0x61  testmain.o
    0x08002e2c   0x08002e2c   0x0000000c   Data   RO          203    .rodata.font_ubuntu_mono_24_0x62  testmain.o
    0x08002e38   0x08002e38   0x0000000c   Data   RO          204    .rodata.font_ubuntu_mono_24_0x63  testmain.o
    0x08002e44   0x08002e44   0x0000000c   Data   RO          205    .rodata.font_ubuntu_mono_24_0x64  testmain.o
    0x08002e50   0x08002e50   0x0000000c   Data   RO          206    .rodata.font_ubuntu_mono_24_0x65  testmain.o
    0x08002e5c   0x08002e5c   0x0000000c   Data   RO          207    .rodata.font_ubuntu_mono_24_0x66  testmain.o
    0x08002e68   0x08002e68   0x0000000c   Data   RO          208    .rodata.font_ubuntu_mono_24_0x67  testmain.o
    0x08002e74   0x08002e74   0x0000000c   Data   RO          209    .rodata.font_ubuntu_mono_24_0x68  testmain.o
    0x08002e80   0x08002e80   0x0000000c   Data   RO          210    .rodata.font_ubuntu_mono_24_0x69  testmain.o
    0x08002e8c   0x08002e8c   0x0000000c   Data   RO          211    .rodata.font_ubuntu_mono_24_0x6a  testmain.o
    0x08002e98   0x08002e98   0x0000000c   Data   RO          212    .rodata.font_ubuntu_mono_24_0x6b  testmain.o
    0x08002ea4   0x08002ea4   0x0000000c   Data   RO          213    .rodata.font_ubuntu_mono_24_0x6c  testmain.o
    0x08002eb0   0x08002eb0   0x0000000c   Data   RO          214    .rodata.font_ubuntu_mono_24_0x6d  testmain.o
    0x08002ebc   0x08002ebc   0x0000000c   Data   RO          215    .rodata.font_ubuntu_mono_24_0x6e  testmain.o
    0x08002ec8   0x08002ec8   0x0000000c   Data   RO          216    .rodata.font_ubuntu_mono_24_0x6f  testmain.o
    0x08002ed4   0x08002ed4   0x0000000c   Data   RO          217    .rodata.font_ubuntu_mono_24_0x70  testmain.o
    0x08002ee0   0x08002ee0   0x0000000c   Data   RO          218    .rodata.font_ubuntu_mono_24_0x71  testmain.o
    0x08002eec   0x08002eec   0x0000000c   Data   RO          219    .rodata.font_ubuntu_mono_24_0x72  testmain.o
    0x08002ef8   0x08002ef8   0x0000000c   Data   RO          220    .rodata.font_ubuntu_mono_24_0x73  testmain.o
    0x08002f04   0x08002f04   0x0000000c   Data   RO          221    .rodata.font_ubuntu_mono_24_0x74  testmain.o
    0x08002f10   0x08002f10   0x0000000c   Data   RO          222    .rodata.font_ubuntu_mono_24_0x75  testmain.o
    0x08002f1c   0x08002f1c   0x0000000c   Data   RO          223    .rodata.font_ubuntu_mono_24_0x76  testmain.o
    0x08002f28   0x08002f28   0x0000000c   Data   RO          224    .rodata.font_ubuntu_mono_24_0x77  testmain.o
    0x08002f34   0x08002f34   0x0000000c   Data   RO          225    .rodata.font_ubuntu_mono_24_0x78  testmain.o
    0x08002f40   0x08002f40   0x0000000c   Data   RO          226    .rodata.font_ubuntu_mono_24_0x79  testmain.o
    0x08002f4c   0x08002f4c   0x0000000c   Data   RO          227    .rodata.font_ubuntu_mono_24_0x7a  testmain.o
    0x08002f58   0x08002f58   0x0000000c   Data   RO          228    .rodata.font_ubuntu_mono_24_0x7b  testmain.o
    0x08002f64   0x08002f64   0x0000000c   Data   RO          229    .rodata.font_ubuntu_mono_24_0x7c  testmain.o
    0x08002f70   0x08002f70   0x0000000c   Data   RO          230    .rodata.font_ubuntu_mono_24_0x7d  testmain.o
    0x08002f7c   0x08002f7c   0x0000000c   Data   RO          231    .rodata.font_ubuntu_mono_24_0x7e  testmain.o
    0x08002f88   0x08002f88   0x000002f8   Data   RO          136    .rodata.font_ubuntu_mono_24_array  testmain.o
    0x08003280   0x08003280   0x00000030   Data   RO          232    .rodata.image_data_font_ubuntu_mono_24_0x20  testmain.o
    0x080032b0   0x080032b0   0x00000030   Data   RO          233    .rodata.image_data_font_ubuntu_mono_24_0x21  testmain.o
    0x080032e0   0x080032e0   0x00000030   Data   RO          234    .rodata.image_data_font_ubuntu_mono_24_0x22  testmain.o
    0x08003310   0x08003310   0x00000030   Data   RO          235    .rodata.image_data_font_ubuntu_mono_24_0x23  testmain.o
    0x08003340   0x08003340   0x00000030   Data   RO          236    .rodata.image_data_font_ubuntu_mono_24_0x24  testmain.o
    0x08003370   0x08003370   0x00000030   Data   RO          237    .rodata.image_data_font_ubuntu_mono_24_0x25  testmain.o
    0x080033a0   0x080033a0   0x00000030   Data   RO          238    .rodata.image_data_font_ubuntu_mono_24_0x26  testmain.o
    0x080033d0   0x080033d0   0x00000030   Data   RO          239    .rodata.image_data_font_ubuntu_mono_24_0x27  testmain.o
    0x08003400   0x08003400   0x00000030   Data   RO          240    .rodata.image_data_font_ubuntu_mono_24_0x28  testmain.o
    0x08003430   0x08003430   0x00000030   Data   RO          241    .rodata.image_data_font_ubuntu_mono_24_0x29  testmain.o
    0x08003460   0x08003460   0x00000030   Data   RO          242    .rodata.image_data_font_ubuntu_mono_24_0x2a  testmain.o
    0x08003490   0x08003490   0x00000030   Data   RO          243    .rodata.image_data_font_ubuntu_mono_24_0x2b  testmain.o
    0x080034c0   0x080034c0   0x00000030   Data   RO          244    .rodata.image_data_font_ubuntu_mono_24_0x2c  testmain.o
    0x080034f0   0x080034f0   0x00000030   Data   RO          245    .rodata.image_data_font_ubuntu_mono_24_0x2d  testmain.o
    0x08003520   0x08003520   0x00000030   Data   RO          246    .rodata.image_data_font_ubuntu_mono_24_0x2e  testmain.o
    0x08003550   0x08003550   0x00000030   Data   RO          247    .rodata.image_data_font_ubuntu_mono_24_0x2f  testmain.o
    0x08003580   0x08003580   0x00000030   Data   RO          248    .rodata.image_data_font_ubuntu_mono_24_0x30  testmain.o
    0x080035b0   0x080035b0   0x00000030   Data   RO          249    .rodata.image_data_font_ubuntu_mono_24_0x31  testmain.o
    0x080035e0   0x080035e0   0x00000030   Data   RO          250    .rodata.image_data_font_ubuntu_mono_24_0x32  testmain.o
    0x08003610   0x08003610   0x00000030   Data   RO          251    .rodata.image_data_font_ubuntu_mono_24_0x33  testmain.o
    0x08003640   0x08003640   0x00000030   Data   RO          252    .rodata.image_data_font_ubuntu_mono_24_0x34  testmain.o
    0x08003670   0x08003670   0x00000030   Data   RO          253    .rodata.image_data_font_ubuntu_mono_24_0x35  testmain.o
    0x080036a0   0x080036a0   0x00000030   Data   RO          254    .rodata.image_data_font_ubuntu_mono_24_0x36  testmain.o
    0x080036d0   0x080036d0   0x00000030   Data   RO          255    .rodata.image_data_font_ubuntu_mono_24_0x37  testmain.o
    0x08003700   0x08003700   0x00000030   Data   RO          256    .rodata.image_data_font_ubuntu_mono_24_0x38  testmain.o
    0x08003730   0x08003730   0x00000030   Data   RO          257    .rodata.image_data_font_ubuntu_mono_24_0x39  testmain.o
    0x08003760   0x08003760   0x00000030   Data   RO          258    .rodata.image_data_font_ubuntu_mono_24_0x3a  testmain.o
    0x08003790   0x08003790   0x00000030   Data   RO          259    .rodata.image_data_font_ubuntu_mono_24_0x3b  testmain.o
    0x080037c0   0x080037c0   0x00000030   Data   RO          260    .rodata.image_data_font_ubuntu_mono_24_0x3c  testmain.o
    0x080037f0   0x080037f0   0x00000030   Data   RO          261    .rodata.image_data_font_ubuntu_mono_24_0x3d  testmain.o
    0x08003820   0x08003820   0x00000030   Data   RO          262    .rodata.image_data_font_ubuntu_mono_24_0x3e  testmain.o
    0x08003850   0x08003850   0x00000030   Data   RO          263    .rodata.image_data_font_ubuntu_mono_24_0x3f  testmain.o
    0x08003880   0x08003880   0x00000030   Data   RO          264    .rodata.image_data_font_ubuntu_mono_24_0x40  testmain.o
    0x080038b0   0x080038b0   0x00000030   Data   RO          265    .rodata.image_data_font_ubuntu_mono_24_0x41  testmain.o
    0x080038e0   0x080038e0   0x00000030   Data   RO          266    .rodata.image_data_font_ubuntu_mono_24_0x42  testmain.o
    0x08003910   0x08003910   0x00000030   Data   RO          267    .rodata.image_data_font_ubuntu_mono_24_0x43  testmain.o
    0x08003940   0x08003940   0x00000030   Data   RO          268    .rodata.image_data_font_ubuntu_mono_24_0x44  testmain.o
    0x08003970   0x08003970   0x00000030   Data   RO          269    .rodata.image_data_font_ubuntu_mono_24_0x45  testmain.o
    0x080039a0   0x080039a0   0x00000030   Data   RO          270    .rodata.image_data_font_ubuntu_mono_24_0x46  testmain.o
    0x080039d0   0x080039d0   0x00000030   Data   RO          271    .rodata.image_data_font_ubuntu_mono_24_0x47  testmain.o
    0x08003a00   0x08003a00   0x00000030   Data   RO          272    .rodata.image_data_font_ubuntu_mono_24_0x48  testmain.o
    0x08003a30   0x08003a30   0x00000030   Data   RO          273    .rodata.image_data_font_ubuntu_mono_24_0x49  testmain.o
    0x08003a60   0x08003a60   0x00000030   Data   RO          274    .rodata.image_data_font_ubuntu_mono_24_0x4a  testmain.o
    0x08003a90   0x08003a90   0x00000030   Data   RO          275    .rodata.image_data_font_ubuntu_mono_24_0x4b  testmain.o
    0x08003ac0   0x08003ac0   0x00000030   Data   RO          276    .rodata.image_data_font_ubuntu_mono_24_0x4c  testmain.o
    0x08003af0   0x08003af0   0x00000030   Data   RO          277    .rodata.image_data_font_ubuntu_mono_24_0x4d  testmain.o
    0x08003b20   0x08003b20   0x00000030   Data   RO          278    .rodata.image_data_font_ubuntu_mono_24_0x4e  testmain.o
    0x08003b50   0x08003b50   0x00000030   Data   RO          279    .rodata.image_data_font_ubuntu_mono_24_0x4f  testmain.o
    0x08003b80   0x08003b80   0x00000030   Data   RO          280    .rodata.image_data_font_ubuntu_mono_24_0x50  testmain.o
    0x08003bb0   0x08003bb0   0x00000030   Data   RO          281    .rodata.image_data_font_ubuntu_mono_24_0x51  testmain.o
    0x08003be0   0x08003be0   0x00000030   Data   RO          282    .rodata.image_data_font_ubuntu_mono_24_0x52  testmain.o
    0x08003c10   0x08003c10   0x00000030   Data   RO          283    .rodata.image_data_font_ubuntu_mono_24_0x53  testmain.o
    0x08003c40   0x08003c40   0x00000030   Data   RO          284    .rodata.image_data_font_ubuntu_mono_24_0x54  testmain.o
    0x08003c70   0x08003c70   0x00000030   Data   RO          285    .rodata.image_data_font_ubuntu_mono_24_0x55  testmain.o
    0x08003ca0   0x08003ca0   0x00000030   Data   RO          286    .rodata.image_data_font_ubuntu_mono_24_0x56  testmain.o
    0x08003cd0   0x08003cd0   0x00000030   Data   RO          287    .rodata.image_data_font_ubuntu_mono_24_0x57  testmain.o
    0x08003d00   0x08003d00   0x00000030   Data   RO          288    .rodata.image_data_font_ubuntu_mono_24_0x58  testmain.o
    0x08003d30   0x08003d30   0x00000030   Data   RO          289    .rodata.image_data_font_ubuntu_mono_24_0x59  testmain.o
    0x08003d60   0x08003d60   0x00000030   Data   RO          290    .rodata.image_data_font_ubuntu_mono_24_0x5a  testmain.o
    0x08003d90   0x08003d90   0x00000030   Data   RO          291    .rodata.image_data_font_ubuntu_mono_24_0x5b  testmain.o
    0x08003dc0   0x08003dc0   0x00000030   Data   RO          292    .rodata.image_data_font_ubuntu_mono_24_0x5c  testmain.o
    0x08003df0   0x08003df0   0x00000030   Data   RO          293    .rodata.image_data_font_ubuntu_mono_24_0x5d  testmain.o
    0x08003e20   0x08003e20   0x00000030   Data   RO          294    .rodata.image_data_font_ubuntu_mono_24_0x5e  testmain.o
    0x08003e50   0x08003e50   0x00000030   Data   RO          295    .rodata.image_data_font_ubuntu_mono_24_0x5f  testmain.o
    0x08003e80   0x08003e80   0x00000030   Data   RO          296    .rodata.image_data_font_ubuntu_mono_24_0x60  testmain.o
    0x08003eb0   0x08003eb0   0x00000030   Data   RO          297    .rodata.image_data_font_ubuntu_mono_24_0x61  testmain.o
    0x08003ee0   0x08003ee0   0x00000030   Data   RO          298    .rodata.image_data_font_ubuntu_mono_24_0x62  testmain.o
    0x08003f10   0x08003f10   0x00000030   Data   RO          299    .rodata.image_data_font_ubuntu_mono_24_0x63  testmain.o
    0x08003f40   0x08003f40   0x00000030   Data   RO          300    .rodata.image_data_font_ubuntu_mono_24_0x64  testmain.o
    0x08003f70   0x08003f70   0x00000030   Data   RO          301    .rodata.image_data_font_ubuntu_mono_24_0x65  testmain.o
    0x08003fa0   0x08003fa0   0x00000030   Data   RO          302    .rodata.image_data_font_ubuntu_mono_24_0x66  testmain.o
    0x08003fd0   0x08003fd0   0x00000030   Data   RO          303    .rodata.image_data_font_ubuntu_mono_24_0x67  testmain.o
    0x08004000   0x08004000   0x00000030   Data   RO          304    .rodata.image_data_font_ubuntu_mono_24_0x68  testmain.o
    0x08004030   0x08004030   0x00000030   Data   RO          305    .rodata.image_data_font_ubuntu_mono_24_0x69  testmain.o
    0x08004060   0x08004060   0x00000030   Data   RO          306    .rodata.image_data_font_ubuntu_mono_24_0x6a  testmain.o
    0x08004090   0x08004090   0x00000030   Data   RO          307    .rodata.image_data_font_ubuntu_mono_24_0x6b  testmain.o
    0x080040c0   0x080040c0   0x00000030   Data   RO          308    .rodata.image_data_font_ubuntu_mono_24_0x6c  testmain.o
    0x080040f0   0x080040f0   0x00000030   Data   RO          309    .rodata.image_data_font_ubuntu_mono_24_0x6d  testmain.o
    0x08004120   0x08004120   0x00000030   Data   RO          310    .rodata.image_data_font_ubuntu_mono_24_0x6e  testmain.o
    0x08004150   0x08004150   0x00000030   Data   RO          311    .rodata.image_data_font_ubuntu_mono_24_0x6f  testmain.o
    0x08004180   0x08004180   0x00000030   Data   RO          312    .rodata.image_data_font_ubuntu_mono_24_0x70  testmain.o
    0x080041b0   0x080041b0   0x00000030   Data   RO          313    .rodata.image_data_font_ubuntu_mono_24_0x71  testmain.o
    0x080041e0   0x080041e0   0x00000030   Data   RO          314    .rodata.image_data_font_ubuntu_mono_24_0x72  testmain.o
    0x08004210   0x08004210   0x00000030   Data   RO          315    .rodata.image_data_font_ubuntu_mono_24_0x73  testmain.o
    0x08004240   0x08004240   0x00000030   Data   RO          316    .rodata.image_data_font_ubuntu_mono_24_0x74  testmain.o
    0x08004270   0x08004270   0x00000030   Data   RO          317    .rodata.image_data_font_ubuntu_mono_24_0x75  testmain.o
    0x080042a0   0x080042a0   0x00000030   Data   RO          318    .rodata.image_data_font_ubuntu_mono_24_0x76  testmain.o
    0x080042d0   0x080042d0   0x00000030   Data   RO          319    .rodata.image_data_font_ubuntu_mono_24_0x77  testmain.o
    0x08004300   0x08004300   0x00000030   Data   RO          320    .rodata.image_data_font_ubuntu_mono_24_0x78  testmain.o
    0x08004330   0x08004330   0x00000030   Data   RO          321    .rodata.image_data_font_ubuntu_mono_24_0x79  testmain.o
    0x08004360   0x08004360   0x00000030   Data   RO          322    .rodata.image_data_font_ubuntu_mono_24_0x7a  testmain.o
    0x08004390   0x08004390   0x00000030   Data   RO          323    .rodata.image_data_font_ubuntu_mono_24_0x7b  testmain.o
    0x080043c0   0x080043c0   0x00000030   Data   RO          324    .rodata.image_data_font_ubuntu_mono_24_0x7c  testmain.o
    0x080043f0   0x080043f0   0x00000030   Data   RO          325    .rodata.image_data_font_ubuntu_mono_24_0x7d  testmain.o
    0x08004420   0x08004420   0x00000030   Data   RO          326    .rodata.image_data_font_ubuntu_mono_24_0x7e  testmain.o
    0x08004450   0x08004450   0x000000b3   Data   RO          132    .rodata.str1.1      testmain.o
    0x08004503   0x08004503   0x00000001   PAD
    0x08004504   0x08004504   0x0000000c   Data   RO          110    .rodata.testImage   testmain.o
    0x08004510   0x08004510   0x0000ea60   Data   RO          109    .rodata.testImageData  testmain.o
    0x08012f70   0x08012f70   0x00000020   Data   RO          635    Region$$Table       anon$$obj.o


    Execution Region ER_RW (Exec base: 0x20000000, Load base: 0x08012f90, Size: 0x00000014, Max: 0xffffffff, ABSOLUTE)

    Exec Addr    Load Addr    Size         Type   Attr      Idx    E Section Name        Object

    0x20000000   0x08012f90   0x00000002   Data   RW           51    .data.ILI_TFTheight  ili9341.o
    0x20000002   0x08012f92   0x00000002   Data   RW           50    .data.ILI_TFTwidth  ili9341.o
    0x20000004   0x08012f94   0x00000004   Data   RW          122    .data.RTC_Data_ptr  testmain.o
    0x20000008   0x08012f98   0x00000001   Data   RW          112    .data.hall2_FLAG    testmain.o
    0x20000009   0x08012f99   0x00000001   Data   RW          111    .data.hall_FLAG     testmain.o
    0x2000000a   0x08012f9a   0x00000002   PAD
    0x2000000c   0x08012f9c   0x00000004   Data   RW          118    .data.menu          testmain.o
    0x20000010   0x08012fa0   0x00000001   Data   RW          123    .data.menu_flag     testmain.o


    Execution Region ER_ZI (Exec base: 0x20000018, Load base: 0x08012fa4, Size: 0x00000688, Max: 0xffffffff, ABSOLUTE)

    Exec Addr    Load Addr    Size         Type   Attr      Idx    E Section Name        Object

    0x20000018        -       0x00000060   Zero   RW          500    .bss                c_w.l(libspace.o)
    0x20000078        -       0x00000001   Zero   RW           53    .bss.ILI_Orientation  ili9341.o
    0x20000079        -       0x00000001   Zero   RW          127    .bss.RTC_Date       testmain.o
    0x2000007a        -       0x00000001   Zero   RW          126    .bss.RTC_Hour       testmain.o
    0x2000007b        -       0x00000001   Zero   RW          125    .bss.RTC_Minute     testmain.o
    0x2000007c        -       0x00000001   Zero   RW          128    .bss.RTC_Month      testmain.o
    0x2000007d        -       0x00000001   Zero   RW          124    .bss.RTC_Second     testmain.o
    0x2000007e        -       0x00000001   Zero   RW          129    .bss.RTC_Year       testmain.o
    0x2000007f        -       0x00000001   Zero   RW          121    .bss.RTC_data       testmain.o
    0x20000080        -       0x00000001   Zero   RW          114    .bss.foodCount      testmain.o
    0x20000081   0x08012fa4   0x00000003   PAD
    0x20000084        -       0x00000004   Zero   RW          116    .bss.pos            testmain.o
    0x20000088        -       0x00000004   Zero   RW          119    .bss.state          testmain.o
    0x2000008c        -       0x00000001   Zero   RW          113    .bss.swPress        testmain.o
    0x2000008d        -       0x0000000e   Zero   RW          131    .bss.timeDate       testmain.o
    0x2000009b        -       0x00000001   Zero   RW          120    .bss.tmp            testmain.o
    0x2000009c        -       0x00000001   Zero   RW          117    .bss.value          testmain.o
    0x2000009d   0x08012fa4   0x00000003   PAD
    0x200000a0        -       0x00000200   Zero   RW          441    HEAP                startup_stm32f446xx.o
    0x200002a0        -       0x00000400   Zero   RW          440    STACK               startup_stm32f446xx.o


==============================================================================

Image component sizes


      Code (inc. data)   RO Data    RW Data    ZI Data      Debug   Object Name

       218          0          0          0          0       4728   hall.o
       734          0          0          0          0       2701   i2c.o
      3420          4          0          4          1      10342   ili9341.o
       352          0          0          0          0       5271   rotary_encoder.o
       460          0          0          0          0       2714   spi.o
        64         26        452          0       1536        888   startup_stm32f446xx.o
       130          0          0          0          0       2575   stepper.o
        18          0          0          0          0       2846   system_stm32f4xx.o
      4338         30      66659         11         33      14892   testmain.o
       372          8          0          0          0       2186   timers.o

    ----------------------------------------------------------------------
     10152         68      67144         20       1576      49143   Object Totals
         0          0         32          0          0          0   (incl. Generated)
        46          0          1          5          6          0   (incl. Padding)

    ----------------------------------------------------------------------

      Code (inc. data)   RO Data    RW Data    ZI Data      Debug   Library Member Name

         8          0          0          0          0         68   __main.o
         0          0          0          0          0          0   __rtentry.o
        12          0          0          0          0          0   __rtentry2.o
         6          0          0          0          0          0   __rtentry4.o
        94          8          0          0          0          0   __scatter.o
        26          0          0          0          0          0   __scatter_copy.o
        28          0          0          0          0          0   __scatter_zi.o
        18          0          0          0          0         80   exit.o
         6          0          0          0          0        152   heapauxi.o
         0          0          0          0          0          0   indicate_semi.o
         2          0          0          0          0          0   libinit.o
         6          0          0          0          0          0   libinit2.o
         2          0          0          0          0          0   libshutdown.o
         2          0          0          0          0          0   libshutdown2.o
         8          4          0          0         96         68   libspace.o
         2          0          0          0          0          0   rtexit.o
        10          0          0          0          0          0   rtexit2.o
        62          0          0          0          0         76   strlen.o
        12          4          0          0          0         68   sys_exit.o
        74          0          0          0          0         80   sys_stackheap_outer.o
         2          0          0          0          0         68   use_no_semi.o
        26          0          0          0          0        116   fpinit.o

    ----------------------------------------------------------------------
       416         16          0          0         96        776   Library Totals
        10          0          0          0          0          0   (incl. Padding)

    ----------------------------------------------------------------------

      Code (inc. data)   RO Data    RW Data    ZI Data      Debug   Library Name

       380         16          0          0         96        660   c_w.l
        26          0          0          0          0        116   fz_wm.l

    ----------------------------------------------------------------------
       416         16          0          0         96        776   Library Totals

    ----------------------------------------------------------------------

==============================================================================


      Code (inc. data)   RO Data    RW Data    ZI Data      Debug   

     10568         84      67144         20       1672      49619   Grand Totals
     10568         84      67144         20       1672      49619   ELF Image Totals
     10568         84      67144         20          0          0   ROM Totals

==============================================================================

    Total RO  Size (Code + RO Data)                77712 (  75.89kB)
    Total RW  Size (RW Data + ZI Data)              1692 (   1.65kB)
    Total ROM Size (Code + RO Data + RW Data)      77732 (  75.91kB)

==============================================================================

