Component: Arm Compiler for Embedded 6.22 Tool: armlink [5ee90200]

==============================================================================

Section Cross References

    ili9341.o(.ARM.exidx.text.SysTick_Init) refers to ili9341.o(.text.SysTick_Init) for [Anonymous Symbol]
    ili9341.o(.ARM.exidx.text.delayMS) refers to ili9341.o(.text.delayMS) for [Anonymous Symbol]
    ili9341.o(.ARM.exidx.text.delayMicroS) refers to ili9341.o(.text.delayMicroS) for [Anonymous Symbol]
    ili9341.o(.text.Draw_String_BG) refers to strlen.o(.text) for strlen
    ili9341.o(.text.Draw_String_BG) refers to ili9341.o(.text.Draw_Char_BG) for Draw_Char_BG
    ili9341.o(.text.Draw_String_BG) refers to ili9341.o(.data.ILI_TFTwidth) for ILI_TFTwidth
    ili9341.o(.ARM.exidx.text.Draw_String_BG) refers to ili9341.o(.text.Draw_String_BG) for [Anonymous Symbol]
    ili9341.o(.text.Draw_Char_BG) refers to ili9341.o(.text.Draw_Pixel) for Draw_Pixel
    ili9341.o(.ARM.exidx.text.Draw_Char_BG) refers to ili9341.o(.text.Draw_Char_BG) for [Anonymous Symbol]
    ili9341.o(.text.Draw_String_NoBG) refers to strlen.o(.text) for strlen
    ili9341.o(.text.Draw_String_NoBG) refers to ili9341.o(.text.Draw_Char_NoBG) for Draw_Char_NoBG
    ili9341.o(.text.Draw_String_NoBG) refers to ili9341.o(.data.ILI_TFTwidth) for ILI_TFTwidth
    ili9341.o(.ARM.exidx.text.Draw_String_NoBG) refers to ili9341.o(.text.Draw_String_NoBG) for [Anonymous Symbol]
    ili9341.o(.text.Draw_Char_NoBG) refers to ili9341.o(.text.Draw_Pixel) for Draw_Pixel
    ili9341.o(.ARM.exidx.text.Draw_Char_NoBG) refers to ili9341.o(.text.Draw_Char_NoBG) for [Anonymous Symbol]
    ili9341.o(.text.Draw_Pixel) refers to ili9341.o(.text.Set_Address_Window) for Set_Address_Window
    ili9341.o(.text.Draw_Pixel) refers to ili9341.o(.text.ILI_Push_16Bit) for ILI_Push_16Bit
    ili9341.o(.ARM.exidx.text.Draw_Pixel) refers to ili9341.o(.text.Draw_Pixel) for [Anonymous Symbol]
    ili9341.o(.text.Draw_Bitmap) refers to ili9341.o(.text.Set_Address_Window) for Set_Address_Window
    ili9341.o(.text.Draw_Bitmap) refers to ili9341.o(.text.ILI_8Bit_Data) for ILI_8Bit_Data
    ili9341.o(.ARM.exidx.text.Draw_Bitmap) refers to ili9341.o(.text.Draw_Bitmap) for [Anonymous Symbol]
    ili9341.o(.text.Set_Address_Window) refers to ili9341.o(.text.ILI_8Bit_Command) for ILI_8Bit_Command
    ili9341.o(.text.Set_Address_Window) refers to ili9341.o(.text.ILI_Push_16Bit) for ILI_Push_16Bit
    ili9341.o(.ARM.exidx.text.Set_Address_Window) refers to ili9341.o(.text.Set_Address_Window) for [Anonymous Symbol]
    ili9341.o(.text.ILI_8Bit_Data) refers to spi.o(.text.SPI_Transmit) for SPI_Transmit
    ili9341.o(.ARM.exidx.text.ILI_8Bit_Data) refers to ili9341.o(.text.ILI_8Bit_Data) for [Anonymous Symbol]
    ili9341.o(.text.Fill_Screen) refers to ili9341.o(.data.ILI_TFTwidth) for ILI_TFTwidth
    ili9341.o(.text.Fill_Screen) refers to ili9341.o(.data.ILI_TFTheight) for ILI_TFTheight
    ili9341.o(.text.Fill_Screen) refers to ili9341.o(.text.Set_Address_Window) for Set_Address_Window
    ili9341.o(.text.Fill_Screen) refers to ili9341.o(.text.Fill_Color) for Fill_Color
    ili9341.o(.ARM.exidx.text.Fill_Screen) refers to ili9341.o(.text.Fill_Screen) for [Anonymous Symbol]
    ili9341.o(.text.Fill_Color) refers to ili9341.o(.text.ILI_Push_16Bit) for ILI_Push_16Bit
    ili9341.o(.text.Fill_Color) refers to ili9341.o(.text.ILI_8Bit_Data) for ILI_8Bit_Data
    ili9341.o(.ARM.exidx.text.Fill_Color) refers to ili9341.o(.text.Fill_Color) for [Anonymous Symbol]
    ili9341.o(.text.Draw_Line) refers to ili9341.o(.text.Set_Address_Window) for Set_Address_Window
    ili9341.o(.text.Draw_Line) refers to ili9341.o(.text.ILI_Push_16Bit) for ILI_Push_16Bit
    ili9341.o(.ARM.exidx.text.Draw_Line) refers to ili9341.o(.text.Draw_Line) for [Anonymous Symbol]
    ili9341.o(.text.ILI_Push_16Bit) refers to ili9341.o(.text.ILI_8Bit_Data) for ILI_8Bit_Data
    ili9341.o(.ARM.exidx.text.ILI_Push_16Bit) refers to ili9341.o(.text.ILI_Push_16Bit) for [Anonymous Symbol]
    ili9341.o(.text.Draw_VLine) refers to ili9341.o(.text.Set_Address_Window) for Set_Address_Window
    ili9341.o(.text.Draw_VLine) refers to ili9341.o(.text.Fill_Color) for Fill_Color
    ili9341.o(.ARM.exidx.text.Draw_VLine) refers to ili9341.o(.text.Draw_VLine) for [Anonymous Symbol]
    ili9341.o(.text.Draw_HLine) refers to ili9341.o(.text.Set_Address_Window) for Set_Address_Window
    ili9341.o(.text.Draw_HLine) refers to ili9341.o(.text.Fill_Color) for Fill_Color
    ili9341.o(.ARM.exidx.text.Draw_HLine) refers to ili9341.o(.text.Draw_HLine) for [Anonymous Symbol]
    ili9341.o(.text.Invert_Display) refers to ili9341.o(.bss.Invert_Display.inv_flag) for Invert_Display.inv_flag
    ili9341.o(.text.Invert_Display) refers to ili9341.o(.text.ILI_8Bit_Command) for ILI_8Bit_Command
    ili9341.o(.ARM.exidx.text.Invert_Display) refers to ili9341.o(.text.Invert_Display) for [Anonymous Symbol]
[...]
    [Anonymous Symbol]                       0x080029c8   Section        0  testmain.o(.rodata.image_data_font_ubuntu_mono_24_0x28)
    image_data_font_ubuntu_mono_24_0x29      0x080029f8   Data          48  testmain.o(.rodata.image_data_font_ubuntu_mono_24_0x29)
    [Anonymous Symbol]                       0x080029f8   Section        0  testmain.o(.rodata.image_data_font_ubuntu_mono_24_0x29)
    image_data_font_ubuntu_mono_24_0x2a      0x08002a28   Data          48  testmain.o(.rodata.image_data_font_ubuntu_mono_24_0x2a)
    [Anonymous Symbol]                       0x08002a28   Section        0  testmain.o(.rodata.image_data_font_ubuntu_mono_24_0x2a)
    image_data_font_ubuntu_mono_24_0x2b      0x08002a58   Data          48  testmain.o(.rodata.image_data_font_ubuntu_mono_24_0x2b)
    [Anonymous Symbol]                       0x08002a58   Section        0  testmain.o(.rodata.image_data_font_ubuntu_mono_24_0x2b)
    image_data_font_ubuntu_mono_24_0x2c      0x08002a88   Data          48  testmain.o(.rodata.image_data_font_ubuntu_mono_24_0x2c)
    [Anonymous Symbol]                       0x08002a88   Section        0  testmain.o(.rodata.image_data_font_ubuntu_mono_24_0x2c)
    image_data_font_ubuntu_mono_24_0x2d      0x08002ab8   Data          48  testmain.o(.rodata.image_data_font_ubuntu_mono_24_0x2d)
    [Anonymous Symbol]                       0x08002ab8   Section        0  testmain.o(.rodata.image_data_font_ubuntu_mono_24_0x2d)
    image_data_font_ubuntu_mono_24_0x2e      0x08002ae8   Data          48  testmain.o(.rodata.image_data_font_ubuntu_mono_24_0x2e)
    [Anonymous Symbol]                       0x08002ae8   Section        0  testmain.o(.rodata.image_data_font_ubuntu_mono_24_0x2e)
    image_data_font_ubuntu_mono_24_0x2f      0x08002b18   Data          48  testmain.o(.rodata.image_data_font_ubuntu_mono_24_0x2f)
    [Anonymous Symbol]                       0x08002b18   Section        0  testmain.o(.rodata.image_data_font_ubuntu_mono_24_0x2f)
    image_data_font_ubuntu_mono_24_0x30      0x08002b48   Data          48  testmain.o(.rodata.image_data_font_ubuntu_mono_24_0x30)
    [Anonymous Symbol]                       0x08002b48   Section        0  testmain.o(.rodata.image_data_font_ubuntu_mono_24_0x30)
    image_data_font_ubuntu_mono_24_0x31      0x08002b78   Data          48  testmain.o(.rodata.image_data_font_ubuntu_mono_24_0x31)
    [Anonymous Symbol]                       0x08002b78   Section        0  testmain.o(.rodata.image_data_font_ubuntu_mono_24_0x31)
    image_data_font_ubuntu_mono_24_0x32      0x08002ba8   Data          48  testmain.o(.rodata.image_data_font_ubuntu_mono_24_0x32)
    [Anonymous Symbol]                       0x08002ba8   Section        0  testmain.o(.rodata.image_data_font_ubuntu_mono_24_0x32)
    image_data_font_ubuntu_mono_24_0x33      0x08002bd8   Data          48  testmain.o(.rodata.image_data_font_ubuntu_mono_24_0x33)
    [Anonymous Symbol]                       0x08002bd8   Section        0  testmain.o(.rodata.image_data_font_ubuntu_mono_24_0x33)
    image_data_font_ubuntu_mono_24_0x34      0x08002c08   Data          48  testmain.o(.rodata.image_data_font_ubuntu_mono_24_0x34)
    [Anonymous Symbol]                       0x08002c08   Section        0  testmain.o(.rodata.image_data_font_ubuntu_mono_24_0x34)
    image_data_font_ubuntu_mono_24_0x35      0x08002c38   Data          48  testmain.o(.rodata.image_data_font_ubuntu_mono_24_0x35)
    [Anonymous Symbol]                       0x08002c38   Section        0  testmain.o(.rodata.image_data_font_ubuntu_mono_24_0x35)
    image_data_font_ubuntu_mono_24_0x36      0x08002c68   Data          48  testmain.o(.rodata.image_data_font_ubuntu_mono_24_0x36)
    [Anonymous Symbol]                       0x08002c68   Section        0  testmain.o(.rodata.image_data_font_ubuntu_mono_24_0x36)
    image_data_font_ubuntu_mono_24_0x37      0x08002c98   Data          48  testmain.o(.rodata.image_data_font_ubuntu_mono_24_0x37)
    [Anonymous Symbol]                       0x08002c98   Section        0  testmain.o(.rodata.image_data_font_ubuntu_mono_24_0x37)
    image_data_font_ubuntu_mono_24_0x38      0x08002cc8   Data          48  testmain.o(.rodata.image_data_font_ubuntu_mono_24_0x38)
    [Anonymous Symbol]                       0x08002cc8   Section        0  testmain.o(.rodata.image_data_font_ubuntu_mono_24_0x38)
    image_data_font_ubuntu_mono_24_0x39      0x08002cf8   Data          48  testmain.o(.rodata.image_data_font_ubuntu_mono_24_0x39)
    [Anonymous Symbol]                       0x08002cf8   Section        0  testmain.o(.rodata.image_data_font_ubuntu_mono_24_0x39)
    image_data_font_ubuntu_mono_24_0x3a      0x08002d28   Data          48  testmain.o(.rodata.image_data_font_ubuntu_mono_24_0x3a)
    [Anonymous Symbol]                       0x08002d28   Section        0  testmain.o(.rodata.image_data_font_ubuntu_mono_24_0x3a)
    image_data_font_ubuntu_mono_24_0x3b      0x08002d58   Data          48  testmain.o(.rodata.image_data_font_ubuntu_mono_24_0x3b)
    [Anonymous Symbol]                       0x08002d58   Section        0  testmain.o(.rodata.image_data_font_ubuntu_mono_24_0x3b)
    image_data_font_ubuntu_mono_24_0x3c      0x08002d88   Data          48  testmain.o(.rodata.image_data_font_ubuntu_mono_24_0x3c)
    [Anonymous Symbol]                       0x08002d88   Section        0  testmain.o(.rodata.image_data_font_ubuntu_mono_24_0x3c)
    image_data_font_ubuntu_mono_24_0x3d      0x08002db8   Data          48  testmain.o(.rodata.image_data_font_ubuntu_mono_24_0x3d)
    [Anonymous Symbol]                       0x08002db8   Section        0  testmain.o(.rodata.image_data_font_ubuntu_mono_24_0x3d)
    image_data_font_ubuntu_mono_24_0x3e      0x08002de8   Data          48  testmain.o(.rodata.image_data_font_ubuntu_mono_24_0x3e)
    [Anonymous Symbol]                       0x08002de8   Section        0  testmain.o(.rodata.image_data_font_ubuntu_mono_24_0x3e)
    image_data_font_ubuntu_mono_24_0x3f      0x08002e18   Data          48  testmain.o(.rodata.image_data_font_ubuntu_mono_24_0x3f)
    [Anonymous Symbol]                       0x08002e18   Section        0  testmain.o(.rodata.image_data_font_ubuntu_mono_24_0x3f)
    image_data_font_ubuntu_mono_24_0x40      0x08002e48   Data          48  testmain.o(.rodata.image_data_font_ubuntu_mono_24_0x40)
    [Anonymous Symbol]                       0x08002e48   Section        0  testmain.o(.rodata.image_data_font_ubuntu_mono_24_0x40)
    image_data_font_ubuntu_mono_24_0x41      0x08002e78   Data          48  testmain.o(.rodata.image_data_font_ubuntu_mono_24_0x41)
    [Anonymous Symbol]                       0x08002e78   Section        0  testmain.o(.rodata.image_data_font_ubuntu_mono_24_0x41)
    image_data_font_ubuntu_mono_24_0x42      0x08002ea8   Data          48  testmain.o(.rodata.image_data_font_ubuntu_mono_24_0x42)
    [Anonymous Symbol]                       0x08002ea8   Section        0  testmain.o(.rodata.image_data_font_ubuntu_mono_24_0x42)
    image_data_font_ubuntu_mono_24_0x43      0x08002ed8   Data          48  testmain.o(.rodata.image_data_font_ubuntu_mono_24_0x43)
    [Anonymous Symbol]                       0x08002ed8   Section        0  testmain.o(.rodata.image_data_font_ubuntu_mono_24_0x43)
    image_data_font_ubuntu_mono_24_0x44      0x08002f08   Data          48  testmain.o(.rodata.image_data_font_ubuntu_mono_24_0x44)
    [Anonymous Symbol]                       0x08002f08   Section        0  testmain.o(.rodata.image_data_font_ubuntu_mono_24_0x44)
    image_data_font_ubuntu_mono_24_0x45      0x08002f38   Data          48  testmain.o(.rodata.image_data_font_ubuntu_mono_24_0x45)
    [Anonymous Symbol]                       0x08002f38   Section        0  testmain.o(.rodata.image_data_font_ubuntu_mono_24_0x45)
    image_data_font_ubuntu_mono_24_0x46      0x08002f68   Data          48  testmain.o(.rodata.image_data_font_ubuntu_mono_24_0x46)
    [Anonymous Symbol]                       0x08002f68   Section        0  testmain.o(.rodata.image_data_font_ubuntu_mono_24_0x46)
    image_data_font_ubuntu_mono_24_0x47      0x08002f98   Data          48  testmain.o(.rodata.image_data_font_ubuntu_mono_24_0x47)
    [Anonymous Symbol]                       0x08002f98   Section        0  testmain.o(.rodata.image_data_font_ubuntu_mono_24_0x47)
    image_data_font_ubuntu_mono_24_0x48      0x08002fc8   Data          48  testmain.o(.rodata.image_data_font_ubuntu_mono_24_0x48)
    [Anonymous Symbol]                       0x08002fc8   Section        0  testmain.o(.rodata.image_data_font_ubuntu_mono_24_0x48)
    image_data_font_ubuntu_mono_24_0x49      0x08002ff8   Data          48  testmain.o(.rodata.image_data_font_ubuntu_mono_24_0x49)
    [Anonymous Symbol]                       0x08002ff8   Section        0  testmain.o(.rodata.image_data_font_ubuntu_mono_24_0x49)
    image_data_font_ubuntu_mono_24_0x4a      0x08003028   Data          48  testmain.o(.rodata.image_data_font_ubuntu_mono_24_0x4a)
    [Anonymous Symbol]                       0x08003028   Section        0  testmain.o(.rodata.image_data_font_ubuntu_mono_24_0x4a)
    image_data_font_ubuntu_mono_24_0x4b      0x08003058   Data          48  testmain.o(.rodata.image_data_font_ubuntu_mono_24_0x4b)
    [Anonymous Symbol]                       0x08003058   Section        0  testmain.o(.rodata.image_data_font_ubuntu_mono_24_0x4b)
    image_data_font_ubuntu_mono_24_0x4c      0x08003088   Data          48  testmain.o(.rodata.image_data_font_ubuntu_mono_24_0x4c)
    [Anonymous Symbol]                       0x08003088   Section        0  testmain.o(.rodata.image_data_font_ubuntu_mono_24_0x4c)
    image_data_font_ubuntu_mono_24_0x4d      0x080030b8   Data          48  testmain.o(.rodata.image_data_font_ubuntu_mono_24_0x4d)
    [Anonymous Symbol]                       0x080030b8   Section        0  testmain.o(.rodata.image_data_font_ubuntu_mono_24_0x4d)
    image_data_font_ubuntu_mono_24_0x4e      0x080030e8   Data          48  testmain.o(.rodata.image_data_font_ubuntu_mono_24_0x4e)
    [Anonymous Symbol]                       0x080030e8   Section        0  testmain.o(.rodata.image_data_font_ubuntu_mono_24_0x4e)
    image_data_font_ubuntu_mono_24_0x4f      0x08003118   Data          48  testmain.o(.rodata.image_data_font_ubuntu_mono_24_0x4f)
    [Anonymous Symbol]                       0x08003118   Section        0  testmain.o(.rodata.image_data_font_ubuntu_mono_24_0x4f)
    image_data_font_ubuntu_mono_24_0x50      0x08003148   Data          48  testmain.o(.rodata.image_data_font_ubuntu_mono_24_0x50)
    [Anonymous Symbol]                       0x08003148   Section        0  testmain.o(.rodata.image_data_font_ubuntu_mono_24_0x50)
    image_data_font_ubuntu_mono_24_0x51      0x08003178   Data          48  testmain.o(.rodata.image_data_font_ubuntu_mono_24_0x51)
    [Anonymous Symbol]                       0x08003178   Section        0  testmain.o(.rodata.image_data_font_ubuntu_mono_24_0x51)
    image_data_font_ubuntu_mono_24_0x52      0x080031a8   Data          48  testmain.o(.rodata.image_data_font_ubuntu_mono_24_0x52)
    [Anonymous Symbol]                       0x080031a8   Section        0  testmain.o(.rodata.image_data_font_ubuntu_mono_24_0x52)
    image_data_font_ubuntu_mono_24_0x53      0x080031d8   Data          48  testmain.o(.rodata.image_data_font_ubuntu_mono_24_0x53)
    [Anonymous Symbol]                       0x080031d8   Section        0  testmain.o(.rodata.image_data_font_ubuntu_mono_24_0x53)
    image_data_font_ubuntu_mono_24_0x54      0x08003208   Data          48  testmain.o(.rodata.image_data_font_ubuntu_mono_24_0x54)
    [Anonymous Symbol]                       0x08003208   Section        0  testmain.o(.rodata.image_data_font_ubuntu_mono_24_0x54)
    image_data_font_ubuntu_mono_24_0x55      0x08003238   Data          48  testmain.o(.rodata.image_data_font_ubuntu_mono_24_0x55)
    [Anonymous Symbol]                       0x08003238   Section        0  testmain.o(.rodata.image_data_font_ubuntu_mono_24_0x55)
    image_data_font_ubuntu_mono_24_0x56      0x08003268   Data          48  testmain.o(.rodata.image_data_font_ubuntu_mono_24_0x56)
    [Anonymous Symbol]                       0x08003268   Section        0  testmain.o(.rodata.image_data_font_ubuntu_mono_24_0x56)
    image_data_font_ubuntu_mono_24_0x57      0x08003298   Data          48  testmain.o(.rodata.image_data_font_ubuntu_mono_24_0x57)
    [Anonymous Symbol]                       0x08003298   Section        0  testmain.o(.rodata.image_data_font_ubuntu_mono_24_0x57)
    image_data_font_ubuntu_mono_24_0x58      0x080032c8   Data          48  testmain.o(.rodata.image_data_font_ubuntu_mono_24_0x58)
    [Anonymous Symbol]                       0x080032c8   Section        0  testmain.o(.rodata.image_data_font_ubuntu_mono_24_0x58)
    image_data_font_ubuntu_mono_24_0x59      0x080032f8   Data          48  testmain.o(.rodata.image_data_font_ubuntu_mono_24_0x59)
    [Anonymous Symbol]                       0x080032f8   Section        0  testmain.o(.rodata.image_data_font_ubuntu_mono_24_0x59)
    image_data_font_ubuntu_mono_24_0x5a      0x08003328   Data          48  testmain.o(.rodata.image_data_font_ubuntu_mono_24_0x5a)
    [Anonymous Symbol]                       0x08003328   Section        0  testmain.o(.rodata.image_data_font_ubuntu_mono_24_0x5a)
    image_data_font_ubuntu_mono_24_0x5b      0x08003358   Data          48  testmain.o(.rodata.image_data_font_ubuntu_mono_24_0x5b)
    [Anonymous Symbol]                       0x08003358   Section        0  testmain.o(.rodata.image_data_font_ubuntu_mono_24_0x5b)
    image_data_font_ubuntu_mono_24_0x5c      0x08003388   Data          48  testmain.o(.rodata.image_data_font_ubuntu_mono_24_0x5c)
    [Anonymous Symbol]                       0x08003388   Section        0  testmain.o(.rodata.image_data_font_ubuntu_mono_24_0x5c)
    image_data_font_ubuntu_mono_24_0x5d      0x080033b8   Data          48  testmain.o(.rodata.image_data_font_ubuntu_mono_24_0x5d)
    [Anonymous Symbol]                       0x080033b8   Section        0  testmain.o(.rodata.image_data_font_ubuntu_mono_24_0x5d)
    image_data_font_ubuntu_mono_24_0x5e      0x080033e8   Data          48  testmain.o(.rodata.image_data_font_ubuntu_mono_24_0x5e)
    [Anonymous Symbol]                       0x080033e8   Section        0  testmain.o(.rodata.image_data_font_ubuntu_mono_24_0x5e)
    image_data_font_ubuntu_mono_24_0x5f      0x08003418   Data          48  testmain.o(.rodata.image_data_font_ubuntu_mono_24_0x5f)
    [Anonymous Symbol]                       0x08003418   Section        0  testmain.o(.rodata.image_data_font_ubuntu_mono_24_0x5f)
    image_data_font_ubuntu_mono_24_0x60      0x08003448   Data          48  testmain.o(.rodata.image_data_font_ubuntu_mono_24_0x60)
    [Anonymous Symbol]                       0x08003448   Section        0  testmain.o(.rodata.image_data_font_ubuntu_mono_24_0x60)
    image_data_font_ubuntu_mono_24_0x61      0x08003478   Data          48  testmain.o(.rodata.image_data_font_ubuntu_mono_24_0x61)
    [Anonymous Symbol]                       0x08003478   Section        0  testmain.o(.rodata.image_data_font_ubuntu_mono_24_0x61)
    image_data_font_ubuntu_mono_24_0x62      0x080034a8   Data          48  testmain.o(.rodata.image_data_font_ubuntu_mono_24_0x62)
    [Anonymous Symbol]                       0x080034a8   Section        0  testmain.o(.rodata.image_data_font_ubuntu_mono_24_0x62)
    image_data_font_ubuntu_mono_24_0x63      0x080034d8   Data          48  testmain.o(.rodata.image_data_font_ubuntu_mono_24_0x63)
    [Anonymous Symbol]                       0x080034d8   Section        0  testmain.o(.rodata.image_data_font_ubuntu_mono_24_0x63)
    image_data_font_ubuntu_mono_24_0x64      0x08003508   Data          48  testmain.o(.rodata.image_data_font_ubuntu_mono_24_0x64)
    [Anonymous Symbol]                       0x08003508   Section        0  testmain.o(.rodata.image_data_font_ubuntu_mono_24_0x64)
    image_data_font_ubuntu_mono_24_0x65      0x08003538   Data          48  testmain.o(.rodata.image_data_font_ubuntu_mono_24_0x65)
    [Anonymous Symbol]                       0x08003538   Section        0  testmain.o(.rodata.image_data_font_ubuntu_mono_24_0x65)
    image_data_font_ubuntu_mono_24_0x66      0x08003568   Data          48  testmain.o(.rodata.image_data_font_ubuntu_mono_24_0x66)
    [Anonymous Symbol]                       0x08003568   Section        0  testmain.o(.rodata.image_data_font_ubuntu_mono_24_0x66)
    image_data_font_ubuntu_mono_24_0x67      0x08003598   Data          48  testmain.o(.rodata.image_data_font_ubuntu_mono_24_0x67)
    [Anonymous Symbol]                       0x08003598   Section        0  testmain.o(.rodata.image_data_font_ubuntu_mono_24_0x67)
    image_data_font_ubuntu_mono_24_0x68      0x080035c8   Data          48  testmain.o(.rodata.image_data_font_ubuntu_mono_24_0x68)
    [Anonymous Symbol]                       0x080035c8   Section        0  testmain.o(.rodata.image_data_font_ubuntu_mono_24_0x68)
    image_data_font_ubuntu_mono_24_0x69      0x080035f8   Data          48  testmain.o(.rodata.image_data_font_ubuntu_mono_24_0x69)
    [Anonymous Symbol]                       0x080035f8   Section        0  testmain.o(.rodata.image_data_font_ubuntu_mono_24_0x69)
    image_data_font_ubuntu_mono_24_0x6a      0x08003628   Data          48  testmain.o(.rodata.image_data_font_ubuntu_mono_24_0x6a)
    [Anonymous Symbol]                       0x08003628   Section        0  testmain.o(.rodata.image_data_font_ubuntu_mono_24_0x6a)
    image_data_font_ubuntu_mono_24_0x6b      0x08003658   Data          48  testmain.o(.rodata.image_data_font_ubuntu_mono_24_0x6b)
    [Anonymous Symbol]                       0x08003658   Section        0  testmain.o(.rodata.image_data_font_ubuntu_mono_24_0x6b)
    image_data_font_ubuntu_mono_24_0x6c      0x08003688   Data          48  testmain.o(.rodata.image_data_font_ubuntu_mono_24_0x6c)
    [Anonymous Symbol]                       0x08003688   Section        0  testmain.o(.rodata.image_data_font_ubuntu_mono_24_0x6c)
    image_data_font_ubuntu_mono_24_0x6d      0x080036b8   Data          48  testmain.o(.rodata.image_data_font_ubuntu_mono_24_0x6d)
    [Anonymous Symbol]                       0x080036b8   Section        0  testmain.o(.rodata.image_data_font_ubuntu_mono_24_0x6d)
    image_data_font_ubuntu_mono_24_0x6e      0x080036e8   Data          48  testmain.o(.rodata.image_data_font_ubuntu_mono_24_0x6e)
    [Anonymous Symbol]                       0x080036e8   Section        0  testmain.o(.rodata.image_data_font_ubuntu_mono_24_0x6e)
    image_data_font_ubuntu_mono_24_0x6f      0x08003718   Data          48  testmain.o(.rodata.image_data_font_ubuntu_mono_24_0x6f)
    [Anonymous Symbol]                       0x08003718   Section        0  testmain.o(.rodata.image_data_font_ubuntu_mono_24_0x6f)
    image_data_font_ubuntu_mono_24_0x70      0x08003748   Data          48  testmain.o(.rodata.image_data_font_ubuntu_mono_24_0x70)
    [Anonymous Symbol]                       0x08003748   Section        0  testmain.o(.rodata.image_data_font_ubuntu_mono_24_0x70)
    image_data_font_ubuntu_mono_24_0x71      0x08003778   Data          48  testmain.o(.rodata.image_data_font_ubuntu_mono_24_0x71)
    [Anonymous Symbol]                       0x08003778   Section        0  testmain.o(.rodata.image_data_font_ubuntu_mono_24_0x71)
    image_data_font_ubuntu_mono_24_0x72      0x080037a8   Data          48  testmain.o(.rodata.image_data_font_ubuntu_mono_24_0x72)
    [Anonymous Symbol]                       0x080037a8   Section        0  testmain.o(.rodata.image_data_font_ubuntu_mono_24_0x72)
    image_data_font_ubuntu_mono_24_0x73      0x080037d8   Data          48  testmain.o(.rodata.image_data_font_ubuntu_mono_24_0x73)
    [Anonymous Symbol]                       0x080037d8   Section        0  testmain.o(.rodata.image_data_font_ubuntu_mono_24_0x73)
    image_data_font_ubuntu_mono_24_0x74      0x08003808   Data          48  testmain.o(.rodata.image_data_font_ubuntu_mono_24_0x74)
    [Anonymous Symbol]                       0x08003808   Section        0  testmain.o(.rodata.image_data_font_ubuntu_mono_24_0x74)
    image_data_font_ubuntu_mono_24_0x75      0x08003838   Data          48  testmain.o(.rodata.image_data_font_ubuntu_mono_24_0x75)
    [Anonymous Symbol]                       0x08003838   Section        0  testmain.o(.rodata.image_data_font_ubuntu_mono_24_0x75)
    image_data_font_ubuntu_mono_24_0x76      0x08003868   Data          48  testmain.o(.rodata.image_data_font_ubuntu_mono_24_0x76)
    [Anonymous Symbol]                       0x08003868   Section        0  testmain.o(.rodata.image_data_font_ubuntu_mono_24_0x76)
    image_data_font_ubuntu_mono_24_0x77      0x08003898   Data          48  testmain.o(.rodata.image_data_font_ubuntu_mono_24_0x77)
    [Anonymous Symbol]                       0x08003898   Section        0  testmain.o(.rodata.image_data_font_ubuntu_mono_24_0x77)
    image_data_font_ubuntu_mono_24_0x78      0x080038c8   Data          48  testmain.o(.rodata.image_data_font_ubuntu_mono_24_0x78)
    [Anonymous Symbol]                       0x080038c8   Section        0  testmain.o(.rodata.image_data_font_ubuntu_mono_24_0x78)
    image_data_font_ubuntu_mono_24_0x79      0x080038f8   Data          48  testmain.o(.rodata.image_data_font_ubuntu_mono_24_0x79)
    [Anonymous Symbol]                       0x080038f8   Section        0  testmain.o(.rodata.image_data_font_ubuntu_mono_24_0x79)
    image_data_font_ubuntu_mono_24_0x7a      0x08003928   Data          48  testmain.o(.rodata.image_data_font_ubuntu_mono_24_0x7a)
    [Anonymous Symbol]                       0x08003928   Section        0  testmain.o(.rodata.image_data_font_ubuntu_mono_24_0x7a)
    image_data_font_ubuntu_mono_24_0x7b      0x08003958   Data          48  testmain.o(.rodata.image_data_font_ubuntu_mono_24_0x7b)
    [Anonymous Symbol]                       0x08003958   Section        0  testmain.o(.rodata.image_data_font_ubuntu_mono_24_0x7b)
    image_data_font_ubuntu_mono_24_0x7c      0x08003988   Data          48  testmain.o(.rodata.image_data_font_ubuntu_mono_24_0x7c)
    [Anonymous Symbol]                       0x08003988   Section        0  testmain.o(.rodata.image_data_font_ubuntu_mono_24_0x7c)
    image_data_font_ubuntu_mono_24_0x7d      0x080039b8   Data          48  testmain.o(.rodata.image_data_font_ubuntu_mono_24_0x7d)
    [Anonymous Symbol]                       0x080039b8   Section        0  testmain.o(.rodata.image_data_font_ubuntu_mono_24_0x7d)
    image_data_font_ubuntu_mono_24_0x7e      0x080039e8   Data          48  testmain.o(.rodata.image_data_font_ubuntu_mono_24_0x7e)
    [Anonymous Symbol]                       0x080039e8   Section        0  testmain.o(.rodata.image_data_font_ubuntu_mono_24_0x7e)
    .L.str.8                                 0x08003a18   Data           2  testmain.o(.rodata.str1.1)
    [Anonymous Symbol]                       0x08003a18   Section        0  testmain.o(.rodata.str1.1)
    .L.str.10                                0x08003a1a   Data          18  testmain.o(.rodata.str1.1)
    .L.str.4                                 0x08003a2c   Data          11  testmain.o(.rodata.str1.1)
    .L.str.6                                 0x08003a37   Data           9  testmain.o(.rodata.str1.1)
    .L.str.2                                 0x08003a40   Data          11  testmain.o(.rodata.str1.1)
    .L.str.1                                 0x08003a4b   Data           6  testmain.o(.rodata.str1.1)
    .L.str.5                                 0x08003a51   Data          10  testmain.o(.rodata.str1.1)
    .L.str.7                                 0x08003a5b   Data          10  testmain.o(.rodata.str1.1)
    .L.str                                   0x08003a65   Data          10  testmain.o(.rodata.str1.1)
    .L.str.3                                 0x08003a6f   Data           9  testmain.o(.rodata.str1.1)
    .L.str.11                                0x08003a78   Data          15  testmain.o(.rodata.str1.1)
    .L.str.9                                 0x08003a87   Data          17  testmain.o(.rodata.str1.1)
    .L.str.12                                0x08003a98   Data          13  testmain.o(.rodata.str1.1)
    ILI_TFTheight                            0x20000000   Data           2  ili9341.o(.data.ILI_TFTheight)
    [Anonymous Symbol]                       0x20000000   Section        0  ili9341.o(.data.ILI_TFTheight)
    ILI_TFTwidth                             0x20000002   Data           2  ili9341.o(.data.ILI_TFTwidth)
    [Anonymous Symbol]                       0x20000002   Section        0  ili9341.o(.data.ILI_TFTwidth)
    .bss                                     0x20000008   Section       96  libspace.o(.bss)
    ILI_Orientation                          0x20000068   Data           1  ili9341.o(.bss.ILI_Orientation)
    [Anonymous Symbol]                       0x20000068   Section        0  ili9341.o(.bss.ILI_Orientation)
    Heap_Mem                                 0x20000088   Data         512  startup_stm32f446xx.o(HEAP)
    HEAP                                     0x20000088   Section      512  startup_stm32f446xx.o(HEAP)
    Stack_Mem                                0x20000288   Data        1024  startup_stm32f446xx.o(STACK)
    STACK                                    0x20000288   Section     1024  startup_stm32f446xx.o(STACK)
    __initial_sp                             0x20000688   Data           0  startup_stm32f446xx.o(STACK)

    Global Symbols

    Symbol Name                              Value     Ov Type        Size  Object(Section)

    BuildAttributes$$THM_ISAv4$E$P$D$K$B$S$7EM$VFPi3$EXTD16$VFPS$VFMA$PE$A:L22UL41UL21$X:L11$S22US41US21$IEEE1$IW$~IW$USESV6$~STKCKD$USESV7$~SHL$OSPACE$ROPI$EBA8$UX$STANDARDLIB$REQ8$PRES8$EABIv2 0x00000000   Number         0  anon$$obj.o ABSOLUTE
    __ARM_exceptions_init                     - Undefined Weak Reference
    __alloca_initialize                       - Undefined Weak Reference
    __arm_preinit_                            - Undefined Weak Reference
    __arm_relocate_pie_                       - Undefined Weak Reference
    __cpp_initialize__aeabi_                  - Undefined Weak Reference
    __cxa_finalize                            - Undefined Weak Reference
    __rt_locale                               - Undefined Weak Reference
    __sigvec_lookup                           - Undefined Weak Reference
    _atexit_init                              - Undefined Weak Reference
    _call_atexit_fns                          - Undefined Weak Reference
    _clock_init                               - Undefined Weak Reference
    _fp_trap_init                             - Undefined Weak Reference
    _fp_trap_shutdown                         - Undefined Weak Reference
    _get_lc_collate                           - Undefined Weak Reference
    _get_lc_ctype                             - Undefined Weak Reference
    _get_lc_monetary                          - Undefined Weak Reference
    _get_lc_numeric                           - Undefined Weak Reference
    _get_lc_time                              - Undefined Weak Reference
    _getenv_init                              - Undefined Weak Reference
    _handle_redirection                       - Undefined Weak Reference
    _init_alloc                               - Undefined Weak Reference
    _init_user_alloc                          - Undefined Weak Reference
    _initio                                   - Undefined Weak Reference
    _rand_init                                - Undefined Weak Reference
    _signal_finish                            - Undefined Weak Reference
    _signal_init                              - Undefined Weak Reference
    _terminate_alloc                          - Undefined Weak Reference
    _terminate_user_alloc                     - Undefined Weak Reference
    _terminateio                              - Undefined Weak Reference
    __Vectors_Size                           0x000001c4   Number         0  startup_stm32f446xx.o ABSOLUTE
    __Vectors                                0x08000000   Data           4  startup_stm32f446xx.o(RESET)
    __Vectors_End                            0x080001c4   Data           0  startup_stm32f446xx.o(RESET)
    __main                                   0x080001c5   Thumb Code     8  __main.o(!!!main)
    __scatterload                            0x080001cd   Thumb Code     0  __scatter.o(!!!scatter)
    __scatterload_rt2                        0x080001cd   Thumb Code    84  __scatter.o(!!!scatter)
    __scatterload_rt2_thumb_only             0x080001cd   Thumb Code     0  __scatter.o(!!!scatter)
    __scatterload_loop                       0x080001d7   Thumb Code     0  __scatter.o(!!!scatter)
    __scatterload_copy                       0x08000229   Thumb Code    26  __scatter_copy.o(!!handler_copy)
    __scatterload_null                       0x08000245   Thumb Code     2  __scatter.o(!!handler_null)
    __scatterload_zeroinit                   0x08000249   Thumb Code    28  __scatter_zi.o(!!handler_zi)
    __rt_lib_init                            0x08000265   Thumb Code     0  libinit.o(.ARM.Collect$$libinit$$00000000)
    __rt_lib_init_fp_1                       0x08000267   Thumb Code     0  libinit2.o(.ARM.Collect$$libinit$$00000001)
    __rt_lib_init_alloca_1                   0x0800026b   Thumb Code     0  libinit2.o(.ARM.Collect$$libinit$$00000030)
    __rt_lib_init_argv_1                     0x0800026b   Thumb Code     0  libinit2.o(.ARM.Collect$$libinit$$0000002E)
    __rt_lib_init_atexit_1                   0x0800026b   Thumb Code     0  libinit2.o(.ARM.Collect$$libinit$$0000001D)
    __rt_lib_init_clock_1                    0x0800026b   Thumb Code     0  libinit2.o(.ARM.Collect$$libinit$$00000023)
    __rt_lib_init_cpp_1                      0x0800026b   Thumb Code     0  libinit2.o(.ARM.Collect$$libinit$$00000034)
    __rt_lib_init_exceptions_1               0x0800026b   Thumb Code     0  libinit2.o(.ARM.Collect$$libinit$$00000032)
    __rt_lib_init_fp_trap_1                  0x0800026b   Thumb Code     0  libinit2.o(.ARM.Collect$$libinit$$00000021)
    __rt_lib_init_getenv_1                   0x0800026b   Thumb Code     0  libinit2.o(.ARM.Collect$$libinit$$00000025)
    __rt_lib_init_heap_1                     0x0800026b   Thumb Code     0  libinit2.o(.ARM.Collect$$libinit$$0000000C)
    __rt_lib_init_lc_collate_1               0x0800026b   Thumb Code     0  libinit2.o(.ARM.Collect$$libinit$$00000013)
    __rt_lib_init_lc_ctype_1                 0x0800026b   Thumb Code     0  libinit2.o(.ARM.Collect$$libinit$$00000015)
    __rt_lib_init_lc_monetary_1              0x0800026b   Thumb Code     0  libinit2.o(.ARM.Collect$$libinit$$00000017)
    __rt_lib_init_lc_numeric_1               0x0800026b   Thumb Code     0  libinit2.o(.ARM.Collect$$libinit$$00000019)
    __rt_lib_init_lc_time_1                  0x0800026b   Thumb Code     0  libinit2.o(.ARM.Collect$$libinit$$0000001B)
    __rt_lib_init_preinit_1                  0x0800026b   Thumb Code     0  libinit2.o(.ARM.Collect$$libinit$$00000006)
    __rt_lib_init_rand_1                     0x0800026b   Thumb Code     0  libinit2.o(.ARM.Collect$$libinit$$00000010)
    __rt_lib_init_relocate_pie_1             0x0800026b   Thumb Code     0  libinit2.o(.ARM.Collect$$libinit$$00000004)
    __rt_lib_init_return                     0x0800026b   Thumb Code     0  libinit2.o(.ARM.Collect$$libinit$$00000035)
    __rt_lib_init_signal_1                   0x0800026b   Thumb Code     0  libinit2.o(.ARM.Collect$$libinit$$0000001F)
    __rt_lib_init_stdio_1                    0x0800026b   Thumb Code     0  libinit2.o(.ARM.Collect$$libinit$$00000027)
    __rt_lib_init_user_alloc_1               0x0800026b   Thumb Code     0  libinit2.o(.ARM.Collect$$libinit$$0000000E)
    __rt_lib_shutdown                        0x0800026d   Thumb Code     0  libshutdown.o(.ARM.Collect$$libshutdown$$00000000)
    __rt_lib_shutdown_cpp_1                  0x0800026f   Thumb Code     0  libshutdown2.o(.ARM.Collect$$libshutdown$$00000002)
    __rt_lib_shutdown_fp_trap_1              0x0800026f   Thumb Code     0  libshutdown2.o(.ARM.Collect$$libshutdown$$00000007)
    __rt_lib_shutdown_heap_1                 0x0800026f   Thumb Code     0  libshutdown2.o(.ARM.Collect$$libshutdown$$0000000F)
    __rt_lib_shutdown_return                 0x0800026f   Thumb Code     0  libshutdown2.o(.ARM.Collect$$libshutdown$$00000010)
    __rt_lib_shutdown_signal_1               0x0800026f   Thumb Code     0  libshutdown2.o(.ARM.Collect$$libshutdown$$0000000A)
    __rt_lib_shutdown_stdio_1                0x0800026f   Thumb Code     0  libshutdown2.o(.ARM.Collect$$libshutdown$$00000004)
    __rt_lib_shutdown_user_alloc_1           0x0800026f   Thumb Code     0  libshutdown2.o(.ARM.Collect$$libshutdown$$0000000C)
    __rt_entry                               0x08000271   Thumb Code     0  __rtentry.o(.ARM.Collect$$rtentry$$00000000)
    __rt_entry_presh_1                       0x08000271   Thumb Code     0  __rtentry2.o(.ARM.Collect$$rtentry$$00000002)
    __rt_entry_sh                            0x08000271   Thumb Code     0  __rtentry4.o(.ARM.Collect$$rtentry$$00000004)
    __rt_entry_li                            0x08000277   Thumb Code     0  __rtentry2.o(.ARM.Collect$$rtentry$$0000000A)
    __rt_entry_postsh_1                      0x08000277   Thumb Code     0  __rtentry2.o(.ARM.Collect$$rtentry$$00000009)
    __rt_entry_main                          0x0800027b   Thumb Code     0  __rtentry2.o(.ARM.Collect$$rtentry$$0000000D)
    __rt_entry_postli_1                      0x0800027b   Thumb Code     0  __rtentry2.o(.ARM.Collect$$rtentry$$0000000C)
    __rt_exit                                0x08000283   Thumb Code     0  rtexit.o(.ARM.Collect$$rtexit$$00000000)
    __rt_exit_ls                             0x08000285   Thumb Code     0  rtexit2.o(.ARM.Collect$$rtexit$$00000003)
    __rt_exit_prels_1                        0x08000285   Thumb Code     0  rtexit2.o(.ARM.Collect$$rtexit$$00000002)
    __rt_exit_exit                           0x08000289   Thumb Code     0  rtexit2.o(.ARM.Collect$$rtexit$$00000004)
    Reset_Handler                            0x08000291   Thumb Code     8  startup_stm32f446xx.o(.text)
    NMI_Handler                              0x08000299   Thumb Code     2  startup_stm32f446xx.o(.text)
    HardFault_Handler                        0x0800029b   Thumb Code     2  startup_stm32f446xx.o(.text)
    MemManage_Handler                        0x0800029d   Thumb Code     2  startup_stm32f446xx.o(.text)
    BusFault_Handler                         0x0800029f   Thumb Code     2  startup_stm32f446xx.o(.text)
    UsageFault_Handler                       0x080002a1   Thumb Code     2  startup_stm32f446xx.o(.text)
    SVC_Handler                              0x080002a3   Thumb Code     2  startup_stm32f446xx.o(.text)
    DebugMon_Handler                         0x080002a5   Thumb Code     2  startup_stm32f446xx.o(.text)
    PendSV_Handler                           0x080002a7   Thumb Code     2  startup_stm32f446xx.o(.text)
    SysTick_Handler                          0x080002a9   Thumb Code     2  startup_stm32f446xx.o(.text)
    ADC_IRQHandler                           0x080002ab   Thumb Code     0  startup_stm32f446xx.o(.text)
    CAN1_RX0_IRQHandler                      0x080002ab   Thumb Code     0  startup_stm32f446xx.o(.text)
    CAN1_RX1_IRQHandler                      0x080002ab   Thumb Code     0  startup_stm32f446xx.o(.text)
    CAN1_SCE_IRQHandler                      0x080002ab   Thumb Code     0  startup_stm32f446xx.o(.text)
    CAN1_TX_IRQHandler                       0x080002ab   Thumb Code     0  startup_stm32f446xx.o(.text)
    CAN2_RX0_IRQHandler                      0x080002ab   Thumb Code     0  startup_stm32f446xx.o(.text)
    CAN2_RX1_IRQHandler                      0x080002ab   Thumb Code     0  startup_stm32f446xx.o(.text)
    CAN2_SCE_IRQHandler                      0x080002ab   Thumb Code     0  startup_stm32f446xx.o(.text)
    CAN2_TX_IRQHandler                       0x080002ab   Thumb Code     0  startup_stm32f446xx.o(.text)
    CEC_IRQHandler                           0x080002ab   Thumb Code     0  startup_stm32f446xx.o(.text)
    DCMI_IRQHandler                          0x080002ab   Thumb Code     0  startup_stm32f446xx.o(.text)
    DMA1_Stream0_IRQHandler                  0x080002ab   Thumb Code     0  startup_stm32f446xx.o(.text)
    DMA1_Stream1_IRQHandler                  0x080002ab   Thumb Code     0  startup_stm32f446xx.o(.text)
    DMA1_Stream2_IRQHandler                  0x080002ab   Thumb Code     0  startup_stm32f446xx.o(.text)
    DMA1_Stream3_IRQHandler                  0x080002ab   Thumb Code     0  startup_stm32f446xx.o(.text)
    DMA1_Stream4_IRQHandler                  0x080002ab   Thumb Code     0  startup_stm32f446xx.o(.text)
    DMA1_Stream5_IRQHandler                  0x080002ab   Thumb Code     0  startup_stm32f446xx.o(.text)
    DMA1_Stream6_IRQHandler                  0x080002ab   Thumb Code     0  startup_stm32f446xx.o(.text)
    DMA1_Stream7_IRQHandler                  0x080002ab   Thumb Code     0  startup_stm32f446xx.o(.text)
    DMA2_Stream0_IRQHandler                  0x080002ab   Thumb Code     0  startup_stm32f446xx.o(.text)
    DMA2_Stream1_IRQHandler                  0x080002ab   Thumb Code     0  startup_stm32f446xx.o(.text)
    DMA2_Stream2_IRQHandler                  0x080002ab   Thumb Code     0  startup_stm32f446xx.o(.text)
    DMA2_Stream3_IRQHandler                  0x080002ab   Thumb Code     0  startup_stm32f446xx.o(.text)
    DMA2_Stream4_IRQHandler                  0x080002ab   Thumb Code     0  startup_stm32f446xx.o(.text)
    DMA2_Stream5_IRQHandler                  0x080002ab   Thumb Code     0  startup_stm32f446xx.o(.text)
    DMA2_Stream6_IRQHandler                  0x080002ab   Thumb Code     0  startup_stm32f446xx.o(.text)
    DMA2_Stream7_IRQHandler                  0x080002ab   Thumb Code     0  startup_stm32f446xx.o(.text)
    EXTI0_IRQHandler                         0x080002ab   Thumb Code     0  startup_stm32f446xx.o(.text)
    EXTI1_IRQHandler                         0x080002ab   Thumb Code     0  startup_stm32f446xx.o(.text)
    EXTI2_IRQHandler                         0x080002ab   Thumb Code     0  startup_stm32f446xx.o(.text)
    EXTI3_IRQHandler                         0x080002ab   Thumb Code     0  startup_stm32f446xx.o(.text)
    EXTI9_5_IRQHandler                       0x080002ab   Thumb Code     0  startup_stm32f446xx.o(.text)
    FLASH_IRQHandler                         0x080002ab   Thumb Code     0  startup_stm32f446xx.o(.text)
    FMC_IRQHandler                           0x080002ab   Thumb Code     0  startup_stm32f446xx.o(.text)
    FMPI2C1_ER_IRQHandler                    0x080002ab   Thumb Code     0  startup_stm32f446xx.o(.text)
    FMPI2C1_EV_IRQHandler                    0x080002ab   Thumb Code     0  startup_stm32f446xx.o(.text)
    FPU_IRQHandler                           0x080002ab   Thumb Code     0  startup_stm32f446xx.o(.text)
    I2C1_ER_IRQHandler                       0x080002ab   Thumb Code     0  startup_stm32f446xx.o(.text)
    I2C1_EV_IRQHandler                       0x080002ab   Thumb Code     0  startup_stm32f446xx.o(.text)
    I2C2_ER_IRQHandler                       0x080002ab   Thumb Code     0  startup_stm32f446xx.o(.text)
    I2C2_EV_IRQHandler                       0x080002ab   Thumb Code     0  startup_stm32f446xx.o(.text)
    I2C3_ER_IRQHandler                       0x080002ab   Thumb Code     0  startup_stm32f446xx.o(.text)
    I2C3_EV_IRQHandler                       0x080002ab   Thumb Code     0  startup_stm32f446xx.o(.text)
    OTG_FS_IRQHandler                        0x080002ab   Thumb Code     0  startup_stm32f446xx.o(.text)
    OTG_FS_WKUP_IRQHandler                   0x080002ab   Thumb Code     0  startup_stm32f446xx.o(.text)
    OTG_HS_EP1_IN_IRQHandler                 0x080002ab   Thumb Code     0  startup_stm32f446xx.o(.text)
    OTG_HS_EP1_OUT_IRQHandler                0x080002ab   Thumb Code     0  startup_stm32f446xx.o(.text)
    OTG_HS_IRQHandler                        0x080002ab   Thumb Code     0  startup_stm32f446xx.o(.text)
    OTG_HS_WKUP_IRQHandler                   0x080002ab   Thumb Code     0  startup_stm32f446xx.o(.text)
    PVD_IRQHandler                           0x080002ab   Thumb Code     0  startup_stm32f446xx.o(.text)
    QUADSPI_IRQHandler                       0x080002ab   Thumb Code     0  startup_stm32f446xx.o(.text)
    RCC_IRQHandler                           0x080002ab   Thumb Code     0  startup_stm32f446xx.o(.text)
    RTC_Alarm_IRQHandler                     0x080002ab   Thumb Code     0  startup_stm32f446xx.o(.text)
    RTC_WKUP_IRQHandler                      0x080002ab   Thumb Code     0  startup_stm32f446xx.o(.text)
    SAI1_IRQHandler                          0x080002ab   Thumb Code     0  startup_stm32f446xx.o(.text)
    SAI2_IRQHandler                          0x080002ab   Thumb Code     0  startup_stm32f446xx.o(.text)
    SDIO_IRQHandler                          0x080002ab   Thumb Code     0  startup_stm32f446xx.o(.text)
    SPDIF_RX_IRQHandler                      0x080002ab   Thumb Code     0  startup_stm32f446xx.o(.text)
    SPI1_IRQHandler                          0x080002ab   Thumb Code     0  startup_stm32f446xx.o(.text)
    SPI2_IRQHandler                          0x080002ab   Thumb Code     0  startup_stm32f446xx.o(.text)
    SPI3_IRQHandler                          0x080002ab   Thumb Code     0  startup_stm32f446xx.o(.text)
    SPI4_IRQHandler                          0x080002ab   Thumb Code     0  startup_stm32f446xx.o(.text)
    TAMP_STAMP_IRQHandler                    0x080002ab   Thumb Code     0  startup_stm32f446xx.o(.text)
    TIM1_BRK_TIM9_IRQHandler                 0x080002ab   Thumb Code     0  startup_stm32f446xx.o(.text)
    TIM1_CC_IRQHandler                       0x080002ab   Thumb Code     0  startup_stm32f446xx.o(.text)
    TIM1_TRG_COM_TIM11_IRQHandler            0x080002ab   Thumb Code     0  startup_stm32f446xx.o(.text)
    TIM1_UP_TIM10_IRQHandler                 0x080002ab   Thumb Code     0  startup_stm32f446xx.o(.text)
    TIM2_IRQHandler                          0x080002ab   Thumb Code     0  startup_stm32f446xx.o(.text)
    TIM4_IRQHandler                          0x080002ab   Thumb Code     0  startup_stm32f446xx.o(.text)
    TIM5_IRQHandler                          0x080002ab   Thumb Code     0  startup_stm32f446xx.o(.text)
    TIM6_DAC_IRQHandler                      0x080002ab   Thumb Code     0  startup_stm32f446xx.o(.text)
    TIM7_IRQHandler                          0x080002ab   Thumb Code     0  startup_stm32f446xx.o(.text)
    TIM8_BRK_TIM12_IRQHandler                0x080002ab   Thumb Code     0  startup_stm32f446xx.o(.text)
    TIM8_CC_IRQHandler                       0x080002ab   Thumb Code     0  startup_stm32f446xx.o(.text)
    TIM8_TRG_COM_TIM14_IRQHandler            0x080002ab   Thumb Code     0  startup_stm32f446xx.o(.text)
    TIM8_UP_TIM13_IRQHandler                 0x080002ab   Thumb Code     0  startup_stm32f446xx.o(.text)
    UART4_IRQHandler                         0x080002ab   Thumb Code     0  startup_stm32f446xx.o(.text)
    UART5_IRQHandler                         0x080002ab   Thumb Code     0  startup_stm32f446xx.o(.text)
    USART1_IRQHandler                        0x080002ab   Thumb Code     0  startup_stm32f446xx.o(.text)
    USART2_IRQHandler                        0x080002ab   Thumb Code     0  startup_stm32f446xx.o(.text)
    USART3_IRQHandler                        0x080002ab   Thumb Code     0  startup_stm32f446xx.o(.text)
    USART6_IRQHandler                        0x080002ab   Thumb Code     0  startup_stm32f446xx.o(.text)
    WWDG_IRQHandler                          0x080002ab   Thumb Code     0  startup_stm32f446xx.o(.text)
    __user_initial_stackheap                 0x080002ad   Thumb Code     0  startup_stm32f446xx.o(.text)
    strlen                                   0x080002d1   Thumb Code    62  strlen.o(.text)
    __use_two_region_memory                  0x0800030f   Thumb Code     2  heapauxi.o(.text)
    __rt_heap_escrow$2region                 0x08000311   Thumb Code     2  heapauxi.o(.text)
    __rt_heap_expand$2region                 0x08000313   Thumb Code     2  heapauxi.o(.text)
    __user_setup_stackheap                   0x08000315   Thumb Code    74  sys_stackheap_outer.o(.text)
    exit                                     0x0800035f   Thumb Code    18  exit.o(.text)
    __user_libspace                          0x08000371   Thumb Code     8  libspace.o(.text)
    __user_perproc_libspace                  0x08000371   Thumb Code     0  libspace.o(.text)
    __user_perthread_libspace                0x08000371   Thumb Code     0  libspace.o(.text)
    _sys_exit                                0x08000379   Thumb Code     8  sys_exit.o(.text)
    __I$use$semihosting                      0x08000385   Thumb Code     0  use_no_semi.o(.text)
    __use_no_semihosting_swi                 0x08000385   Thumb Code     2  use_no_semi.o(.text)
    __semihosting_library_function           0x08000387   Thumb Code     0  indicate_semi.o(.text)
    CS_Low                                   0x08000389   Thumb Code    16  spi.o(.text.CS_Low)
    Display_Init                             0x08000399   Thumb Code  1156  ili9341.o(.text.Display_Init)
    Draw_Bitmap                              0x0800081d   Thumb Code   172  ili9341.o(.text.Draw_Bitmap)
    Draw_Char_BG                             0x080008c9   Thumb Code   370  ili9341.o(.text.Draw_Char_BG)
    Draw_Pixel                               0x08000a3d   Thumb Code    72  ili9341.o(.text.Draw_Pixel)
    Draw_String_BG                           0x08000a85   Thumb Code   284  ili9341.o(.text.Draw_String_BG)
    EXTI15_10_IRQHandler                     0x08000ba1   Thumb Code   134  testmain.o(.text.EXTI15_10_IRQHandler)
    EXTI4_IRQHandler                         0x08000c29   Thumb Code    84  testmain.o(.text.EXTI4_IRQHandler)
    Encoder_TIM_init                         0x08000c7d   Thumb Code   110  rotary_encoder.o(.text.Encoder_TIM_init)
    Encoder_init                             0x08000ced   Thumb Code   194  rotary_encoder.o(.text.Encoder_init)
    Fill_Color                               0x08000db1   Thumb Code   170  ili9341.o(.text.Fill_Color)
    Fill_Rect                                0x08000e5d   Thumb Code   270  ili9341.o(.text.Fill_Rect)
    Fill_Screen                              0x08000f6d   Thumb Code    90  ili9341.o(.text.Fill_Screen)
    GPIO_PinMode_Setup                       0x08000fc9   Thumb Code    90  ili9341.o(.text.GPIO_PinMode_Setup)
    I2C1_byteWrite                           0x08001025   Thumb Code   238  i2c.o(.text.I2C1_byteWrite)
    I2C_init                                 0x08001115   Thumb Code   164  i2c.o(.text.I2C_init)
    ILI_8Bit_Command                         0x080011b9   Thumb Code    58  ili9341.o(.text.ILI_8Bit_Command)
    ILI_8Bit_Data                            0x080011f5   Thumb Code    58  ili9341.o(.text.ILI_8Bit_Data)
    ILI_Push_16Bit                           0x08001231   Thumb Code    28  ili9341.o(.text.ILI_Push_16Bit)
    MENU_SCREENS                             0x0800124d   Thumb Code  1048  testmain.o(.text.MENU_SCREENS)
    Rotate_Display                           0x08001665   Thumb Code   350  ili9341.o(.text.Rotate_Display)
    SPI_Enable                               0x080017c5   Thumb Code    18  spi.o(.text.SPI_Enable)
    SPI_GPIO                                 0x080017d9   Thumb Code   180  spi.o(.text.SPI_GPIO)
    SPI_Init                                 0x0800188d   Thumb Code    88  spi.o(.text.SPI_Init)
    SPI_Transmit                             0x080018e5   Thumb Code   158  spi.o(.text.SPI_Transmit)
    Set_Address_Window                       0x08001985   Thumb Code    74  ili9341.o(.text.Set_Address_Window)
    Set_Date                                 0x080019d1   Thumb Code    58  testmain.o(.text.Set_Date)
    Set_TD                                   0x08001a0d   Thumb Code   652  testmain.o(.text.Set_TD)
    Set_Time                                 0x08001c99   Thumb Code    58  testmain.o(.text.Set_Time)
    SysTick_Init                             0x08001cd5   Thumb Code    46  ili9341.o(.text.SysTick_Init)
    SystemInit                               0x08001d05   Thumb Code    18  system_stm32f4xx.o(.text.SystemInit)
    TIM3_IRQHandler                          0x08001d19   Thumb Code    20  testmain.o(.text.TIM3_IRQHandler)
    delayMS                                  0x08001d8d   Thumb Code    66  ili9341.o(.text.delayMS)
    delayMicroS                              0x08001dd1   Thumb Code    66  ili9341.o(.text.delayMicroS)
    hallEffect_pinInit                       0x08001e15   Thumb Code   118  hall.o(.text.hallEffect_pinInit)
    main                                     0x08001e8d   Thumb Code    52  testmain.o(.text.main)
    stepper_init                             0x08001ec1   Thumb Code   130  stepper.o(.text.stepper_init)
    timer_init                               0x08001f45   Thumb Code   364  timers.o(.text.timer_init)
    _fp_init                                 0x080020b9   Thumb Code    26  fpinit.o(x$fpl$fpinit)
    __fplib_config_fpu_vfp                   0x080020d1   Thumb Code     0  fpinit.o(x$fpl$fpinit)
    __fplib_config_pureend_doubles           0x080020d1   Thumb Code     0  fpinit.o(x$fpl$fpinit)
    testImage                                0x08003aa8   Data          12  testmain.o(.rodata.testImage)
    testImageData                            0x08003ab4   Data       60000  testmain.o(.rodata.testImageData)
    Region$$Table$$Base                      0x08012514   Number         0  anon$$obj.o(Region$$Table)
    Region$$Table$$Limit                     0x08012534   Number         0  anon$$obj.o(Region$$Table)
    flag_closed                              0x20000004   Data           1  testmain.o(.data.flag_closed)
    time_flag                                0x20000005   Data           1  testmain.o(.data.time_flag)
    __libspace_start                         0x20000008   Data          96  libspace.o(.bss)
    __temporary_stack_top$libspace           0x20000068   Data           0  libspace.o(.bss)
    RTC_Date                                 0x20000069   Data           1  testmain.o(.bss.RTC_Date)
    RTC_Hour                                 0x2000006a   Data           1  testmain.o(.bss.RTC_Hour)
    RTC_Minute                               0x2000006b   Data           1  testmain.o(.bss.RTC_Minute)
    RTC_Month                                0x2000006c   Data           1  testmain.o(.bss.RTC_Month)
    RTC_Second                               0x2000006d   Data           1  testmain.o(.bss.RTC_Second)
    RTC_Year                                 0x2000006e   Data           1  testmain.o(.bss.RTC_Year)
    pos                                      0x20000070   Data           4  testmain.o(.bss.pos)
    swPress                                  0x20000074   Data           1  testmain.o(.bss.swPress)
    timeDate                                 0x20000075   Data          14  testmain.o(.bss.timeDate)
    tmp                                      0x20000083   Data           1  testmain.o(.bss.tmp)
    value                                    0x20000084   Data           1  testmain.o(.bss.value)



==============================================================================

Memory Map of the image

  Image Entry point : 0x08000291

  Load Region LR_1 (Base: 0x08000000, Size: 0x0001253c, Max: 0xffffffff, ABSOLUTE)

    Execution Region ER_RO (Exec base: 0x08000000, Load base: 0x08000000, Size: 0x00012534, Max: 0xffffffff, ABSOLUTE)

    Exec Addr    Load Addr    Size         Type   Attr      Idx    E Section Name        Object

    0x08000000   0x08000000   0x000001c4   Data   RO          426    RESET               startup_stm32f446xx.o
    0x080001c4   0x080001c4   0x00000008   Code   RO          455  * !!!main             c_w.l(__main.o)
    0x080001cc   0x080001cc   0x0000005c   Code   RO          620    !!!scatter          c_w.l(__scatter.o)
    0x08000228   0x08000228   0x0000001a   Code   RO          624    !!handler_copy      c_w.l(__scatter_copy.o)
    0x08000242   0x08000242   0x00000002   PAD
    0x08000244   0x08000244   0x00000002   Code   RO          621    !!handler_null      c_w.l(__scatter.o)
    0x08000246   0x08000246   0x00000002   PAD
    0x08000248   0x08000248   0x0000001c   Code   RO          626    !!handler_zi        c_w.l(__scatter_zi.o)
    0x08000264   0x08000264   0x00000002   Code   RO          482    .ARM.Collect$$libinit$$00000000  c_w.l(libinit.o)
    0x08000266   0x08000266   0x00000004   Code   RO          488    .ARM.Collect$$libinit$$00000001  c_w.l(libinit2.o)
    0x0800026a   0x0800026a   0x00000000   Code   RO          491    .ARM.Collect$$libinit$$00000004  c_w.l(libinit2.o)
    0x0800026a   0x0800026a   0x00000000   Code   RO          493    .ARM.Collect$$libinit$$00000006  c_w.l(libinit2.o)
    0x0800026a   0x0800026a   0x00000000   Code   RO          496    .ARM.Collect$$libinit$$0000000C  c_w.l(libinit2.o)
    0x0800026a   0x0800026a   0x00000000   Code   RO          498    .ARM.Collect$$libinit$$0000000E  c_w.l(libinit2.o)
    0x0800026a   0x0800026a   0x00000000   Code   RO          500    .ARM.Collect$$libinit$$00000010  c_w.l(libinit2.o)
    0x0800026a   0x0800026a   0x00000000   Code   RO          503    .ARM.Collect$$libinit$$00000013  c_w.l(libinit2.o)
    0x0800026a   0x0800026a   0x00000000   Code   RO          505    .ARM.Collect$$libinit$$00000015  c_w.l(libinit2.o)
    0x0800026a   0x0800026a   0x00000000   Code   RO          507    .ARM.Collect$$libinit$$00000017  c_w.l(libinit2.o)
    0x0800026a   0x0800026a   0x00000000   Code   RO          509    .ARM.Collect$$libinit$$00000019  c_w.l(libinit2.o)
    0x0800026a   0x0800026a   0x00000000   Code   RO          511    .ARM.Collect$$libinit$$0000001B  c_w.l(libinit2.o)
    0x0800026a   0x0800026a   0x00000000   Code   RO          513    .ARM.Collect$$libinit$$0000001D  c_w.l(libinit2.o)
    0x0800026a   0x0800026a   0x00000000   Code   RO          515    .ARM.Collect$$libinit$$0000001F  c_w.l(libinit2.o)
    0x0800026a   0x0800026a   0x00000000   Code   RO          517    .ARM.Collect$$libinit$$00000021  c_w.l(libinit2.o)
    0x0800026a   0x0800026a   0x00000000   Code   RO          519    .ARM.Collect$$libinit$$00000023  c_w.l(libinit2.o)
    0x0800026a   0x0800026a   0x00000000   Code   RO          521    .ARM.Collect$$libinit$$00000025  c_w.l(libinit2.o)
    0x0800026a   0x0800026a   0x00000000   Code   RO          523    .ARM.Collect$$libinit$$00000027  c_w.l(libinit2.o)
    0x0800026a   0x0800026a   0x00000000   Code   RO          527    .ARM.Collect$$libinit$$0000002E  c_w.l(libinit2.o)
    0x0800026a   0x0800026a   0x00000000   Code   RO          529    .ARM.Collect$$libinit$$00000030  c_w.l(libinit2.o)
    0x0800026a   0x0800026a   0x00000000   Code   RO          531    .ARM.Collect$$libinit$$00000032  c_w.l(libinit2.o)
    0x0800026a   0x0800026a   0x00000000   Code   RO          533    .ARM.Collect$$libinit$$00000034  c_w.l(libinit2.o)
    0x0800026a   0x0800026a   0x00000002   Code   RO          534    .ARM.Collect$$libinit$$00000035  c_w.l(libinit2.o)
    0x0800026c   0x0800026c   0x00000002   Code   RO          556    .ARM.Collect$$libshutdown$$00000000  c_w.l(libshutdown.o)
    0x0800026e   0x0800026e   0x00000000   Code   RO          571    .ARM.Collect$$libshutdown$$00000002  c_w.l(libshutdown2.o)
    0x0800026e   0x0800026e   0x00000000   Code   RO          573    .ARM.Collect$$libshutdown$$00000004  c_w.l(libshutdown2.o)
    0x0800026e   0x0800026e   0x00000000   Code   RO          576    .ARM.Collect$$libshutdown$$00000007  c_w.l(libshutdown2.o)
    0x0800026e   0x0800026e   0x00000000   Code   RO          579    .ARM.Collect$$libshutdown$$0000000A  c_w.l(libshutdown2.o)
    0x0800026e   0x0800026e   0x00000000   Code   RO          581    .ARM.Collect$$libshutdown$$0000000C  c_w.l(libshutdown2.o)
    0x0800026e   0x0800026e   0x00000000   Code   RO          584    .ARM.Collect$$libshutdown$$0000000F  c_w.l(libshutdown2.o)
    0x0800026e   0x0800026e   0x00000002   Code   RO          585    .ARM.Collect$$libshutdown$$00000010  c_w.l(libshutdown2.o)
    0x08000270   0x08000270   0x00000000   Code   RO          457    .ARM.Collect$$rtentry$$00000000  c_w.l(__rtentry.o)
    0x08000270   0x08000270   0x00000000   Code   RO          459    .ARM.Collect$$rtentry$$00000002  c_w.l(__rtentry2.o)
    0x08000270   0x08000270   0x00000006   Code   RO          471    .ARM.Collect$$rtentry$$00000004  c_w.l(__rtentry4.o)
    0x08000276   0x08000276   0x00000000   Code   RO          461    .ARM.Collect$$rtentry$$00000009  c_w.l(__rtentry2.o)
    0x08000276   0x08000276   0x00000004   Code   RO          462    .ARM.Collect$$rtentry$$0000000A  c_w.l(__rtentry2.o)
    0x0800027a   0x0800027a   0x00000000   Code   RO          464    .ARM.Collect$$rtentry$$0000000C  c_w.l(__rtentry2.o)
    0x0800027a   0x0800027a   0x00000008   Code   RO          465    .ARM.Collect$$rtentry$$0000000D  c_w.l(__rtentry2.o)
    0x08000282   0x08000282   0x00000002   Code   RO          486    .ARM.Collect$$rtexit$$00000000  c_w.l(rtexit.o)
    0x08000284   0x08000284   0x00000000   Code   RO          536    .ARM.Collect$$rtexit$$00000002  c_w.l(rtexit2.o)
    0x08000284   0x08000284   0x00000004   Code   RO          537    .ARM.Collect$$rtexit$$00000003  c_w.l(rtexit2.o)
    0x08000288   0x08000288   0x00000006   Code   RO          538    .ARM.Collect$$rtexit$$00000004  c_w.l(rtexit2.o)
    0x0800028e   0x0800028e   0x00000002   PAD
    0x08000290   0x08000290   0x00000040   Code   RO          427  * .text               startup_stm32f446xx.o
    0x080002d0   0x080002d0   0x0000003e   Code   RO          449    .text               c_w.l(strlen.o)
    0x0800030e   0x0800030e   0x00000006   Code   RO          453    .text               c_w.l(heapauxi.o)
    0x08000314   0x08000314   0x0000004a   Code   RO          473    .text               c_w.l(sys_stackheap_outer.o)
    0x0800035e   0x0800035e   0x00000012   Code   RO          475    .text               c_w.l(exit.o)
    0x08000370   0x08000370   0x00000008   Code   RO          483    .text               c_w.l(libspace.o)
    0x08000378   0x08000378   0x0000000c   Code   RO          546    .text               c_w.l(sys_exit.o)
    0x08000384   0x08000384   0x00000002   Code   RO          561    .text               c_w.l(use_no_semi.o)
    0x08000386   0x08000386   0x00000000   Code   RO          563    .text               c_w.l(indicate_semi.o)
    0x08000386   0x08000386   0x00000002   PAD
    0x08000388   0x08000388   0x00000010   Code   RO           76    .text.CS_Low        spi.o
    0x08000398   0x08000398   0x00000484   Code   RO           42    .text.Display_Init  ili9341.o
    0x0800081c   0x0800081c   0x000000ac   Code   RO           18    .text.Draw_Bitmap   ili9341.o
    0x080008c8   0x080008c8   0x00000172   Code   RO           10    .text.Draw_Char_BG  ili9341.o
    0x08000a3a   0x08000a3a   0x00000002   PAD
    0x08000a3c   0x08000a3c   0x00000048   Code   RO           16    .text.Draw_Pixel    ili9341.o
    0x08000a84   0x08000a84   0x0000011c   Code   RO            8    .text.Draw_String_BG  ili9341.o
    0x08000ba0   0x08000ba0   0x00000086   Code   RO           95    .text.EXTI15_10_IRQHandler  testmain.o
    0x08000c26   0x08000c26   0x00000002   PAD
    0x08000c28   0x08000c28   0x00000054   Code   RO           97    .text.EXTI4_IRQHandler  testmain.o
    0x08000c7c   0x08000c7c   0x0000006e   Code   RO          376    .text.Encoder_TIM_init  rotary_encoder.o
    0x08000cea   0x08000cea   0x00000002   PAD
    0x08000cec   0x08000cec   0x000000c2   Code   RO          378    .text.Encoder_init  rotary_encoder.o
    0x08000dae   0x08000dae   0x00000002   PAD
    0x08000db0   0x08000db0   0x000000aa   Code   RO           26    .text.Fill_Color    ili9341.o
    0x08000e5a   0x08000e5a   0x00000002   PAD
    0x08000e5c   0x08000e5c   0x0000010e   Code   RO           46    .text.Fill_Rect     ili9341.o
    0x08000f6a   0x08000f6a   0x00000002   PAD
    0x08000f6c   0x08000f6c   0x0000005a   Code   RO           24    .text.Fill_Screen   ili9341.o
    0x08000fc6   0x08000fc6   0x00000002   PAD
    0x08000fc8   0x08000fc8   0x0000005a   Code   RO           44    .text.GPIO_PinMode_Setup  ili9341.o
    0x08001022   0x08001022   0x00000002   PAD
    0x08001024   0x08001024   0x000000ee   Code   RO          365    .text.I2C1_byteWrite  i2c.o
    0x08001112   0x08001112   0x00000002   PAD
    0x08001114   0x08001114   0x000000a4   Code   RO          363    .text.I2C_init      i2c.o
    0x080011b8   0x080011b8   0x0000003a   Code   RO           38    .text.ILI_8Bit_Command  ili9341.o
    0x080011f2   0x080011f2   0x00000002   PAD
    0x080011f4   0x080011f4   0x0000003a   Code   RO           22    .text.ILI_8Bit_Data  ili9341.o
    0x0800122e   0x0800122e   0x00000002   PAD
    0x08001230   0x08001230   0x0000001c   Code   RO           30    .text.ILI_Push_16Bit  ili9341.o
    0x0800124c   0x0800124c   0x00000418   Code   RO           93    .text.MENU_SCREENS  testmain.o
    0x08001664   0x08001664   0x0000015e   Code   RO           40    .text.Rotate_Display  ili9341.o
    0x080017c2   0x080017c2   0x00000002   PAD
    0x080017c4   0x080017c4   0x00000012   Code   RO           74    .text.SPI_Enable    spi.o
    0x080017d6   0x080017d6   0x00000002   PAD
    0x080017d8   0x080017d8   0x000000b4   Code   RO           72    .text.SPI_GPIO      spi.o
    0x0800188c   0x0800188c   0x00000058   Code   RO           70    .text.SPI_Init      spi.o
    0x080018e4   0x080018e4   0x0000009e   Code   RO           80    .text.SPI_Transmit  spi.o
    0x08001982   0x08001982   0x00000002   PAD
    0x08001984   0x08001984   0x0000004a   Code   RO           20    .text.Set_Address_Window  ili9341.o
    0x080019ce   0x080019ce   0x00000002   PAD
    0x080019d0   0x080019d0   0x0000003a   Code   RO          103    .text.Set_Date      testmain.o
    0x08001a0a   0x08001a0a   0x00000002   PAD
    0x08001a0c   0x08001a0c   0x0000028c   Code   RO          105    .text.Set_TD        testmain.o
    0x08001c98   0x08001c98   0x0000003a   Code   RO          101    .text.Set_Time      testmain.o
    0x08001cd2   0x08001cd2   0x00000002   PAD
    0x08001cd4   0x08001cd4   0x0000002e   Code   RO            2    .text.SysTick_Init  ili9341.o
    0x08001d02   0x08001d02   0x00000002   PAD
    0x08001d04   0x08001d04   0x00000012   Code   RO          434    .text.SystemInit    system_stm32f4xx.o
    0x08001d16   0x08001d16   0x00000002   PAD
    0x08001d18   0x08001d18   0x00000014   Code   RO           99    .text.TIM3_IRQHandler  testmain.o
    0x08001d2c   0x08001d2c   0x00000030   Code   RO          329    .text.__NVIC_EnableIRQ  hall.o
    0x08001d5c   0x08001d5c   0x00000030   Code   RO          380    .text.__NVIC_EnableIRQ  rotary_encoder.o
    0x08001d8c   0x08001d8c   0x00000042   Code   RO            4    .text.delayMS       ili9341.o
    0x08001dce   0x08001dce   0x00000002   PAD
    0x08001dd0   0x08001dd0   0x00000042   Code   RO            6    .text.delayMicroS   ili9341.o
    0x08001e12   0x08001e12   0x00000002   PAD
    0x08001e14   0x08001e14   0x00000076   Code   RO          327    .text.hallEffect_pinInit  hall.o
    0x08001e8a   0x08001e8a   0x00000002   PAD
    0x08001e8c   0x08001e8c   0x00000034   Code   RO           91    .text.main          testmain.o
    0x08001ec0   0x08001ec0   0x00000082   Code   RO          346    .text.stepper_init  stepper.o
    0x08001f42   0x08001f42   0x00000002   PAD
    0x08001f44   0x08001f44   0x00000174   Code   RO          338    .text.timer_init    timers.o
    0x080020b8   0x080020b8   0x0000001a   Code   RO          544    x$fpl$fpinit        fz_wm.l(fpinit.o)
    0x080020d2   0x080020d2   0x00000002   PAD
    0x080020d4   0x080020d4   0x00000008   Data   RO          117    .rodata.font_ubuntu_mono_24  testmain.o
    0x080020dc   0x080020dc   0x0000000c   Data   RO          129    .rodata.font_ubuntu_mono_24_0x20  testmain.o
    0x080020e8   0x080020e8   0x0000000c   Data   RO          130    .rodata.font_ubuntu_mono_24_0x21  testmain.o
    0x080020f4   0x080020f4   0x0000000c   Data   RO          131    .rodata.font_ubuntu_mono_24_0x22  testmain.o
    0x08002100   0x08002100   0x0000000c   Data   RO          132    .rodata.font_ubuntu_mono_24_0x23  testmain.o
    0x0800210c   0x0800210c   0x0000000c   Data   RO          133    .rodata.font_ubuntu_mono_24_0x24  testmain.o
    0x08002118   0x08002118   0x0000000c   Data   RO          134    .rodata.font_ubuntu_mono_24_0x25  testmain.o
    0x08002124   0x08002124   0x0000000c   Data   RO          135    .rodata.font_ubuntu_mono_24_0x26  testmain.o
    0x08002130   0x08002130   0x0000000c   Data   RO          136    .rodata.font_ubuntu_mono_24_0x27  testmain.o
    0x0800213c   0x0800213c   0x0000000c   Data   RO          137    .rodata.font_ubuntu_mono_24_0x28  testmain.o
    0x08002148   0x08002148   0x0000000c   Data   RO          138    .rodata.font_ubuntu_mono_24_0x29  testmain.o
    0x08002154   0x08002154   0x0000000c   Data   RO          139    .rodata.font_ubuntu_mono_24_0x2a  testmain.o
    0x08002160   0x08002160   0x0000000c   Data   RO          140    .rodata.font_ubuntu_mono_24_0x2b  testmain.o
    0x0800216c   0x0800216c   0x0000000c   Data   RO          141    .rodata.font_ubuntu_mono_24_0x2c  testmain.o
    0x08002178   0x08002178   0x0000000c   Data   RO          142    .rodata.font_ubuntu_mono_24_0x2d  testmain.o
    0x08002184   0x08002184   0x0000000c   Data   RO          143    .rodata.font_ubuntu_mono_24_0x2e  testmain.o
    0x08002190   0x08002190   0x0000000c   Data   RO          144    .rodata.font_ubuntu_mono_24_0x2f  testmain.o
    0x0800219c   0x0800219c   0x0000000c   Data   RO          145    .rodata.font_ubuntu_mono_24_0x30  testmain.o
    0x080021a8   0x080021a8   0x0000000c   Data   RO          146    .rodata.font_ubuntu_mono_24_0x31  testmain.o
    0x080021b4   0x080021b4   0x0000000c   Data   RO          147    .rodata.font_ubuntu_mono_24_0x32  testmain.o
    0x080021c0   0x080021c0   0x0000000c   Data   RO          148    .rodata.font_ubuntu_mono_24_0x33  testmain.o
    0x080021cc   0x080021cc   0x0000000c   Data   RO          149    .rodata.font_ubuntu_mono_24_0x34  testmain.o
    0x080021d8   0x080021d8   0x0000000c   Data   RO          150    .rodata.font_ubuntu_mono_24_0x35  testmain.o
    0x080021e4   0x080021e4   0x0000000c   Data   RO          151    .rodata.font_ubuntu_mono_24_0x36  testmain.o
    0x080021f0   0x080021f0   0x0000000c   Data   RO          152    .rodata.font_ubuntu_mono_24_0x37  testmain.o
    0x080021fc   0x080021fc   0x0000000c   Data   RO          153    .rodata.font_ubuntu_mono_24_0x38  testmain.o
    0x08002208   0x08002208   0x0000000c   Data   RO          154    .rodata.font_ubuntu_mono_24_0x39  testmain.o
    0x08002214   0x08002214   0x0000000c   Data   RO          155    .rodata.font_ubuntu_mono_24_0x3a  testmain.o
    0x08002220   0x08002220   0x0000000c   Data   RO          156    .rodata.font_ubuntu_mono_24_0x3b  testmain.o
    0x0800222c   0x0800222c   0x0000000c   Data   RO          157    .rodata.font_ubuntu_mono_24_0x3c  testmain.o
    0x08002238   0x08002238   0x0000000c   Data   RO          158    .rodata.font_ubuntu_mono_24_0x3d  testmain.o
    0x08002244   0x08002244   0x0000000c   Data   RO          159    .rodata.font_ubuntu_mono_24_0x3e  testmain.o
    0x08002250   0x08002250   0x0000000c   Data   RO          160    .rodata.font_ubuntu_mono_24_0x3f  testmain.o
    0x0800225c   0x0800225c   0x0000000c   Data   RO          161    .rodata.font_ubuntu_mono_24_0x40  testmain.o
    0x08002268   0x08002268   0x0000000c   Data   RO          162    .rodata.font_ubuntu_mono_24_0x41  testmain.o
    0x08002274   0x08002274   0x0000000c   Data   RO          163    .rodata.font_ubuntu_mono_24_0x42  testmain.o
    0x08002280   0x08002280   0x0000000c   Data   RO          164    .rodata.font_ubuntu_mono_24_0x43  testmain.o
    0x0800228c   0x0800228c   0x0000000c   Data   RO          165    .rodata.font_ubuntu_mono_24_0x44  testmain.o
    0x08002298   0x08002298   0x0000000c   Data   RO          166    .rodata.font_ubuntu_mono_24_0x45  testmain.o
    0x080022a4   0x080022a4   0x0000000c   Data   RO          167    .rodata.font_ubuntu_mono_24_0x46  testmain.o
    0x080022b0   0x080022b0   0x0000000c   Data   RO          168    .rodata.font_ubuntu_mono_24_0x47  testmain.o
    0x080022bc   0x080022bc   0x0000000c   Data   RO          169    .rodata.font_ubuntu_mono_24_0x48  testmain.o
    0x080022c8   0x080022c8   0x0000000c   Data   RO          170    .rodata.font_ubuntu_mono_24_0x49  testmain.o
    0x080022d4   0x080022d4   0x0000000c   Data   RO          171    .rodata.font_ubuntu_mono_24_0x4a  testmain.o
    0x080022e0   0x080022e0   0x0000000c   Data   RO          172    .rodata.font_ubuntu_mono_24_0x4b  testmain.o
    0x080022ec   0x080022ec   0x0000000c   Data   RO          173    .rodata.font_ubuntu_mono_24_0x4c  testmain.o
    0x080022f8   0x080022f8   0x0000000c   Data   RO          174    .rodata.font_ubuntu_mono_24_0x4d  testmain.o
    0x08002304   0x08002304   0x0000000c   Data   RO          175    .rodata.font_ubuntu_mono_24_0x4e  testmain.o
    0x08002310   0x08002310   0x0000000c   Data   RO          176    .rodata.font_ubuntu_mono_24_0x4f  testmain.o
    0x0800231c   0x0800231c   0x0000000c   Data   RO          177    .rodata.font_ubuntu_mono_24_0x50  testmain.o
    0x08002328   0x08002328   0x0000000c   Data   RO          178    .rodata.font_ubuntu_mono_24_0x51  testmain.o
    0x08002334   0x08002334   0x0000000c   Data   RO          179    .rodata.font_ubuntu_mono_24_0x52  testmain.o
    0x08002340   0x08002340   0x0000000c   Data   RO          180    .rodata.font_ubuntu_mono_24_0x53  testmain.o
    0x0800234c   0x0800234c   0x0000000c   Data   RO          181    .rodata.font_ubuntu_mono_24_0x54  testmain.o
    0x08002358   0x08002358   0x0000000c   Data   RO          182    .rodata.font_ubuntu_mono_24_0x55  testmain.o
    0x08002364   0x08002364   0x0000000c   Data   RO          183    .rodata.font_ubuntu_mono_24_0x56  testmain.o
    0x08002370   0x08002370   0x0000000c   Data   RO          184    .rodata.font_ubuntu_mono_24_0x57  testmain.o
    0x0800237c   0x0800237c   0x0000000c   Data   RO          185    .rodata.font_ubuntu_mono_24_0x58  testmain.o
    0x08002388   0x08002388   0x0000000c   Data   RO          186    .rodata.font_ubuntu_mono_24_0x59  testmain.o
    0x08002394   0x08002394   0x0000000c   Data   RO          187    .rodata.font_ubuntu_mono_24_0x5a  testmain.o
    0x080023a0   0x080023a0   0x0000000c   Data   RO          188    .rodata.font_ubuntu_mono_24_0x5b  testmain.o
    0x080023ac   0x080023ac   0x0000000c   Data   RO          189    .rodata.font_ubuntu_mono_24_0x5c  testmain.o
    0x080023b8   0x080023b8   0x0000000c   Data   RO          190    .rodata.font_ubuntu_mono_24_0x5d  testmain.o
    0x080023c4   0x080023c4   0x0000000c   Data   RO          191    .rodata.font_ubuntu_mono_24_0x5e  testmain.o
    0x080023d0   0x080023d0   0x0000000c   Data   RO          192    .rodata.font_ubuntu_mono_24_0x5f  testmain.o
    0x080023dc   0x080023dc   0x0000000c   Data   RO          193    .rodata.font_ubuntu_mono_24_0x60  testmain.o
    0x080023e8   0x080023e8   0x0000000c   Data   RO          194    .rodata.font_ubuntu_mono_24_0x61  testmain.o
    0x080023f4   0x080023f4   0x0000000c   Data   RO          195    .rodata.font_ubuntu_mono_24_0x62  testmain.o
    0x08002400   0x08002400   0x0000000c   Data   RO          196    .rodata.font_ubuntu_mono_24_0x63  testmain.o
    0x0800240c   0x0800240c   0x0000000c   Data   RO          197    .rodata.font_ubuntu_mono_24_0x64  testmain.o
    0x08002418   0x08002418   0x0000000c   Data   RO          198    .rodata.font_ubuntu_mono_24_0x65  testmain.o
    0x08002424   0x08002424   0x0000000c   Data   RO          199    .rodata.font_ubuntu_mono_24_0x66  testmain.o
    0x08002430   0x08002430   0x0000000c   Data   RO          200    .rodata.font_ubuntu_mono_24_0x67  testmain.o
    0x0800243c   0x0800243c   0x0000000c   Data   RO          201    .rodata.font_ubuntu_mono_24_0x68  testmain.o
    0x08002448   0x08002448   0x0000000c   Data   RO          202    .rodata.font_ubuntu_mono_24_0x69  testmain.o
    0x08002454   0x08002454   0x0000000c   Data   RO          203    .rodata.font_ubuntu_mono_24_0x6a  testmain.o
    0x08002460   0x08002460   0x0000000c   Data   RO          204    .rodata.font_ubuntu_mono_24_0x6b  testmain.o
    0x0800246c   0x0800246c   0x0000000c   Data   RO          205    .rodata.font_ubuntu_mono_24_0x6c  testmain.o
    0x08002478   0x08002478   0x0000000c   Data   RO          206    .rodata.font_ubuntu_mono_24_0x6d  testmain.o
    0x08002484   0x08002484   0x0000000c   Data   RO          207    .rodata.font_ubuntu_mono_24_0x6e  testmain.o
    0x08002490   0x08002490   0x0000000c   Data   RO          208    .rodata.font_ubuntu_mono_24_0x6f  testmain.o
    0x0800249c   0x0800249c   0x0000000c   Data   RO          209    .rodata.font_ubuntu_mono_24_0x70  testmain.o
    0x080024a8   0x080024a8   0x0000000c   Data   RO          210    .rodata.font_ubuntu_mono_24_0x71  testmain.o
    0x080024b4   0x080024b4   0x0000000c   Data   RO          211    .rodata.font_ubuntu_mono_24_0x72  testmain.o
    0x080024c0   0x080024c0   0x0000000c   Data   RO          212    .rodata.font_ubuntu_mono_24_0x73  testmain.o
    0x080024cc   0x080024cc   0x0000000c   Data   RO          213    .rodata.font_ubuntu_mono_24_0x74  testmain.o
    0x080024d8   0x080024d8   0x0000000c   Data   RO          214    .rodata.font_ubuntu_mono_24_0x75  testmain.o
    0x080024e4   0x080024e4   0x0000000c   Data   RO          215    .rodata.font_ubuntu_mono_24_0x76  testmain.o
    0x080024f0   0x080024f0   0x0000000c   Data   RO          216    .rodata.font_ubuntu_mono_24_0x77  testmain.o
    0x080024fc   0x080024fc   0x0000000c   Data   RO          217    .rodata.font_ubuntu_mono_24_0x78  testmain.o
    0x08002508   0x08002508   0x0000000c   Data   RO          218    .rodata.font_ubuntu_mono_24_0x79  testmain.o
    0x08002514   0x08002514   0x0000000c   Data   RO          219    .rodata.font_ubuntu_mono_24_0x7a  testmain.o
    0x08002520   0x08002520   0x0000000c   Data   RO          220    .rodata.font_ubuntu_mono_24_0x7b  testmain.o
    0x0800252c   0x0800252c   0x0000000c   Data   RO          221    .rodata.font_ubuntu_mono_24_0x7c  testmain.o
    0x08002538   0x08002538   0x0000000c   Data   RO          222    .rodata.font_ubuntu_mono_24_0x7d  testmain.o
    0x08002544   0x08002544   0x0000000c   Data   RO          223    .rodata.font_ubuntu_mono_24_0x7e  testmain.o
    0x08002550   0x08002550   0x000002f8   Data   RO          128    .rodata.font_ubuntu_mono_24_array  testmain.o
    0x08002848   0x08002848   0x00000030   Data   RO          224    .rodata.image_data_font_ubuntu_mono_24_0x20  testmain.o
    0x08002878   0x08002878   0x00000030   Data   RO          225    .rodata.image_data_font_ubuntu_mono_24_0x21  testmain.o
    0x080028a8   0x080028a8   0x00000030   Data   RO          226    .rodata.image_data_font_ubuntu_mono_24_0x22  testmain.o
    0x080028d8   0x080028d8   0x00000030   Data   RO          227    .rodata.image_data_font_ubuntu_mono_24_0x23  testmain.o
    0x08002908   0x08002908   0x00000030   Data   RO          228    .rodata.image_data_font_ubuntu_mono_24_0x24  testmain.o
    0x08002938   0x08002938   0x00000030   Data   RO          229    .rodata.image_data_font_ubuntu_mono_24_0x25  testmain.o
    0x08002968   0x08002968   0x00000030   Data   RO          230    .rodata.image_data_font_ubuntu_mono_24_0x26  testmain.o
    0x08002998   0x08002998   0x00000030   Data   RO          231    .rodata.image_data_font_ubuntu_mono_24_0x27  testmain.o
    0x080029c8   0x080029c8   0x00000030   Data   RO          232    .rodata.image_data_font_ubuntu_mono_24_0x28  testmain.o
    0x080029f8   0x080029f8   0x00000030   Data   RO          233    .rodata.image_data_font_ubuntu_mono_24_0x29  testmain.o
    0x08002a28   0x08002a28   0x00000030   Data   RO          234    .rodata.image_data_font_ubuntu_mono_24_0x2a  testmain.o
    0x08002a58   0x08002a58   0x00000030   Data   RO          235    .rodata.image_data_font_ubuntu_mono_24_0x2b  testmain.o
    0x08002a88   0x08002a88   0x00000030   Data   RO          236    .rodata.image_data_font_ubuntu_mono_24_0x2c  testmain.o
    0x08002ab8   0x08002ab8   0x00000030   Data   RO          237    .rodata.image_data_font_ubuntu_mono_24_0x2d  testmain.o
    0x08002ae8   0x08002ae8   0x00000030   Data   RO          238    .rodata.image_data_font_ubuntu_mono_24_0x2e  testmain.o
    0x08002b18   0x08002b18   0x00000030   Data   RO          239    .rodata.image_data_font_ubuntu_mono_24_0x2f  testmain.o
    0x08002b48   0x08002b48   0x00000030   Data   RO          240    .rodata.image_data_font_ubuntu_mono_24_0x30  testmain.o
    0x08002b78   0x08002b78   0x00000030   Data   RO          241    .rodata.image_data_font_ubuntu_mono_24_0x31  testmain.o
    0x08002ba8   0x08002ba8   0x00000030   Data   RO          242    .rodata.image_data_font_ubuntu_mono_24_0x32  testmain.o
    0x08002bd8   0x08002bd8   0x00000030   Data   RO          243    .rodata.image_data_font_ubuntu_mono_24_0x33  testmain.o
    0x08002c08   0x08002c08   0x00000030   Data   RO          244    .rodata.image_data_font_ubuntu_mono_24_0x34  testmain.o
    0x08002c38   0x08002c38   0x00000030   Data   RO          245    .rodata.image_data_font_ubuntu_mono_24_0x35  testmain.o
    0x08002c68   0x08002c68   0x00000030   Data   RO          246    .rodata.image_data_font_ubuntu_mono_24_0x36  testmain.o
    0x08002c98   0x08002c98   0x00000030   Data   RO          247    .rodata.image_data_font_ubuntu_mono_24_0x37  testmain.o
    0x08002cc8   0x08002cc8   0x00000030   Data   RO          248    .rodata.image_data_font_ubuntu_mono_24_0x38  testmain.o
    0x08002cf8   0x08002cf8   0x00000030   Data   RO          249    .rodata.image_data_font_ubuntu_mono_24_0x39  testmain.o
    0x08002d28   0x08002d28   0x00000030   Data   RO          250    .rodata.image_data_font_ubuntu_mono_24_0x3a  testmain.o
    0x08002d58   0x08002d58   0x00000030   Data   RO          251    .rodata.image_data_font_ubuntu_mono_24_0x3b  testmain.o
    0x08002d88   0x08002d88   0x00000030   Data   RO          252    .rodata.image_data_font_ubuntu_mono_24_0x3c  testmain.o
    0x08002db8   0x08002db8   0x00000030   Data   RO          253    .rodata.image_data_font_ubuntu_mono_24_0x3d  testmain.o
    0x08002de8   0x08002de8   0x00000030   Data   RO          254    .rodata.image_data_font_ubuntu_mono_24_0x3e  testmain.o
    0x08002e18   0x08002e18   0x00000030   Data   RO          255    .rodata.image_data_font_ubuntu_mono_24_0x3f  testmain.o
    0x08002e48   0x08002e48   0x00000030   Data   RO          256    .rodata.image_data_font_ubuntu_mono_24_0x40  testmain.o
    0x08002e78   0x08002e78   0x00000030   Data   RO          257    .rodata.image_data_font_ubuntu_mono_24_0x41  testmain.o
    0x08002ea8   0x08002ea8   0x00000030   Data   RO          258    .rodata.image_data_font_ubuntu_mono_24_0x42  testmain.o
    0x08002ed8   0x08002ed8   0x00000030   Data   RO          259    .rodata.image_data_font_ubuntu_mono_24_0x43  testmain.o
    0x08002f08   0x08002f08   0x00000030   Data   RO          260    .rodata.image_data_font_ubuntu_mono_24_0x44  testmain.o
    0x08002f38   0x08002f38   0x00000030   Data   RO          261    .rodata.image_data_font_ubuntu_mono_24_0x45  testmain.o
    0x08002f68   0x08002f68   0x00000030   Data   RO          262    .rodata.image_data_font_ubuntu_mono_24_0x46  testmain.o
    0x08002f98   0x08002f98   0x00000030   Data   RO          263    .rodata.image_data_font_ubuntu_mono_24_0x47  testmain.o
    0x08002fc8   0x08002fc8   0x00000030   Data   RO          264    .rodata.image_data_font_ubuntu_mono_24_0x48  testmain.o
    0x08002ff8   0x08002ff8   0x00000030   Data   RO          265    .rodata.image_data_font_ubuntu_mono_24_0x49  testmain.o
    0x08003028   0x08003028   0x00000030   Data   RO          266    .rodata.image_data_font_ubuntu_mono_24_0x4a  testmain.o
    0x08003058   0x08003058   0x00000030   Data   RO          267    .rodata.image_data_font_ubuntu_mono_24_0x4b  testmain.o
    0x08003088   0x08003088   0x00000030   Data   RO          268    .rodata.image_data_font_ubuntu_mono_24_0x4c  testmain.o
    0x080030b8   0x080030b8   0x00000030   Data   RO          269    .rodata.image_data_font_ubuntu_mono_24_0x4d  testmain.o
    0x080030e8   0x080030e8   0x00000030   Data   RO          270    .rodata.image_data_font_ubuntu_mono_24_0x4e  testmain.o
    0x08003118   0x08003118   0x00000030   Data   RO          271    .rodata.image_data_font_ubuntu_mono_24_0x4f  testmain.o
    0x08003148   0x08003148   0x00000030   Data   RO          272    .rodata.image_data_font_ubuntu_mono_24_0x50  testmain.o
    0x08003178   0x08003178   0x00000030   Data   RO          273    .rodata.image_data_font_ubuntu_mono_24_0x51  testmain.o
    0x080031a8   0x080031a8   0x00000030   Data   RO          274    .rodata.image_data_font_ubuntu_mono_24_0x52  testmain.o
    0x080031d8   0x080031d8   0x00000030   Data   RO          275    .rodata.image_data_font_ubuntu_mono_24_0x53  testmain.o
    0x08003208   0x08003208   0x00000030   Data   RO          276    .rodata.image_data_font_ubuntu_mono_24_0x54  testmain.o
    0x08003238   0x08003238   0x00000030   Data   RO          277    .rodata.image_data_font_ubuntu_mono_24_0x55  testmain.o
    0x08003268   0x08003268   0x00000030   Data   RO          278    .rodata.image_data_font_ubuntu_mono_24_0x56  testmain.o
    0x08003298   0x08003298   0x00000030   Data   RO          279    .rodata.image_data_font_ubuntu_mono_24_0x57  testmain.o
    0x080032c8   0x080032c8   0x00000030   Data   RO          280    .rodata.image_data_font_ubuntu_mono_24_0x58  testmain.o
    0x080032f8   0x080032f8   0x00000030   Data   RO          281    .rodata.image_data_font_ubuntu_mono_24_0x59  testmain.o
    0x08003328   0x08003328   0x00000030   Data   RO          282    .rodata.image_data_font_ubuntu_mono_24_0x5a  testmain.o
    0x08003358   0x08003358   0x00000030   Data   RO          283    .rodata.image_data_font_ubuntu_mono_24_0x5b  testmain.o
    0x08003388   0x08003388   0x00000030   Data   RO          284    .rodata.image_data_font_ubuntu_mono_24_0x5c  testmain.o
    0x080033b8   0x080033b8   0x00000030   Data   RO          285    .rodata.image_data_font_ubuntu_mono_24_0x5d  testmain.o
    0x080033e8   0x080033e8   0x00000030   Data   RO          286    .rodata.image_data_font_ubuntu_mono_24_0x5e  testmain.o
    0x08003418   0x08003418   0x00000030   Data   RO          287    .rodata.image_data_font_ubuntu_mono_24_0x5f  testmain.o
    0x08003448   0x08003448   0x00000030   Data   RO          288    .rodata.image_data_font_ubuntu_mono_24_0x60  testmain.o
    0x08003478   0x08003478   0x00000030   Data   RO          289    .rodata.image_data_font_ubuntu_mono_24_0x61  testmain.o
    0x080034a8   0x080034a8   0x00000030   Data   RO          290    .rodata.image_data_font_ubuntu_mono_24_0x62  testmain.o
    0x080034d8   0x080034d8   0x00000030   Data   RO          291    .rodata.image_data_font_ubuntu_mono_24_0x63  testmain.o
    0x08003508   0x08003508   0x00000030   Data   RO          292    .rodata.image_data_font_ubuntu_mono_24_0x64  testmain.o
    0x08003538   0x08003538   0x00000030   Data   RO          293    .rodata.image_data_font_ubuntu_mono_24_0x65  testmain.o
    0x08003568   0x08003568   0x00000030   Data   RO          294    .rodata.image_data_font_ubuntu_mono_24_0x66  testmain.o
    0x08003598   0x08003598   0x00000030   Data   RO          295    .rodata.image_data_font_ubuntu_mono_24_0x67  testmain.o
    0x080035c8   0x080035c8   0x00000030   Data   RO          296    .rodata.image_data_font_ubuntu_mono_24_0x68  testmain.o
    0x080035f8   0x080035f8   0x00000030   Data   RO          297    .rodata.image_data_font_ubuntu_mono_24_0x69  testmain.o
    0x08003628   0x08003628   0x00000030   Data   RO          298    .rodata.image_data_font_ubuntu_mono_24_0x6a  testmain.o
    0x08003658   0x08003658   0x00000030   Data   RO          299    .rodata.image_data_font_ubuntu_mono_24_0x6b  testmain.o
    0x08003688   0x08003688   0x00000030   Data   RO          300    .rodata.image_data_font_ubuntu_mono_24_0x6c  testmain.o
    0x080036b8   0x080036b8   0x00000030   Data   RO          301    .rodata.image_data_font_ubuntu_mono_24_0x6d  testmain.o
    0x080036e8   0x080036e8   0x00000030   Data   RO          302    .rodata.image_data_font_ubuntu_mono_24_0x6e  testmain.o
    0x08003718   0x08003718   0x00000030   Data   RO          303    .rodata.image_data_font_ubuntu_mono_24_0x6f  testmain.o
    0x08003748   0x08003748   0x00000030   Data   RO          304    .rodata.image_data_font_ubuntu_mono_24_0x70  testmain.o
    0x08003778   0x08003778   0x00000030   Data   RO          305    .rodata.image_data_font_ubuntu_mono_24_0x71  testmain.o
    0x080037a8   0x080037a8   0x00000030   Data   RO          306    .rodata.image_data_font_ubuntu_mono_24_0x72  testmain.o
    0x080037d8   0x080037d8   0x00000030   Data   RO          307    .rodata.image_data_font_ubuntu_mono_24_0x73  testmain.o
    0x08003808   0x08003808   0x00000030   Data   RO          308    .rodata.image_data_font_ubuntu_mono_24_0x74  testmain.o
    0x08003838   0x08003838   0x00000030   Data   RO          309    .rodata.image_data_font_ubuntu_mono_24_0x75  testmain.o
    0x08003868   0x08003868   0x00000030   Data   RO          310    .rodata.image_data_font_ubuntu_mono_24_0x76  testmain.o
    0x08003898   0x08003898   0x00000030   Data   RO          311    .rodata.image_data_font_ubuntu_mono_24_0x77  testmain.o
    0x080038c8   0x080038c8   0x00000030   Data   RO          312    .rodata.image_data_font_ubuntu_mono_24_0x78  testmain.o
    0x080038f8   0x080038f8   0x00000030   Data   RO          313    .rodata.image_data_font_ubuntu_mono_24_0x79  testmain.o
    0x08003928   0x08003928   0x00000030   Data   RO          314    .rodata.image_data_font_ubuntu_mono_24_0x7a  testmain.o
    0x08003958   0x08003958   0x00000030   Data   RO          315    .rodata.image_data_font_ubuntu_mono_24_0x7b  testmain.o
    0x08003988   0x08003988   0x00000030   Data   RO          316    .rodata.image_data_font_ubuntu_mono_24_0x7c  testmain.o
    0x080039b8   0x080039b8   0x00000030   Data   RO          317    .rodata.image_data_font_ubuntu_mono_24_0x7d  testmain.o
    0x080039e8   0x080039e8   0x00000030   Data   RO          318    .rodata.image_data_font_ubuntu_mono_24_0x7e  testmain.o
    0x08003a18   0x08003a18   0x0000008d   Data   RO          124    .rodata.str1.1      testmain.o
    0x08003aa5   0x08003aa5   0x00000003   PAD
    0x08003aa8   0x08003aa8   0x0000000c   Data   RO          108    .rodata.testImage   testmain.o
    0x08003ab4   0x08003ab4   0x0000ea60   Data   RO          107    .rodata.testImageData  testmain.o
    0x08012514   0x08012514   0x00000020   Data   RO          619    Region$$Table       anon$$obj.o


    Execution Region ER_RW (Exec base: 0x20000000, Load base: 0x08012534, Size: 0x00000008, Max: 0xffffffff, ABSOLUTE)

    Exec Addr    Load Addr    Size         Type   Attr      Idx    E Section Name        Object

    0x20000000   0x08012534   0x00000002   Data   RW           51    .data.ILI_TFTheight  ili9341.o
    0x20000002   0x08012536   0x00000002   Data   RW           50    .data.ILI_TFTwidth  ili9341.o
    0x20000004   0x08012538   0x00000001   Data   RW          109    .data.flag_closed   testmain.o
    0x20000005   0x08012539   0x00000001   Data   RW          115    .data.time_flag     testmain.o


    Execution Region ER_ZI (Exec base: 0x20000008, Load base: 0x0801253c, Size: 0x00000680, Max: 0xffffffff, ABSOLUTE)

    Exec Addr    Load Addr    Size         Type   Attr      Idx    E Section Name        Object

    0x20000008        -       0x00000060   Zero   RW          484    .bss                c_w.l(libspace.o)
    0x20000068        -       0x00000001   Zero   RW           53    .bss.ILI_Orientation  ili9341.o
    0x20000069        -       0x00000001   Zero   RW          121    .bss.RTC_Date       testmain.o
    0x2000006a        -       0x00000001   Zero   RW          120    .bss.RTC_Hour       testmain.o
    0x2000006b        -       0x00000001   Zero   RW          119    .bss.RTC_Minute     testmain.o
    0x2000006c        -       0x00000001   Zero   RW          122    .bss.RTC_Month      testmain.o
    0x2000006d        -       0x00000001   Zero   RW          118    .bss.RTC_Second     testmain.o
    0x2000006e        -       0x00000001   Zero   RW          123    .bss.RTC_Year       testmain.o
    0x2000006f   0x0801253c   0x00000001   PAD
    0x20000070        -       0x00000004   Zero   RW          112    .bss.pos            testmain.o
    0x20000074        -       0x00000001   Zero   RW          110    .bss.swPress        testmain.o
    0x20000075        -       0x0000000e   Zero   RW          116    .bss.timeDate       testmain.o
    0x20000083        -       0x00000001   Zero   RW          114    .bss.tmp            testmain.o
    0x20000084        -       0x00000001   Zero   RW          113    .bss.value          testmain.o
    0x20000085   0x0801253c   0x00000003   PAD
    0x20000088        -       0x00000200   Zero   RW          425    HEAP                startup_stm32f446xx.o
    0x20000288        -       0x00000400   Zero   RW          424    STACK               startup_stm32f446xx.o


==============================================================================

Image component sizes


      Code (inc. data)   RO Data    RW Data    ZI Data      Debug   Object Name

       166          0          0          0          0       4722   hall.o
       402          0          0          0          0       2701   i2c.o
      3420          4          0          4          1      10342   ili9341.o
       352          0          0          0          0       5271   rotary_encoder.o
       460          0          0          0          0       2714   spi.o
        64         26        452          0       1536        888   startup_stm32f446xx.o
       130          0          0          0          0       2575   stepper.o
        18          0          0          0          0       2846   system_stm32f4xx.o
      2106         12      66621          2         27      14175   testmain.o
       372          8          0          0          0       2186   timers.o

    ----------------------------------------------------------------------
      7536         50      67108          8       1568      48420   Object Totals
         0          0         32          0          0          0   (incl. Generated)
        46          0          3          2          4          0   (incl. Padding)

    ----------------------------------------------------------------------

      Code (inc. data)   RO Data    RW Data    ZI Data      Debug   Library Member Name

         8          0          0          0          0         68   __main.o
         0          0          0          0          0          0   __rtentry.o
        12          0          0          0          0          0   __rtentry2.o
         6          0          0          0          0          0   __rtentry4.o
        94          8          0          0          0          0   __scatter.o
        26          0          0          0          0          0   __scatter_copy.o
        28          0          0          0          0          0   __scatter_zi.o
        18          0          0          0          0         80   exit.o
         6          0          0          0          0        152   heapauxi.o
         0          0          0          0          0          0   indicate_semi.o
         2          0          0          0          0          0   libinit.o
         6          0          0          0          0          0   libinit2.o
         2          0          0          0          0          0   libshutdown.o
         2          0          0          0          0          0   libshutdown2.o
         8          4          0          0         96         68   libspace.o
         2          0          0          0          0          0   rtexit.o
        10          0          0          0          0          0   rtexit2.o
        62          0          0          0          0         76   strlen.o
        12          4          0          0          0         68   sys_exit.o
        74          0          0          0          0         80   sys_stackheap_outer.o
         2          0          0          0          0         68   use_no_semi.o
        26          0          0          0          0        116   fpinit.o

    ----------------------------------------------------------------------
       416         16          0          0         96        776   Library Totals
        10          0          0          0          0          0   (incl. Padding)

    ----------------------------------------------------------------------

      Code (inc. data)   RO Data    RW Data    ZI Data      Debug   Library Name

       380         16          0          0         96        660   c_w.l
        26          0          0          0          0        116   fz_wm.l

    ----------------------------------------------------------------------
       416         16          0          0         96        776   Library Totals

    ----------------------------------------------------------------------

==============================================================================


      Code (inc. data)   RO Data    RW Data    ZI Data      Debug   

      7952         66      67108          8       1664      48896   Grand Totals
      7952         66      67108          8       1664      48896   ELF Image Totals
      7952         66      67108          8          0          0   ROM Totals

==============================================================================

    Total RO  Size (Code + RO Data)                75060 (  73.30kB)
    Total RW  Size (RW Data + ZI Data)              1672 (   1.63kB)
    Total ROM Size (Code + RO Data + RW Data)      75068 (  73.31kB)

==============================================================================

