Component: Arm Compiler for Embedded 6.19 Tool: armlink [5e73cb00]

==============================================================================

Section Cross References

    ili9341.o(.ARM.exidx.text.SysTick_Init) refers to ili9341.o(.text.SysTick_Init) for [Anonymous Symbol]
    ili9341.o(.ARM.exidx.text.delayMS) refers to ili9341.o(.text.delayMS) for [Anonymous Symbol]
    ili9341.o(.ARM.exidx.text.delayMicroS) refers to ili9341.o(.text.delayMicroS) for [Anonymous Symbol]
    ili9341.o(.text.Draw_String_BG) refers to strlen.o(.text) for strlen
    ili9341.o(.text.Draw_String_BG) refers to ili9341.o(.text.Draw_Char_BG) for Draw_Char_BG
    ili9341.o(.text.Draw_String_BG) refers to ili9341.o(.data.ILI_TFTwidth) for ILI_TFTwidth
    ili9341.o(.ARM.exidx.text.Draw_String_BG) refers to ili9341.o(.text.Draw_String_BG) for [Anonymous Symbol]
    ili9341.o(.text.Draw_Char_BG) refers to ili9341.o(.text.Draw_Pixel) for Draw_Pixel
    ili9341.o(.ARM.exidx.text.Draw_Char_BG) refers to ili9341.o(.text.Draw_Char_BG) for [Anonymous Symbol]
    ili9341.o(.text.Draw_String_NoBG) refers to strlen.o(.text) for strlen
    ili9341.o(.text.Draw_String_NoBG) refers to ili9341.o(.text.Draw_Char_NoBG) for Draw_Char_NoBG
    ili9341.o(.text.Draw_String_NoBG) refers to ili9341.o(.data.ILI_TFTwidth) for ILI_TFTwidth
    ili9341.o(.ARM.exidx.text.Draw_String_NoBG) refers to ili9341.o(.text.Draw_String_NoBG) for [Anonymous Symbol]
    ili9341.o(.text.Draw_Char_NoBG) refers to ili9341.o(.text.Draw_Pixel) for Draw_Pixel
    ili9341.o(.ARM.exidx.text.Draw_Char_NoBG) refers to ili9341.o(.text.Draw_Char_NoBG) for [Anonymous Symbol]
    ili9341.o(.text.Draw_Pixel) refers to ili9341.o(.text.Set_Address_Window) for Set_Address_Window
    ili9341.o(.text.Draw_Pixel) refers to ili9341.o(.text.ILI_Push_16Bit) for ILI_Push_16Bit
    ili9341.o(.ARM.exidx.text.Draw_Pixel) refers to ili9341.o(.text.Draw_Pixel) for [Anonymous Symbol]
    ili9341.o(.text.Draw_Bitmap) refers to ili9341.o(.text.Set_Address_Window) for Set_Address_Window
    ili9341.o(.text.Draw_Bitmap) refers to ili9341.o(.text.ILI_8Bit_Data) for ILI_8Bit_Data
    ili9341.o(.ARM.exidx.text.Draw_Bitmap) refers to ili9341.o(.text.Draw_Bitmap) for [Anonymous Symbol]
    ili9341.o(.text.Set_Address_Window) refers to ili9341.o(.text.ILI_8Bit_Command) for ILI_8Bit_Command
    ili9341.o(.text.Set_Address_Window) refers to ili9341.o(.text.ILI_Push_16Bit) for ILI_Push_16Bit
    ili9341.o(.ARM.exidx.text.Set_Address_Window) refers to ili9341.o(.text.Set_Address_Window) for [Anonymous Symbol]
    ili9341.o(.text.ILI_8Bit_Data) refers to spi.o(.text.SPI_Transmit) for SPI_Transmit
    ili9341.o(.ARM.exidx.text.ILI_8Bit_Data) refers to ili9341.o(.text.ILI_8Bit_Data) for [Anonymous Symbol]
    ili9341.o(.text.Fill_Screen) refers to ili9341.o(.data.ILI_TFTwidth) for ILI_TFTwidth
    ili9341.o(.text.Fill_Screen) refers to ili9341.o(.data.ILI_TFTheight) for ILI_TFTheight
    ili9341.o(.text.Fill_Screen) refers to ili9341.o(.text.Set_Address_Window) for Set_Address_Window
    ili9341.o(.text.Fill_Screen) refers to ili9341.o(.text.Fill_Color) for Fill_Color
    ili9341.o(.ARM.exidx.text.Fill_Screen) refers to ili9341.o(.text.Fill_Screen) for [Anonymous Symbol]
    ili9341.o(.text.Fill_Color) refers to ili9341.o(.text.ILI_Push_16Bit) for ILI_Push_16Bit
    ili9341.o(.text.Fill_Color) refers to ili9341.o(.text.ILI_8Bit_Data) for ILI_8Bit_Data
    ili9341.o(.ARM.exidx.text.Fill_Color) refers to ili9341.o(.text.Fill_Color) for [Anonymous Symbol]
    ili9341.o(.text.Draw_Line) refers to abs.o(.text) for abs
    ili9341.o(.text.Draw_Line) refers to ili9341.o(.text.Set_Address_Window) for Set_Address_Window
    ili9341.o(.text.Draw_Line) refers to ili9341.o(.text.ILI_Push_16Bit) for ILI_Push_16Bit
    ili9341.o(.ARM.exidx.text.Draw_Line) refers to ili9341.o(.text.Draw_Line) for [Anonymous Symbol]
    ili9341.o(.text.ILI_Push_16Bit) refers to ili9341.o(.text.ILI_8Bit_Data) for ILI_8Bit_Data
    ili9341.o(.ARM.exidx.text.ILI_Push_16Bit) refers to ili9341.o(.text.ILI_Push_16Bit) for [Anonymous Symbol]
    ili9341.o(.text.Draw_VLine) refers to ili9341.o(.text.Set_Address_Window) for Set_Address_Window
    ili9341.o(.text.Draw_VLine) refers to abs.o(.text) for abs
    ili9341.o(.text.Draw_VLine) refers to ili9341.o(.text.Fill_Color) for Fill_Color
    ili9341.o(.ARM.exidx.text.Draw_VLine) refers to ili9341.o(.text.Draw_VLine) for [Anonymous Symbol]
    ili9341.o(.text.Draw_HLine) refers to ili9341.o(.text.Set_Address_Window) for Set_Address_Window
    ili9341.o(.text.Draw_HLine) refers to abs.o(.text) for abs
    ili9341.o(.text.Draw_HLine) refers to ili9341.o(.text.Fill_Color) for Fill_Color
    ili9341.o(.ARM.exidx.text.Draw_HLine) refers to ili9341.o(.text.Draw_HLine) for [Anonymous Symbol]
    ili9341.o(.text.Invert_Display) refers to ili9341.o(.bss.Invert_Display.inv_flag) for Invert_Display.inv_flag
    ili9341.o(.text.Invert_Display) refers to ili9341.o(.text.ILI_8Bit_Command) for ILI_8Bit_Command
[...]
    __Heap_ProvideMemory                     0x08001dc1   Thumb Code    52  h1_extend.o(.text)
    _ftell_internal                          0x08001df5   Thumb Code    66  ftell.o(.text)
    ftell                                    0x08001df5   Thumb Code     0  ftell.o(.text)
    __default_signal_display                 0x08001e37   Thumb Code    50  defsig_general.o(.text)
    __rt_SIGRTMEM_inner                      0x08001e69   Thumb Code    22  defsig_rtmem_inner.o(.text)
    _ttywrch                                 0x08001eb9   Thumb Code    14  sys_wrch.o(.text)
    __aeabi_errno_addr                       0x08001ec9   Thumb Code     8  rt_errno_addr_intlibspace.o(.text)
    __errno$intlibspace                      0x08001ec9   Thumb Code     0  rt_errno_addr_intlibspace.o(.text)
    __rt_errno_addr$intlibspace              0x08001ec9   Thumb Code     0  rt_errno_addr_intlibspace.o(.text)
    Buzzer_Stop                              0x08001ed1   Thumb Code    34  piezo.o(.text.Buzzer_Stop)
    CS_Low                                   0x08001ef5   Thumb Code    16  spi.o(.text.CS_Low)
    Display_Init                             0x08001f05   Thumb Code  1164  ili9341.o(.text.Display_Init)
    Draw_Bitmap                              0x08002391   Thumb Code   168  ili9341.o(.text.Draw_Bitmap)
    Draw_Char_BG                             0x08002439   Thumb Code   370  ili9341.o(.text.Draw_Char_BG)
    Draw_Pixel                               0x080025ad   Thumb Code    70  ili9341.o(.text.Draw_Pixel)
    Draw_String_BG                           0x080025f5   Thumb Code   284  ili9341.o(.text.Draw_String_BG)
    EXTI15_10_IRQHandler                     0x08002711   Thumb Code   108  testmain.o(.text.EXTI15_10_IRQHandler)
    EXTI4_IRQHandler                         0x0800277d   Thumb Code   508  testmain.o(.text.EXTI4_IRQHandler)
    Encoder_TIM_init                         0x08002979   Thumb Code   110  rotary_encoder.o(.text.Encoder_TIM_init)
    Encoder_init                             0x080029e9   Thumb Code   194  rotary_encoder.o(.text.Encoder_init)
    Eye_Move_To                              0x08002aad   Thumb Code    18  servo.o(.text.Eye_Move_To)
    Eyelid_Move_To                           0x08002ac1   Thumb Code    18  servo.o(.text.Eyelid_Move_To)
    Fill_Color                               0x08002ad5   Thumb Code   170  ili9341.o(.text.Fill_Color)
    Fill_Rect                                0x08002b81   Thumb Code   268  ili9341.o(.text.Fill_Rect)
    Fill_Screen                              0x08002c8d   Thumb Code    88  ili9341.o(.text.Fill_Screen)
    GPIO_PinMode_Setup                       0x08002ce5   Thumb Code    94  ili9341.o(.text.GPIO_PinMode_Setup)
    HealthClear                              0x08002d45   Thumb Code   134  health_bar.o(.text.HealthClear)
    HealthCurrent                            0x08002dcd   Thumb Code   152  health_bar.o(.text.HealthCurrent)
    HealthMinusMinus                         0x08002e65   Thumb Code   198  health_bar.o(.text.HealthMinusMinus)
    HealthPlusPlus                           0x08002f2d   Thumb Code   204  health_bar.o(.text.HealthPlusPlus)
    I2C1_byteRead                            0x08002ff9   Thumb Code   332  i2c.o(.text.I2C1_byteRead)
    I2C1_byteWrite                           0x08003145   Thumb Code   238  i2c.o(.text.I2C1_byteWrite)
    I2C_init                                 0x08003235   Thumb Code   164  i2c.o(.text.I2C_init)
    ILI_8Bit_Command                         0x080032d9   Thumb Code    64  ili9341.o(.text.ILI_8Bit_Command)
    ILI_8Bit_Data                            0x08003319   Thumb Code    64  ili9341.o(.text.ILI_8Bit_Data)
    ILI_Push_16Bit                           0x08003359   Thumb Code    28  ili9341.o(.text.ILI_Push_16Bit)
    ITM_SendChar                             0x08003375   Thumb Code    66  retarget_io.o(.text.ITM_SendChar)
    Init_seq                                 0x080033b9   Thumb Code   132  sevenseg.o(.text.Init_seq)
    MENU_SCREENS                             0x0800343d   Thumb Code  1886  testmain.o(.text.MENU_SCREENS)
    Play_Tone_1                              0x08003b9d   Thumb Code    24  piezo.o(.text.Play_Tone_1)
    Play_Tone_2                              0x08003bb5   Thumb Code    26  piezo.o(.text.Play_Tone_2)
    Play_Tone_3                              0x08003bd1   Thumb Code    26  piezo.o(.text.Play_Tone_3)
    Play_Tone_4                              0x08003bed   Thumb Code    26  piezo.o(.text.Play_Tone_4)
    Read_ADC                                 0x08003c09   Thumb Code   256  adc.o(.text.Read_ADC)
    Read_Date                                0x08003d09   Thumb Code   358  testmain.o(.text.Read_Date)
    Read_Time                                0x08003e71   Thumb Code   358  testmain.o(.text.Read_Time)
    Rotate_Display                           0x08003fd9   Thumb Code   346  ili9341.o(.text.Rotate_Display)
    SPI_Enable                               0x08004135   Thumb Code    18  spi.o(.text.SPI_Enable)
    SPI_GPIO                                 0x08004149   Thumb Code   188  spi.o(.text.SPI_GPIO)
    SPI_Init                                 0x08004205   Thumb Code    88  spi.o(.text.SPI_Init)
    SPI_Transmit                             0x0800425d   Thumb Code   158  spi.o(.text.SPI_Transmit)
    Set_Address_Window                       0x080042fd   Thumb Code    74  ili9341.o(.text.Set_Address_Window)
    Set_Date                                 0x08004349   Thumb Code    58  testmain.o(.text.Set_Date)
    Set_TD                                   0x08004385   Thumb Code   752  testmain.o(.text.Set_TD)
    Set_Time                                 0x08004675   Thumb Code    58  testmain.o(.text.Set_Time)
    SysTick_Init                             0x080046b1   Thumb Code    46  ili9341.o(.text.SysTick_Init)
    SystemInit                               0x080046e1   Thumb Code    18  system_stm32f4xx.o(.text.SystemInit)
    TIM1_CH1_Disable                         0x080046f5   Thumb Code    16  servo.o(.text.TIM1_CH1_Disable)
    TIM1_CH1_Enable                          0x08004705   Thumb Code    16  servo.o(.text.TIM1_CH1_Enable)
    TIM1_CH2_Disable                         0x08004715   Thumb Code    16  servo.o(.text.TIM1_CH2_Disable)
    TIM1_CH2_Enable                          0x08004725   Thumb Code    16  servo.o(.text.TIM1_CH2_Enable)
    TIM1_CH3_Disable                         0x08004735   Thumb Code    16  servo.o(.text.TIM1_CH3_Disable)
    TIM1_CH3_Enable                          0x08004745   Thumb Code    16  servo.o(.text.TIM1_CH3_Enable)
    TIM1_setup                               0x08004755   Thumb Code   230  servo.o(.text.TIM1_setup)
    TIM5_IRQHandler                          0x0800483d   Thumb Code   276  testmain.o(.text.TIM5_IRQHandler)
    TIM6_DAC_IRQHandler                      0x08004951   Thumb Code   142  servo.o(.text.TIM6_DAC_IRQHandler)
    TIM7_IRQHandler                          0x080049e1   Thumb Code   496  piezo.o(.text.TIM7_IRQHandler)
    TIM_GPIO                                 0x08004bd1   Thumb Code   126  servo.o(.text.TIM_GPIO)
    Timer6_Init                              0x08004c51   Thumb Code   108  servo.o(.text.Timer6_Init)
    Timer7_Init                              0x08004cbd   Thumb Code   110  piezo.o(.text.Timer7_Init)
    Tongue_Move_To                           0x08004e11   Thumb Code    18  servo.o(.text.Tongue_Move_To)
    WDT_init                                 0x08004e25   Thumb Code    64  testmain.o(.text.WDT_init)
    WDT_reset                                0x08004e65   Thumb Code    20  testmain.o(.text.WDT_reset)
    _sys_close                               0x08004f69   Thumb Code    74  retarget_io.o(.text._sys_close)
    _sys_flen                                0x08004fb5   Thumb Code    72  retarget_io.o(.text._sys_flen)
    _sys_istty                               0x08004ffd   Thumb Code    72  retarget_io.o(.text._sys_istty)
    _sys_open                                0x08005045   Thumb Code   132  retarget_io.o(.text._sys_open)
    _sys_seek                                0x080050c9   Thumb Code    82  retarget_io.o(.text._sys_seek)
    _sys_write                               0x0800511d   Thumb Code   152  retarget_io.o(.text._sys_write)
    adc_init                                 0x080051b5   Thumb Code   134  adc.o(.text.adc_init)
    delayMS                                  0x0800523d   Thumb Code    66  ili9341.o(.text.delayMS)
    delayMicroS                              0x08005281   Thumb Code    66  ili9341.o(.text.delayMicroS)
    dist                                     0x080052c5   Thumb Code   102  sonar.o(.text.dist)
    hallEffect_pinInit                       0x0800532d   Thumb Code   194  hall.o(.text.hallEffect_pinInit)
    init_ShiftRegister                       0x080053f1   Thumb Code   106  health_bar.o(.text.init_ShiftRegister)
    main                                     0x0800545d   Thumb Code  1686  testmain.o(.text.main)
    millis                                   0x08005af5   Thumb Code    14  piezo.o(.text.millis)
    sevenSeg_write                           0x08005b05   Thumb Code   140  sevenseg.o(.text.sevenSeg_write)
    sonar_gpio_init                          0x08005b91   Thumb Code   308  sonar.o(.text.sonar_gpio_init)
    stepper_init                             0x08005ce5   Thumb Code   130  stepper.o(.text.stepper_init)
    tim5_init                                0x08005d69   Thumb Code   106  health_bar.o(.text.tim5_init)
    _btod_d2e                                0x08005dd3   Thumb Code    62  btod.o(CL$$btod_d2e)
    _d2e_denorm_low                          0x08005e11   Thumb Code    70  btod.o(CL$$btod_d2e_denorm_low)
    _d2e_norm_op1                            0x08005e57   Thumb Code    96  btod.o(CL$$btod_d2e_norm_op1)
    __btod_div_common                        0x08005eb9   Thumb Code   696  btod.o(CL$$btod_div_common)
    _e2e                                     0x080061f1   Thumb Code   220  btod.o(CL$$btod_e2e)
    _btod_ediv                               0x080062cd   Thumb Code    42  btod.o(CL$$btod_ediv)
    _btod_emul                               0x080062f7   Thumb Code    42  btod.o(CL$$btod_emul)
    __btod_mult_common                       0x08006321   Thumb Code   580  btod.o(CL$$btod_mult_common)
    __ARM_fpclassify                         0x08006565   Thumb Code    48  fpclassify.o(i.__ARM_fpclassify)
    _is_digit                                0x08006595   Thumb Code    14  __printf_wp.o(i._is_digit)
    fputc                                    0x080065a3   Thumb Code    28  fputc.o(i.fputc)
    _get_lc_numeric                          0x080065c1   Thumb Code    44  lc_numeric_c.o(locale$$code)
    _get_lc_ctype                            0x080065ed   Thumb Code    44  lc_ctype_c.o(locale$$code)
    __aeabi_dadd                             0x08006619   Thumb Code     0  daddsub_clz.o(x$fpl$dadd)
    _dadd                                    0x08006619   Thumb Code   332  daddsub_clz.o(x$fpl$dadd)
    __aeabi_d2iz                             0x08006769   Thumb Code     0  dfix.o(x$fpl$dfix)
    _dfix                                    0x08006769   Thumb Code    94  dfix.o(x$fpl$dfix)
    __aeabi_i2d                              0x080067c7   Thumb Code     0  dflt_clz.o(x$fpl$dflt)
    _dflt                                    0x080067c7   Thumb Code    46  dflt_clz.o(x$fpl$dflt)
    __aeabi_dmul                             0x080067f5   Thumb Code     0  dmul.o(x$fpl$dmul)
    _dmul                                    0x080067f5   Thumb Code   332  dmul.o(x$fpl$dmul)
    __fpl_dnaninf                            0x08006949   Thumb Code   156  dnaninf.o(x$fpl$dnaninf)
    __fpl_dretinf                            0x080069e5   Thumb Code    12  dretinf.o(x$fpl$dretinf)
    __aeabi_dsub                             0x080069f1   Thumb Code     0  daddsub_clz.o(x$fpl$dsub)
    _dsub                                    0x080069f1   Thumb Code   472  daddsub_clz.o(x$fpl$dsub)
    _fp_init                                 0x08006bcd   Thumb Code    26  fpinit.o(x$fpl$fpinit)
    __fplib_config_fpu_vfp                   0x08006be5   Thumb Code     0  fpinit.o(x$fpl$fpinit)
    __fplib_config_pureend_doubles           0x08006be5   Thumb Code     0  fpinit.o(x$fpl$fpinit)
    _printf_fp_dec                           0x08006be7   Thumb Code     4  printf1.o(x$fpl$printf1)
    _printf_fp_hex                           0x08006beb   Thumb Code     4  printf2.o(x$fpl$printf2)
    __I$use$fp                               0x08006bee   Number         0  usenofp.o(x$fpl$usenofp)
    Happy                                    0x08006cec   Data       84400  testmain.o(.rodata.Happy)
    HappyImage                               0x0801b69c   Data          12  testmain.o(.rodata.HappyImage)
    Hungry                                   0x0801b6a8   Data       87740  testmain.o(.rodata.Hungry)
    HungryImage                              0x08030d64   Data          12  testmain.o(.rodata.HungryImage)
    Sleepy                                   0x08030d70   Data       83556  testmain.o(.rodata.Sleepy)
    SleepyImage                              0x080453d4   Data          12  testmain.o(.rodata.SleepyImage)
    __stderr_name                            0x080453e0   Data           8  retarget_io.o(.rodata.__stderr_name)
    __stdin_name                             0x080453e8   Data           7  retarget_io.o(.rodata.__stdin_name)
    __stdout_name                            0x080453ef   Data           8  retarget_io.o(.rodata.__stdout_name)
    content                                  0x080453f8   Data       83978  testmain.o(.rodata.content)
    contentImage                             0x08059c04   Data          12  testmain.o(.rodata.contentImage)
    Region$$Table$$Base                      0x0805b638   Number         0  anon$$obj.o(Region$$Table)
    Region$$Table$$Limit                     0x0805b658   Number         0  anon$$obj.o(Region$$Table)
    __ctype                                  0x0805b681   Data           0  lc_ctype_c.o(locale$$data)
    __aeabi_stdin                            0x20000000   Data           4  stdio_streams.o(.data)
    __aeabi_stdout                           0x20000004   Data           4  stdio_streams.o(.data)
    __aeabi_stderr                           0x20000008   Data           4  stdio_streams.o(.data)
    Expression_Transition                    0x2000000c   Data           1  testmain.o(.data.Expression_Transition)
    Mimic_Servo                              0x20000014   Data          16  testmain.o(.data.Mimic_Servo)
    RTC_Data_ptr                             0x20000024   Data           4  testmain.o(.data.RTC_Data_ptr)
    count                                    0x20000028   Data           4  testmain.o(.data.count)
    health                                   0x2000002c   Data           1  health_bar.o(.data.health)
    menu                                     0x20000030   Data           4  testmain.o(.data.menu)
    menu_flag                                0x20000034   Data           1  testmain.o(.data.menu_flag)
    num                                      0x20000038   Data          44  testmain.o(.data.num)
    random_seconds                           0x20000064   Data           1  testmain.o(.data.random_seconds)
    state                                    0x20000068   Data           4  testmain.o(.data.state)
    tone_state                               0x2000006c   Data           4  piezo.o(.data.tone_state)
    _random_number_data                      0x20000070   Data         228  rand.o(.bss)
    __stdin                                  0x20000154   Data          84  stdio_streams.o(.bss)
    __stdout                                 0x200001a8   Data          84  stdio_streams.o(.bss)
    __stderr                                 0x200001fc   Data          84  stdio_streams.o(.bss)
    __libspace_start                         0x20000250   Data          96  libspace.o(.bss)
    CNT_New                                  0x200002b0   Data           1  testmain.o(.bss.CNT_New)
    __temporary_stack_top$libspace           0x200002b0   Data           0  libspace.o(.bss)
    CNT_Old                                  0x200002b1   Data           1  testmain.o(.bss.CNT_Old)
    RTC_Date                                 0x200002b3   Data           1  testmain.o(.bss.RTC_Date)
    RTC_Hour                                 0x200002b4   Data           1  testmain.o(.bss.RTC_Hour)
    RTC_Minute                               0x200002b5   Data           1  testmain.o(.bss.RTC_Minute)
    RTC_Month                                0x200002b6   Data           1  testmain.o(.bss.RTC_Month)
    RTC_Second                               0x200002b7   Data           1  testmain.o(.bss.RTC_Second)
    RTC_Year                                 0x200002b8   Data           1  testmain.o(.bss.RTC_Year)
    RTC_data                                 0x200002b9   Data           1  testmain.o(.bss.RTC_data)
    Time_New                                 0x200002c0   Data           8  testmain.o(.bss.Time_New)
    Time_Old                                 0x200002c8   Data           8  testmain.o(.bss.Time_Old)
    distance                                 0x200002d4   Data           4  testmain.o(.bss.distance)
    health_ptr                               0x200002d8   Data           4  testmain.o(.bss.health_ptr)
    lightLvl                                 0x200002e0   Data           4  testmain.o(.bss.lightLvl)
    milliseconds                             0x200002e8   Data           8  piezo.o(.bss.milliseconds)
    old_count                                0x200002f0   Data           4  testmain.o(.bss.old_count)
    petFlag                                  0x20000300   Data           1  testmain.o(.bss.petFlag)
    pos                                      0x20000304   Data           4  testmain.o(.bss.pos)
    random_seconds_counter                   0x20000308   Data           4  testmain.o(.bss.random_seconds_counter)
    refresh_WDT                              0x2000030c   Data           1  testmain.o(.bss.refresh_WDT)
    swPress                                  0x2000030e   Data           1  testmain.o(.bss.swPress)
    test                                     0x2000030f   Data           1  testmain.o(.bss.test)
    timeDate                                 0x20000310   Data          14  testmain.o(.bss.timeDate)
    tmp                                      0x2000031e   Data           1  testmain.o(.bss.tmp)
    tongue_wag                               0x2000031f   Data           1  testmain.o(.bss.tongue_wag)
    value                                    0x20000320   Data           1  testmain.o(.bss.value)



==============================================================================

Memory Map of the image

  Image Entry point : 0x08000359

  Load Region LR_1 (Base: 0x08000000, Size: 0x0005b7f4, Max: 0xffffffff, ABSOLUTE)

    Execution Region ER_RO (Exec base: 0x08000000, Load base: 0x08000000, Size: 0x0005b784, Max: 0xffffffff, ABSOLUTE)

    Exec Addr    Load Addr    Size         Type   Attr      Idx    E Section Name        Object

    0x08000000   0x08000000   0x000001c4   Data   RO          607    RESET               startup_stm32f446xx.o
    0x080001c4   0x080001c4   0x00000008   Code   RO          645  * !!!main             c_w.l(__main.o)
    0x080001cc   0x080001cc   0x00000034   Code   RO         1178    !!!scatter          c_w.l(__scatter.o)
    0x08000200   0x08000200   0x0000001a   Code   RO         1180    !!handler_copy      c_w.l(__scatter_copy.o)
    0x0800021a   0x0800021a   0x00000002   PAD
    0x0800021c   0x0800021c   0x0000001c   Code   RO         1182    !!handler_zi        c_w.l(__scatter_zi.o)
    0x08000238   0x08000238   0x00000000   Code   RO          745    .ARM.Collect$$_printf_percent$$00000000  c_w.l(_printf_percent.o)
    0x08000238   0x08000238   0x00000006   Code   RO          734    .ARM.Collect$$_printf_percent$$00000001  c_w.l(_printf_n.o)
    0x0800023e   0x0800023e   0x00000006   Code   RO          736    .ARM.Collect$$_printf_percent$$00000002  c_w.l(_printf_p.o)
    0x08000244   0x08000244   0x00000006   Code   RO          741    .ARM.Collect$$_printf_percent$$00000003  c_w.l(_printf_f.o)
    0x0800024a   0x0800024a   0x00000006   Code   RO          742    .ARM.Collect$$_printf_percent$$00000004  c_w.l(_printf_e.o)
    0x08000250   0x08000250   0x00000006   Code   RO          743    .ARM.Collect$$_printf_percent$$00000005  c_w.l(_printf_g.o)
    0x08000256   0x08000256   0x00000006   Code   RO          744    .ARM.Collect$$_printf_percent$$00000006  c_w.l(_printf_a.o)
    0x0800025c   0x0800025c   0x0000000a   Code   RO          749    .ARM.Collect$$_printf_percent$$00000007  c_w.l(_printf_ll.o)
    0x08000266   0x08000266   0x00000006   Code   RO          738    .ARM.Collect$$_printf_percent$$00000008  c_w.l(_printf_i.o)
    0x0800026c   0x0800026c   0x00000006   Code   RO          739    .ARM.Collect$$_printf_percent$$00000009  c_w.l(_printf_d.o)
    0x08000272   0x08000272   0x00000006   Code   RO          740    .ARM.Collect$$_printf_percent$$0000000A  c_w.l(_printf_u.o)
    0x08000278   0x08000278   0x00000006   Code   RO          737    .ARM.Collect$$_printf_percent$$0000000B  c_w.l(_printf_o.o)
    0x0800027e   0x0800027e   0x00000006   Code   RO          735    .ARM.Collect$$_printf_percent$$0000000C  c_w.l(_printf_x.o)
    0x08000284   0x08000284   0x00000006   Code   RO          746    .ARM.Collect$$_printf_percent$$0000000D  c_w.l(_printf_lli.o)
    0x0800028a   0x0800028a   0x00000006   Code   RO          747    .ARM.Collect$$_printf_percent$$0000000E  c_w.l(_printf_lld.o)
    0x08000290   0x08000290   0x00000006   Code   RO          748    .ARM.Collect$$_printf_percent$$0000000F  c_w.l(_printf_llu.o)
    0x08000296   0x08000296   0x00000006   Code   RO          753    .ARM.Collect$$_printf_percent$$00000010  c_w.l(_printf_llo.o)
    0x0800029c   0x0800029c   0x00000006   Code   RO          754    .ARM.Collect$$_printf_percent$$00000011  c_w.l(_printf_llx.o)
    0x080002a2   0x080002a2   0x0000000a   Code   RO          750    .ARM.Collect$$_printf_percent$$00000012  c_w.l(_printf_l.o)
    0x080002ac   0x080002ac   0x00000006   Code   RO          732    .ARM.Collect$$_printf_percent$$00000013  c_w.l(_printf_c.o)
    0x080002b2   0x080002b2   0x00000006   Code   RO          733    .ARM.Collect$$_printf_percent$$00000014  c_w.l(_printf_s.o)
    0x080002b8   0x080002b8   0x00000006   Code   RO          751    .ARM.Collect$$_printf_percent$$00000015  c_w.l(_printf_lc.o)
    0x080002be   0x080002be   0x00000006   Code   RO          752    .ARM.Collect$$_printf_percent$$00000016  c_w.l(_printf_ls.o)
    0x080002c4   0x080002c4   0x00000004   Code   RO          853    .ARM.Collect$$_printf_percent$$00000017  c_w.l(_printf_percent_end.o)
    0x080002c8   0x080002c8   0x00000002   Code   RO         1005    .ARM.Collect$$libinit$$00000000  c_w.l(libinit.o)
    0x080002ca   0x080002ca   0x00000004   Code   RO          761    .ARM.Collect$$libinit$$00000001  c_w.l(libinit2.o)
    0x080002ce   0x080002ce   0x00000000   Code   RO          764    .ARM.Collect$$libinit$$00000004  c_w.l(libinit2.o)
    0x080002ce   0x080002ce   0x00000000   Code   RO          766    .ARM.Collect$$libinit$$00000006  c_w.l(libinit2.o)
    0x080002ce   0x080002ce   0x00000008   Code   RO          767    .ARM.Collect$$libinit$$00000007  c_w.l(libinit2.o)
    0x080002d6   0x080002d6   0x00000000   Code   RO          769    .ARM.Collect$$libinit$$0000000C  c_w.l(libinit2.o)
    0x080002d6   0x080002d6   0x00000000   Code   RO          771    .ARM.Collect$$libinit$$0000000E  c_w.l(libinit2.o)
    0x080002d6   0x080002d6   0x00000004   Code   RO          772    .ARM.Collect$$libinit$$0000000F  c_w.l(libinit2.o)
    0x080002da   0x080002da   0x00000000   Code   RO          773    .ARM.Collect$$libinit$$00000010  c_w.l(libinit2.o)
    0x080002da   0x080002da   0x00000006   Code   RO          774    .ARM.Collect$$libinit$$00000011  c_w.l(libinit2.o)
    0x080002e0   0x080002e0   0x00000000   Code   RO          776    .ARM.Collect$$libinit$$00000013  c_w.l(libinit2.o)
    0x080002e0   0x080002e0   0x0000000c   Code   RO          777    .ARM.Collect$$libinit$$00000014  c_w.l(libinit2.o)
    0x080002ec   0x080002ec   0x00000000   Code   RO          778    .ARM.Collect$$libinit$$00000015  c_w.l(libinit2.o)
    0x080002ec   0x080002ec   0x00000000   Code   RO          780    .ARM.Collect$$libinit$$00000017  c_w.l(libinit2.o)
    0x080002ec   0x080002ec   0x0000000a   Code   RO          781    .ARM.Collect$$libinit$$00000018  c_w.l(libinit2.o)
    0x080002f6   0x080002f6   0x00000000   Code   RO          782    .ARM.Collect$$libinit$$00000019  c_w.l(libinit2.o)
    0x080002f6   0x080002f6   0x00000000   Code   RO          784    .ARM.Collect$$libinit$$0000001B  c_w.l(libinit2.o)
    0x080002f6   0x080002f6   0x00000000   Code   RO          786    .ARM.Collect$$libinit$$0000001D  c_w.l(libinit2.o)
    0x080002f6   0x080002f6   0x00000000   Code   RO          788    .ARM.Collect$$libinit$$0000001F  c_w.l(libinit2.o)
    0x080002f6   0x080002f6   0x00000000   Code   RO          790    .ARM.Collect$$libinit$$00000021  c_w.l(libinit2.o)
    0x080002f6   0x080002f6   0x00000000   Code   RO          792    .ARM.Collect$$libinit$$00000023  c_w.l(libinit2.o)
    0x080002f6   0x080002f6   0x00000000   Code   RO          794    .ARM.Collect$$libinit$$00000025  c_w.l(libinit2.o)
    0x080002f6   0x080002f6   0x00000004   Code   RO          795    .ARM.Collect$$libinit$$00000026  c_w.l(libinit2.o)
    0x080002fa   0x080002fa   0x00000000   Code   RO          796    .ARM.Collect$$libinit$$00000027  c_w.l(libinit2.o)
    0x080002fa   0x080002fa   0x00000000   Code   RO          800    .ARM.Collect$$libinit$$0000002E  c_w.l(libinit2.o)
    0x080002fa   0x080002fa   0x00000000   Code   RO          802    .ARM.Collect$$libinit$$00000030  c_w.l(libinit2.o)
    0x080002fa   0x080002fa   0x00000000   Code   RO          804    .ARM.Collect$$libinit$$00000032  c_w.l(libinit2.o)
    0x080002fa   0x080002fa   0x00000000   Code   RO          806    .ARM.Collect$$libinit$$00000034  c_w.l(libinit2.o)
    0x080002fa   0x080002fa   0x00000002   Code   RO          807    .ARM.Collect$$libinit$$00000035  c_w.l(libinit2.o)
    0x080002fc   0x080002fc   0x00000002   Code   RO         1157    .ARM.Collect$$libshutdown$$00000000  c_w.l(libshutdown.o)
    0x080002fe   0x080002fe   0x00000000   Code   RO         1007    .ARM.Collect$$libshutdown$$00000002  c_w.l(libshutdown2.o)
    0x080002fe   0x080002fe   0x00000004   Code   RO         1008    .ARM.Collect$$libshutdown$$00000003  c_w.l(libshutdown2.o)
    0x08000302   0x08000302   0x00000000   Code   RO         1009    .ARM.Collect$$libshutdown$$00000004  c_w.l(libshutdown2.o)
    0x08000302   0x08000302   0x00000000   Code   RO         1012    .ARM.Collect$$libshutdown$$00000007  c_w.l(libshutdown2.o)
    0x08000302   0x08000302   0x00000000   Code   RO         1015    .ARM.Collect$$libshutdown$$0000000A  c_w.l(libshutdown2.o)
    0x08000302   0x08000302   0x00000000   Code   RO         1017    .ARM.Collect$$libshutdown$$0000000C  c_w.l(libshutdown2.o)
    0x08000302   0x08000302   0x00000000   Code   RO         1020    .ARM.Collect$$libshutdown$$0000000F  c_w.l(libshutdown2.o)
    0x08000302   0x08000302   0x00000002   Code   RO         1021    .ARM.Collect$$libshutdown$$00000010  c_w.l(libshutdown2.o)
    0x08000304   0x08000304   0x00000000   Code   RO          665    .ARM.Collect$$rtentry$$00000000  c_w.l(__rtentry.o)
    0x08000304   0x08000304   0x00000000   Code   RO          822    .ARM.Collect$$rtentry$$00000002  c_w.l(__rtentry2.o)
    0x08000304   0x08000304   0x00000006   Code   RO          834    .ARM.Collect$$rtentry$$00000004  c_w.l(__rtentry4.o)
    0x0800030a   0x0800030a   0x00000000   Code   RO          824    .ARM.Collect$$rtentry$$00000009  c_w.l(__rtentry2.o)
    0x0800030a   0x0800030a   0x00000004   Code   RO          825    .ARM.Collect$$rtentry$$0000000A  c_w.l(__rtentry2.o)
    0x0800030e   0x0800030e   0x00000000   Code   RO          827    .ARM.Collect$$rtentry$$0000000C  c_w.l(__rtentry2.o)
    0x0800030e   0x0800030e   0x00000008   Code   RO          828    .ARM.Collect$$rtentry$$0000000D  c_w.l(__rtentry2.o)
    0x08000316   0x08000316   0x00000002   Code   RO         1035    .ARM.Collect$$rtexit$$00000000  c_w.l(rtexit.o)
    0x08000318   0x08000318   0x00000000   Code   RO         1101    .ARM.Collect$$rtexit$$00000002  c_w.l(rtexit2.o)
    0x08000318   0x08000318   0x00000004   Code   RO         1102    .ARM.Collect$$rtexit$$00000003  c_w.l(rtexit2.o)
    0x0800031c   0x0800031c   0x00000006   Code   RO         1103    .ARM.Collect$$rtexit$$00000004  c_w.l(rtexit2.o)
    0x08000322   0x08000322   0x00000002   PAD
    0x08000324   0x08000324   0x00000034   Code   RO          634    .emb_text           c_w.l(rand.o)
    0x08000358   0x08000358   0x00000040   Code   RO          608  * .text               startup_stm32f446xx.o
    0x08000398   0x08000398   0x00000018   Code   RO          630    .text               c_w.l(printf.o)
    0x080003b0   0x080003b0   0x00000008   Code   RO          632    .text               c_w.l(abs.o)
    0x080003b8   0x080003b8   0x0000003c   Code   RO          635    .text               c_w.l(rand.o)
    0x080003f4   0x080003f4   0x0000003e   Code   RO          639    .text               c_w.l(strlen.o)
    0x08000432   0x08000432   0x00000006   PAD
    0x08000438   0x08000438   0x0000007c   Code   RO          641    .text               c_w.l(strcmpv7em.o)
    0x080004b4   0x080004b4   0x00000006   Code   RO          643    .text               c_w.l(heapauxi.o)
    0x080004ba   0x080004ba   0x0000004e   Code   RO          668    .text               c_w.l(_printf_pad.o)
    0x08000508   0x08000508   0x00000024   Code   RO          670    .text               c_w.l(_printf_truncate.o)
    0x0800052c   0x0800052c   0x00000052   Code   RO          672    .text               c_w.l(_printf_str.o)
    0x0800057e   0x0800057e   0x00000002   PAD
    0x08000580   0x08000580   0x00000078   Code   RO          674    .text               c_w.l(_printf_dec.o)
    0x080005f8   0x080005f8   0x00000028   Code   RO          676    .text               c_w.l(_printf_charcount.o)
    0x08000620   0x08000620   0x00000024   Code   RO          678    .text               c_w.l(_printf_char_file.o)
    0x08000644   0x08000644   0x000000bc   Code   RO          680    .text               c_w.l(_printf_wctomb.o)
    0x08000700   0x08000700   0x0000007c   Code   RO          683    .text               c_w.l(_printf_longlong_dec.o)
    0x0800077c   0x0800077c   0x00000070   Code   RO          689    .text               c_w.l(_printf_oct_int_ll.o)
    0x080007ec   0x080007ec   0x00000094   Code   RO          709    .text               c_w.l(_printf_hex_int_ll_ptr.o)
    0x08000880   0x08000880   0x00000188   Code   RO          729    .text               c_w.l(__printf_flags_ss_wp.o)
    0x08000a08   0x08000a08   0x0000008a   Code   RO          836    .text               c_w.l(lludiv10.o)
    0x08000a92   0x08000a92   0x000000b2   Code   RO          838    .text               c_w.l(_printf_intcommon.o)
    0x08000b44   0x08000b44   0x0000041c   Code   RO          840    .text               c_w.l(_printf_fp_dec.o)
    0x08000f60   0x08000f60   0x000002fc   Code   RO          844    .text               c_w.l(_printf_fp_hex.o)
    0x0800125c   0x0800125c   0x00000030   Code   RO          847    .text               c_w.l(_printf_char_common.o)
    0x0800128c   0x0800128c   0x0000002c   Code   RO          849    .text               c_w.l(_printf_char.o)
    0x080012b8   0x080012b8   0x0000002c   Code   RO          851    .text               c_w.l(_printf_wchar.o)
    0x080012e4   0x080012e4   0x00000008   Code   RO          854    .text               c_w.l(ferror.o)
    0x080012ec   0x080012ec   0x00000138   Code   RO          860    .text               c_w.l(initio.o)
    0x08001424   0x08001424   0x00000048   Code   RO          868    .text               c_w.l(_c16rtomb.o)
    0x0800146c   0x0800146c   0x0000004a   Code   RO          876    .text               c_w.l(sys_stackheap_outer.o)
    0x080014b6   0x080014b6   0x00000002   PAD
    0x080014b8   0x080014b8   0x00000010   Code   RO          878    .text               c_w.l(rt_ctype_table.o)
    0x080014c8   0x080014c8   0x00000008   Code   RO          883    .text               c_w.l(rt_locale_intlibspace.o)
    0x080014d0   0x080014d0   0x0000004e   Code   RO          887    .text               c_w.l(h1_free.o)
    0x0800151e   0x0800151e   0x00000002   PAD
    0x08001520   0x08001520   0x00000080   Code   RO          941    .text               c_w.l(_printf_fp_infnan.o)
    0x080015a0   0x080015a0   0x000000e4   Code   RO          945    .text               c_w.l(bigflt0.o)
    0x08001684   0x08001684   0x000001e2   Code   RO          972    .text               c_w.l(flsbuf.o)
    0x08001866   0x08001866   0x00000046   Code   RO          974    .text               c_w.l(setvbuf.o)
    0x080018ac   0x080018ac   0x000000f0   Code   RO          977    .text               c_w.l(fopen.o)
    0x0800199c   0x0800199c   0x0000004c   Code   RO          979    .text               c_w.l(fclose.o)
    0x080019e8   0x080019e8   0x00000012   Code   RO          988    .text               c_w.l(exit.o)
    0x080019fa   0x080019fa   0x0000000e   Code   RO          990    .text               c_w.l(defsig_rtred_outer.o)
    0x08001a08   0x08001a08   0x0000004e   Code   RO          994    .text               c_w.l(rt_memclr_w.o)
    0x08001a56   0x08001a56   0x00000002   PAD
    0x08001a58   0x08001a58   0x00000008   Code   RO         1032    .text               c_w.l(libspace.o)
    0x08001a60   0x08001a60   0x00000008   Code   RO         1042    .text               c_w.l(rt_heap_descriptor_intlibspace.o)
    0x08001a68   0x08001a68   0x00000004   Code   RO         1044    .text               c_w.l(hguard.o)
    0x08001a6c   0x08001a6c   0x0000008a   Code   RO         1048    .text               c_w.l(init_alloc.o)
    0x08001af6   0x08001af6   0x0000005e   Code   RO         1054    .text               c_w.l(h1_alloc.o)
    0x08001b54   0x08001b54   0x000000f8   Code   RO         1070    .text               c_w.l(fseek.o)
    0x08001c4c   0x08001c4c   0x00000108   Code   RO         1072    .text               c_w.l(stdio.o)
    0x08001d54   0x08001d54   0x0000000a   Code   RO         1081    .text               c_w.l(defsig_exit.o)
    0x08001d5e   0x08001d5e   0x00000002   PAD
    0x08001d60   0x08001d60   0x00000034   Code   RO         1083    .text               c_w.l(defsig_rtred_inner.o)
    0x08001d94   0x08001d94   0x0000000e   Code   RO         1085    .text               c_w.l(defsig_rtmem_outer.o)
    0x08001da2   0x08001da2   0x00000002   PAD
    0x08001da4   0x08001da4   0x0000000c   Code   RO         1093    .text               c_w.l(sys_exit.o)
    0x08001db0   0x08001db0   0x00000002   Code   RO         1097    .text               c_w.l(use_no_semi.o)
    0x08001db2   0x08001db2   0x00000000   Code   RO         1099    .text               c_w.l(indicate_semi.o)
    0x08001db2   0x08001db2   0x00000000   Code   RO         1107    .text               c_w.l(maybetermalloc1.o)
    0x08001db2   0x08001db2   0x0000000e   Code   RO         1109    .text               c_w.l(h1_init.o)
    0x08001dc0   0x08001dc0   0x00000034   Code   RO         1111    .text               c_w.l(h1_extend.o)
    0x08001df4   0x08001df4   0x00000042   Code   RO         1123    .text               c_w.l(ftell.o)
    0x08001e36   0x08001e36   0x00000032   Code   RO         1131    .text               c_w.l(defsig_general.o)
    0x08001e68   0x08001e68   0x00000050   Code   RO         1133    .text               c_w.l(defsig_rtmem_inner.o)
    0x08001eb8   0x08001eb8   0x0000000e   Code   RO         1142    .text               c_w.l(sys_wrch.o)
    0x08001ec6   0x08001ec6   0x00000002   PAD
    0x08001ec8   0x08001ec8   0x00000008   Code   RO         1149    .text               c_w.l(rt_errno_addr_intlibspace.o)
    0x08001ed0   0x08001ed0   0x00000022   Code   RO          555    .text.Buzzer_Stop   piezo.o
    0x08001ef2   0x08001ef2   0x00000002   PAD
    0x08001ef4   0x08001ef4   0x00000010   Code   RO           76    .text.CS_Low        spi.o
    0x08001f04   0x08001f04   0x0000048c   Code   RO           42    .text.Display_Init  ili9341.o
    0x08002390   0x08002390   0x000000a8   Code   RO           18    .text.Draw_Bitmap   ili9341.o
    0x08002438   0x08002438   0x00000172   Code   RO           10    .text.Draw_Char_BG  ili9341.o
    0x080025aa   0x080025aa   0x00000002   PAD
    0x080025ac   0x080025ac   0x00000046   Code   RO           16    .text.Draw_Pixel    ili9341.o
    0x080025f2   0x080025f2   0x00000002   PAD
    0x080025f4   0x080025f4   0x0000011c   Code   RO            8    .text.Draw_String_BG  ili9341.o
    0x08002710   0x08002710   0x0000006c   Code   RO           99    .text.EXTI15_10_IRQHandler  testmain.o
    0x0800277c   0x0800277c   0x000001fc   Code   RO          101    .text.EXTI4_IRQHandler  testmain.o
    0x08002978   0x08002978   0x0000006e   Code   RO          418    .text.Encoder_TIM_init  rotary_encoder.o
    0x080029e6   0x080029e6   0x00000002   PAD
    0x080029e8   0x080029e8   0x000000c2   Code   RO          420    .text.Encoder_init  rotary_encoder.o
    0x08002aaa   0x08002aaa   0x00000002   PAD
    0x08002aac   0x08002aac   0x00000012   Code   RO          461    .text.Eye_Move_To   servo.o
    0x08002abe   0x08002abe   0x00000002   PAD
    0x08002ac0   0x08002ac0   0x00000012   Code   RO          463    .text.Eyelid_Move_To  servo.o
    0x08002ad2   0x08002ad2   0x00000002   PAD
    0x08002ad4   0x08002ad4   0x000000aa   Code   RO           26    .text.Fill_Color    ili9341.o
    0x08002b7e   0x08002b7e   0x00000002   PAD
    0x08002b80   0x08002b80   0x0000010c   Code   RO           46    .text.Fill_Rect     ili9341.o
    0x08002c8c   0x08002c8c   0x00000058   Code   RO           24    .text.Fill_Screen   ili9341.o
    0x08002ce4   0x08002ce4   0x0000005e   Code   RO           44    .text.GPIO_PinMode_Setup  ili9341.o
    0x08002d42   0x08002d42   0x00000002   PAD
    0x08002d44   0x08002d44   0x00000086   Code   RO          506    .text.HealthClear   health_bar.o
    0x08002dca   0x08002dca   0x00000002   PAD
    0x08002dcc   0x08002dcc   0x00000098   Code   RO          504    .text.HealthCurrent  health_bar.o
    0x08002e64   0x08002e64   0x000000c6   Code   RO          508    .text.HealthMinusMinus  health_bar.o
    0x08002f2a   0x08002f2a   0x00000002   PAD
    0x08002f2c   0x08002f2c   0x000000cc   Code   RO          510    .text.HealthPlusPlus  health_bar.o
    0x08002ff8   0x08002ff8   0x0000014c   Code   RO          409    .text.I2C1_byteRead  i2c.o
    0x08003144   0x08003144   0x000000ee   Code   RO          407    .text.I2C1_byteWrite  i2c.o
    0x08003232   0x08003232   0x00000002   PAD
    0x08003234   0x08003234   0x000000a4   Code   RO          405    .text.I2C_init      i2c.o
    0x080032d8   0x080032d8   0x00000040   Code   RO           38    .text.ILI_8Bit_Command  ili9341.o
    0x08003318   0x08003318   0x00000040   Code   RO           22    .text.ILI_8Bit_Data  ili9341.o
    0x08003358   0x08003358   0x0000001c   Code   RO           30    .text.ILI_Push_16Bit  ili9341.o
    0x08003374   0x08003374   0x00000042   Code   RO          570    .text.ITM_SendChar  retarget_io.o
    0x080033b6   0x080033b6   0x00000002   PAD
    0x080033b8   0x080033b8   0x00000084   Code   RO          526    .text.Init_seq      sevenseg.o
    0x0800343c   0x0800343c   0x0000075e   Code   RO           97    .text.MENU_SCREENS  testmain.o
    0x08003b9a   0x08003b9a   0x00000002   PAD
    0x08003b9c   0x08003b9c   0x00000018   Code   RO          547    .text.Play_Tone_1   piezo.o
    0x08003bb4   0x08003bb4   0x0000001a   Code   RO          549    .text.Play_Tone_2   piezo.o
    0x08003bce   0x08003bce   0x00000002   PAD
    0x08003bd0   0x08003bd0   0x0000001a   Code   RO          551    .text.Play_Tone_3   piezo.o
    0x08003bea   0x08003bea   0x00000002   PAD
    0x08003bec   0x08003bec   0x0000001a   Code   RO          553    .text.Play_Tone_4   piezo.o
    0x08003c06   0x08003c06   0x00000002   PAD
    0x08003c08   0x08003c08   0x00000100   Code   RO          491    .text.Read_ADC      adc.o
    0x08003d08   0x08003d08   0x00000166   Code   RO          107    .text.Read_Date     testmain.o
    0x08003e6e   0x08003e6e   0x00000002   PAD
    0x08003e70   0x08003e70   0x00000166   Code   RO          109    .text.Read_Time     testmain.o
    0x08003fd6   0x08003fd6   0x00000002   PAD
    0x08003fd8   0x08003fd8   0x0000015a   Code   RO           40    .text.Rotate_Display  ili9341.o
    0x08004132   0x08004132   0x00000002   PAD
    0x08004134   0x08004134   0x00000012   Code   RO           74    .text.SPI_Enable    spi.o
    0x08004146   0x08004146   0x00000002   PAD
    0x08004148   0x08004148   0x000000bc   Code   RO           72    .text.SPI_GPIO      spi.o
    0x08004204   0x08004204   0x00000058   Code   RO           70    .text.SPI_Init      spi.o
    0x0800425c   0x0800425c   0x0000009e   Code   RO           80    .text.SPI_Transmit  spi.o
    0x080042fa   0x080042fa   0x00000002   PAD
    0x080042fc   0x080042fc   0x0000004a   Code   RO           20    .text.Set_Address_Window  ili9341.o
    0x08004346   0x08004346   0x00000002   PAD
    0x08004348   0x08004348   0x0000003a   Code   RO          105    .text.Set_Date      testmain.o
    0x08004382   0x08004382   0x00000002   PAD
    0x08004384   0x08004384   0x000002f0   Code   RO          111    .text.Set_TD        testmain.o
    0x08004674   0x08004674   0x0000003a   Code   RO          103    .text.Set_Time      testmain.o
    0x080046ae   0x080046ae   0x00000002   PAD
    0x080046b0   0x080046b0   0x0000002e   Code   RO            2    .text.SysTick_Init  ili9341.o
    0x080046de   0x080046de   0x00000002   PAD
    0x080046e0   0x080046e0   0x00000012   Code   RO          615    .text.SystemInit    system_stm32f4xx.o
    0x080046f2   0x080046f2   0x00000002   PAD
    0x080046f4   0x080046f4   0x00000010   Code   RO          473    .text.TIM1_CH1_Disable  servo.o
    0x08004704   0x08004704   0x00000010   Code   RO          467    .text.TIM1_CH1_Enable  servo.o
    0x08004714   0x08004714   0x00000010   Code   RO          475    .text.TIM1_CH2_Disable  servo.o
    0x08004724   0x08004724   0x00000010   Code   RO          469    .text.TIM1_CH2_Enable  servo.o
    0x08004734   0x08004734   0x00000010   Code   RO          477    .text.TIM1_CH3_Disable  servo.o
    0x08004744   0x08004744   0x00000010   Code   RO          471    .text.TIM1_CH3_Enable  servo.o
    0x08004754   0x08004754   0x000000e6   Code   RO          453    .text.TIM1_setup    servo.o
    0x0800483a   0x0800483a   0x00000002   PAD
    0x0800483c   0x0800483c   0x00000114   Code   RO          113    .text.TIM5_IRQHandler  testmain.o
    0x08004950   0x08004950   0x0000008e   Code   RO          479    .text.TIM6_DAC_IRQHandler  servo.o
    0x080049de   0x080049de   0x00000002   PAD
    0x080049e0   0x080049e0   0x000001f0   Code   RO          557    .text.TIM7_IRQHandler  piezo.o
    0x08004bd0   0x08004bd0   0x0000007e   Code   RO          455    .text.TIM_GPIO      servo.o
    0x08004c4e   0x08004c4e   0x00000002   PAD
    0x08004c50   0x08004c50   0x0000006c   Code   RO          457    .text.Timer6_Init   servo.o
    0x08004cbc   0x08004cbc   0x0000006e   Code   RO          539    .text.Timer7_Init   piezo.o
    0x08004d2a   0x08004d2a   0x00000002   PAD
    0x08004d2c   0x08004d2c   0x000000e4   Code   RO          545    .text.Timer8_Init   piezo.o
    0x08004e10   0x08004e10   0x00000012   Code   RO          465    .text.Tongue_Move_To  servo.o
    0x08004e22   0x08004e22   0x00000002   PAD
    0x08004e24   0x08004e24   0x00000040   Code   RO           93    .text.WDT_init      testmain.o
    0x08004e64   0x08004e64   0x00000014   Code   RO           95    .text.WDT_reset     testmain.o
    0x08004e78   0x08004e78   0x00000030   Code   RO          371    .text.__NVIC_EnableIRQ  hall.o
    0x08004ea8   0x08004ea8   0x00000030   Code   RO          422    .text.__NVIC_EnableIRQ  rotary_encoder.o
    0x08004ed8   0x08004ed8   0x00000030   Code   RO          459    .text.__NVIC_EnableIRQ  servo.o
    0x08004f08   0x08004f08   0x00000030   Code   RO          516    .text.__NVIC_EnableIRQ  health_bar.o
    0x08004f38   0x08004f38   0x00000030   Code   RO          541    .text.__NVIC_EnableIRQ  piezo.o
    0x08004f68   0x08004f68   0x0000004a   Code   RO          576    .text._sys_close    retarget_io.o
    0x08004fb2   0x08004fb2   0x00000002   PAD
    0x08004fb4   0x08004fb4   0x00000048   Code   RO          592    .text._sys_flen     retarget_io.o
    0x08004ffc   0x08004ffc   0x00000048   Code   RO          588    .text._sys_istty    retarget_io.o
    0x08005044   0x08005044   0x00000084   Code   RO          574    .text._sys_open     retarget_io.o
    0x080050c8   0x080050c8   0x00000052   Code   RO          590    .text._sys_seek     retarget_io.o
    0x0800511a   0x0800511a   0x00000002   PAD
    0x0800511c   0x0800511c   0x00000098   Code   RO          578    .text._sys_write    retarget_io.o
    0x080051b4   0x080051b4   0x00000086   Code   RO          489    .text.adc_init      adc.o
    0x0800523a   0x0800523a   0x00000002   PAD
    0x0800523c   0x0800523c   0x00000042   Code   RO            4    .text.delayMS       ili9341.o
    0x0800527e   0x0800527e   0x00000002   PAD
    0x08005280   0x08005280   0x00000042   Code   RO            6    .text.delayMicroS   ili9341.o
    0x080052c2   0x080052c2   0x00000002   PAD
    0x080052c4   0x080052c4   0x00000066   Code   RO          441    .text.dist          sonar.o
    0x0800532a   0x0800532a   0x00000002   PAD
    0x0800532c   0x0800532c   0x000000c2   Code   RO          369    .text.hallEffect_pinInit  hall.o
    0x080053ee   0x080053ee   0x00000002   PAD
    0x080053f0   0x080053f0   0x0000006a   Code   RO          502    .text.init_ShiftRegister  health_bar.o
    0x0800545a   0x0800545a   0x00000002   PAD
    0x0800545c   0x0800545c   0x00000696   Code   RO           91    .text.main          testmain.o
    0x08005af2   0x08005af2   0x00000002   PAD
    0x08005af4   0x08005af4   0x0000000e   Code   RO          559    .text.millis        piezo.o
    0x08005b02   0x08005b02   0x00000002   PAD
    0x08005b04   0x08005b04   0x0000008c   Code   RO          528    .text.sevenSeg_write  sevenseg.o
    0x08005b90   0x08005b90   0x00000134   Code   RO          439    .text.sonar_gpio_init  sonar.o
    0x08005cc4   0x08005cc4   0x00000010   Code   RO          582    .text.stderr_putchar  retarget_io.o
    0x08005cd4   0x08005cd4   0x00000010   Code   RO          580    .text.stdout_putchar  retarget_io.o
    0x08005ce4   0x08005ce4   0x00000082   Code   RO          388    .text.stepper_init  stepper.o
    0x08005d66   0x08005d66   0x00000002   PAD
    0x08005d68   0x08005d68   0x0000006a   Code   RO          514    .text.tim5_init     health_bar.o
    0x08005dd2   0x08005dd2   0x0000003e   Code   RO          948    CL$$btod_d2e        c_w.l(btod.o)
    0x08005e10   0x08005e10   0x00000046   Code   RO          950    CL$$btod_d2e_denorm_low  c_w.l(btod.o)
    0x08005e56   0x08005e56   0x00000060   Code   RO          949    CL$$btod_d2e_norm_op1  c_w.l(btod.o)
    0x08005eb6   0x08005eb6   0x00000002   PAD
    0x08005eb8   0x08005eb8   0x00000338   Code   RO          958    CL$$btod_div_common  c_w.l(btod.o)
    0x080061f0   0x080061f0   0x000000dc   Code   RO          955    CL$$btod_e2e        c_w.l(btod.o)
    0x080062cc   0x080062cc   0x0000002a   Code   RO          952    CL$$btod_ediv       c_w.l(btod.o)
    0x080062f6   0x080062f6   0x0000002a   Code   RO          951    CL$$btod_emul       c_w.l(btod.o)
    0x08006320   0x08006320   0x00000244   Code   RO          957    CL$$btod_mult_common  c_w.l(btod.o)
    0x08006564   0x08006564   0x00000030   Code   RO         1026    i.__ARM_fpclassify  m_wm.l(fpclassify.o)
    0x08006594   0x08006594   0x0000000e   Code   RO          722    i._is_digit         c_w.l(__printf_wp.o)
    0x080065a2   0x080065a2   0x0000001c   Code   RO          857    i.fputc             c_w.l(fputc.o)
    0x080065be   0x080065be   0x00000002   PAD
    0x080065c0   0x080065c0   0x0000002c   Code   RO          986    locale$$code        c_w.l(lc_numeric_c.o)
    0x080065ec   0x080065ec   0x0000002c   Code   RO         1079    locale$$code        c_w.l(lc_ctype_c.o)
    0x08006618   0x08006618   0x00000150   Code   RO          647    x$fpl$dadd          fz_wm.l(daddsub_clz.o)
    0x08006768   0x08006768   0x0000005e   Code   RO          653    x$fpl$dfix          fz_wm.l(dfix.o)
    0x080067c6   0x080067c6   0x0000002e   Code   RO          658    x$fpl$dflt          fz_wm.l(dflt_clz.o)
    0x080067f4   0x080067f4   0x00000154   Code   RO          663    x$fpl$dmul          fz_wm.l(dmul.o)
    0x08006948   0x08006948   0x0000009c   Code   RO          808    x$fpl$dnaninf       fz_wm.l(dnaninf.o)
    0x080069e4   0x080069e4   0x0000000c   Code   RO          810    x$fpl$dretinf       fz_wm.l(dretinf.o)
    0x080069f0   0x080069f0   0x000001dc   Code   RO          649    x$fpl$dsub          fz_wm.l(daddsub_clz.o)
    0x08006bcc   0x08006bcc   0x0000001a   Code   RO          872    x$fpl$fpinit        fz_wm.l(fpinit.o)
    0x08006be6   0x08006be6   0x00000004   Code   RO          812    x$fpl$printf1       fz_wm.l(printf1.o)
    0x08006bea   0x08006bea   0x00000004   Code   RO          814    x$fpl$printf2       fz_wm.l(printf2.o)
    0x08006bee   0x08006bee   0x00000000   Code   RO          820    x$fpl$usenofp       fz_wm.l(usenofp.o)
    0x08006bee   0x08006bee   0x00000002   PAD
    0x08006bf0   0x08006bf0   0x00000008   Data   RO          681    .constdata          c_w.l(_printf_wctomb.o)
    0x08006bf8   0x08006bf8   0x00000028   Data   RO          710    .constdata          c_w.l(_printf_hex_int_ll_ptr.o)
    0x08006c20   0x08006c20   0x00000011   Data   RO          730    .constdata          c_w.l(__printf_flags_ss_wp.o)
    0x08006c31   0x08006c31   0x00000026   Data   RO          845    .constdata          c_w.l(_printf_fp_hex.o)
    0x08006c57   0x08006c57   0x00000001   PAD
    0x08006c58   0x08006c58   0x00000094   Data   RO          946    .constdata          c_w.l(bigflt0.o)
    0x08006cec   0x08006cec   0x000149b0   Data   RO          119    .rodata.Happy       testmain.o
    0x0801b69c   0x0801b69c   0x0000000c   Data   RO          124    .rodata.HappyImage  testmain.o
    0x0801b6a8   0x0801b6a8   0x000156bc   Data   RO          121    .rodata.Hungry      testmain.o
    0x08030d64   0x08030d64   0x0000000c   Data   RO          125    .rodata.HungryImage  testmain.o
    0x08030d70   0x08030d70   0x00014664   Data   RO          122    .rodata.Sleepy      testmain.o
    0x080453d4   0x080453d4   0x0000000c   Data   RO          126    .rodata.SleepyImage  testmain.o
    0x080453e0   0x080453e0   0x00000008   Data   RO          597    .rodata.__stderr_name  retarget_io.o
    0x080453e8   0x080453e8   0x00000007   Data   RO          595    .rodata.__stdin_name  retarget_io.o
    0x080453ef   0x080453ef   0x00000008   Data   RO          596    .rodata.__stdout_name  retarget_io.o
    0x080453f7   0x080453f7   0x00000001   PAD
    0x080453f8   0x080453f8   0x0001480a   Data   RO          120    .rodata.content     testmain.o
    0x08059c02   0x08059c02   0x00000002   PAD
    0x08059c04   0x08059c04   0x0000000c   Data   RO          123    .rodata.contentImage  testmain.o
    0x08059c10   0x08059c10   0x00000008   Data   RO          163    .rodata.font_ubuntu_mono_24  testmain.o
    0x08059c18   0x08059c18   0x0000000c   Data   RO          171    .rodata.font_ubuntu_mono_24_0x20  testmain.o
    0x08059c24   0x08059c24   0x0000000c   Data   RO          172    .rodata.font_ubuntu_mono_24_0x21  testmain.o
    0x08059c30   0x08059c30   0x0000000c   Data   RO          173    .rodata.font_ubuntu_mono_24_0x22  testmain.o
    0x08059c3c   0x08059c3c   0x0000000c   Data   RO          174    .rodata.font_ubuntu_mono_24_0x23  testmain.o
    0x08059c48   0x08059c48   0x0000000c   Data   RO          175    .rodata.font_ubuntu_mono_24_0x24  testmain.o
    0x08059c54   0x08059c54   0x0000000c   Data   RO          176    .rodata.font_ubuntu_mono_24_0x25  testmain.o
    0x08059c60   0x08059c60   0x0000000c   Data   RO          177    .rodata.font_ubuntu_mono_24_0x26  testmain.o
    0x08059c6c   0x08059c6c   0x0000000c   Data   RO          178    .rodata.font_ubuntu_mono_24_0x27  testmain.o
    0x08059c78   0x08059c78   0x0000000c   Data   RO          179    .rodata.font_ubuntu_mono_24_0x28  testmain.o
    0x08059c84   0x08059c84   0x0000000c   Data   RO          180    .rodata.font_ubuntu_mono_24_0x29  testmain.o
    0x08059c90   0x08059c90   0x0000000c   Data   RO          181    .rodata.font_ubuntu_mono_24_0x2a  testmain.o
    0x08059c9c   0x08059c9c   0x0000000c   Data   RO          182    .rodata.font_ubuntu_mono_24_0x2b  testmain.o
    0x08059ca8   0x08059ca8   0x0000000c   Data   RO          183    .rodata.font_ubuntu_mono_24_0x2c  testmain.o
    0x08059cb4   0x08059cb4   0x0000000c   Data   RO          184    .rodata.font_ubuntu_mono_24_0x2d  testmain.o
    0x08059cc0   0x08059cc0   0x0000000c   Data   RO          185    .rodata.font_ubuntu_mono_24_0x2e  testmain.o
    0x08059ccc   0x08059ccc   0x0000000c   Data   RO          186    .rodata.font_ubuntu_mono_24_0x2f  testmain.o
    0x08059cd8   0x08059cd8   0x0000000c   Data   RO          187    .rodata.font_ubuntu_mono_24_0x30  testmain.o
    0x08059ce4   0x08059ce4   0x0000000c   Data   RO          188    .rodata.font_ubuntu_mono_24_0x31  testmain.o
    0x08059cf0   0x08059cf0   0x0000000c   Data   RO          189    .rodata.font_ubuntu_mono_24_0x32  testmain.o
    0x08059cfc   0x08059cfc   0x0000000c   Data   RO          190    .rodata.font_ubuntu_mono_24_0x33  testmain.o
    0x08059d08   0x08059d08   0x0000000c   Data   RO          191    .rodata.font_ubuntu_mono_24_0x34  testmain.o
    0x08059d14   0x08059d14   0x0000000c   Data   RO          192    .rodata.font_ubuntu_mono_24_0x35  testmain.o
    0x08059d20   0x08059d20   0x0000000c   Data   RO          193    .rodata.font_ubuntu_mono_24_0x36  testmain.o
    0x08059d2c   0x08059d2c   0x0000000c   Data   RO          194    .rodata.font_ubuntu_mono_24_0x37  testmain.o
    0x08059d38   0x08059d38   0x0000000c   Data   RO          195    .rodata.font_ubuntu_mono_24_0x38  testmain.o
    0x08059d44   0x08059d44   0x0000000c   Data   RO          196    .rodata.font_ubuntu_mono_24_0x39  testmain.o
    0x08059d50   0x08059d50   0x0000000c   Data   RO          197    .rodata.font_ubuntu_mono_24_0x3a  testmain.o
    0x08059d5c   0x08059d5c   0x0000000c   Data   RO          198    .rodata.font_ubuntu_mono_24_0x3b  testmain.o
    0x08059d68   0x08059d68   0x0000000c   Data   RO          199    .rodata.font_ubuntu_mono_24_0x3c  testmain.o
    0x08059d74   0x08059d74   0x0000000c   Data   RO          200    .rodata.font_ubuntu_mono_24_0x3d  testmain.o
    0x08059d80   0x08059d80   0x0000000c   Data   RO          201    .rodata.font_ubuntu_mono_24_0x3e  testmain.o
    0x08059d8c   0x08059d8c   0x0000000c   Data   RO          202    .rodata.font_ubuntu_mono_24_0x3f  testmain.o
    0x08059d98   0x08059d98   0x0000000c   Data   RO          203    .rodata.font_ubuntu_mono_24_0x40  testmain.o
    0x08059da4   0x08059da4   0x0000000c   Data   RO          204    .rodata.font_ubuntu_mono_24_0x41  testmain.o
    0x08059db0   0x08059db0   0x0000000c   Data   RO          205    .rodata.font_ubuntu_mono_24_0x42  testmain.o
    0x08059dbc   0x08059dbc   0x0000000c   Data   RO          206    .rodata.font_ubuntu_mono_24_0x43  testmain.o
    0x08059dc8   0x08059dc8   0x0000000c   Data   RO          207    .rodata.font_ubuntu_mono_24_0x44  testmain.o
    0x08059dd4   0x08059dd4   0x0000000c   Data   RO          208    .rodata.font_ubuntu_mono_24_0x45  testmain.o
    0x08059de0   0x08059de0   0x0000000c   Data   RO          209    .rodata.font_ubuntu_mono_24_0x46  testmain.o
    0x08059dec   0x08059dec   0x0000000c   Data   RO          210    .rodata.font_ubuntu_mono_24_0x47  testmain.o
    0x08059df8   0x08059df8   0x0000000c   Data   RO          211    .rodata.font_ubuntu_mono_24_0x48  testmain.o
    0x08059e04   0x08059e04   0x0000000c   Data   RO          212    .rodata.font_ubuntu_mono_24_0x49  testmain.o
    0x08059e10   0x08059e10   0x0000000c   Data   RO          213    .rodata.font_ubuntu_mono_24_0x4a  testmain.o
    0x08059e1c   0x08059e1c   0x0000000c   Data   RO          214    .rodata.font_ubuntu_mono_24_0x4b  testmain.o
    0x08059e28   0x08059e28   0x0000000c   Data   RO          215    .rodata.font_ubuntu_mono_24_0x4c  testmain.o
    0x08059e34   0x08059e34   0x0000000c   Data   RO          216    .rodata.font_ubuntu_mono_24_0x4d  testmain.o
    0x08059e40   0x08059e40   0x0000000c   Data   RO          217    .rodata.font_ubuntu_mono_24_0x4e  testmain.o
    0x08059e4c   0x08059e4c   0x0000000c   Data   RO          218    .rodata.font_ubuntu_mono_24_0x4f  testmain.o
    0x08059e58   0x08059e58   0x0000000c   Data   RO          219    .rodata.font_ubuntu_mono_24_0x50  testmain.o
    0x08059e64   0x08059e64   0x0000000c   Data   RO          220    .rodata.font_ubuntu_mono_24_0x51  testmain.o
    0x08059e70   0x08059e70   0x0000000c   Data   RO          221    .rodata.font_ubuntu_mono_24_0x52  testmain.o
    0x08059e7c   0x08059e7c   0x0000000c   Data   RO          222    .rodata.font_ubuntu_mono_24_0x53  testmain.o
    0x08059e88   0x08059e88   0x0000000c   Data   RO          223    .rodata.font_ubuntu_mono_24_0x54  testmain.o
    0x08059e94   0x08059e94   0x0000000c   Data   RO          224    .rodata.font_ubuntu_mono_24_0x55  testmain.o
    0x08059ea0   0x08059ea0   0x0000000c   Data   RO          225    .rodata.font_ubuntu_mono_24_0x56  testmain.o
    0x08059eac   0x08059eac   0x0000000c   Data   RO          226    .rodata.font_ubuntu_mono_24_0x57  testmain.o
    0x08059eb8   0x08059eb8   0x0000000c   Data   RO          227    .rodata.font_ubuntu_mono_24_0x58  testmain.o
    0x08059ec4   0x08059ec4   0x0000000c   Data   RO          228    .rodata.font_ubuntu_mono_24_0x59  testmain.o
    0x08059ed0   0x08059ed0   0x0000000c   Data   RO          229    .rodata.font_ubuntu_mono_24_0x5a  testmain.o
    0x08059edc   0x08059edc   0x0000000c   Data   RO          230    .rodata.font_ubuntu_mono_24_0x5b  testmain.o
    0x08059ee8   0x08059ee8   0x0000000c   Data   RO          231    .rodata.font_ubuntu_mono_24_0x5c  testmain.o
    0x08059ef4   0x08059ef4   0x0000000c   Data   RO          232    .rodata.font_ubuntu_mono_24_0x5d  testmain.o
    0x08059f00   0x08059f00   0x0000000c   Data   RO          233    .rodata.font_ubuntu_mono_24_0x5e  testmain.o
    0x08059f0c   0x08059f0c   0x0000000c   Data   RO          234    .rodata.font_ubuntu_mono_24_0x5f  testmain.o
    0x08059f18   0x08059f18   0x0000000c   Data   RO          235    .rodata.font_ubuntu_mono_24_0x60  testmain.o
    0x08059f24   0x08059f24   0x0000000c   Data   RO          236    .rodata.font_ubuntu_mono_24_0x61  testmain.o
    0x08059f30   0x08059f30   0x0000000c   Data   RO          237    .rodata.font_ubuntu_mono_24_0x62  testmain.o
    0x08059f3c   0x08059f3c   0x0000000c   Data   RO          238    .rodata.font_ubuntu_mono_24_0x63  testmain.o
    0x08059f48   0x08059f48   0x0000000c   Data   RO          239    .rodata.font_ubuntu_mono_24_0x64  testmain.o
    0x08059f54   0x08059f54   0x0000000c   Data   RO          240    .rodata.font_ubuntu_mono_24_0x65  testmain.o
    0x08059f60   0x08059f60   0x0000000c   Data   RO          241    .rodata.font_ubuntu_mono_24_0x66  testmain.o
    0x08059f6c   0x08059f6c   0x0000000c   Data   RO          242    .rodata.font_ubuntu_mono_24_0x67  testmain.o
    0x08059f78   0x08059f78   0x0000000c   Data   RO          243    .rodata.font_ubuntu_mono_24_0x68  testmain.o
    0x08059f84   0x08059f84   0x0000000c   Data   RO          244    .rodata.font_ubuntu_mono_24_0x69  testmain.o
    0x08059f90   0x08059f90   0x0000000c   Data   RO          245    .rodata.font_ubuntu_mono_24_0x6a  testmain.o
    0x08059f9c   0x08059f9c   0x0000000c   Data   RO          246    .rodata.font_ubuntu_mono_24_0x6b  testmain.o
    0x08059fa8   0x08059fa8   0x0000000c   Data   RO          247    .rodata.font_ubuntu_mono_24_0x6c  testmain.o
    0x08059fb4   0x08059fb4   0x0000000c   Data   RO          248    .rodata.font_ubuntu_mono_24_0x6d  testmain.o
    0x08059fc0   0x08059fc0   0x0000000c   Data   RO          249    .rodata.font_ubuntu_mono_24_0x6e  testmain.o
    0x08059fcc   0x08059fcc   0x0000000c   Data   RO          250    .rodata.font_ubuntu_mono_24_0x6f  testmain.o
    0x08059fd8   0x08059fd8   0x0000000c   Data   RO          251    .rodata.font_ubuntu_mono_24_0x70  testmain.o
    0x08059fe4   0x08059fe4   0x0000000c   Data   RO          252    .rodata.font_ubuntu_mono_24_0x71  testmain.o
    0x08059ff0   0x08059ff0   0x0000000c   Data   RO          253    .rodata.font_ubuntu_mono_24_0x72  testmain.o
    0x08059ffc   0x08059ffc   0x0000000c   Data   RO          254    .rodata.font_ubuntu_mono_24_0x73  testmain.o
    0x0805a008   0x0805a008   0x0000000c   Data   RO          255    .rodata.font_ubuntu_mono_24_0x74  testmain.o
    0x0805a014   0x0805a014   0x0000000c   Data   RO          256    .rodata.font_ubuntu_mono_24_0x75  testmain.o
    0x0805a020   0x0805a020   0x0000000c   Data   RO          257    .rodata.font_ubuntu_mono_24_0x76  testmain.o
    0x0805a02c   0x0805a02c   0x0000000c   Data   RO          258    .rodata.font_ubuntu_mono_24_0x77  testmain.o
    0x0805a038   0x0805a038   0x0000000c   Data   RO          259    .rodata.font_ubuntu_mono_24_0x78  testmain.o
    0x0805a044   0x0805a044   0x0000000c   Data   RO          260    .rodata.font_ubuntu_mono_24_0x79  testmain.o
    0x0805a050   0x0805a050   0x0000000c   Data   RO          261    .rodata.font_ubuntu_mono_24_0x7a  testmain.o
    0x0805a05c   0x0805a05c   0x0000000c   Data   RO          262    .rodata.font_ubuntu_mono_24_0x7b  testmain.o
    0x0805a068   0x0805a068   0x0000000c   Data   RO          263    .rodata.font_ubuntu_mono_24_0x7c  testmain.o
    0x0805a074   0x0805a074   0x0000000c   Data   RO          264    .rodata.font_ubuntu_mono_24_0x7d  testmain.o
    0x0805a080   0x0805a080   0x0000000c   Data   RO          265    .rodata.font_ubuntu_mono_24_0x7e  testmain.o
    0x0805a08c   0x0805a08c   0x000002f8   Data   RO          170    .rodata.font_ubuntu_mono_24_array  testmain.o
    0x0805a384   0x0805a384   0x00000030   Data   RO          266    .rodata.image_data_font_ubuntu_mono_24_0x20  testmain.o
    0x0805a3b4   0x0805a3b4   0x00000030   Data   RO          267    .rodata.image_data_font_ubuntu_mono_24_0x21  testmain.o
    0x0805a3e4   0x0805a3e4   0x00000030   Data   RO          268    .rodata.image_data_font_ubuntu_mono_24_0x22  testmain.o
    0x0805a414   0x0805a414   0x00000030   Data   RO          269    .rodata.image_data_font_ubuntu_mono_24_0x23  testmain.o
    0x0805a444   0x0805a444   0x00000030   Data   RO          270    .rodata.image_data_font_ubuntu_mono_24_0x24  testmain.o
    0x0805a474   0x0805a474   0x00000030   Data   RO          271    .rodata.image_data_font_ubuntu_mono_24_0x25  testmain.o
    0x0805a4a4   0x0805a4a4   0x00000030   Data   RO          272    .rodata.image_data_font_ubuntu_mono_24_0x26  testmain.o
    0x0805a4d4   0x0805a4d4   0x00000030   Data   RO          273    .rodata.image_data_font_ubuntu_mono_24_0x27  testmain.o
    0x0805a504   0x0805a504   0x00000030   Data   RO          274    .rodata.image_data_font_ubuntu_mono_24_0x28  testmain.o
    0x0805a534   0x0805a534   0x00000030   Data   RO          275    .rodata.image_data_font_ubuntu_mono_24_0x29  testmain.o
    0x0805a564   0x0805a564   0x00000030   Data   RO          276    .rodata.image_data_font_ubuntu_mono_24_0x2a  testmain.o
    0x0805a594   0x0805a594   0x00000030   Data   RO          277    .rodata.image_data_font_ubuntu_mono_24_0x2b  testmain.o
    0x0805a5c4   0x0805a5c4   0x00000030   Data   RO          278    .rodata.image_data_font_ubuntu_mono_24_0x2c  testmain.o
    0x0805a5f4   0x0805a5f4   0x00000030   Data   RO          279    .rodata.image_data_font_ubuntu_mono_24_0x2d  testmain.o
    0x0805a624   0x0805a624   0x00000030   Data   RO          280    .rodata.image_data_font_ubuntu_mono_24_0x2e  testmain.o
    0x0805a654   0x0805a654   0x00000030   Data   RO          281    .rodata.image_data_font_ubuntu_mono_24_0x2f  testmain.o
    0x0805a684   0x0805a684   0x00000030   Data   RO          282    .rodata.image_data_font_ubuntu_mono_24_0x30  testmain.o
    0x0805a6b4   0x0805a6b4   0x00000030   Data   RO          283    .rodata.image_data_font_ubuntu_mono_24_0x31  testmain.o
    0x0805a6e4   0x0805a6e4   0x00000030   Data   RO          284    .rodata.image_data_font_ubuntu_mono_24_0x32  testmain.o
    0x0805a714   0x0805a714   0x00000030   Data   RO          285    .rodata.image_data_font_ubuntu_mono_24_0x33  testmain.o
    0x0805a744   0x0805a744   0x00000030   Data   RO          286    .rodata.image_data_font_ubuntu_mono_24_0x34  testmain.o
    0x0805a774   0x0805a774   0x00000030   Data   RO          287    .rodata.image_data_font_ubuntu_mono_24_0x35  testmain.o
    0x0805a7a4   0x0805a7a4   0x00000030   Data   RO          288    .rodata.image_data_font_ubuntu_mono_24_0x36  testmain.o
    0x0805a7d4   0x0805a7d4   0x00000030   Data   RO          289    .rodata.image_data_font_ubuntu_mono_24_0x37  testmain.o
    0x0805a804   0x0805a804   0x00000030   Data   RO          290    .rodata.image_data_font_ubuntu_mono_24_0x38  testmain.o
    0x0805a834   0x0805a834   0x00000030   Data   RO          291    .rodata.image_data_font_ubuntu_mono_24_0x39  testmain.o
    0x0805a864   0x0805a864   0x00000030   Data   RO          292    .rodata.image_data_font_ubuntu_mono_24_0x3a  testmain.o
    0x0805a894   0x0805a894   0x00000030   Data   RO          293    .rodata.image_data_font_ubuntu_mono_24_0x3b  testmain.o
    0x0805a8c4   0x0805a8c4   0x00000030   Data   RO          294    .rodata.image_data_font_ubuntu_mono_24_0x3c  testmain.o
    0x0805a8f4   0x0805a8f4   0x00000030   Data   RO          295    .rodata.image_data_font_ubuntu_mono_24_0x3d  testmain.o
    0x0805a924   0x0805a924   0x00000030   Data   RO          296    .rodata.image_data_font_ubuntu_mono_24_0x3e  testmain.o
    0x0805a954   0x0805a954   0x00000030   Data   RO          297    .rodata.image_data_font_ubuntu_mono_24_0x3f  testmain.o
    0x0805a984   0x0805a984   0x00000030   Data   RO          298    .rodata.image_data_font_ubuntu_mono_24_0x40  testmain.o
    0x0805a9b4   0x0805a9b4   0x00000030   Data   RO          299    .rodata.image_data_font_ubuntu_mono_24_0x41  testmain.o
    0x0805a9e4   0x0805a9e4   0x00000030   Data   RO          300    .rodata.image_data_font_ubuntu_mono_24_0x42  testmain.o
    0x0805aa14   0x0805aa14   0x00000030   Data   RO          301    .rodata.image_data_font_ubuntu_mono_24_0x43  testmain.o
    0x0805aa44   0x0805aa44   0x00000030   Data   RO          302    .rodata.image_data_font_ubuntu_mono_24_0x44  testmain.o
    0x0805aa74   0x0805aa74   0x00000030   Data   RO          303    .rodata.image_data_font_ubuntu_mono_24_0x45  testmain.o
    0x0805aaa4   0x0805aaa4   0x00000030   Data   RO          304    .rodata.image_data_font_ubuntu_mono_24_0x46  testmain.o
    0x0805aad4   0x0805aad4   0x00000030   Data   RO          305    .rodata.image_data_font_ubuntu_mono_24_0x47  testmain.o
    0x0805ab04   0x0805ab04   0x00000030   Data   RO          306    .rodata.image_data_font_ubuntu_mono_24_0x48  testmain.o
    0x0805ab34   0x0805ab34   0x00000030   Data   RO          307    .rodata.image_data_font_ubuntu_mono_24_0x49  testmain.o
    0x0805ab64   0x0805ab64   0x00000030   Data   RO          308    .rodata.image_data_font_ubuntu_mono_24_0x4a  testmain.o
    0x0805ab94   0x0805ab94   0x00000030   Data   RO          309    .rodata.image_data_font_ubuntu_mono_24_0x4b  testmain.o
    0x0805abc4   0x0805abc4   0x00000030   Data   RO          310    .rodata.image_data_font_ubuntu_mono_24_0x4c  testmain.o
    0x0805abf4   0x0805abf4   0x00000030   Data   RO          311    .rodata.image_data_font_ubuntu_mono_24_0x4d  testmain.o
    0x0805ac24   0x0805ac24   0x00000030   Data   RO          312    .rodata.image_data_font_ubuntu_mono_24_0x4e  testmain.o
    0x0805ac54   0x0805ac54   0x00000030   Data   RO          313    .rodata.image_data_font_ubuntu_mono_24_0x4f  testmain.o
    0x0805ac84   0x0805ac84   0x00000030   Data   RO          314    .rodata.image_data_font_ubuntu_mono_24_0x50  testmain.o
    0x0805acb4   0x0805acb4   0x00000030   Data   RO          315    .rodata.image_data_font_ubuntu_mono_24_0x51  testmain.o
    0x0805ace4   0x0805ace4   0x00000030   Data   RO          316    .rodata.image_data_font_ubuntu_mono_24_0x52  testmain.o
    0x0805ad14   0x0805ad14   0x00000030   Data   RO          317    .rodata.image_data_font_ubuntu_mono_24_0x53  testmain.o
    0x0805ad44   0x0805ad44   0x00000030   Data   RO          318    .rodata.image_data_font_ubuntu_mono_24_0x54  testmain.o
    0x0805ad74   0x0805ad74   0x00000030   Data   RO          319    .rodata.image_data_font_ubuntu_mono_24_0x55  testmain.o
    0x0805ada4   0x0805ada4   0x00000030   Data   RO          320    .rodata.image_data_font_ubuntu_mono_24_0x56  testmain.o
    0x0805add4   0x0805add4   0x00000030   Data   RO          321    .rodata.image_data_font_ubuntu_mono_24_0x57  testmain.o
    0x0805ae04   0x0805ae04   0x00000030   Data   RO          322    .rodata.image_data_font_ubuntu_mono_24_0x58  testmain.o
    0x0805ae34   0x0805ae34   0x00000030   Data   RO          323    .rodata.image_data_font_ubuntu_mono_24_0x59  testmain.o
    0x0805ae64   0x0805ae64   0x00000030   Data   RO          324    .rodata.image_data_font_ubuntu_mono_24_0x5a  testmain.o
    0x0805ae94   0x0805ae94   0x00000030   Data   RO          325    .rodata.image_data_font_ubuntu_mono_24_0x5b  testmain.o
    0x0805aec4   0x0805aec4   0x00000030   Data   RO          326    .rodata.image_data_font_ubuntu_mono_24_0x5c  testmain.o
    0x0805aef4   0x0805aef4   0x00000030   Data   RO          327    .rodata.image_data_font_ubuntu_mono_24_0x5d  testmain.o
    0x0805af24   0x0805af24   0x00000030   Data   RO          328    .rodata.image_data_font_ubuntu_mono_24_0x5e  testmain.o
    0x0805af54   0x0805af54   0x00000030   Data   RO          329    .rodata.image_data_font_ubuntu_mono_24_0x5f  testmain.o
    0x0805af84   0x0805af84   0x00000030   Data   RO          330    .rodata.image_data_font_ubuntu_mono_24_0x60  testmain.o
    0x0805afb4   0x0805afb4   0x00000030   Data   RO          331    .rodata.image_data_font_ubuntu_mono_24_0x61  testmain.o
    0x0805afe4   0x0805afe4   0x00000030   Data   RO          332    .rodata.image_data_font_ubuntu_mono_24_0x62  testmain.o
    0x0805b014   0x0805b014   0x00000030   Data   RO          333    .rodata.image_data_font_ubuntu_mono_24_0x63  testmain.o
    0x0805b044   0x0805b044   0x00000030   Data   RO          334    .rodata.image_data_font_ubuntu_mono_24_0x64  testmain.o
    0x0805b074   0x0805b074   0x00000030   Data   RO          335    .rodata.image_data_font_ubuntu_mono_24_0x65  testmain.o
    0x0805b0a4   0x0805b0a4   0x00000030   Data   RO          336    .rodata.image_data_font_ubuntu_mono_24_0x66  testmain.o
    0x0805b0d4   0x0805b0d4   0x00000030   Data   RO          337    .rodata.image_data_font_ubuntu_mono_24_0x67  testmain.o
    0x0805b104   0x0805b104   0x00000030   Data   RO          338    .rodata.image_data_font_ubuntu_mono_24_0x68  testmain.o
    0x0805b134   0x0805b134   0x00000030   Data   RO          339    .rodata.image_data_font_ubuntu_mono_24_0x69  testmain.o
    0x0805b164   0x0805b164   0x00000030   Data   RO          340    .rodata.image_data_font_ubuntu_mono_24_0x6a  testmain.o
    0x0805b194   0x0805b194   0x00000030   Data   RO          341    .rodata.image_data_font_ubuntu_mono_24_0x6b  testmain.o
    0x0805b1c4   0x0805b1c4   0x00000030   Data   RO          342    .rodata.image_data_font_ubuntu_mono_24_0x6c  testmain.o
    0x0805b1f4   0x0805b1f4   0x00000030   Data   RO          343    .rodata.image_data_font_ubuntu_mono_24_0x6d  testmain.o
    0x0805b224   0x0805b224   0x00000030   Data   RO          344    .rodata.image_data_font_ubuntu_mono_24_0x6e  testmain.o
    0x0805b254   0x0805b254   0x00000030   Data   RO          345    .rodata.image_data_font_ubuntu_mono_24_0x6f  testmain.o
    0x0805b284   0x0805b284   0x00000030   Data   RO          346    .rodata.image_data_font_ubuntu_mono_24_0x70  testmain.o
    0x0805b2b4   0x0805b2b4   0x00000030   Data   RO          347    .rodata.image_data_font_ubuntu_mono_24_0x71  testmain.o
    0x0805b2e4   0x0805b2e4   0x00000030   Data   RO          348    .rodata.image_data_font_ubuntu_mono_24_0x72  testmain.o
    0x0805b314   0x0805b314   0x00000030   Data   RO          349    .rodata.image_data_font_ubuntu_mono_24_0x73  testmain.o
    0x0805b344   0x0805b344   0x00000030   Data   RO          350    .rodata.image_data_font_ubuntu_mono_24_0x74  testmain.o
    0x0805b374   0x0805b374   0x00000030   Data   RO          351    .rodata.image_data_font_ubuntu_mono_24_0x75  testmain.o
    0x0805b3a4   0x0805b3a4   0x00000030   Data   RO          352    .rodata.image_data_font_ubuntu_mono_24_0x76  testmain.o
    0x0805b3d4   0x0805b3d4   0x00000030   Data   RO          353    .rodata.image_data_font_ubuntu_mono_24_0x77  testmain.o
    0x0805b404   0x0805b404   0x00000030   Data   RO          354    .rodata.image_data_font_ubuntu_mono_24_0x78  testmain.o
    0x0805b434   0x0805b434   0x00000030   Data   RO          355    .rodata.image_data_font_ubuntu_mono_24_0x79  testmain.o
    0x0805b464   0x0805b464   0x00000030   Data   RO          356    .rodata.image_data_font_ubuntu_mono_24_0x7a  testmain.o
    0x0805b494   0x0805b494   0x00000030   Data   RO          357    .rodata.image_data_font_ubuntu_mono_24_0x7b  testmain.o
    0x0805b4c4   0x0805b4c4   0x00000030   Data   RO          358    .rodata.image_data_font_ubuntu_mono_24_0x7c  testmain.o
    0x0805b4f4   0x0805b4f4   0x00000030   Data   RO          359    .rodata.image_data_font_ubuntu_mono_24_0x7d  testmain.o
    0x0805b524   0x0805b524   0x00000030   Data   RO          360    .rodata.image_data_font_ubuntu_mono_24_0x7e  testmain.o
    0x0805b554   0x0805b554   0x000000b5   Data   RO          165    .rodata.str1.1      testmain.o
    0x0805b609   0x0805b609   0x00000015   Data   RO          494    .rodata.str1.1      adc.o
    0x0805b61e   0x0805b61e   0x00000017   Data   RO          598    .rodata.str1.1      retarget_io.o
    0x0805b635   0x0805b635   0x00000003   PAD
    0x0805b638   0x0805b638   0x00000020   Data   RO         1177    Region$$Table       anon$$obj.o
    0x0805b658   0x0805b658   0x0000001c   Data   RO          985    locale$$data        c_w.l(lc_numeric_c.o)
    0x0805b674   0x0805b674   0x00000110   Data   RO         1078    locale$$data        c_w.l(lc_ctype_c.o)


    Execution Region ER_RW (Exec base: 0x20000000, Load base: 0x0805b784, Size: 0x00000070, Max: 0xffffffff, ABSOLUTE)

    Exec Addr    Load Addr    Size         Type   Attr      Idx    E Section Name        Object

    0x20000000   0x0805b784   0x00000004   Data   RW          758    .data               c_w.l(stdio_streams.o)
    0x20000004   0x0805b788   0x00000004   Data   RW          759    .data               c_w.l(stdio_streams.o)
    0x20000008   0x0805b78c   0x00000004   Data   RW          760    .data               c_w.l(stdio_streams.o)
    0x2000000c   0x0805b790   0x00000001   Data   RW          135    .data.Expression_Transition  testmain.o
    0x2000000d   0x0805b791   0x00000001   PAD
    0x2000000e   0x0805b792   0x00000002   Data   RW           51    .data.ILI_TFTheight  ili9341.o
    0x20000010   0x0805b794   0x00000002   Data   RW           50    .data.ILI_TFTwidth  ili9341.o
    0x20000012   0x0805b796   0x00000002   PAD
    0x20000014   0x0805b798   0x00000010   Data   RW          127    .data.Mimic_Servo   testmain.o
    0x20000024   0x0805b7a8   0x00000004   Data   RW          148    .data.RTC_Data_ptr  testmain.o
    0x20000028   0x0805b7ac   0x00000004   Data   RW          141    .data.count         testmain.o
    0x2000002c   0x0805b7b0   0x00000001   Data   RW          518    .data.health        health_bar.o
    0x2000002d   0x0805b7b1   0x00000003   PAD
    0x20000030   0x0805b7b4   0x00000004   Data   RW          144    .data.menu          testmain.o
    0x20000034   0x0805b7b8   0x00000001   Data   RW          150    .data.menu_flag     testmain.o
    0x20000035   0x0805b7b9   0x00000003   PAD
    0x20000038   0x0805b7bc   0x0000002c   Data   RW          143    .data.num           testmain.o
    0x20000064   0x0805b7e8   0x00000001   Data   RW          130    .data.random_seconds  testmain.o
    0x20000065   0x0805b7e9   0x00000003   PAD
    0x20000068   0x0805b7ec   0x00000004   Data   RW          145    .data.state         testmain.o
    0x2000006c   0x0805b7f0   0x00000004   Data   RW          561    .data.tone_state    piezo.o


    Execution Region ER_ZI (Exec base: 0x20000070, Load base: 0x0805b7f4, Size: 0x000008b8, Max: 0xffffffff, ABSOLUTE)

    Exec Addr    Load Addr    Size         Type   Attr      Idx    E Section Name        Object

    0x20000070        -       0x000000e4   Zero   RW          636    .bss                c_w.l(rand.o)
    0x20000154        -       0x00000054   Zero   RW          755    .bss                c_w.l(stdio_streams.o)
    0x200001a8        -       0x00000054   Zero   RW          756    .bss                c_w.l(stdio_streams.o)
    0x200001fc        -       0x00000054   Zero   RW          757    .bss                c_w.l(stdio_streams.o)
    0x20000250        -       0x00000060   Zero   RW         1033    .bss                c_w.l(libspace.o)
    0x200002b0        -       0x00000001   Zero   RW          154    .bss.CNT_New        testmain.o
    0x200002b1        -       0x00000001   Zero   RW          153    .bss.CNT_Old        testmain.o
    0x200002b2        -       0x00000001   Zero   RW           53    .bss.ILI_Orientation  ili9341.o
    0x200002b3        -       0x00000001   Zero   RW          160    .bss.RTC_Date       testmain.o
    0x200002b4        -       0x00000001   Zero   RW          159    .bss.RTC_Hour       testmain.o
    0x200002b5        -       0x00000001   Zero   RW          158    .bss.RTC_Minute     testmain.o
    0x200002b6        -       0x00000001   Zero   RW          161    .bss.RTC_Month      testmain.o
    0x200002b7        -       0x00000001   Zero   RW          157    .bss.RTC_Second     testmain.o
    0x200002b8        -       0x00000001   Zero   RW          162    .bss.RTC_Year       testmain.o
    0x200002b9        -       0x00000001   Zero   RW          147    .bss.RTC_data       testmain.o
    0x200002ba   0x0805b7f4   0x00000006   PAD
    0x200002c0        -       0x00000008   Zero   RW          156    .bss.Time_New       testmain.o
    0x200002c8        -       0x00000008   Zero   RW          155    .bss.Time_Old       testmain.o
    0x200002d0        -       0x00000004   Zero   RW          443    .bss.current        sonar.o
    0x200002d4        -       0x00000004   Zero   RW          151    .bss.distance       testmain.o
    0x200002d8        -       0x00000004   Zero   RW          152    .bss.health_ptr     testmain.o
    0x200002dc        -       0x00000004   Zero   RW          444    .bss.last           sonar.o
    0x200002e0        -       0x00000004   Zero   RW          140    .bss.lightLvl       testmain.o
    0x200002e4   0x0805b7f4   0x00000004   PAD
    0x200002e8        -       0x00000008   Zero   RW          562    .bss.milliseconds   piezo.o
    0x200002f0        -       0x00000004   Zero   RW          142    .bss.old_count      testmain.o
    0x200002f4   0x0805b7f4   0x00000004   PAD
    0x200002f8        -       0x00000008   Zero   RW          445    .bss.period         sonar.o
    0x20000300        -       0x00000001   Zero   RW          134    .bss.petFlag        testmain.o
    0x20000301   0x0805b7f4   0x00000003   PAD
    0x20000304        -       0x00000004   Zero   RW          137    .bss.pos            testmain.o
    0x20000308        -       0x00000004   Zero   RW          131    .bss.random_seconds_counter  testmain.o
    0x2000030c        -       0x00000001   Zero   RW          149    .bss.refresh_WDT    testmain.o
    0x2000030d        -       0x00000001   Zero   RW          481    .bss.servo          servo.o
    0x2000030e        -       0x00000001   Zero   RW          132    .bss.swPress        testmain.o
    0x2000030f        -       0x00000001   Zero   RW          128    .bss.test           testmain.o
    0x20000310        -       0x0000000e   Zero   RW          164    .bss.timeDate       testmain.o
    0x2000031e        -       0x00000001   Zero   RW          146    .bss.tmp            testmain.o
    0x2000031f        -       0x00000001   Zero   RW          129    .bss.tongue_wag     testmain.o
    0x20000320        -       0x00000001   Zero   RW          139    .bss.value          testmain.o
    0x20000321   0x0805b7f4   0x00000007   PAD
    0x20000328        -       0x00000200   Zero   RW          606    HEAP                startup_stm32f446xx.o
    0x20000528        -       0x00000400   Zero   RW          605    STACK               startup_stm32f446xx.o


==============================================================================

Image component sizes


      Code (inc. data)   RO Data    RW Data    ZI Data      Debug   Object Name

       390          8         21          0          0       2642   adc.o
       242          0          0          0          0       4749   hall.o
       948          0          0          1          0       5873   health_bar.o
       734          0          0          0          0       2724   i2c.o
      3430          4          0          4          1      10317   ili9341.o
      1032         20          0          4          8       6120   piezo.o
       682          0         46          0          0       3371   retarget_io.o
       352          0          0          0          0       5294   rotary_encoder.o
       804          0          0          0          1       6105   servo.o
       272          0          0          0          0       2337   sevenseg.o
       410          0          0          0         16       2489   sonar.o
       468          0          0          0          0       2737   spi.o
        64         26        452          0       1536        940   startup_stm32f446xx.o
       130          0          0          0          0       2601   stepper.o
        18          0          0          0          0       2784   system_stm32f4xx.o
      6132         34     346371         79         70      16917   testmain.o

    ----------------------------------------------------------------------
     16194         92     346928        100       1656      78000   Object Totals
         0          0         32          0          0          0   (incl. Generated)
        86          0          6         12         24          0   (incl. Padding)

    ----------------------------------------------------------------------

      Code (inc. data)   RO Data    RW Data    ZI Data      Debug   Library Member Name

         8          0          0          0          0         68   __main.o
       392          4         17          0          0         92   __printf_flags_ss_wp.o
        14          0          0          0          0         68   __printf_wp.o
         0          0          0          0          0          0   __rtentry.o
        12          0          0          0          0          0   __rtentry2.o
         6          0          0          0          0          0   __rtentry4.o
        52          8          0          0          0          0   __scatter.o
        26          0          0          0          0          0   __scatter_copy.o
        28          0          0          0          0          0   __scatter_zi.o
        72          0          0          0          0         96   _c16rtomb.o
         6          0          0          0          0          0   _printf_a.o
         6          0          0          0          0          0   _printf_c.o
        44          0          0          0          0        108   _printf_char.o
        48          6          0          0          0         96   _printf_char_common.o
        36          4          0          0          0         80   _printf_char_file.o
        40          0          0          0          0         68   _printf_charcount.o
         6          0          0          0          0          0   _printf_d.o
       120         16          0          0          0         92   _printf_dec.o
         6          0          0          0          0          0   _printf_e.o
         6          0          0          0          0          0   _printf_f.o
      1052          0          0          0          0        148   _printf_fp_dec.o
       764          8         38          0          0        100   _printf_fp_hex.o
       128         16          0          0          0         84   _printf_fp_infnan.o
         6          0          0          0          0          0   _printf_g.o
       148          4         40          0          0        160   _printf_hex_int_ll_ptr.o
         6          0          0          0          0          0   _printf_i.o
       178          0          0          0          0         88   _printf_intcommon.o
        10          0          0          0          0          0   _printf_l.o
         6          0          0          0          0          0   _printf_lc.o
        10          0          0          0          0          0   _printf_ll.o
         6          0          0          0          0          0   _printf_lld.o
         6          0          0          0          0          0   _printf_lli.o
         6          0          0          0          0          0   _printf_llo.o
         6          0          0          0          0          0   _printf_llu.o
         6          0          0          0          0          0   _printf_llx.o
       124         16          0          0          0         92   _printf_longlong_dec.o
         6          0          0          0          0          0   _printf_ls.o
         6          0          0          0          0          0   _printf_n.o
         6          0          0          0          0          0   _printf_o.o
       112          8          0          0          0        124   _printf_oct_int_ll.o
         6          0          0          0          0          0   _printf_p.o
        78          0          0          0          0        108   _printf_pad.o
         0          0          0          0          0          0   _printf_percent.o
         4          0          0          0          0          0   _printf_percent_end.o
         6          0          0          0          0          0   _printf_s.o
        82          0          0          0          0         80   _printf_str.o
        36          0          0          0          0         84   _printf_truncate.o
         6          0          0          0          0          0   _printf_u.o
        44          0          0          0          0        108   _printf_wchar.o
       188          6          8          0          0         92   _printf_wctomb.o
         6          0          0          0          0          0   _printf_x.o
         8          0          0          0          0         68   abs.o
       228          4        148          0          0         96   bigflt0.o
      1936        128          0          0          0        668   btod.o
        10          0          0          0          0         68   defsig_exit.o
        50          0          0          0          0         88   defsig_general.o
        80         58          0          0          0         76   defsig_rtmem_inner.o
        14          0          0          0          0         80   defsig_rtmem_outer.o
        52         38          0          0          0         76   defsig_rtred_inner.o
        14          0          0          0          0         80   defsig_rtred_outer.o
        18          0          0          0          0         80   exit.o
        76          0          0          0          0         88   fclose.o
         8          0          0          0          0         68   ferror.o
       482          0          0          0          0         92   flsbuf.o
       240          6          0          0          0        128   fopen.o
        28          0          0          0          0         68   fputc.o
       248          6          0          0          0         84   fseek.o
        66          0          0          0          0         76   ftell.o
        94          0          0          0          0         80   h1_alloc.o
        52          0          0          0          0         68   h1_extend.o
        78          0          0          0          0         80   h1_free.o
        14          0          0          0          0         84   h1_init.o
         6          0          0          0          0        152   heapauxi.o
         4          0          0          0          0        136   hguard.o
         0          0          0          0          0          0   indicate_semi.o
       138          0          0          0          0        168   init_alloc.o
       312         46          0          0          0        112   initio.o
        44         10        272          0          0         76   lc_ctype_c.o
        44         10         28          0          0         76   lc_numeric_c.o
         2          0          0          0          0          0   libinit.o
        50          0          0          0          0          0   libinit2.o
         2          0          0          0          0          0   libshutdown.o
         6          0          0          0          0          0   libshutdown2.o
         8          4          0          0         96         68   libspace.o
       138          0          0          0          0         80   lludiv10.o
         0          0          0          0          0          0   maybetermalloc1.o
        24          4          0          0          0         84   printf.o
       112         18          0          0        228        160   rand.o
        16          4          0          0          0         76   rt_ctype_table.o
         8          4          0          0          0         68   rt_errno_addr_intlibspace.o
         8          4          0          0          0         68   rt_heap_descriptor_intlibspace.o
         8          4          0          0          0         68   rt_locale_intlibspace.o
        78          0          0          0          0         80   rt_memclr_w.o
         2          0          0          0          0          0   rtexit.o
        10          0          0          0          0          0   rtexit2.o
        70          0          0          0          0         80   setvbuf.o
       264          6          0          0          0        160   stdio.o
         0          0          0         12        252          0   stdio_streams.o
       124          0          0          0          0         88   strcmpv7em.o
        62          0          0          0          0         76   strlen.o
        12          4          0          0          0         68   sys_exit.o
        74          0          0          0          0         80   sys_stackheap_outer.o
        14          0          0          0          0         76   sys_wrch.o
         2          0          0          0          0         68   use_no_semi.o
       812         16          0          0          0        392   daddsub_clz.o
        94          4          0          0          0        140   dfix.o
        46          0          0          0          0        116   dflt_clz.o
       340         12          0          0          0        152   dmul.o
       156          4          0          0          0        140   dnaninf.o
        12          0          0          0          0        116   dretinf.o
        26          0          0          0          0        116   fpinit.o
         4          0          0          0          0        116   printf1.o
         4          0          0          0          0        116   printf2.o
         0          0          0          0          0          0   usenofp.o
        48          0          0          0          0        124   fpclassify.o

    ----------------------------------------------------------------------
     10986        490        552         12        576       8028   Library Totals
        30          0          1          0          0          0   (incl. Padding)

    ----------------------------------------------------------------------

      Code (inc. data)   RO Data    RW Data    ZI Data      Debug   Library Name

      9414        454        551         12        576       6500   c_w.l
      1494         36          0          0          0       1404   fz_wm.l
        48          0          0          0          0        124   m_wm.l

    ----------------------------------------------------------------------
     10986        490        552         12        576       8028   Library Totals

    ----------------------------------------------------------------------

==============================================================================


      Code (inc. data)   RO Data    RW Data    ZI Data      Debug   

     27180        582     347480        112       2232      81208   Grand Totals
     27180        582     347480        112       2232      81208   ELF Image Totals
     27180        582     347480        112          0          0   ROM Totals

==============================================================================

    Total RO  Size (Code + RO Data)               374660 ( 365.88kB)
    Total RW  Size (RW Data + ZI Data)              2344 (   2.29kB)
    Total ROM Size (Code + RO Data + RW Data)     374772 ( 365.99kB)

==============================================================================

