Component: Arm Compiler for Embedded 6.22 Tool: armlink [5ee90200]

==============================================================================

Section Cross References

    ili9341.o(.ARM.exidx.text.SysTick_Init) refers to ili9341.o(.text.SysTick_Init) for [Anonymous Symbol]
    ili9341.o(.ARM.exidx.text.delayMS) refers to ili9341.o(.text.delayMS) for [Anonymous Symbol]
    ili9341.o(.ARM.exidx.text.delayMicroS) refers to ili9341.o(.text.delayMicroS) for [Anonymous Symbol]
    ili9341.o(.text.Draw_String_BG) refers to strlen.o(.text) for strlen
    ili9341.o(.text.Draw_String_BG) refers to ili9341.o(.text.Draw_Char_BG) for Draw_Char_BG
    ili9341.o(.text.Draw_String_BG) refers to ili9341.o(.data.ILI_TFTwidth) for ILI_TFTwidth
    ili9341.o(.ARM.exidx.text.Draw_String_BG) refers to ili9341.o(.text.Draw_String_BG) for [Anonymous Symbol]
    ili9341.o(.text.Draw_Char_BG) refers to ili9341.o(.text.Draw_Pixel) for Draw_Pixel
    ili9341.o(.ARM.exidx.text.Draw_Char_BG) refers to ili9341.o(.text.Draw_Char_BG) for [Anonymous Symbol]
    ili9341.o(.text.Draw_String_NoBG) refers to strlen.o(.text) for strlen
    ili9341.o(.text.Draw_String_NoBG) refers to ili9341.o(.text.Draw_Char_NoBG) for Draw_Char_NoBG
    ili9341.o(.text.Draw_String_NoBG) refers to ili9341.o(.data.ILI_TFTwidth) for ILI_TFTwidth
    ili9341.o(.ARM.exidx.text.Draw_String_NoBG) refers to ili9341.o(.text.Draw_String_NoBG) for [Anonymous Symbol]
    ili9341.o(.text.Draw_Char_NoBG) refers to ili9341.o(.text.Draw_Pixel) for Draw_Pixel
    ili9341.o(.ARM.exidx.text.Draw_Char_NoBG) refers to ili9341.o(.text.Draw_Char_NoBG) for [Anonymous Symbol]
    ili9341.o(.text.Draw_Pixel) refers to ili9341.o(.text.Set_Address_Window) for Set_Address_Window
    ili9341.o(.text.Draw_Pixel) refers to ili9341.o(.text.ILI_Push_16Bit) for ILI_Push_16Bit
    ili9341.o(.ARM.exidx.text.Draw_Pixel) refers to ili9341.o(.text.Draw_Pixel) for [Anonymous Symbol]
    ili9341.o(.text.Draw_Bitmap) refers to ili9341.o(.text.Set_Address_Window) for Set_Address_Window
    ili9341.o(.text.Draw_Bitmap) refers to ili9341.o(.text.ILI_8Bit_Data) for ILI_8Bit_Data
    ili9341.o(.ARM.exidx.text.Draw_Bitmap) refers to ili9341.o(.text.Draw_Bitmap) for [Anonymous Symbol]
    ili9341.o(.text.Set_Address_Window) refers to ili9341.o(.text.ILI_8Bit_Command) for ILI_8Bit_Command
    ili9341.o(.text.Set_Address_Window) refers to ili9341.o(.text.ILI_Push_16Bit) for ILI_Push_16Bit
    ili9341.o(.ARM.exidx.text.Set_Address_Window) refers to ili9341.o(.text.Set_Address_Window) for [Anonymous Symbol]
    ili9341.o(.text.ILI_8Bit_Data) refers to spi.o(.text.SPI_Transmit) for SPI_Transmit
    ili9341.o(.ARM.exidx.text.ILI_8Bit_Data) refers to ili9341.o(.text.ILI_8Bit_Data) for [Anonymous Symbol]
    ili9341.o(.text.Fill_Screen) refers to ili9341.o(.data.ILI_TFTwidth) for ILI_TFTwidth
    ili9341.o(.text.Fill_Screen) refers to ili9341.o(.data.ILI_TFTheight) for ILI_TFTheight
    ili9341.o(.text.Fill_Screen) refers to ili9341.o(.text.Set_Address_Window) for Set_Address_Window
    ili9341.o(.text.Fill_Screen) refers to ili9341.o(.text.Fill_Color) for Fill_Color
    ili9341.o(.ARM.exidx.text.Fill_Screen) refers to ili9341.o(.text.Fill_Screen) for [Anonymous Symbol]
    ili9341.o(.text.Fill_Color) refers to ili9341.o(.text.ILI_Push_16Bit) for ILI_Push_16Bit
    ili9341.o(.text.Fill_Color) refers to ili9341.o(.text.ILI_8Bit_Data) for ILI_8Bit_Data
    ili9341.o(.ARM.exidx.text.Fill_Color) refers to ili9341.o(.text.Fill_Color) for [Anonymous Symbol]
    ili9341.o(.text.Draw_Line) refers to ili9341.o(.text.Set_Address_Window) for Set_Address_Window
    ili9341.o(.text.Draw_Line) refers to ili9341.o(.text.ILI_Push_16Bit) for ILI_Push_16Bit
    ili9341.o(.ARM.exidx.text.Draw_Line) refers to ili9341.o(.text.Draw_Line) for [Anonymous Symbol]
    ili9341.o(.text.ILI_Push_16Bit) refers to ili9341.o(.text.ILI_8Bit_Data) for ILI_8Bit_Data
    ili9341.o(.ARM.exidx.text.ILI_Push_16Bit) refers to ili9341.o(.text.ILI_Push_16Bit) for [Anonymous Symbol]
    ili9341.o(.text.Draw_VLine) refers to ili9341.o(.text.Set_Address_Window) for Set_Address_Window
    ili9341.o(.text.Draw_VLine) refers to ili9341.o(.text.Fill_Color) for Fill_Color
    ili9341.o(.ARM.exidx.text.Draw_VLine) refers to ili9341.o(.text.Draw_VLine) for [Anonymous Symbol]
    ili9341.o(.text.Draw_HLine) refers to ili9341.o(.text.Set_Address_Window) for Set_Address_Window
    ili9341.o(.text.Draw_HLine) refers to ili9341.o(.text.Fill_Color) for Fill_Color
    ili9341.o(.ARM.exidx.text.Draw_HLine) refers to ili9341.o(.text.Draw_HLine) for [Anonymous Symbol]
    ili9341.o(.text.Invert_Display) refers to ili9341.o(.bss.Invert_Display.inv_flag) for Invert_Display.inv_flag
    ili9341.o(.text.Invert_Display) refers to ili9341.o(.text.ILI_8Bit_Command) for ILI_8Bit_Command
    ili9341.o(.ARM.exidx.text.Invert_Display) refers to ili9341.o(.text.Invert_Display) for [Anonymous Symbol]
[...]
    SPI2_IRQHandler                          0x08000367   Thumb Code     0  startup_stm32f446xx.o(.text)
    SPI3_IRQHandler                          0x08000367   Thumb Code     0  startup_stm32f446xx.o(.text)
    SPI4_IRQHandler                          0x08000367   Thumb Code     0  startup_stm32f446xx.o(.text)
    TAMP_STAMP_IRQHandler                    0x08000367   Thumb Code     0  startup_stm32f446xx.o(.text)
    TIM1_BRK_TIM9_IRQHandler                 0x08000367   Thumb Code     0  startup_stm32f446xx.o(.text)
    TIM1_CC_IRQHandler                       0x08000367   Thumb Code     0  startup_stm32f446xx.o(.text)
    TIM1_TRG_COM_TIM11_IRQHandler            0x08000367   Thumb Code     0  startup_stm32f446xx.o(.text)
    TIM1_UP_TIM10_IRQHandler                 0x08000367   Thumb Code     0  startup_stm32f446xx.o(.text)
    TIM2_IRQHandler                          0x08000367   Thumb Code     0  startup_stm32f446xx.o(.text)
    TIM4_IRQHandler                          0x08000367   Thumb Code     0  startup_stm32f446xx.o(.text)
    TIM5_IRQHandler                          0x08000367   Thumb Code     0  startup_stm32f446xx.o(.text)
    TIM6_DAC_IRQHandler                      0x08000367   Thumb Code     0  startup_stm32f446xx.o(.text)
    TIM7_IRQHandler                          0x08000367   Thumb Code     0  startup_stm32f446xx.o(.text)
    TIM8_BRK_TIM12_IRQHandler                0x08000367   Thumb Code     0  startup_stm32f446xx.o(.text)
    TIM8_CC_IRQHandler                       0x08000367   Thumb Code     0  startup_stm32f446xx.o(.text)
    TIM8_TRG_COM_TIM14_IRQHandler            0x08000367   Thumb Code     0  startup_stm32f446xx.o(.text)
    TIM8_UP_TIM13_IRQHandler                 0x08000367   Thumb Code     0  startup_stm32f446xx.o(.text)
    UART4_IRQHandler                         0x08000367   Thumb Code     0  startup_stm32f446xx.o(.text)
    UART5_IRQHandler                         0x08000367   Thumb Code     0  startup_stm32f446xx.o(.text)
    USART1_IRQHandler                        0x08000367   Thumb Code     0  startup_stm32f446xx.o(.text)
    USART2_IRQHandler                        0x08000367   Thumb Code     0  startup_stm32f446xx.o(.text)
    USART3_IRQHandler                        0x08000367   Thumb Code     0  startup_stm32f446xx.o(.text)
    USART6_IRQHandler                        0x08000367   Thumb Code     0  startup_stm32f446xx.o(.text)
    WWDG_IRQHandler                          0x08000367   Thumb Code     0  startup_stm32f446xx.o(.text)
    __user_initial_stackheap                 0x08000369   Thumb Code     0  startup_stm32f446xx.o(.text)
    printf                                   0x0800038d   Thumb Code    20  printf.o(.text)
    strlen                                   0x080003a5   Thumb Code    62  strlen.o(.text)
    strcmp                                   0x080003e9   Thumb Code   124  strcmpv7em.o(.text)
    __use_two_region_memory                  0x08000465   Thumb Code     2  heapauxi.o(.text)
    __rt_heap_escrow                         0x08000467   Thumb Code     2  heapauxi.o(.text)
    __rt_heap_expand                         0x08000469   Thumb Code     2  heapauxi.o(.text)
    _printf_pre_padding                      0x0800046b   Thumb Code    44  _printf_pad.o(.text)
    _printf_post_padding                     0x08000497   Thumb Code    34  _printf_pad.o(.text)
    _printf_truncate_signed                  0x080004b9   Thumb Code    18  _printf_truncate.o(.text)
    _printf_truncate_unsigned                0x080004cb   Thumb Code    18  _printf_truncate.o(.text)
    _printf_str                              0x080004dd   Thumb Code    82  _printf_str.o(.text)
    _printf_int_dec                          0x08000531   Thumb Code   104  _printf_dec.o(.text)
    _printf_charcount                        0x080005a9   Thumb Code    40  _printf_charcount.o(.text)
    _printf_char_file                        0x080005d1   Thumb Code    32  _printf_char_file.o(.text)
    _printf_wctomb                           0x080005f5   Thumb Code   182  _printf_wctomb.o(.text)
    _printf_longlong_dec                     0x080006b1   Thumb Code   108  _printf_longlong_dec.o(.text)
    _printf_longlong_oct                     0x0800072d   Thumb Code    68  _printf_oct_int_ll.o(.text)
    _printf_int_oct                          0x08000771   Thumb Code    24  _printf_oct_int_ll.o(.text)
    _printf_ll_oct                           0x08000789   Thumb Code    12  _printf_oct_int_ll.o(.text)
    _printf_longlong_hex                     0x0800079d   Thumb Code    86  _printf_hex_int_ll_ptr.o(.text)
    _printf_int_hex                          0x080007f3   Thumb Code    28  _printf_hex_int_ll_ptr.o(.text)
    _printf_ll_hex                           0x0800080f   Thumb Code    12  _printf_hex_int_ll_ptr.o(.text)
    _printf_hex_ptr                          0x0800081b   Thumb Code    18  _printf_hex_int_ll_ptr.o(.text)
    __printf                                 0x08000831   Thumb Code   388  __printf_flags_ss_wp.o(.text)
    _ll_udiv10                               0x080009b9   Thumb Code   138  lludiv10.o(.text)
    _printf_int_common                       0x08000a43   Thumb Code   178  _printf_intcommon.o(.text)
    _printf_fp_dec_real                      0x08000ca5   Thumb Code   620  _printf_fp_dec.o(.text)
    _printf_fp_hex_real                      0x08000f11   Thumb Code   756  _printf_fp_hex.o(.text)
    _printf_char_common                      0x08001217   Thumb Code    32  _printf_char_common.o(.text)
    _printf_cs_common                        0x0800123d   Thumb Code    20  _printf_char.o(.text)
    _printf_char                             0x08001251   Thumb Code    16  _printf_char.o(.text)
    _printf_string                           0x08001261   Thumb Code     8  _printf_char.o(.text)
    _printf_lcs_common                       0x08001269   Thumb Code    20  _printf_wchar.o(.text)
    _printf_wchar                            0x0800127d   Thumb Code    16  _printf_wchar.o(.text)
    _printf_wstring                          0x0800128d   Thumb Code     8  _printf_wchar.o(.text)
    ferror                                   0x08001295   Thumb Code     8  ferror.o(.text)
    _initio                                  0x0800129d   Thumb Code   210  initio.o(.text)
    _terminateio                             0x0800136f   Thumb Code    56  initio.o(.text)
    _c16rtomb                                0x080013d5   Thumb Code    72  _c16rtomb.o(.text)
    _wcrtomb                                 0x080013d5   Thumb Code     0  _c16rtomb.o(.text)
    __user_setup_stackheap                   0x0800141d   Thumb Code    74  sys_stackheap_outer.o(.text)
    __rt_ctype_table                         0x08001469   Thumb Code    16  rt_ctype_table.o(.text)
    __rt_locale                              0x08001479   Thumb Code     8  rt_locale_intlibspace.o(.text)
    free                                     0x08001481   Thumb Code    78  h1_free.o(.text)
    _printf_fp_infnan                        0x080014d1   Thumb Code   112  _printf_fp_infnan.o(.text)
    _btod_etento                             0x08001551   Thumb Code   224  bigflt0.o(.text)
    __flsbuf                                 0x08001635   Thumb Code   482  flsbuf.o(.text)
    __flsbuf_byte                            0x08001635   Thumb Code     0  flsbuf.o(.text)
    __flsbuf_wide                            0x08001635   Thumb Code     0  flsbuf.o(.text)
    setvbuf                                  0x08001817   Thumb Code    70  setvbuf.o(.text)
    freopen                                  0x0800185d   Thumb Code   160  fopen.o(.text)
    fopen                                    0x080018fd   Thumb Code    74  fopen.o(.text)
    _fclose_internal                         0x0800194d   Thumb Code    76  fclose.o(.text)
    fclose                                   0x0800194d   Thumb Code     0  fclose.o(.text)
    exit                                     0x08001999   Thumb Code    18  exit.o(.text)
    __rt_SIGRTRED                            0x080019ab   Thumb Code    14  defsig_rtred_outer.o(.text)
    __aeabi_memclr4                          0x080019b9   Thumb Code     0  rt_memclr_w.o(.text)
    __aeabi_memclr8                          0x080019b9   Thumb Code     0  rt_memclr_w.o(.text)
    __rt_memclr_w                            0x080019b9   Thumb Code     0  rt_memclr_w.o(.text)
    _memset_w                                0x080019bd   Thumb Code    74  rt_memclr_w.o(.text)
    __user_libspace                          0x08001a09   Thumb Code     8  libspace.o(.text)
    __user_perproc_libspace                  0x08001a09   Thumb Code     0  libspace.o(.text)
    __user_perthread_libspace                0x08001a09   Thumb Code     0  libspace.o(.text)
    __rt_heap_descriptor                     0x08001a11   Thumb Code     8  rt_heap_descriptor_intlibspace.o(.text)
    __use_no_heap                            0x08001a19   Thumb Code     2  hguard.o(.text)
    __heap$guard                             0x08001a1b   Thumb Code     2  hguard.o(.text)
    _terminate_user_alloc                    0x08001a1d   Thumb Code     2  init_alloc.o(.text)
    _init_user_alloc                         0x08001a1f   Thumb Code     2  init_alloc.o(.text)
    __Heap_Full                              0x08001a21   Thumb Code    34  init_alloc.o(.text)
    __Heap_Broken                            0x08001a43   Thumb Code     6  init_alloc.o(.text)
    _init_alloc                              0x08001a49   Thumb Code    94  init_alloc.o(.text)
    malloc                                   0x08001aa7   Thumb Code    94  h1_alloc.o(.text)
    _fseek                                   0x08001b05   Thumb Code   242  fseek.o(.text)
    fseek                                    0x08001b05   Thumb Code     0  fseek.o(.text)
    _seterr                                  0x08001bfd   Thumb Code    20  stdio.o(.text)
    _writebuf                                0x08001c11   Thumb Code   108  stdio.o(.text)
    _fflush                                  0x08001c7d   Thumb Code    70  stdio.o(.text)
    _deferredlazyseek                        0x08001cc3   Thumb Code    60  stdio.o(.text)
    __sig_exit                               0x08001d05   Thumb Code    10  defsig_exit.o(.text)
    __rt_SIGRTRED_inner                      0x08001d11   Thumb Code    14  defsig_rtred_inner.o(.text)
    _sys_exit                                0x08001d45   Thumb Code     8  sys_exit.o(.text)
    __Heap_Initialize                        0x08001d51   Thumb Code     8  h1_init.o(.text)
    _maybe_terminate_alloc                   0x08001d51   Thumb Code     0  maybetermalloc1.o(.text)
    __Heap_DescSize                          0x08001d59   Thumb Code     4  h1_init.o(.text)
    __Heap_ProvideMemory                     0x08001d5d   Thumb Code    52  h1_extend.o(.text)
    _ftell_internal                          0x08001d91   Thumb Code    66  ftell.o(.text)
    ftell                                    0x08001d91   Thumb Code     0  ftell.o(.text)
    __default_signal_display                 0x08001dd3   Thumb Code    50  defsig_general.o(.text)
    __rt_SIGRTMEM                            0x08001e05   Thumb Code    14  defsig_rtmem_outer.o(.text)
    _ttywrch                                 0x08001e13   Thumb Code    14  sys_wrch.o(.text)
    __I$use$semihosting                      0x08001e21   Thumb Code     0  use_no_semi.o(.text)
    __use_no_semihosting_swi                 0x08001e21   Thumb Code     2  use_no_semi.o(.text)
    __semihosting_library_function           0x08001e23   Thumb Code     0  indicate_semi.o(.text)
    __aeabi_errno_addr                       0x08001e25   Thumb Code     8  rt_errno_addr_intlibspace.o(.text)
    __errno$intlibspace                      0x08001e25   Thumb Code     0  rt_errno_addr_intlibspace.o(.text)
    __rt_errno_addr$intlibspace              0x08001e25   Thumb Code     0  rt_errno_addr_intlibspace.o(.text)
    __rt_SIGRTMEM_inner                      0x08001e2d   Thumb Code    22  defsig_rtmem_inner.o(.text)
    CS_Low                                   0x08001e7d   Thumb Code    16  spi.o(.text.CS_Low)
    Display_Init                             0x08001e8d   Thumb Code  1156  ili9341.o(.text.Display_Init)
    Draw_Bitmap                              0x08002311   Thumb Code   172  ili9341.o(.text.Draw_Bitmap)
    Draw_Char_BG                             0x080023bd   Thumb Code   370  ili9341.o(.text.Draw_Char_BG)
    Draw_Pixel                               0x08002531   Thumb Code    72  ili9341.o(.text.Draw_Pixel)
    Draw_String_BG                           0x08002579   Thumb Code   284  ili9341.o(.text.Draw_String_BG)
    EXTI15_10_IRQHandler                     0x08002695   Thumb Code   102  testmain.o(.text.EXTI15_10_IRQHandler)
    EXTI4_IRQHandler                         0x080026fd   Thumb Code   520  testmain.o(.text.EXTI4_IRQHandler)
    Encoder_TIM_init                         0x08002905   Thumb Code   110  rotary_encoder.o(.text.Encoder_TIM_init)
    Encoder_init                             0x08002975   Thumb Code   194  rotary_encoder.o(.text.Encoder_init)
    Fill_Color                               0x08002a39   Thumb Code   170  ili9341.o(.text.Fill_Color)
    Fill_Rect                                0x08002ae5   Thumb Code   270  ili9341.o(.text.Fill_Rect)
    Fill_Screen                              0x08002bf5   Thumb Code    90  ili9341.o(.text.Fill_Screen)
    GPIO_PinMode_Setup                       0x08002c51   Thumb Code    90  ili9341.o(.text.GPIO_PinMode_Setup)
    I2C1_byteRead                            0x08002cad   Thumb Code   332  i2c.o(.text.I2C1_byteRead)
    I2C1_byteWrite                           0x08002df9   Thumb Code   238  i2c.o(.text.I2C1_byteWrite)
    I2C_init                                 0x08002ee9   Thumb Code   164  i2c.o(.text.I2C_init)
    ILI_8Bit_Command                         0x08002f8d   Thumb Code    58  ili9341.o(.text.ILI_8Bit_Command)
    ILI_8Bit_Data                            0x08002fc9   Thumb Code    58  ili9341.o(.text.ILI_8Bit_Data)
    ILI_Push_16Bit                           0x08003005   Thumb Code    28  ili9341.o(.text.ILI_Push_16Bit)
    ITM_SendChar                             0x08003021   Thumb Code    66  retarget_io.o(.text.ITM_SendChar)
    MENU_SCREENS                             0x08003065   Thumb Code  1822  testmain.o(.text.MENU_SCREENS)
    Read_ADC                                 0x08003789   Thumb Code   248  adc.o(.text.Read_ADC)
    Read_Date                                0x08003889   Thumb Code   356  testmain.o(.text.Read_Date)
    Read_Time                                0x080039ed   Thumb Code   356  testmain.o(.text.Read_Time)
    Rotate_Display                           0x08003b51   Thumb Code   350  ili9341.o(.text.Rotate_Display)
    SPI_Enable                               0x08003cb1   Thumb Code    18  spi.o(.text.SPI_Enable)
    SPI_GPIO                                 0x08003cc5   Thumb Code   180  spi.o(.text.SPI_GPIO)
    SPI_Init                                 0x08003d79   Thumb Code    88  spi.o(.text.SPI_Init)
    SPI_Transmit                             0x08003dd1   Thumb Code   158  spi.o(.text.SPI_Transmit)
    Set_Address_Window                       0x08003e71   Thumb Code    74  ili9341.o(.text.Set_Address_Window)
    Set_Date                                 0x08003ebd   Thumb Code    58  testmain.o(.text.Set_Date)
    Set_TD                                   0x08003ef9   Thumb Code   734  testmain.o(.text.Set_TD)
    Set_Time                                 0x080041d9   Thumb Code    58  testmain.o(.text.Set_Time)
    SysTick_Init                             0x08004215   Thumb Code    46  ili9341.o(.text.SysTick_Init)
    SystemInit                               0x08004245   Thumb Code    18  system_stm32f4xx.o(.text.SystemInit)
    TIM1_setup                               0x08004259   Thumb Code   230  servo.o(.text.TIM1_setup)
    TIM3_IRQHandler                          0x08004341   Thumb Code    20  testmain.o(.text.TIM3_IRQHandler)
    TIM_GPIO                                 0x08004355   Thumb Code   126  servo.o(.text.TIM_GPIO)
    _sys_close                               0x08004435   Thumb Code    74  retarget_io.o(.text._sys_close)
    _sys_flen                                0x08004481   Thumb Code    72  retarget_io.o(.text._sys_flen)
    _sys_istty                               0x080044c9   Thumb Code    72  retarget_io.o(.text._sys_istty)
    _sys_open                                0x08004511   Thumb Code   132  retarget_io.o(.text._sys_open)
    _sys_seek                                0x08004595   Thumb Code    82  retarget_io.o(.text._sys_seek)
    _sys_write                               0x080045e9   Thumb Code   152  retarget_io.o(.text._sys_write)
    adc_init                                 0x08004681   Thumb Code   134  adc.o(.text.adc_init)
    delayMS                                  0x08004709   Thumb Code    66  ili9341.o(.text.delayMS)
    delayMicroS                              0x0800474d   Thumb Code    66  ili9341.o(.text.delayMicroS)
    dist                                     0x08004791   Thumb Code   102  sonar.o(.text.dist)
    hallEffect_pinInit                       0x080047f9   Thumb Code   194  hall.o(.text.hallEffect_pinInit)
    main                                     0x080048bd   Thumb Code   436  testmain.o(.text.main)
    sonar_gpio_init                          0x08004a71   Thumb Code    98  sonar.o(.text.sonar_gpio_init)
    stepper_init                             0x08004af5   Thumb Code   130  stepper.o(.text.stepper_init)
    timer_init                               0x08004b79   Thumb Code   368  timers.o(.text.timer_init)
    _btod_d2e                                0x08004cf1   Thumb Code    62  btod.o(CL$$btod_d2e)
    _d2e_denorm_low                          0x08004d2f   Thumb Code    70  btod.o(CL$$btod_d2e_denorm_low)
    _d2e_norm_op1                            0x08004d75   Thumb Code    96  btod.o(CL$$btod_d2e_norm_op1)
    __btod_div_common                        0x08004dd5   Thumb Code   696  btod.o(CL$$btod_div_common)
    _e2e                                     0x0800510d   Thumb Code   220  btod.o(CL$$btod_e2e)
    _btod_ediv                               0x080051e9   Thumb Code    42  btod.o(CL$$btod_ediv)
    _btod_emul                               0x08005213   Thumb Code    42  btod.o(CL$$btod_emul)
    __btod_mult_common                       0x0800523d   Thumb Code   580  btod.o(CL$$btod_mult_common)
    __ARM_fpclassify                         0x08005481   Thumb Code    48  fpclassify.o(i.__ARM_fpclassify)
    _is_digit                                0x080054b1   Thumb Code    14  __printf_wp.o(i._is_digit)
    fputc                                    0x080054bf   Thumb Code    28  fputc.o(i.fputc)
    _get_lc_numeric                          0x080054dd   Thumb Code    44  lc_numeric_c.o(locale$$code)
    _get_lc_ctype                            0x08005509   Thumb Code    44  lc_ctype_c.o(locale$$code)
    __aeabi_dadd                             0x08005535   Thumb Code     0  daddsub_clz.o(x$fpl$dadd)
    _dadd                                    0x08005535   Thumb Code   332  daddsub_clz.o(x$fpl$dadd)
    __aeabi_d2iz                             0x08005685   Thumb Code     0  dfix.o(x$fpl$dfix)
    _dfix                                    0x08005685   Thumb Code    94  dfix.o(x$fpl$dfix)
    __aeabi_i2d                              0x080056e3   Thumb Code     0  dflt_clz.o(x$fpl$dflt)
    _dflt                                    0x080056e3   Thumb Code    46  dflt_clz.o(x$fpl$dflt)
    __aeabi_dmul                             0x08005711   Thumb Code     0  dmul.o(x$fpl$dmul)
    _dmul                                    0x08005711   Thumb Code   332  dmul.o(x$fpl$dmul)
    __fpl_dnaninf                            0x08005865   Thumb Code   156  dnaninf.o(x$fpl$dnaninf)
    __fpl_dretinf                            0x08005901   Thumb Code    12  dretinf.o(x$fpl$dretinf)
    __aeabi_dsub                             0x0800590d   Thumb Code     0  daddsub_clz.o(x$fpl$dsub)
    _dsub                                    0x0800590d   Thumb Code   472  daddsub_clz.o(x$fpl$dsub)
    _fp_init                                 0x08005ae9   Thumb Code    26  fpinit.o(x$fpl$fpinit)
    __fplib_config_fpu_vfp                   0x08005b01   Thumb Code     0  fpinit.o(x$fpl$fpinit)
    __fplib_config_pureend_doubles           0x08005b01   Thumb Code     0  fpinit.o(x$fpl$fpinit)
    _printf_fp_dec                           0x08005b03   Thumb Code     4  printf1.o(x$fpl$printf1)
    _printf_fp_hex                           0x08005b07   Thumb Code     4  printf2.o(x$fpl$printf2)
    __I$use$fp                               0x08005b0a   Number         0  usenofp.o(x$fpl$usenofp)
    Dead                                     0x08005c08   Data       46208  testmain.o(.rodata.Dead)
    DeadImage                                0x08011088   Data          12  testmain.o(.rodata.DeadImage)
    Happy                                    0x08011094   Data       46440  testmain.o(.rodata.Happy)
    HappyImage                               0x0801c5fc   Data          12  testmain.o(.rodata.HappyImage)
    Hungry                                   0x0801c608   Data       124260  testmain.o(.rodata.Hungry)
    HungryImage                              0x0803ab6c   Data          12  testmain.o(.rodata.HungryImage)
    __stderr_name                            0x0803ab78   Data           8  retarget_io.o(.rodata.__stderr_name)
    __stdin_name                             0x0803ab80   Data           7  retarget_io.o(.rodata.__stdin_name)
    __stdout_name                            0x0803ab87   Data           8  retarget_io.o(.rodata.__stdout_name)
    content                                  0x0803ab90   Data       52000  testmain.o(.rodata.content)
    contentImage                             0x080476b0   Data          12  testmain.o(.rodata.contentImage)
    Region$$Table$$Base                      0x080490e4   Number         0  anon$$obj.o(Region$$Table)
    Region$$Table$$Limit                     0x08049104   Number         0  anon$$obj.o(Region$$Table)
    __ctype                                  0x0804912d   Data           0  lc_ctype_c.o(locale$$data)
    __aeabi_stdin                            0x20000000   Data           4  stdio_streams.o(.data)
    __aeabi_stdout                           0x20000004   Data           4  stdio_streams.o(.data)
    __aeabi_stderr                           0x20000008   Data           4  stdio_streams.o(.data)
    RTC_Data_ptr                             0x20000010   Data           4  testmain.o(.data.RTC_Data_ptr)
    menu                                     0x20000014   Data           4  testmain.o(.data.menu)
    menu_flag                                0x20000018   Data           1  testmain.o(.data.menu_flag)
    state                                    0x2000001c   Data           4  testmain.o(.data.state)
    update_screen                            0x20000020   Data           1  testmain.o(.data.update_screen)
    __stdin                                  0x20000028   Data          84  stdio_streams.o(.bss)
    __stdout                                 0x2000007c   Data          84  stdio_streams.o(.bss)
    __stderr                                 0x200000d0   Data          84  stdio_streams.o(.bss)
    __libspace_start                         0x20000124   Data          96  libspace.o(.bss)
    __temporary_stack_top$libspace           0x20000184   Data           0  libspace.o(.bss)
    RTC_Date                                 0x20000185   Data           1  testmain.o(.bss.RTC_Date)
    RTC_Hour                                 0x20000186   Data           1  testmain.o(.bss.RTC_Hour)
    RTC_Minute                               0x20000187   Data           1  testmain.o(.bss.RTC_Minute)
    RTC_Month                                0x20000188   Data           1  testmain.o(.bss.RTC_Month)
    RTC_Second                               0x20000189   Data           1  testmain.o(.bss.RTC_Second)
    RTC_Year                                 0x2000018a   Data           1  testmain.o(.bss.RTC_Year)
    RTC_data                                 0x2000018b   Data           1  testmain.o(.bss.RTC_data)
    distance                                 0x20000190   Data           4  testmain.o(.bss.distance)
    foodCount                                0x20000194   Data           1  testmain.o(.bss.foodCount)
    lightLvl                                 0x2000019c   Data           4  testmain.o(.bss.lightLvl)
    petFlag                                  0x200001a8   Data           1  testmain.o(.bss.petFlag)
    pos                                      0x200001ac   Data           4  testmain.o(.bss.pos)
    swPress                                  0x200001b0   Data           1  testmain.o(.bss.swPress)
    timeDate                                 0x200001b1   Data          14  testmain.o(.bss.timeDate)
    tmp                                      0x200001bf   Data           1  testmain.o(.bss.tmp)
    value                                    0x200001c0   Data           1  testmain.o(.bss.value)



==============================================================================

Memory Map of the image

  Image Entry point : 0x0800034d

  Load Region LR_1 (Base: 0x08000000, Size: 0x00049254, Max: 0xffffffff, ABSOLUTE)

    Execution Region ER_RO (Exec base: 0x08000000, Load base: 0x08000000, Size: 0x00049230, Max: 0xffffffff, ABSOLUTE)

    Exec Addr    Load Addr    Size         Type   Attr      Idx    E Section Name        Object

    0x08000000   0x08000000   0x000001c4   Data   RO          493    RESET               startup_stm32f446xx.o
    0x080001c4   0x080001c4   0x00000008   Code   RO          524  * !!!main             c_w.l(__main.o)
    0x080001cc   0x080001cc   0x0000005c   Code   RO         1057    !!!scatter          c_w.l(__scatter.o)
    0x08000228   0x08000228   0x0000001a   Code   RO         1061    !!handler_copy      c_w.l(__scatter_copy.o)
    0x08000242   0x08000242   0x00000002   PAD
    0x08000244   0x08000244   0x00000002   Code   RO         1058    !!handler_null      c_w.l(__scatter.o)
    0x08000246   0x08000246   0x00000002   PAD
    0x08000248   0x08000248   0x0000001c   Code   RO         1063    !!handler_zi        c_w.l(__scatter_zi.o)
    0x08000264   0x08000264   0x00000000   Code   RO          624    .ARM.Collect$$_printf_percent$$00000000  c_w.l(_printf_percent.o)
    0x08000264   0x08000264   0x00000006   Code   RO          613    .ARM.Collect$$_printf_percent$$00000001  c_w.l(_printf_n.o)
    0x0800026a   0x0800026a   0x00000006   Code   RO          615    .ARM.Collect$$_printf_percent$$00000002  c_w.l(_printf_p.o)
    0x08000270   0x08000270   0x00000006   Code   RO          620    .ARM.Collect$$_printf_percent$$00000003  c_w.l(_printf_f.o)
    0x08000276   0x08000276   0x00000006   Code   RO          621    .ARM.Collect$$_printf_percent$$00000004  c_w.l(_printf_e.o)
    0x0800027c   0x0800027c   0x00000006   Code   RO          622    .ARM.Collect$$_printf_percent$$00000005  c_w.l(_printf_g.o)
    0x08000282   0x08000282   0x00000006   Code   RO          623    .ARM.Collect$$_printf_percent$$00000006  c_w.l(_printf_a.o)
    0x08000288   0x08000288   0x0000000a   Code   RO          628    .ARM.Collect$$_printf_percent$$00000007  c_w.l(_printf_ll.o)
    0x08000292   0x08000292   0x00000006   Code   RO          617    .ARM.Collect$$_printf_percent$$00000008  c_w.l(_printf_i.o)
    0x08000298   0x08000298   0x00000006   Code   RO          618    .ARM.Collect$$_printf_percent$$00000009  c_w.l(_printf_d.o)
    0x0800029e   0x0800029e   0x00000006   Code   RO          619    .ARM.Collect$$_printf_percent$$0000000A  c_w.l(_printf_u.o)
    0x080002a4   0x080002a4   0x00000006   Code   RO          616    .ARM.Collect$$_printf_percent$$0000000B  c_w.l(_printf_o.o)
    0x080002aa   0x080002aa   0x00000006   Code   RO          614    .ARM.Collect$$_printf_percent$$0000000C  c_w.l(_printf_x.o)
    0x080002b0   0x080002b0   0x00000006   Code   RO          625    .ARM.Collect$$_printf_percent$$0000000D  c_w.l(_printf_lli.o)
    0x080002b6   0x080002b6   0x00000006   Code   RO          626    .ARM.Collect$$_printf_percent$$0000000E  c_w.l(_printf_lld.o)
    0x080002bc   0x080002bc   0x00000006   Code   RO          627    .ARM.Collect$$_printf_percent$$0000000F  c_w.l(_printf_llu.o)
    0x080002c2   0x080002c2   0x00000006   Code   RO          632    .ARM.Collect$$_printf_percent$$00000010  c_w.l(_printf_llo.o)
    0x080002c8   0x080002c8   0x00000006   Code   RO          633    .ARM.Collect$$_printf_percent$$00000011  c_w.l(_printf_llx.o)
    0x080002ce   0x080002ce   0x0000000a   Code   RO          629    .ARM.Collect$$_printf_percent$$00000012  c_w.l(_printf_l.o)
    0x080002d8   0x080002d8   0x00000006   Code   RO          611    .ARM.Collect$$_printf_percent$$00000013  c_w.l(_printf_c.o)
    0x080002de   0x080002de   0x00000006   Code   RO          612    .ARM.Collect$$_printf_percent$$00000014  c_w.l(_printf_s.o)
    0x080002e4   0x080002e4   0x00000006   Code   RO          630    .ARM.Collect$$_printf_percent$$00000015  c_w.l(_printf_lc.o)
    0x080002ea   0x080002ea   0x00000006   Code   RO          631    .ARM.Collect$$_printf_percent$$00000016  c_w.l(_printf_ls.o)
    0x080002f0   0x080002f0   0x00000004   Code   RO          685    .ARM.Collect$$_printf_percent$$00000017  c_w.l(_printf_percent_end.o)
    0x080002f4   0x080002f4   0x00000002   Code   RO          829    .ARM.Collect$$libinit$$00000000  c_w.l(libinit.o)
    0x080002f6   0x080002f6   0x00000004   Code   RO          830    .ARM.Collect$$libinit$$00000001  c_w.l(libinit2.o)
    0x080002fa   0x080002fa   0x00000000   Code   RO          833    .ARM.Collect$$libinit$$00000004  c_w.l(libinit2.o)
    0x080002fa   0x080002fa   0x00000000   Code   RO          835    .ARM.Collect$$libinit$$00000006  c_w.l(libinit2.o)
    0x080002fa   0x080002fa   0x00000008   Code   RO          836    .ARM.Collect$$libinit$$00000007  c_w.l(libinit2.o)
    0x08000302   0x08000302   0x00000000   Code   RO          838    .ARM.Collect$$libinit$$0000000C  c_w.l(libinit2.o)
    0x08000302   0x08000302   0x00000000   Code   RO          840    .ARM.Collect$$libinit$$0000000E  c_w.l(libinit2.o)
    0x08000302   0x08000302   0x00000000   Code   RO          842    .ARM.Collect$$libinit$$00000010  c_w.l(libinit2.o)
    0x08000302   0x08000302   0x00000006   Code   RO          843    .ARM.Collect$$libinit$$00000011  c_w.l(libinit2.o)
    0x08000308   0x08000308   0x00000000   Code   RO          845    .ARM.Collect$$libinit$$00000013  c_w.l(libinit2.o)
    0x08000308   0x08000308   0x0000000c   Code   RO          846    .ARM.Collect$$libinit$$00000014  c_w.l(libinit2.o)
    0x08000314   0x08000314   0x00000000   Code   RO          847    .ARM.Collect$$libinit$$00000015  c_w.l(libinit2.o)
    0x08000314   0x08000314   0x00000000   Code   RO          849    .ARM.Collect$$libinit$$00000017  c_w.l(libinit2.o)
    0x08000314   0x08000314   0x0000000a   Code   RO          850    .ARM.Collect$$libinit$$00000018  c_w.l(libinit2.o)
    0x0800031e   0x0800031e   0x00000000   Code   RO          851    .ARM.Collect$$libinit$$00000019  c_w.l(libinit2.o)
    0x0800031e   0x0800031e   0x00000000   Code   RO          853    .ARM.Collect$$libinit$$0000001B  c_w.l(libinit2.o)
    0x0800031e   0x0800031e   0x00000000   Code   RO          855    .ARM.Collect$$libinit$$0000001D  c_w.l(libinit2.o)
    0x0800031e   0x0800031e   0x00000000   Code   RO          857    .ARM.Collect$$libinit$$0000001F  c_w.l(libinit2.o)
    0x0800031e   0x0800031e   0x00000000   Code   RO          859    .ARM.Collect$$libinit$$00000021  c_w.l(libinit2.o)
    0x0800031e   0x0800031e   0x00000000   Code   RO          861    .ARM.Collect$$libinit$$00000023  c_w.l(libinit2.o)
    0x0800031e   0x0800031e   0x00000000   Code   RO          863    .ARM.Collect$$libinit$$00000025  c_w.l(libinit2.o)
    0x0800031e   0x0800031e   0x00000004   Code   RO          864    .ARM.Collect$$libinit$$00000026  c_w.l(libinit2.o)
    0x08000322   0x08000322   0x00000000   Code   RO          865    .ARM.Collect$$libinit$$00000027  c_w.l(libinit2.o)
    0x08000322   0x08000322   0x00000000   Code   RO          869    .ARM.Collect$$libinit$$0000002E  c_w.l(libinit2.o)
    0x08000322   0x08000322   0x00000000   Code   RO          871    .ARM.Collect$$libinit$$00000030  c_w.l(libinit2.o)
    0x08000322   0x08000322   0x00000000   Code   RO          873    .ARM.Collect$$libinit$$00000032  c_w.l(libinit2.o)
    0x08000322   0x08000322   0x00000000   Code   RO          875    .ARM.Collect$$libinit$$00000034  c_w.l(libinit2.o)
    0x08000322   0x08000322   0x00000002   Code   RO          876    .ARM.Collect$$libinit$$00000035  c_w.l(libinit2.o)
    0x08000324   0x08000324   0x00000002   Code   RO         1036    .ARM.Collect$$libshutdown$$00000000  c_w.l(libshutdown.o)
    0x08000326   0x08000326   0x00000000   Code   RO          878    .ARM.Collect$$libshutdown$$00000002  c_w.l(libshutdown2.o)
    0x08000326   0x08000326   0x00000004   Code   RO          879    .ARM.Collect$$libshutdown$$00000003  c_w.l(libshutdown2.o)
    0x0800032a   0x0800032a   0x00000000   Code   RO          880    .ARM.Collect$$libshutdown$$00000004  c_w.l(libshutdown2.o)
    0x0800032a   0x0800032a   0x00000000   Code   RO          883    .ARM.Collect$$libshutdown$$00000007  c_w.l(libshutdown2.o)
    0x0800032a   0x0800032a   0x00000000   Code   RO          886    .ARM.Collect$$libshutdown$$0000000A  c_w.l(libshutdown2.o)
    0x0800032a   0x0800032a   0x00000000   Code   RO          888    .ARM.Collect$$libshutdown$$0000000C  c_w.l(libshutdown2.o)
    0x0800032a   0x0800032a   0x00000000   Code   RO          891    .ARM.Collect$$libshutdown$$0000000F  c_w.l(libshutdown2.o)
    0x0800032a   0x0800032a   0x00000002   Code   RO          892    .ARM.Collect$$libshutdown$$00000010  c_w.l(libshutdown2.o)
    0x0800032c   0x0800032c   0x00000000   Code   RO          544    .ARM.Collect$$rtentry$$00000000  c_w.l(__rtentry.o)
    0x0800032c   0x0800032c   0x00000000   Code   RO          654    .ARM.Collect$$rtentry$$00000002  c_w.l(__rtentry2.o)
    0x0800032c   0x0800032c   0x00000006   Code   RO          666    .ARM.Collect$$rtentry$$00000004  c_w.l(__rtentry4.o)
    0x08000332   0x08000332   0x00000000   Code   RO          656    .ARM.Collect$$rtentry$$00000009  c_w.l(__rtentry2.o)
    0x08000332   0x08000332   0x00000004   Code   RO          657    .ARM.Collect$$rtentry$$0000000A  c_w.l(__rtentry2.o)
    0x08000336   0x08000336   0x00000000   Code   RO          659    .ARM.Collect$$rtentry$$0000000C  c_w.l(__rtentry2.o)
    0x08000336   0x08000336   0x00000008   Code   RO          660    .ARM.Collect$$rtentry$$0000000D  c_w.l(__rtentry2.o)
    0x0800033e   0x0800033e   0x00000002   Code   RO          902    .ARM.Collect$$rtexit$$00000000  c_w.l(rtexit.o)
    0x08000340   0x08000340   0x00000000   Code   RO          963    .ARM.Collect$$rtexit$$00000002  c_w.l(rtexit2.o)
    0x08000340   0x08000340   0x00000004   Code   RO          964    .ARM.Collect$$rtexit$$00000003  c_w.l(rtexit2.o)
    0x08000344   0x08000344   0x00000006   Code   RO          965    .ARM.Collect$$rtexit$$00000004  c_w.l(rtexit2.o)
    0x0800034a   0x0800034a   0x00000002   PAD
    0x0800034c   0x0800034c   0x00000040   Code   RO          494  * .text               startup_stm32f446xx.o
    0x0800038c   0x0800038c   0x00000018   Code   RO          516    .text               c_w.l(printf.o)
    0x080003a4   0x080003a4   0x0000003e   Code   RO          518    .text               c_w.l(strlen.o)
    0x080003e2   0x080003e2   0x00000006   PAD
    0x080003e8   0x080003e8   0x0000007c   Code   RO          520    .text               c_w.l(strcmpv7em.o)
    0x08000464   0x08000464   0x00000006   Code   RO          522    .text               c_w.l(heapauxi.o)
    0x0800046a   0x0800046a   0x0000004e   Code   RO          547    .text               c_w.l(_printf_pad.o)
    0x080004b8   0x080004b8   0x00000024   Code   RO          549    .text               c_w.l(_printf_truncate.o)
    0x080004dc   0x080004dc   0x00000052   Code   RO          551    .text               c_w.l(_printf_str.o)
    0x0800052e   0x0800052e   0x00000002   PAD
    0x08000530   0x08000530   0x00000078   Code   RO          553    .text               c_w.l(_printf_dec.o)
    0x080005a8   0x080005a8   0x00000028   Code   RO          555    .text               c_w.l(_printf_charcount.o)
    0x080005d0   0x080005d0   0x00000024   Code   RO          557    .text               c_w.l(_printf_char_file.o)
    0x080005f4   0x080005f4   0x000000bc   Code   RO          559    .text               c_w.l(_printf_wctomb.o)
    0x080006b0   0x080006b0   0x0000007c   Code   RO          562    .text               c_w.l(_printf_longlong_dec.o)
    0x0800072c   0x0800072c   0x00000070   Code   RO          568    .text               c_w.l(_printf_oct_int_ll.o)
    0x0800079c   0x0800079c   0x00000094   Code   RO          588    .text               c_w.l(_printf_hex_int_ll_ptr.o)
    0x08000830   0x08000830   0x00000188   Code   RO          608    .text               c_w.l(__printf_flags_ss_wp.o)
    0x080009b8   0x080009b8   0x0000008a   Code   RO          668    .text               c_w.l(lludiv10.o)
    0x08000a42   0x08000a42   0x000000b2   Code   RO          670    .text               c_w.l(_printf_intcommon.o)
    0x08000af4   0x08000af4   0x0000041c   Code   RO          672    .text               c_w.l(_printf_fp_dec.o)
    0x08000f10   0x08000f10   0x000002fc   Code   RO          676    .text               c_w.l(_printf_fp_hex.o)
    0x0800120c   0x0800120c   0x00000030   Code   RO          679    .text               c_w.l(_printf_char_common.o)
    0x0800123c   0x0800123c   0x0000002c   Code   RO          681    .text               c_w.l(_printf_char.o)
    0x08001268   0x08001268   0x0000002c   Code   RO          683    .text               c_w.l(_printf_wchar.o)
    0x08001294   0x08001294   0x00000008   Code   RO          686    .text               c_w.l(ferror.o)
    0x0800129c   0x0800129c   0x00000138   Code   RO          692    .text               c_w.l(initio.o)
    0x080013d4   0x080013d4   0x00000048   Code   RO          700    .text               c_w.l(_c16rtomb.o)
    0x0800141c   0x0800141c   0x0000004a   Code   RO          704    .text               c_w.l(sys_stackheap_outer.o)
    0x08001466   0x08001466   0x00000002   PAD
    0x08001468   0x08001468   0x00000010   Code   RO          706    .text               c_w.l(rt_ctype_table.o)
    0x08001478   0x08001478   0x00000008   Code   RO          711    .text               c_w.l(rt_locale_intlibspace.o)
    0x08001480   0x08001480   0x0000004e   Code   RO          715    .text               c_w.l(h1_free.o)
    0x080014ce   0x080014ce   0x00000002   PAD
    0x080014d0   0x080014d0   0x00000080   Code   RO          769    .text               c_w.l(_printf_fp_infnan.o)
    0x08001550   0x08001550   0x000000e4   Code   RO          773    .text               c_w.l(bigflt0.o)
    0x08001634   0x08001634   0x000001e2   Code   RO          800    .text               c_w.l(flsbuf.o)
    0x08001816   0x08001816   0x00000046   Code   RO          802    .text               c_w.l(setvbuf.o)
    0x0800185c   0x0800185c   0x000000f0   Code   RO          805    .text               c_w.l(fopen.o)
    0x0800194c   0x0800194c   0x0000004c   Code   RO          807    .text               c_w.l(fclose.o)
    0x08001998   0x08001998   0x00000012   Code   RO          816    .text               c_w.l(exit.o)
    0x080019aa   0x080019aa   0x0000000e   Code   RO          818    .text               c_w.l(defsig_rtred_outer.o)
    0x080019b8   0x080019b8   0x0000004e   Code   RO          822    .text               c_w.l(rt_memclr_w.o)
    0x08001a06   0x08001a06   0x00000002   PAD
    0x08001a08   0x08001a08   0x00000008   Code   RO          899    .text               c_w.l(libspace.o)
    0x08001a10   0x08001a10   0x00000008   Code   RO          909    .text               c_w.l(rt_heap_descriptor_intlibspace.o)
    0x08001a18   0x08001a18   0x00000004   Code   RO          911    .text               c_w.l(hguard.o)
    0x08001a1c   0x08001a1c   0x0000008a   Code   RO          913    .text               c_w.l(init_alloc.o)
    0x08001aa6   0x08001aa6   0x0000005e   Code   RO          919    .text               c_w.l(h1_alloc.o)
    0x08001b04   0x08001b04   0x000000f8   Code   RO          935    .text               c_w.l(fseek.o)
    0x08001bfc   0x08001bfc   0x00000108   Code   RO          937    .text               c_w.l(stdio.o)
    0x08001d04   0x08001d04   0x0000000a   Code   RO          946    .text               c_w.l(defsig_exit.o)
    0x08001d0e   0x08001d0e   0x00000002   PAD
    0x08001d10   0x08001d10   0x00000034   Code   RO          948    .text               c_w.l(defsig_rtred_inner.o)
    0x08001d44   0x08001d44   0x0000000c   Code   RO          958    .text               c_w.l(sys_exit.o)
    0x08001d50   0x08001d50   0x00000000   Code   RO          969    .text               c_w.l(maybetermalloc1.o)
    0x08001d50   0x08001d50   0x0000000c   Code   RO          971    .text               c_w.l(h1_init.o)
    0x08001d5c   0x08001d5c   0x00000034   Code   RO          973    .text               c_w.l(h1_extend.o)
    0x08001d90   0x08001d90   0x00000042   Code   RO          985    .text               c_w.l(ftell.o)
    0x08001dd2   0x08001dd2   0x00000032   Code   RO          993    .text               c_w.l(defsig_general.o)
    0x08001e04   0x08001e04   0x0000000e   Code   RO          995    .text               c_w.l(defsig_rtmem_outer.o)
    0x08001e12   0x08001e12   0x0000000e   Code   RO         1010    .text               c_w.l(sys_wrch.o)
    0x08001e20   0x08001e20   0x00000002   Code   RO         1018    .text               c_w.l(use_no_semi.o)
    0x08001e22   0x08001e22   0x00000000   Code   RO         1020    .text               c_w.l(indicate_semi.o)
    0x08001e22   0x08001e22   0x00000002   PAD
    0x08001e24   0x08001e24   0x00000008   Code   RO         1024    .text               c_w.l(rt_errno_addr_intlibspace.o)
    0x08001e2c   0x08001e2c   0x00000050   Code   RO         1030    .text               c_w.l(defsig_rtmem_inner.o)
    0x08001e7c   0x08001e7c   0x00000010   Code   RO           76    .text.CS_Low        spi.o
    0x08001e8c   0x08001e8c   0x00000484   Code   RO           42    .text.Display_Init  ili9341.o
    0x08002310   0x08002310   0x000000ac   Code   RO           18    .text.Draw_Bitmap   ili9341.o
    0x080023bc   0x080023bc   0x00000172   Code   RO           10    .text.Draw_Char_BG  ili9341.o
    0x0800252e   0x0800252e   0x00000002   PAD
    0x08002530   0x08002530   0x00000048   Code   RO           16    .text.Draw_Pixel    ili9341.o
    0x08002578   0x08002578   0x0000011c   Code   RO            8    .text.Draw_String_BG  ili9341.o
    0x08002694   0x08002694   0x00000066   Code   RO           95    .text.EXTI15_10_IRQHandler  testmain.o
    0x080026fa   0x080026fa   0x00000002   PAD
    0x080026fc   0x080026fc   0x00000208   Code   RO           97    .text.EXTI4_IRQHandler  testmain.o
    0x08002904   0x08002904   0x0000006e   Code   RO          397    .text.Encoder_TIM_init  rotary_encoder.o
    0x08002972   0x08002972   0x00000002   PAD
    0x08002974   0x08002974   0x000000c2   Code   RO          399    .text.Encoder_init  rotary_encoder.o
    0x08002a36   0x08002a36   0x00000002   PAD
    0x08002a38   0x08002a38   0x000000aa   Code   RO           26    .text.Fill_Color    ili9341.o
    0x08002ae2   0x08002ae2   0x00000002   PAD
    0x08002ae4   0x08002ae4   0x0000010e   Code   RO           46    .text.Fill_Rect     ili9341.o
    0x08002bf2   0x08002bf2   0x00000002   PAD
    0x08002bf4   0x08002bf4   0x0000005a   Code   RO           24    .text.Fill_Screen   ili9341.o
    0x08002c4e   0x08002c4e   0x00000002   PAD
    0x08002c50   0x08002c50   0x0000005a   Code   RO           44    .text.GPIO_PinMode_Setup  ili9341.o
    0x08002caa   0x08002caa   0x00000002   PAD
    0x08002cac   0x08002cac   0x0000014c   Code   RO          388    .text.I2C1_byteRead  i2c.o
    0x08002df8   0x08002df8   0x000000ee   Code   RO          386    .text.I2C1_byteWrite  i2c.o
    0x08002ee6   0x08002ee6   0x00000002   PAD
    0x08002ee8   0x08002ee8   0x000000a4   Code   RO          384    .text.I2C_init      i2c.o
    0x08002f8c   0x08002f8c   0x0000003a   Code   RO           38    .text.ILI_8Bit_Command  ili9341.o
    0x08002fc6   0x08002fc6   0x00000002   PAD
    0x08002fc8   0x08002fc8   0x0000003a   Code   RO           22    .text.ILI_8Bit_Data  ili9341.o
    0x08003002   0x08003002   0x00000002   PAD
    0x08003004   0x08003004   0x0000001c   Code   RO           30    .text.ILI_Push_16Bit  ili9341.o
    0x08003020   0x08003020   0x00000042   Code   RO          456    .text.ITM_SendChar  retarget_io.o
    0x08003062   0x08003062   0x00000002   PAD
    0x08003064   0x08003064   0x0000071e   Code   RO           93    .text.MENU_SCREENS  testmain.o
    0x08003782   0x08003782   0x00000006   PAD
    0x08003788   0x08003788   0x00000100   Code   RO          445    .text.Read_ADC      adc.o
    0x08003888   0x08003888   0x00000164   Code   RO          105    .text.Read_Date     testmain.o
    0x080039ec   0x080039ec   0x00000164   Code   RO          107    .text.Read_Time     testmain.o
    0x08003b50   0x08003b50   0x0000015e   Code   RO           40    .text.Rotate_Display  ili9341.o
    0x08003cae   0x08003cae   0x00000002   PAD
    0x08003cb0   0x08003cb0   0x00000012   Code   RO           74    .text.SPI_Enable    spi.o
    0x08003cc2   0x08003cc2   0x00000002   PAD
    0x08003cc4   0x08003cc4   0x000000b4   Code   RO           72    .text.SPI_GPIO      spi.o
    0x08003d78   0x08003d78   0x00000058   Code   RO           70    .text.SPI_Init      spi.o
    0x08003dd0   0x08003dd0   0x0000009e   Code   RO           80    .text.SPI_Transmit  spi.o
    0x08003e6e   0x08003e6e   0x00000002   PAD
    0x08003e70   0x08003e70   0x0000004a   Code   RO           20    .text.Set_Address_Window  ili9341.o
    0x08003eba   0x08003eba   0x00000002   PAD
    0x08003ebc   0x08003ebc   0x0000003a   Code   RO          103    .text.Set_Date      testmain.o
    0x08003ef6   0x08003ef6   0x00000002   PAD
    0x08003ef8   0x08003ef8   0x000002de   Code   RO          109    .text.Set_TD        testmain.o
    0x080041d6   0x080041d6   0x00000002   PAD
    0x080041d8   0x080041d8   0x0000003a   Code   RO          101    .text.Set_Time      testmain.o
    0x08004212   0x08004212   0x00000002   PAD
    0x08004214   0x08004214   0x0000002e   Code   RO            2    .text.SysTick_Init  ili9341.o
    0x08004242   0x08004242   0x00000002   PAD
    0x08004244   0x08004244   0x00000012   Code   RO          501    .text.SystemInit    system_stm32f4xx.o
    0x08004256   0x08004256   0x00000002   PAD
    0x08004258   0x08004258   0x000000e6   Code   RO          432    .text.TIM1_setup    servo.o
    0x0800433e   0x0800433e   0x00000002   PAD
    0x08004340   0x08004340   0x00000014   Code   RO           99    .text.TIM3_IRQHandler  testmain.o
    0x08004354   0x08004354   0x0000007e   Code   RO          434    .text.TIM_GPIO      servo.o
    0x080043d2   0x080043d2   0x00000002   PAD
    0x080043d4   0x080043d4   0x00000030   Code   RO          350    .text.__NVIC_EnableIRQ  hall.o
    0x08004404   0x08004404   0x00000030   Code   RO          401    .text.__NVIC_EnableIRQ  rotary_encoder.o
    0x08004434   0x08004434   0x0000004a   Code   RO          462    .text._sys_close    retarget_io.o
    0x0800447e   0x0800447e   0x00000002   PAD
    0x08004480   0x08004480   0x00000048   Code   RO          478    .text._sys_flen     retarget_io.o
    0x080044c8   0x080044c8   0x00000048   Code   RO          474    .text._sys_istty    retarget_io.o
    0x08004510   0x08004510   0x00000084   Code   RO          460    .text._sys_open     retarget_io.o
    0x08004594   0x08004594   0x00000052   Code   RO          476    .text._sys_seek     retarget_io.o
    0x080045e6   0x080045e6   0x00000002   PAD
    0x080045e8   0x080045e8   0x00000098   Code   RO          464    .text._sys_write    retarget_io.o
    0x08004680   0x08004680   0x00000086   Code   RO          443    .text.adc_init      adc.o
    0x08004706   0x08004706   0x00000002   PAD
    0x08004708   0x08004708   0x00000042   Code   RO            4    .text.delayMS       ili9341.o
    0x0800474a   0x0800474a   0x00000002   PAD
    0x0800474c   0x0800474c   0x00000042   Code   RO            6    .text.delayMicroS   ili9341.o
    0x0800478e   0x0800478e   0x00000002   PAD
    0x08004790   0x08004790   0x00000066   Code   RO          420    .text.dist          sonar.o
    0x080047f6   0x080047f6   0x00000002   PAD
    0x080047f8   0x080047f8   0x000000c2   Code   RO          348    .text.hallEffect_pinInit  hall.o
    0x080048ba   0x080048ba   0x00000002   PAD
    0x080048bc   0x080048bc   0x000001b4   Code   RO           91    .text.main          testmain.o
    0x08004a70   0x08004a70   0x00000062   Code   RO          418    .text.sonar_gpio_init  sonar.o
    0x08004ad2   0x08004ad2   0x00000002   PAD
    0x08004ad4   0x08004ad4   0x00000010   Code   RO          468    .text.stderr_putchar  retarget_io.o
    0x08004ae4   0x08004ae4   0x00000010   Code   RO          466    .text.stdout_putchar  retarget_io.o
    0x08004af4   0x08004af4   0x00000082   Code   RO          367    .text.stepper_init  stepper.o
    0x08004b76   0x08004b76   0x00000002   PAD
    0x08004b78   0x08004b78   0x00000178   Code   RO          359    .text.timer_init    timers.o
    0x08004cf0   0x08004cf0   0x0000003e   Code   RO          776    CL$$btod_d2e        c_w.l(btod.o)
    0x08004d2e   0x08004d2e   0x00000046   Code   RO          778    CL$$btod_d2e_denorm_low  c_w.l(btod.o)
    0x08004d74   0x08004d74   0x00000060   Code   RO          777    CL$$btod_d2e_norm_op1  c_w.l(btod.o)
    0x08004dd4   0x08004dd4   0x00000338   Code   RO          786    CL$$btod_div_common  c_w.l(btod.o)
    0x0800510c   0x0800510c   0x000000dc   Code   RO          783    CL$$btod_e2e        c_w.l(btod.o)
    0x080051e8   0x080051e8   0x0000002a   Code   RO          780    CL$$btod_ediv       c_w.l(btod.o)
    0x08005212   0x08005212   0x0000002a   Code   RO          779    CL$$btod_emul       c_w.l(btod.o)
    0x0800523c   0x0800523c   0x00000244   Code   RO          785    CL$$btod_mult_common  c_w.l(btod.o)
    0x08005480   0x08005480   0x00000030   Code   RO          897    i.__ARM_fpclassify  m_wm.l(fpclassify.o)
    0x080054b0   0x080054b0   0x0000000e   Code   RO          601    i._is_digit         c_w.l(__printf_wp.o)
    0x080054be   0x080054be   0x0000001c   Code   RO          689    i.fputc             c_w.l(fputc.o)
    0x080054da   0x080054da   0x00000002   PAD
    0x080054dc   0x080054dc   0x0000002c   Code   RO          814    locale$$code        c_w.l(lc_numeric_c.o)
    0x08005508   0x08005508   0x0000002c   Code   RO          944    locale$$code        c_w.l(lc_ctype_c.o)
    0x08005534   0x08005534   0x00000150   Code   RO          526    x$fpl$dadd          fz_wm.l(daddsub_clz.o)
    0x08005684   0x08005684   0x0000005e   Code   RO          532    x$fpl$dfix          fz_wm.l(dfix.o)
    0x080056e2   0x080056e2   0x0000002e   Code   RO          537    x$fpl$dflt          fz_wm.l(dflt_clz.o)
    0x08005710   0x08005710   0x00000154   Code   RO          542    x$fpl$dmul          fz_wm.l(dmul.o)
    0x08005864   0x08005864   0x0000009c   Code   RO          640    x$fpl$dnaninf       fz_wm.l(dnaninf.o)
    0x08005900   0x08005900   0x0000000c   Code   RO          642    x$fpl$dretinf       fz_wm.l(dretinf.o)
    0x0800590c   0x0800590c   0x000001dc   Code   RO          528    x$fpl$dsub          fz_wm.l(daddsub_clz.o)
    0x08005ae8   0x08005ae8   0x0000001a   Code   RO          956    x$fpl$fpinit        fz_wm.l(fpinit.o)
    0x08005b02   0x08005b02   0x00000004   Code   RO          644    x$fpl$printf1       fz_wm.l(printf1.o)
    0x08005b06   0x08005b06   0x00000004   Code   RO          646    x$fpl$printf2       fz_wm.l(printf2.o)
    0x08005b0a   0x08005b0a   0x00000000   Code   RO          652    x$fpl$usenofp       fz_wm.l(usenofp.o)
    0x08005b0a   0x08005b0a   0x00000002   PAD
    0x08005b0c   0x08005b0c   0x00000008   Data   RO          560    .constdata          c_w.l(_printf_wctomb.o)
    0x08005b14   0x08005b14   0x00000028   Data   RO          589    .constdata          c_w.l(_printf_hex_int_ll_ptr.o)
    0x08005b3c   0x08005b3c   0x00000011   Data   RO          609    .constdata          c_w.l(__printf_flags_ss_wp.o)
    0x08005b4d   0x08005b4d   0x00000026   Data   RO          677    .constdata          c_w.l(_printf_fp_hex.o)
    0x08005b73   0x08005b73   0x00000001   PAD
    0x08005b74   0x08005b74   0x00000094   Data   RO          774    .constdata          c_w.l(bigflt0.o)
    0x08005c08   0x08005c08   0x0000b480   Data   RO          114    .rodata.Dead        testmain.o
    0x08011088   0x08011088   0x0000000c   Data   RO          118    .rodata.DeadImage   testmain.o
    0x08011094   0x08011094   0x0000b568   Data   RO          112    .rodata.Happy       testmain.o
    0x0801c5fc   0x0801c5fc   0x0000000c   Data   RO          116    .rodata.HappyImage  testmain.o
    0x0801c608   0x0801c608   0x0001e564   Data   RO          113    .rodata.Hungry      testmain.o
    0x0803ab6c   0x0803ab6c   0x0000000c   Data   RO          117    .rodata.HungryImage  testmain.o
    0x0803ab78   0x0803ab78   0x00000008   Data   RO          483    .rodata.__stderr_name  retarget_io.o
    0x0803ab80   0x0803ab80   0x00000007   Data   RO          481    .rodata.__stdin_name  retarget_io.o
    0x0803ab87   0x0803ab87   0x00000008   Data   RO          482    .rodata.__stdout_name  retarget_io.o
    0x0803ab8f   0x0803ab8f   0x00000001   PAD
    0x0803ab90   0x0803ab90   0x0000cb20   Data   RO          111    .rodata.content     testmain.o
    0x080476b0   0x080476b0   0x0000000c   Data   RO          115    .rodata.contentImage  testmain.o
    0x080476bc   0x080476bc   0x00000008   Data   RO          143    .rodata.font_ubuntu_mono_24  testmain.o
    0x080476c4   0x080476c4   0x0000000c   Data   RO          150    .rodata.font_ubuntu_mono_24_0x20  testmain.o
    0x080476d0   0x080476d0   0x0000000c   Data   RO          151    .rodata.font_ubuntu_mono_24_0x21  testmain.o
    0x080476dc   0x080476dc   0x0000000c   Data   RO          152    .rodata.font_ubuntu_mono_24_0x22  testmain.o
    0x080476e8   0x080476e8   0x0000000c   Data   RO          153    .rodata.font_ubuntu_mono_24_0x23  testmain.o
    0x080476f4   0x080476f4   0x0000000c   Data   RO          154    .rodata.font_ubuntu_mono_24_0x24  testmain.o
    0x08047700   0x08047700   0x0000000c   Data   RO          155    .rodata.font_ubuntu_mono_24_0x25  testmain.o
    0x0804770c   0x0804770c   0x0000000c   Data   RO          156    .rodata.font_ubuntu_mono_24_0x26  testmain.o
    0x08047718   0x08047718   0x0000000c   Data   RO          157    .rodata.font_ubuntu_mono_24_0x27  testmain.o
    0x08047724   0x08047724   0x0000000c   Data   RO          158    .rodata.font_ubuntu_mono_24_0x28  testmain.o
    0x08047730   0x08047730   0x0000000c   Data   RO          159    .rodata.font_ubuntu_mono_24_0x29  testmain.o
    0x0804773c   0x0804773c   0x0000000c   Data   RO          160    .rodata.font_ubuntu_mono_24_0x2a  testmain.o
    0x08047748   0x08047748   0x0000000c   Data   RO          161    .rodata.font_ubuntu_mono_24_0x2b  testmain.o
    0x08047754   0x08047754   0x0000000c   Data   RO          162    .rodata.font_ubuntu_mono_24_0x2c  testmain.o
    0x08047760   0x08047760   0x0000000c   Data   RO          163    .rodata.font_ubuntu_mono_24_0x2d  testmain.o
    0x0804776c   0x0804776c   0x0000000c   Data   RO          164    .rodata.font_ubuntu_mono_24_0x2e  testmain.o
    0x08047778   0x08047778   0x0000000c   Data   RO          165    .rodata.font_ubuntu_mono_24_0x2f  testmain.o
    0x08047784   0x08047784   0x0000000c   Data   RO          166    .rodata.font_ubuntu_mono_24_0x30  testmain.o
    0x08047790   0x08047790   0x0000000c   Data   RO          167    .rodata.font_ubuntu_mono_24_0x31  testmain.o
    0x0804779c   0x0804779c   0x0000000c   Data   RO          168    .rodata.font_ubuntu_mono_24_0x32  testmain.o
    0x080477a8   0x080477a8   0x0000000c   Data   RO          169    .rodata.font_ubuntu_mono_24_0x33  testmain.o
    0x080477b4   0x080477b4   0x0000000c   Data   RO          170    .rodata.font_ubuntu_mono_24_0x34  testmain.o
    0x080477c0   0x080477c0   0x0000000c   Data   RO          171    .rodata.font_ubuntu_mono_24_0x35  testmain.o
    0x080477cc   0x080477cc   0x0000000c   Data   RO          172    .rodata.font_ubuntu_mono_24_0x36  testmain.o
    0x080477d8   0x080477d8   0x0000000c   Data   RO          173    .rodata.font_ubuntu_mono_24_0x37  testmain.o
    0x080477e4   0x080477e4   0x0000000c   Data   RO          174    .rodata.font_ubuntu_mono_24_0x38  testmain.o
    0x080477f0   0x080477f0   0x0000000c   Data   RO          175    .rodata.font_ubuntu_mono_24_0x39  testmain.o
    0x080477fc   0x080477fc   0x0000000c   Data   RO          176    .rodata.font_ubuntu_mono_24_0x3a  testmain.o
    0x08047808   0x08047808   0x0000000c   Data   RO          177    .rodata.font_ubuntu_mono_24_0x3b  testmain.o
    0x08047814   0x08047814   0x0000000c   Data   RO          178    .rodata.font_ubuntu_mono_24_0x3c  testmain.o
    0x08047820   0x08047820   0x0000000c   Data   RO          179    .rodata.font_ubuntu_mono_24_0x3d  testmain.o
    0x0804782c   0x0804782c   0x0000000c   Data   RO          180    .rodata.font_ubuntu_mono_24_0x3e  testmain.o
    0x08047838   0x08047838   0x0000000c   Data   RO          181    .rodata.font_ubuntu_mono_24_0x3f  testmain.o
    0x08047844   0x08047844   0x0000000c   Data   RO          182    .rodata.font_ubuntu_mono_24_0x40  testmain.o
    0x08047850   0x08047850   0x0000000c   Data   RO          183    .rodata.font_ubuntu_mono_24_0x41  testmain.o
    0x0804785c   0x0804785c   0x0000000c   Data   RO          184    .rodata.font_ubuntu_mono_24_0x42  testmain.o
    0x08047868   0x08047868   0x0000000c   Data   RO          185    .rodata.font_ubuntu_mono_24_0x43  testmain.o
    0x08047874   0x08047874   0x0000000c   Data   RO          186    .rodata.font_ubuntu_mono_24_0x44  testmain.o
    0x08047880   0x08047880   0x0000000c   Data   RO          187    .rodata.font_ubuntu_mono_24_0x45  testmain.o
    0x0804788c   0x0804788c   0x0000000c   Data   RO          188    .rodata.font_ubuntu_mono_24_0x46  testmain.o
    0x08047898   0x08047898   0x0000000c   Data   RO          189    .rodata.font_ubuntu_mono_24_0x47  testmain.o
    0x080478a4   0x080478a4   0x0000000c   Data   RO          190    .rodata.font_ubuntu_mono_24_0x48  testmain.o
    0x080478b0   0x080478b0   0x0000000c   Data   RO          191    .rodata.font_ubuntu_mono_24_0x49  testmain.o
    0x080478bc   0x080478bc   0x0000000c   Data   RO          192    .rodata.font_ubuntu_mono_24_0x4a  testmain.o
    0x080478c8   0x080478c8   0x0000000c   Data   RO          193    .rodata.font_ubuntu_mono_24_0x4b  testmain.o
    0x080478d4   0x080478d4   0x0000000c   Data   RO          194    .rodata.font_ubuntu_mono_24_0x4c  testmain.o
    0x080478e0   0x080478e0   0x0000000c   Data   RO          195    .rodata.font_ubuntu_mono_24_0x4d  testmain.o
    0x080478ec   0x080478ec   0x0000000c   Data   RO          196    .rodata.font_ubuntu_mono_24_0x4e  testmain.o
    0x080478f8   0x080478f8   0x0000000c   Data   RO          197    .rodata.font_ubuntu_mono_24_0x4f  testmain.o
    0x08047904   0x08047904   0x0000000c   Data   RO          198    .rodata.font_ubuntu_mono_24_0x50  testmain.o
    0x08047910   0x08047910   0x0000000c   Data   RO          199    .rodata.font_ubuntu_mono_24_0x51  testmain.o
    0x0804791c   0x0804791c   0x0000000c   Data   RO          200    .rodata.font_ubuntu_mono_24_0x52  testmain.o
    0x08047928   0x08047928   0x0000000c   Data   RO          201    .rodata.font_ubuntu_mono_24_0x53  testmain.o
    0x08047934   0x08047934   0x0000000c   Data   RO          202    .rodata.font_ubuntu_mono_24_0x54  testmain.o
    0x08047940   0x08047940   0x0000000c   Data   RO          203    .rodata.font_ubuntu_mono_24_0x55  testmain.o
    0x0804794c   0x0804794c   0x0000000c   Data   RO          204    .rodata.font_ubuntu_mono_24_0x56  testmain.o
    0x08047958   0x08047958   0x0000000c   Data   RO          205    .rodata.font_ubuntu_mono_24_0x57  testmain.o
    0x08047964   0x08047964   0x0000000c   Data   RO          206    .rodata.font_ubuntu_mono_24_0x58  testmain.o
    0x08047970   0x08047970   0x0000000c   Data   RO          207    .rodata.font_ubuntu_mono_24_0x59  testmain.o
    0x0804797c   0x0804797c   0x0000000c   Data   RO          208    .rodata.font_ubuntu_mono_24_0x5a  testmain.o
    0x08047988   0x08047988   0x0000000c   Data   RO          209    .rodata.font_ubuntu_mono_24_0x5b  testmain.o
    0x08047994   0x08047994   0x0000000c   Data   RO          210    .rodata.font_ubuntu_mono_24_0x5c  testmain.o
    0x080479a0   0x080479a0   0x0000000c   Data   RO          211    .rodata.font_ubuntu_mono_24_0x5d  testmain.o
    0x080479ac   0x080479ac   0x0000000c   Data   RO          212    .rodata.font_ubuntu_mono_24_0x5e  testmain.o
    0x080479b8   0x080479b8   0x0000000c   Data   RO          213    .rodata.font_ubuntu_mono_24_0x5f  testmain.o
    0x080479c4   0x080479c4   0x0000000c   Data   RO          214    .rodata.font_ubuntu_mono_24_0x60  testmain.o
    0x080479d0   0x080479d0   0x0000000c   Data   RO          215    .rodata.font_ubuntu_mono_24_0x61  testmain.o
    0x080479dc   0x080479dc   0x0000000c   Data   RO          216    .rodata.font_ubuntu_mono_24_0x62  testmain.o
    0x080479e8   0x080479e8   0x0000000c   Data   RO          217    .rodata.font_ubuntu_mono_24_0x63  testmain.o
    0x080479f4   0x080479f4   0x0000000c   Data   RO          218    .rodata.font_ubuntu_mono_24_0x64  testmain.o
    0x08047a00   0x08047a00   0x0000000c   Data   RO          219    .rodata.font_ubuntu_mono_24_0x65  testmain.o
    0x08047a0c   0x08047a0c   0x0000000c   Data   RO          220    .rodata.font_ubuntu_mono_24_0x66  testmain.o
    0x08047a18   0x08047a18   0x0000000c   Data   RO          221    .rodata.font_ubuntu_mono_24_0x67  testmain.o
    0x08047a24   0x08047a24   0x0000000c   Data   RO          222    .rodata.font_ubuntu_mono_24_0x68  testmain.o
    0x08047a30   0x08047a30   0x0000000c   Data   RO          223    .rodata.font_ubuntu_mono_24_0x69  testmain.o
    0x08047a3c   0x08047a3c   0x0000000c   Data   RO          224    .rodata.font_ubuntu_mono_24_0x6a  testmain.o
    0x08047a48   0x08047a48   0x0000000c   Data   RO          225    .rodata.font_ubuntu_mono_24_0x6b  testmain.o
    0x08047a54   0x08047a54   0x0000000c   Data   RO          226    .rodata.font_ubuntu_mono_24_0x6c  testmain.o
    0x08047a60   0x08047a60   0x0000000c   Data   RO          227    .rodata.font_ubuntu_mono_24_0x6d  testmain.o
    0x08047a6c   0x08047a6c   0x0000000c   Data   RO          228    .rodata.font_ubuntu_mono_24_0x6e  testmain.o
    0x08047a78   0x08047a78   0x0000000c   Data   RO          229    .rodata.font_ubuntu_mono_24_0x6f  testmain.o
    0x08047a84   0x08047a84   0x0000000c   Data   RO          230    .rodata.font_ubuntu_mono_24_0x70  testmain.o
    0x08047a90   0x08047a90   0x0000000c   Data   RO          231    .rodata.font_ubuntu_mono_24_0x71  testmain.o
    0x08047a9c   0x08047a9c   0x0000000c   Data   RO          232    .rodata.font_ubuntu_mono_24_0x72  testmain.o
    0x08047aa8   0x08047aa8   0x0000000c   Data   RO          233    .rodata.font_ubuntu_mono_24_0x73  testmain.o
    0x08047ab4   0x08047ab4   0x0000000c   Data   RO          234    .rodata.font_ubuntu_mono_24_0x74  testmain.o
    0x08047ac0   0x08047ac0   0x0000000c   Data   RO          235    .rodata.font_ubuntu_mono_24_0x75  testmain.o
    0x08047acc   0x08047acc   0x0000000c   Data   RO          236    .rodata.font_ubuntu_mono_24_0x76  testmain.o
    0x08047ad8   0x08047ad8   0x0000000c   Data   RO          237    .rodata.font_ubuntu_mono_24_0x77  testmain.o
    0x08047ae4   0x08047ae4   0x0000000c   Data   RO          238    .rodata.font_ubuntu_mono_24_0x78  testmain.o
    0x08047af0   0x08047af0   0x0000000c   Data   RO          239    .rodata.font_ubuntu_mono_24_0x79  testmain.o
    0x08047afc   0x08047afc   0x0000000c   Data   RO          240    .rodata.font_ubuntu_mono_24_0x7a  testmain.o
    0x08047b08   0x08047b08   0x0000000c   Data   RO          241    .rodata.font_ubuntu_mono_24_0x7b  testmain.o
    0x08047b14   0x08047b14   0x0000000c   Data   RO          242    .rodata.font_ubuntu_mono_24_0x7c  testmain.o
    0x08047b20   0x08047b20   0x0000000c   Data   RO          243    .rodata.font_ubuntu_mono_24_0x7d  testmain.o
    0x08047b2c   0x08047b2c   0x0000000c   Data   RO          244    .rodata.font_ubuntu_mono_24_0x7e  testmain.o
    0x08047b38   0x08047b38   0x000002f8   Data   RO          149    .rodata.font_ubuntu_mono_24_array  testmain.o
    0x08047e30   0x08047e30   0x00000030   Data   RO          245    .rodata.image_data_font_ubuntu_mono_24_0x20  testmain.o
    0x08047e60   0x08047e60   0x00000030   Data   RO          246    .rodata.image_data_font_ubuntu_mono_24_0x21  testmain.o
    0x08047e90   0x08047e90   0x00000030   Data   RO          247    .rodata.image_data_font_ubuntu_mono_24_0x22  testmain.o
    0x08047ec0   0x08047ec0   0x00000030   Data   RO          248    .rodata.image_data_font_ubuntu_mono_24_0x23  testmain.o
    0x08047ef0   0x08047ef0   0x00000030   Data   RO          249    .rodata.image_data_font_ubuntu_mono_24_0x24  testmain.o
    0x08047f20   0x08047f20   0x00000030   Data   RO          250    .rodata.image_data_font_ubuntu_mono_24_0x25  testmain.o
    0x08047f50   0x08047f50   0x00000030   Data   RO          251    .rodata.image_data_font_ubuntu_mono_24_0x26  testmain.o
    0x08047f80   0x08047f80   0x00000030   Data   RO          252    .rodata.image_data_font_ubuntu_mono_24_0x27  testmain.o
    0x08047fb0   0x08047fb0   0x00000030   Data   RO          253    .rodata.image_data_font_ubuntu_mono_24_0x28  testmain.o
    0x08047fe0   0x08047fe0   0x00000030   Data   RO          254    .rodata.image_data_font_ubuntu_mono_24_0x29  testmain.o
    0x08048010   0x08048010   0x00000030   Data   RO          255    .rodata.image_data_font_ubuntu_mono_24_0x2a  testmain.o
    0x08048040   0x08048040   0x00000030   Data   RO          256    .rodata.image_data_font_ubuntu_mono_24_0x2b  testmain.o
    0x08048070   0x08048070   0x00000030   Data   RO          257    .rodata.image_data_font_ubuntu_mono_24_0x2c  testmain.o
    0x080480a0   0x080480a0   0x00000030   Data   RO          258    .rodata.image_data_font_ubuntu_mono_24_0x2d  testmain.o
    0x080480d0   0x080480d0   0x00000030   Data   RO          259    .rodata.image_data_font_ubuntu_mono_24_0x2e  testmain.o
    0x08048100   0x08048100   0x00000030   Data   RO          260    .rodata.image_data_font_ubuntu_mono_24_0x2f  testmain.o
    0x08048130   0x08048130   0x00000030   Data   RO          261    .rodata.image_data_font_ubuntu_mono_24_0x30  testmain.o
    0x08048160   0x08048160   0x00000030   Data   RO          262    .rodata.image_data_font_ubuntu_mono_24_0x31  testmain.o
    0x08048190   0x08048190   0x00000030   Data   RO          263    .rodata.image_data_font_ubuntu_mono_24_0x32  testmain.o
    0x080481c0   0x080481c0   0x00000030   Data   RO          264    .rodata.image_data_font_ubuntu_mono_24_0x33  testmain.o
    0x080481f0   0x080481f0   0x00000030   Data   RO          265    .rodata.image_data_font_ubuntu_mono_24_0x34  testmain.o
    0x08048220   0x08048220   0x00000030   Data   RO          266    .rodata.image_data_font_ubuntu_mono_24_0x35  testmain.o
    0x08048250   0x08048250   0x00000030   Data   RO          267    .rodata.image_data_font_ubuntu_mono_24_0x36  testmain.o
    0x08048280   0x08048280   0x00000030   Data   RO          268    .rodata.image_data_font_ubuntu_mono_24_0x37  testmain.o
    0x080482b0   0x080482b0   0x00000030   Data   RO          269    .rodata.image_data_font_ubuntu_mono_24_0x38  testmain.o
    0x080482e0   0x080482e0   0x00000030   Data   RO          270    .rodata.image_data_font_ubuntu_mono_24_0x39  testmain.o
    0x08048310   0x08048310   0x00000030   Data   RO          271    .rodata.image_data_font_ubuntu_mono_24_0x3a  testmain.o
    0x08048340   0x08048340   0x00000030   Data   RO          272    .rodata.image_data_font_ubuntu_mono_24_0x3b  testmain.o
    0x08048370   0x08048370   0x00000030   Data   RO          273    .rodata.image_data_font_ubuntu_mono_24_0x3c  testmain.o
    0x080483a0   0x080483a0   0x00000030   Data   RO          274    .rodata.image_data_font_ubuntu_mono_24_0x3d  testmain.o
    0x080483d0   0x080483d0   0x00000030   Data   RO          275    .rodata.image_data_font_ubuntu_mono_24_0x3e  testmain.o
    0x08048400   0x08048400   0x00000030   Data   RO          276    .rodata.image_data_font_ubuntu_mono_24_0x3f  testmain.o
    0x08048430   0x08048430   0x00000030   Data   RO          277    .rodata.image_data_font_ubuntu_mono_24_0x40  testmain.o
    0x08048460   0x08048460   0x00000030   Data   RO          278    .rodata.image_data_font_ubuntu_mono_24_0x41  testmain.o
    0x08048490   0x08048490   0x00000030   Data   RO          279    .rodata.image_data_font_ubuntu_mono_24_0x42  testmain.o
    0x080484c0   0x080484c0   0x00000030   Data   RO          280    .rodata.image_data_font_ubuntu_mono_24_0x43  testmain.o
    0x080484f0   0x080484f0   0x00000030   Data   RO          281    .rodata.image_data_font_ubuntu_mono_24_0x44  testmain.o
    0x08048520   0x08048520   0x00000030   Data   RO          282    .rodata.image_data_font_ubuntu_mono_24_0x45  testmain.o
    0x08048550   0x08048550   0x00000030   Data   RO          283    .rodata.image_data_font_ubuntu_mono_24_0x46  testmain.o
    0x08048580   0x08048580   0x00000030   Data   RO          284    .rodata.image_data_font_ubuntu_mono_24_0x47  testmain.o
    0x080485b0   0x080485b0   0x00000030   Data   RO          285    .rodata.image_data_font_ubuntu_mono_24_0x48  testmain.o
    0x080485e0   0x080485e0   0x00000030   Data   RO          286    .rodata.image_data_font_ubuntu_mono_24_0x49  testmain.o
    0x08048610   0x08048610   0x00000030   Data   RO          287    .rodata.image_data_font_ubuntu_mono_24_0x4a  testmain.o
    0x08048640   0x08048640   0x00000030   Data   RO          288    .rodata.image_data_font_ubuntu_mono_24_0x4b  testmain.o
    0x08048670   0x08048670   0x00000030   Data   RO          289    .rodata.image_data_font_ubuntu_mono_24_0x4c  testmain.o
    0x080486a0   0x080486a0   0x00000030   Data   RO          290    .rodata.image_data_font_ubuntu_mono_24_0x4d  testmain.o
    0x080486d0   0x080486d0   0x00000030   Data   RO          291    .rodata.image_data_font_ubuntu_mono_24_0x4e  testmain.o
    0x08048700   0x08048700   0x00000030   Data   RO          292    .rodata.image_data_font_ubuntu_mono_24_0x4f  testmain.o
    0x08048730   0x08048730   0x00000030   Data   RO          293    .rodata.image_data_font_ubuntu_mono_24_0x50  testmain.o
    0x08048760   0x08048760   0x00000030   Data   RO          294    .rodata.image_data_font_ubuntu_mono_24_0x51  testmain.o
    0x08048790   0x08048790   0x00000030   Data   RO          295    .rodata.image_data_font_ubuntu_mono_24_0x52  testmain.o
    0x080487c0   0x080487c0   0x00000030   Data   RO          296    .rodata.image_data_font_ubuntu_mono_24_0x53  testmain.o
    0x080487f0   0x080487f0   0x00000030   Data   RO          297    .rodata.image_data_font_ubuntu_mono_24_0x54  testmain.o
    0x08048820   0x08048820   0x00000030   Data   RO          298    .rodata.image_data_font_ubuntu_mono_24_0x55  testmain.o
    0x08048850   0x08048850   0x00000030   Data   RO          299    .rodata.image_data_font_ubuntu_mono_24_0x56  testmain.o
    0x08048880   0x08048880   0x00000030   Data   RO          300    .rodata.image_data_font_ubuntu_mono_24_0x57  testmain.o
    0x080488b0   0x080488b0   0x00000030   Data   RO          301    .rodata.image_data_font_ubuntu_mono_24_0x58  testmain.o
    0x080488e0   0x080488e0   0x00000030   Data   RO          302    .rodata.image_data_font_ubuntu_mono_24_0x59  testmain.o
    0x08048910   0x08048910   0x00000030   Data   RO          303    .rodata.image_data_font_ubuntu_mono_24_0x5a  testmain.o
    0x08048940   0x08048940   0x00000030   Data   RO          304    .rodata.image_data_font_ubuntu_mono_24_0x5b  testmain.o
    0x08048970   0x08048970   0x00000030   Data   RO          305    .rodata.image_data_font_ubuntu_mono_24_0x5c  testmain.o
    0x080489a0   0x080489a0   0x00000030   Data   RO          306    .rodata.image_data_font_ubuntu_mono_24_0x5d  testmain.o
    0x080489d0   0x080489d0   0x00000030   Data   RO          307    .rodata.image_data_font_ubuntu_mono_24_0x5e  testmain.o
    0x08048a00   0x08048a00   0x00000030   Data   RO          308    .rodata.image_data_font_ubuntu_mono_24_0x5f  testmain.o
    0x08048a30   0x08048a30   0x00000030   Data   RO          309    .rodata.image_data_font_ubuntu_mono_24_0x60  testmain.o
    0x08048a60   0x08048a60   0x00000030   Data   RO          310    .rodata.image_data_font_ubuntu_mono_24_0x61  testmain.o
    0x08048a90   0x08048a90   0x00000030   Data   RO          311    .rodata.image_data_font_ubuntu_mono_24_0x62  testmain.o
    0x08048ac0   0x08048ac0   0x00000030   Data   RO          312    .rodata.image_data_font_ubuntu_mono_24_0x63  testmain.o
    0x08048af0   0x08048af0   0x00000030   Data   RO          313    .rodata.image_data_font_ubuntu_mono_24_0x64  testmain.o
    0x08048b20   0x08048b20   0x00000030   Data   RO          314    .rodata.image_data_font_ubuntu_mono_24_0x65  testmain.o
    0x08048b50   0x08048b50   0x00000030   Data   RO          315    .rodata.image_data_font_ubuntu_mono_24_0x66  testmain.o
    0x08048b80   0x08048b80   0x00000030   Data   RO          316    .rodata.image_data_font_ubuntu_mono_24_0x67  testmain.o
    0x08048bb0   0x08048bb0   0x00000030   Data   RO          317    .rodata.image_data_font_ubuntu_mono_24_0x68  testmain.o
    0x08048be0   0x08048be0   0x00000030   Data   RO          318    .rodata.image_data_font_ubuntu_mono_24_0x69  testmain.o
    0x08048c10   0x08048c10   0x00000030   Data   RO          319    .rodata.image_data_font_ubuntu_mono_24_0x6a  testmain.o
    0x08048c40   0x08048c40   0x00000030   Data   RO          320    .rodata.image_data_font_ubuntu_mono_24_0x6b  testmain.o
    0x08048c70   0x08048c70   0x00000030   Data   RO          321    .rodata.image_data_font_ubuntu_mono_24_0x6c  testmain.o
    0x08048ca0   0x08048ca0   0x00000030   Data   RO          322    .rodata.image_data_font_ubuntu_mono_24_0x6d  testmain.o
    0x08048cd0   0x08048cd0   0x00000030   Data   RO          323    .rodata.image_data_font_ubuntu_mono_24_0x6e  testmain.o
    0x08048d00   0x08048d00   0x00000030   Data   RO          324    .rodata.image_data_font_ubuntu_mono_24_0x6f  testmain.o
    0x08048d30   0x08048d30   0x00000030   Data   RO          325    .rodata.image_data_font_ubuntu_mono_24_0x70  testmain.o
    0x08048d60   0x08048d60   0x00000030   Data   RO          326    .rodata.image_data_font_ubuntu_mono_24_0x71  testmain.o
    0x08048d90   0x08048d90   0x00000030   Data   RO          327    .rodata.image_data_font_ubuntu_mono_24_0x72  testmain.o
    0x08048dc0   0x08048dc0   0x00000030   Data   RO          328    .rodata.image_data_font_ubuntu_mono_24_0x73  testmain.o
    0x08048df0   0x08048df0   0x00000030   Data   RO          329    .rodata.image_data_font_ubuntu_mono_24_0x74  testmain.o
    0x08048e20   0x08048e20   0x00000030   Data   RO          330    .rodata.image_data_font_ubuntu_mono_24_0x75  testmain.o
    0x08048e50   0x08048e50   0x00000030   Data   RO          331    .rodata.image_data_font_ubuntu_mono_24_0x76  testmain.o
    0x08048e80   0x08048e80   0x00000030   Data   RO          332    .rodata.image_data_font_ubuntu_mono_24_0x77  testmain.o
    0x08048eb0   0x08048eb0   0x00000030   Data   RO          333    .rodata.image_data_font_ubuntu_mono_24_0x78  testmain.o
    0x08048ee0   0x08048ee0   0x00000030   Data   RO          334    .rodata.image_data_font_ubuntu_mono_24_0x79  testmain.o
    0x08048f10   0x08048f10   0x00000030   Data   RO          335    .rodata.image_data_font_ubuntu_mono_24_0x7a  testmain.o
    0x08048f40   0x08048f40   0x00000030   Data   RO          336    .rodata.image_data_font_ubuntu_mono_24_0x7b  testmain.o
    0x08048f70   0x08048f70   0x00000030   Data   RO          337    .rodata.image_data_font_ubuntu_mono_24_0x7c  testmain.o
    0x08048fa0   0x08048fa0   0x00000030   Data   RO          338    .rodata.image_data_font_ubuntu_mono_24_0x7d  testmain.o
    0x08048fd0   0x08048fd0   0x00000030   Data   RO          339    .rodata.image_data_font_ubuntu_mono_24_0x7e  testmain.o
    0x08049000   0x08049000   0x000000b5   Data   RO          145    .rodata.str1.1      testmain.o
    0x080490b5   0x080490b5   0x00000015   Data   RO          448    .rodata.str1.1      adc.o
    0x080490ca   0x080490ca   0x00000017   Data   RO          484    .rodata.str1.1      retarget_io.o
    0x080490e1   0x080490e1   0x00000003   PAD
    0x080490e4   0x080490e4   0x00000020   Data   RO         1056    Region$$Table       anon$$obj.o
    0x08049104   0x08049104   0x0000001c   Data   RO          813    locale$$data        c_w.l(lc_numeric_c.o)
    0x08049120   0x08049120   0x00000110   Data   RO          943    locale$$data        c_w.l(lc_ctype_c.o)


    Execution Region ER_RW (Exec base: 0x20000000, Load base: 0x08049230, Size: 0x00000024, Max: 0xffffffff, ABSOLUTE)

    Exec Addr    Load Addr    Size         Type   Attr      Idx    E Section Name        Object

    0x20000000   0x08049230   0x00000004   Data   RW          637    .data               c_w.l(stdio_streams.o)
    0x20000004   0x08049234   0x00000004   Data   RW          638    .data               c_w.l(stdio_streams.o)
    0x20000008   0x08049238   0x00000004   Data   RW          639    .data               c_w.l(stdio_streams.o)
    0x2000000c   0x0804923c   0x00000002   Data   RW           51    .data.ILI_TFTheight  ili9341.o
    0x2000000e   0x0804923e   0x00000002   Data   RW           50    .data.ILI_TFTwidth  ili9341.o
    0x20000010   0x08049240   0x00000004   Data   RW          134    .data.RTC_Data_ptr  testmain.o
    0x20000014   0x08049244   0x00000004   Data   RW          129    .data.menu          testmain.o
    0x20000018   0x08049248   0x00000001   Data   RW          135    .data.menu_flag     testmain.o
    0x20000019   0x08049249   0x00000003   PAD
    0x2000001c   0x0804924c   0x00000004   Data   RW          130    .data.state         testmain.o
    0x20000020   0x08049250   0x00000001   Data   RW          131    .data.update_screen  testmain.o


    Execution Region ER_ZI (Exec base: 0x20000028, Load base: 0x08049254, Size: 0x000007a0, Max: 0xffffffff, ABSOLUTE)

    Exec Addr    Load Addr    Size         Type   Attr      Idx    E Section Name        Object

    0x20000028        -       0x00000054   Zero   RW          634    .bss                c_w.l(stdio_streams.o)
    0x2000007c        -       0x00000054   Zero   RW          635    .bss                c_w.l(stdio_streams.o)
    0x200000d0        -       0x00000054   Zero   RW          636    .bss                c_w.l(stdio_streams.o)
    0x20000124        -       0x00000060   Zero   RW          900    .bss                c_w.l(libspace.o)
    0x20000184        -       0x00000001   Zero   RW           53    .bss.ILI_Orientation  ili9341.o
    0x20000185        -       0x00000001   Zero   RW          140    .bss.RTC_Date       testmain.o
    0x20000186        -       0x00000001   Zero   RW          139    .bss.RTC_Hour       testmain.o
    0x20000187        -       0x00000001   Zero   RW          138    .bss.RTC_Minute     testmain.o
    0x20000188        -       0x00000001   Zero   RW          141    .bss.RTC_Month      testmain.o
    0x20000189        -       0x00000001   Zero   RW          137    .bss.RTC_Second     testmain.o
    0x2000018a        -       0x00000001   Zero   RW          142    .bss.RTC_Year       testmain.o
    0x2000018b        -       0x00000001   Zero   RW          133    .bss.RTC_data       testmain.o
    0x2000018c        -       0x00000004   Zero   RW          422    .bss.current        sonar.o
    0x20000190        -       0x00000004   Zero   RW          136    .bss.distance       testmain.o
    0x20000194        -       0x00000001   Zero   RW          122    .bss.foodCount      testmain.o
    0x20000195   0x08049254   0x00000003   PAD
    0x20000198        -       0x00000004   Zero   RW          423    .bss.last           sonar.o
    0x2000019c        -       0x00000004   Zero   RW          128    .bss.lightLvl       testmain.o
    0x200001a0        -       0x00000008   Zero   RW          424    .bss.period         sonar.o
    0x200001a8        -       0x00000001   Zero   RW          123    .bss.petFlag        testmain.o
    0x200001a9   0x08049254   0x00000003   PAD
    0x200001ac        -       0x00000004   Zero   RW          125    .bss.pos            testmain.o
    0x200001b0        -       0x00000001   Zero   RW          121    .bss.swPress        testmain.o
    0x200001b1        -       0x0000000e   Zero   RW          144    .bss.timeDate       testmain.o
    0x200001bf        -       0x00000001   Zero   RW          132    .bss.tmp            testmain.o
    0x200001c0        -       0x00000001   Zero   RW          127    .bss.value          testmain.o
    0x200001c1   0x08049254   0x00000007   PAD
    0x200001c8        -       0x00000200   Zero   RW          492    HEAP                startup_stm32f446xx.o
    0x200003c8        -       0x00000400   Zero   RW          491    STACK               startup_stm32f446xx.o


==============================================================================

Image component sizes


      Code (inc. data)   RO Data    RW Data    ZI Data      Debug   Object Name

       390          8         21          0          0       2624   adc.o
       242          0          0          0          0       4734   hall.o
       734          0          0          0          0       2709   i2c.o
      3420          4          0          4          1      10350   ili9341.o
       682          0         46          0          0       3429   retarget_io.o
       352          0          0          0          0       5279   rotary_encoder.o
       356          0          0          0          0       2271   servo.o
       200          0          0          0         16       2428   sonar.o
       460          0          0          0          0       2722   spi.o
        64         26        452          0       1536        896   startup_stm32f446xx.o
       130          0          0          0          0       2583   stepper.o
        18          0          0          0          0       2854   system_stm32f4xx.o
      4462         30     275605         14         38      15210   testmain.o
       376          8          0          0          0       2211   timers.o

    ----------------------------------------------------------------------
     11956         76     276160         24       1604      60300   Object Totals
         0          0         32          0          0          0   (incl. Generated)
        70          0          4          6         13          0   (incl. Padding)

    ----------------------------------------------------------------------

      Code (inc. data)   RO Data    RW Data    ZI Data      Debug   Library Member Name

         8          0          0          0          0         68   __main.o
       392          4         17          0          0         92   __printf_flags_ss_wp.o
        14          0          0          0          0         68   __printf_wp.o
         0          0          0          0          0          0   __rtentry.o
        12          0          0          0          0          0   __rtentry2.o
         6          0          0          0          0          0   __rtentry4.o
        94          8          0          0          0          0   __scatter.o
        26          0          0          0          0          0   __scatter_copy.o
        28          0          0          0          0          0   __scatter_zi.o
        72          0          0          0          0         96   _c16rtomb.o
         6          0          0          0          0          0   _printf_a.o
         6          0          0          0          0          0   _printf_c.o
        44          0          0          0          0        108   _printf_char.o
        48          6          0          0          0         96   _printf_char_common.o
        36          4          0          0          0         80   _printf_char_file.o
        40          0          0          0          0         68   _printf_charcount.o
         6          0          0          0          0          0   _printf_d.o
       120         16          0          0          0         92   _printf_dec.o
         6          0          0          0          0          0   _printf_e.o
         6          0          0          0          0          0   _printf_f.o
      1052          0          0          0          0        148   _printf_fp_dec.o
       764          8         38          0          0        100   _printf_fp_hex.o
       128         16          0          0          0         84   _printf_fp_infnan.o
         6          0          0          0          0          0   _printf_g.o
       148          4         40          0          0        160   _printf_hex_int_ll_ptr.o
         6          0          0          0          0          0   _printf_i.o
       178          0          0          0          0         88   _printf_intcommon.o
        10          0          0          0          0          0   _printf_l.o
         6          0          0          0          0          0   _printf_lc.o
        10          0          0          0          0          0   _printf_ll.o
         6          0          0          0          0          0   _printf_lld.o
         6          0          0          0          0          0   _printf_lli.o
         6          0          0          0          0          0   _printf_llo.o
         6          0          0          0          0          0   _printf_llu.o
         6          0          0          0          0          0   _printf_llx.o
       124         16          0          0          0         92   _printf_longlong_dec.o
         6          0          0          0          0          0   _printf_ls.o
         6          0          0          0          0          0   _printf_n.o
         6          0          0          0          0          0   _printf_o.o
       112          8          0          0          0        124   _printf_oct_int_ll.o
         6          0          0          0          0          0   _printf_p.o
        78          0          0          0          0        108   _printf_pad.o
         0          0          0          0          0          0   _printf_percent.o
         4          0          0          0          0          0   _printf_percent_end.o
         6          0          0          0          0          0   _printf_s.o
        82          0          0          0          0         80   _printf_str.o
        36          0          0          0          0         84   _printf_truncate.o
         6          0          0          0          0          0   _printf_u.o
        44          0          0          0          0        108   _printf_wchar.o
       188          6          8          0          0         92   _printf_wctomb.o
         6          0          0          0          0          0   _printf_x.o
       228          4        148          0          0         96   bigflt0.o
      1936        128          0          0          0        668   btod.o
        10          0          0          0          0         68   defsig_exit.o
        50          0          0          0          0         88   defsig_general.o
        80         58          0          0          0         76   defsig_rtmem_inner.o
        14          0          0          0          0         80   defsig_rtmem_outer.o
        52         38          0          0          0         76   defsig_rtred_inner.o
        14          0          0          0          0         80   defsig_rtred_outer.o
        18          0          0          0          0         80   exit.o
        76          0          0          0          0         88   fclose.o
         8          0          0          0          0         68   ferror.o
       482          0          0          0          0         92   flsbuf.o
       240          6          0          0          0        128   fopen.o
        28          0          0          0          0         68   fputc.o
       248          6          0          0          0         84   fseek.o
        66          0          0          0          0         76   ftell.o
        94          0          0          0          0         80   h1_alloc.o
        52          0          0          0          0         68   h1_extend.o
        78          0          0          0          0         80   h1_free.o
        12          0          0          0          0         84   h1_init.o
         6          0          0          0          0        152   heapauxi.o
         4          0          0          0          0        136   hguard.o
         0          0          0          0          0          0   indicate_semi.o
       138          0          0          0          0        168   init_alloc.o
       312         46          0          0          0        112   initio.o
        44         10        272          0          0         76   lc_ctype_c.o
        44         10         28          0          0         76   lc_numeric_c.o
         2          0          0          0          0          0   libinit.o
        46          0          0          0          0          0   libinit2.o
         2          0          0          0          0          0   libshutdown.o
         6          0          0          0          0          0   libshutdown2.o
         8          4          0          0         96         68   libspace.o
       138          0          0          0          0         80   lludiv10.o
         0          0          0          0          0          0   maybetermalloc1.o
        24          4          0          0          0         84   printf.o
        16          4          0          0          0         76   rt_ctype_table.o
         8          4          0          0          0         68   rt_errno_addr_intlibspace.o
         8          4          0          0          0         68   rt_heap_descriptor_intlibspace.o
         8          4          0          0          0         68   rt_locale_intlibspace.o
        78          0          0          0          0         80   rt_memclr_w.o
         2          0          0          0          0          0   rtexit.o
        10          0          0          0          0          0   rtexit2.o
        70          0          0          0          0         80   setvbuf.o
       264          6          0          0          0        160   stdio.o
         0          0          0         12        252          0   stdio_streams.o
       124          0          0          0          0         88   strcmpv7em.o
        62          0          0          0          0         76   strlen.o
        12          4          0          0          0         68   sys_exit.o
        74          0          0          0          0         80   sys_stackheap_outer.o
        14          0          0          0          0         76   sys_wrch.o
         2          0          0          0          0         68   use_no_semi.o
       812         16          0          0          0        392   daddsub_clz.o
        94          4          0          0          0        140   dfix.o
        46          0          0          0          0        116   dflt_clz.o
       340         12          0          0          0        152   dmul.o
       156          4          0          0          0        140   dnaninf.o
        12          0          0          0          0        116   dretinf.o
        26          0          0          0          0        116   fpinit.o
         4          0          0          0          0        116   printf1.o
         4          0          0          0          0        116   printf2.o
         0          0          0          0          0          0   usenofp.o
        48          0          0          0          0        124   fpclassify.o

    ----------------------------------------------------------------------
     10900        472        552         12        348       7800   Library Totals
        28          0          1          0          0          0   (incl. Padding)

    ----------------------------------------------------------------------

      Code (inc. data)   RO Data    RW Data    ZI Data      Debug   Library Name

      9330        436        551         12        348       6272   c_w.l
      1494         36          0          0          0       1404   fz_wm.l
        48          0          0          0          0        124   m_wm.l

    ----------------------------------------------------------------------
     10900        472        552         12        348       7800   Library Totals

    ----------------------------------------------------------------------

==============================================================================


      Code (inc. data)   RO Data    RW Data    ZI Data      Debug   

     22856        548     276712         36       1952      63544   Grand Totals
     22856        548     276712         36       1952      63544   ELF Image Totals
     22856        548     276712         36          0          0   ROM Totals

==============================================================================

    Total RO  Size (Code + RO Data)               299568 ( 292.55kB)
    Total RW  Size (RW Data + ZI Data)              1988 (   1.94kB)
    Total ROM Size (Code + RO Data + RW Data)     299604 ( 292.58kB)

==============================================================================

