<html>
<body>
<pre>
<h1>µVision Build Log</h1>
<h2>Tool Versions:</h2>
IDE-Version: µVision V5.38.0.0
Copyright (C) 2022 ARM Ltd and ARM Germany GmbH. All rights reserved.
License Information: Charles Norton
GVSU
User-based license: Keil MDK Community (non-commercial free of charge)
Valid until: May 31 2033. Cached until: Nov 16 2024
 
Tool Versions:
Toolchain:       Keil MDK Community (non-commercial free of charge  Version: 5.38.0.0
Toolchain Path:  C:\Keil_v5\ARM\ARMCLANG\Bin
C Compiler:      ArmClang.exe V6.19
Assembler:       Armasm.exe V6.19
Linker/Locator:  ArmLink.exe V6.19
Library Manager: ArmAr.exe V6.19
Hex Converter:   FromElf.exe V6.19
CPU DLL:         SARMCM3.DLL V5.38.0.0
Dialog DLL:      DCM.DLL V1.17.5.0
Target DLL:      STLink\ST-LINKIII-KEIL_SWO.dll V3.1.0.0
Dialog DLL:      TCM.DLL V1.56.4.0
 
<h2>Project:</h2>
C:\Users\xchar\OneDrive\Documents\GVSU_ARCHIVE\Fall_2024\EGR_326_903\EGR326\Lab 11\CJ\Project\EEPROM.uvprojx
Project File Date:  11/14/2024

<h2>Output:</h2>
*** Using Compiler 'V6.19', folder: 'C:\Keil_v5\ARM\ARMCLANG\Bin'
Build target 'Target 1'
main.c(5): warning: In file included from...
./I2C.h(10): warning: no newline at end of file [-Wnewline-eof]
#endif
      ^
main.c(6): warning: In file included from...
./systick.h(9): warning: no newline at end of file [-Wnewline-eof]
#endif
      ^
main.c(67): warning: no previous extern declaration for non-static variable 'entry' [-Wmissing-variable-declarations]
uint8_t entry = 0;
        ^
main.c(67): note: declare 'static' if the variable is not intended to be used outside of this translation unit
uint8_t entry = 0;
^
main.c(69): warning: no previous extern declaration for non-static variable 'RTC_Data_ptr' [-Wmissing-variable-declarations]
char *RTC_Data_ptr = &RTC_data;
      ^
main.c(69): note: declare 'static' if the variable is not intended to be used outside of this translation unit
char *RTC_Data_ptr = &RTC_data;
^
main.c(71): warning: no previous extern declaration for non-static variable 'time' [-Wmissing-variable-declarations]
    uint8_t time[5][3] = {
            ^
main.c(71): note: declare 'static' if the variable is not intended to be used outside of this translation unit
    uint8_t time[5][3] = {
    ^
main.c(100): warning: 'return' will never be executed [-Wunreachable-code-return]
        return 0;
               ^
main.c(198): warning: implicit conversion changes signedness: 'int' to 'unsigned int' [-Wsign-conversion]
        GPIOC->MODER &= ~ (0x03<<(2*13));
                     ~~ ^~~~~~~~~~~~~~~~
main.c(199): warning: implicit conversion changes signedness: 'int' to 'unsigned int' [-Wsign-conversion]
        GPIOC->MODER &= ~ (0x03<<(2*11));
                     ~~ ^~~~~~~~~~~~~~~~
main.c(68): warning: no previous extern declaration for non-static variable 'RTC_data' [-Wmissing-variable-declarations]
char RTC_data;
     ^
main.c(68): note: declare 'static' if the variable is not intended to be used outside of this translation unit
char RTC_data;
^
9 warnings generated.
compiling main.c...
linking...
Program Size: Code=2378 RO-data=502 RW-data=20 ZI-data=1644  
".\Objects\EEPROM.axf" - 0 Error(s), 9 Warning(s).

<h2>Software Packages used:</h2>

Package Vendor: ARM
                http://www.keil.com/pack/ARM.CMSIS.5.9.0.pack
                ARM.CMSIS.5.9.0
                CMSIS (Common Microcontroller Software Interface Standard)
   * Component: CORE Version: 5.6.0

Package Vendor: Keil
                https://www.keil.com/pack/Keil.ARM_Compiler.1.7.2.pack
                Keil.ARM_Compiler.1.7.2
                Keil ARM Compiler extensions for ARM Compiler 5 and ARM Compiler 6
   * Component: STDERR Variant: ITM Version: 1.2.0
   * Component: STDIN Variant: ITM Version: 1.2.0
   * Component: STDOUT Variant: ITM Version: 1.2.0

Package Vendor: Keil
                https://www.keil.com/pack/Keil.STM32F4xx_DFP.2.17.1.pack
                Keil.STM32F4xx_DFP.2.17.1
                STMicroelectronics STM32F4 Series Device Support, Drivers and Examples
   * Component: Startup Version: 2.6.3

<h2>Collection of Component include folders:</h2>
  ./RTE/_Target_1
  C:/Users/xchar/AppData/Local/Arm/Packs/ARM/CMSIS/5.9.0/CMSIS/Core/Include
  C:/Users/xchar/AppData/Local/Arm/Packs/Keil/STM32F4xx_DFP/2.17.1/Drivers/CMSIS/Device/ST/STM32F4xx/Include

<h2>Collection of Component Files used:</h2>

   * Component: ARM::CMSIS:CORE:5.6.0

   * Component: Keil.ARM Compiler::Compiler:I/O:STDERR:ITM:1.2.0
      Source file:   Source/retarget_io.c

   * Component: Keil.ARM Compiler::Compiler:I/O:STDIN:ITM:1.2.0
      Source file:   Source/retarget_io.c

   * Component: Keil.ARM Compiler::Compiler:I/O:STDOUT:ITM:1.2.0
      Source file:   Source/retarget_io.c

   * Component: Keil::Device:Startup:2.6.3
      Source file:   MDK/Device/Source/ARM/STM32F446xx_OPT.s
      Source file:   MDK/Device/Source/ARM/STM32F4xx_OTP.s
      Include file:  Drivers/CMSIS/Device/ST/STM32F4xx/Include/stm32f4xx.h
      Source file:   Drivers/CMSIS/Device/ST/STM32F4xx/Source/Templates/arm/startup_stm32f446xx.s
      Source file:   Drivers/CMSIS/Device/ST/STM32F4xx/Source/Templates/system_stm32f4xx.c
Build Time Elapsed:  00:00:01
</pre>
</body>
</html>
