Component: Arm Compiler for Embedded 6.22 Tool: armlink [5ee90200]

==============================================================================

Section Cross References

    kp.o(.ARM.exidx.text.SysTick_Delay) refers to kp.o(.text.SysTick_Delay) for [Anonymous Symbol]
    kp.o(.ARM.exidx.text.keypadInit) refers to kp.o(.text.keypadInit) for [Anonymous Symbol]
    kp.o(.text.readKeypad) refers to kp.o(.text.readColumn) for readColumn
    kp.o(.ARM.exidx.text.readKeypad) refers to kp.o(.text.readKeypad) for [Anonymous Symbol]
    kp.o(.text.readColumn) refers to kp.o(.text.SysTick_Delay) for SysTick_Delay
    kp.o(.ARM.exidx.text.readColumn) refers to kp.o(.text.readColumn) for [Anonymous Symbol]
    kp.o(.ARM.exidx.text.decodeKeypad) refers to kp.o(.text.decodeKeypad) for [Anonymous Symbol]
    main.o(.text.main) refers to kp.o(.text.keypadInit) for keypadInit
    main.o(.text.main) refers to main.o(.text.hallEffect_pinInit) for hallEffect_pinInit
    main.o(.text.main) refers to kp.o(.text.readKeypad) for readKeypad
    main.o(.text.main) refers to kp.o(.text.decodeKeypad) for decodeKeypad
    main.o(.text.main) refers to main.o(.rodata.str1.1) for .L.str
    main.o(.text.main) refers to printf.o(.text) for printf
    main.o(.ARM.exidx.text.main) refers to main.o(.text.main) for [Anonymous Symbol]
    main.o(.ARM.exidx.text.hallEffect_pinInit) refers to main.o(.text.hallEffect_pinInit) for [Anonymous Symbol]
    ili9341.o(.ARM.exidx.text.SysTick_Init) refers to ili9341.o(.text.SysTick_Init) for [Anonymous Symbol]
    ili9341.o(.ARM.exidx.text.delayMS) refers to ili9341.o(.text.delayMS) for [Anonymous Symbol]
    ili9341.o(.ARM.exidx.text.delayMicroS) refers to ili9341.o(.text.delayMicroS) for [Anonymous Symbol]
    ili9341.o(.text.Draw_String_BG) refers to strlen.o(.text) for strlen
    ili9341.o(.text.Draw_String_BG) refers to ili9341.o(.text.Draw_Char_BG) for Draw_Char_BG
    ili9341.o(.text.Draw_String_BG) refers to ili9341.o(.data.ILI_TFTwidth) for ILI_TFTwidth
    ili9341.o(.ARM.exidx.text.Draw_String_BG) refers to ili9341.o(.text.Draw_String_BG) for [Anonymous Symbol]
    ili9341.o(.text.Draw_Char_BG) refers to ili9341.o(.text.Draw_Pixel) for Draw_Pixel
    ili9341.o(.ARM.exidx.text.Draw_Char_BG) refers to ili9341.o(.text.Draw_Char_BG) for [Anonymous Symbol]
    ili9341.o(.text.Draw_String_NoBG) refers to strlen.o(.text) for strlen
    ili9341.o(.text.Draw_String_NoBG) refers to ili9341.o(.text.Draw_Char_NoBG) for Draw_Char_NoBG
    ili9341.o(.text.Draw_String_NoBG) refers to ili9341.o(.data.ILI_TFTwidth) for ILI_TFTwidth
    ili9341.o(.ARM.exidx.text.Draw_String_NoBG) refers to ili9341.o(.text.Draw_String_NoBG) for [Anonymous Symbol]
    ili9341.o(.text.Draw_Char_NoBG) refers to ili9341.o(.text.Draw_Pixel) for Draw_Pixel
    ili9341.o(.ARM.exidx.text.Draw_Char_NoBG) refers to ili9341.o(.text.Draw_Char_NoBG) for [Anonymous Symbol]
    ili9341.o(.text.Draw_Pixel) refers to ili9341.o(.text.Set_Address_Window) for Set_Address_Window
    ili9341.o(.text.Draw_Pixel) refers to ili9341.o(.text.ILI_Push_16Bit) for ILI_Push_16Bit
    ili9341.o(.ARM.exidx.text.Draw_Pixel) refers to ili9341.o(.text.Draw_Pixel) for [Anonymous Symbol]
    ili9341.o(.text.Draw_Bitmap) refers to ili9341.o(.text.Set_Address_Window) for Set_Address_Window
    ili9341.o(.text.Draw_Bitmap) refers to ili9341.o(.text.ILI_8Bit_Data) for ILI_8Bit_Data
    ili9341.o(.ARM.exidx.text.Draw_Bitmap) refers to ili9341.o(.text.Draw_Bitmap) for [Anonymous Symbol]
    ili9341.o(.text.Set_Address_Window) refers to ili9341.o(.text.ILI_8Bit_Command) for ILI_8Bit_Command
    ili9341.o(.text.Set_Address_Window) refers to ili9341.o(.text.ILI_Push_16Bit) for ILI_Push_16Bit
    ili9341.o(.ARM.exidx.text.Set_Address_Window) refers to ili9341.o(.text.Set_Address_Window) for [Anonymous Symbol]
    ili9341.o(.text.ILI_8Bit_Data) refers to spi.o(.text.SPI_Transmit) for SPI_Transmit
    ili9341.o(.ARM.exidx.text.ILI_8Bit_Data) refers to ili9341.o(.text.ILI_8Bit_Data) for [Anonymous Symbol]
    ili9341.o(.text.Fill_Screen) refers to ili9341.o(.data.ILI_TFTwidth) for ILI_TFTwidth
    ili9341.o(.text.Fill_Screen) refers to ili9341.o(.data.ILI_TFTheight) for ILI_TFTheight
    ili9341.o(.text.Fill_Screen) refers to ili9341.o(.text.Set_Address_Window) for Set_Address_Window
    ili9341.o(.text.Fill_Screen) refers to ili9341.o(.text.Fill_Color) for Fill_Color
    ili9341.o(.ARM.exidx.text.Fill_Screen) refers to ili9341.o(.text.Fill_Screen) for [Anonymous Symbol]
    ili9341.o(.text.Fill_Color) refers to ili9341.o(.text.ILI_Push_16Bit) for ILI_Push_16Bit
    ili9341.o(.text.Fill_Color) refers to ili9341.o(.text.ILI_8Bit_Data) for ILI_8Bit_Data
    ili9341.o(.ARM.exidx.text.Fill_Color) refers to ili9341.o(.text.Fill_Color) for [Anonymous Symbol]
    ili9341.o(.text.Draw_Line) refers to ili9341.o(.text.Set_Address_Window) for Set_Address_Window
    ili9341.o(.text.Draw_Line) refers to ili9341.o(.text.ILI_Push_16Bit) for ILI_Push_16Bit
    ili9341.o(.ARM.exidx.text.Draw_Line) refers to ili9341.o(.text.Draw_Line) for [Anonymous Symbol]
    ili9341.o(.text.ILI_Push_16Bit) refers to ili9341.o(.text.ILI_8Bit_Data) for ILI_8Bit_Data
    ili9341.o(.ARM.exidx.text.ILI_Push_16Bit) refers to ili9341.o(.text.ILI_Push_16Bit) for [Anonymous Symbol]
    ili9341.o(.text.Draw_VLine) refers to ili9341.o(.text.Set_Address_Window) for Set_Address_Window
    ili9341.o(.text.Draw_VLine) refers to ili9341.o(.text.Fill_Color) for Fill_Color
    ili9341.o(.ARM.exidx.text.Draw_VLine) refers to ili9341.o(.text.Draw_VLine) for [Anonymous Symbol]
    ili9341.o(.text.Draw_HLine) refers to ili9341.o(.text.Set_Address_Window) for Set_Address_Window
    ili9341.o(.text.Draw_HLine) refers to ili9341.o(.text.Fill_Color) for Fill_Color
    ili9341.o(.ARM.exidx.text.Draw_HLine) refers to ili9341.o(.text.Draw_HLine) for [Anonymous Symbol]
    ili9341.o(.text.Invert_Display) refers to ili9341.o(.bss.Invert_Display.inv_flag) for Invert_Display.inv_flag
    ili9341.o(.text.Invert_Display) refers to ili9341.o(.text.ILI_8Bit_Command) for ILI_8Bit_Command
    ili9341.o(.ARM.exidx.text.Invert_Display) refers to ili9341.o(.text.Invert_Display) for [Anonymous Symbol]
    ili9341.o(.text.ILI_8Bit_Command) refers to spi.o(.text.SPI_Transmit) for SPI_Transmit
    ili9341.o(.ARM.exidx.text.ILI_8Bit_Command) refers to ili9341.o(.text.ILI_8Bit_Command) for [Anonymous Symbol]
    ili9341.o(.text.Rotate_Display) refers to ili9341.o(.text.ILI_8Bit_Command) for ILI_8Bit_Command
    ili9341.o(.text.Rotate_Display) refers to ili9341.o(.text.ILI_8Bit_Data) for ILI_8Bit_Data
    ili9341.o(.text.Rotate_Display) refers to ili9341.o(.data.ILI_TFTheight) for ILI_TFTheight
    ili9341.o(.text.Rotate_Display) refers to ili9341.o(.data.ILI_TFTwidth) for ILI_TFTwidth
    ili9341.o(.text.Rotate_Display) refers to ili9341.o(.bss.ILI_Orientation) for ILI_Orientation
    ili9341.o(.ARM.exidx.text.Rotate_Display) refers to ili9341.o(.text.Rotate_Display) for [Anonymous Symbol]
    ili9341.o(.text.Display_Init) refers to ili9341.o(.text.SysTick_Init) for SysTick_Init
    ili9341.o(.text.Display_Init) refers to ili9341.o(.text.GPIO_PinMode_Setup) for GPIO_PinMode_Setup
    ili9341.o(.text.Display_Init) refers to spi.o(.text.SPI_Init) for SPI_Init
    ili9341.o(.text.Display_Init) refers to ili9341.o(.text.delayMS) for delayMS
    ili9341.o(.text.Display_Init) refers to ili9341.o(.text.ILI_8Bit_Command) for ILI_8Bit_Command
    ili9341.o(.text.Display_Init) refers to ili9341.o(.text.delayMicroS) for delayMicroS
    ili9341.o(.text.Display_Init) refers to ili9341.o(.text.ILI_8Bit_Data) for ILI_8Bit_Data
    ili9341.o(.text.Display_Init) refers to ili9341.o(.text.Fill_Screen) for Fill_Screen
    ili9341.o(.text.Display_Init) refers to ili9341.o(.text.Rotate_Display) for Rotate_Display
    ili9341.o(.ARM.exidx.text.Display_Init) refers to ili9341.o(.text.Display_Init) for [Anonymous Symbol]
    ili9341.o(.ARM.exidx.text.GPIO_PinMode_Setup) refers to ili9341.o(.text.GPIO_PinMode_Setup) for [Anonymous Symbol]
    ili9341.o(.text.Fill_Rect) refers to ili9341.o(.data.ILI_TFTwidth) for ILI_TFTwidth
    ili9341.o(.text.Fill_Rect) refers to ili9341.o(.data.ILI_TFTheight) for ILI_TFTheight
    ili9341.o(.text.Fill_Rect) refers to ili9341.o(.text.Set_Address_Window) for Set_Address_Window
    ili9341.o(.text.Fill_Rect) refers to ili9341.o(.text.Fill_Color) for Fill_Color
    ili9341.o(.ARM.exidx.text.Fill_Rect) refers to ili9341.o(.text.Fill_Rect) for [Anonymous Symbol]
    ili9341.o(.text.doFontTest) refers to ili9341.o(.text.Fill_Screen) for Fill_Screen
    ili9341.o(.text.doFontTest) refers to ili9341.o(.rodata.str1.1) for .L.str
    ili9341.o(.text.doFontTest) refers to ili9341.o(.text.Draw_String_NoBG) for Draw_String_NoBG
    ili9341.o(.ARM.exidx.text.doFontTest) refers to ili9341.o(.text.doFontTest) for [Anonymous Symbol]
    rccconfig.o(.ARM.exidx.text.SysClockConfig) refers to rccconfig.o(.text.SysClockConfig) for [Anonymous Symbol]
    spi.o(.text.SPI_Init) refers to spi.o(.text.SPI_GPIO) for SPI_GPIO
    spi.o(.text.SPI_Init) refers to spi.o(.text.SPI_Enable) for SPI_Enable
    spi.o(.ARM.exidx.text.SPI_Init) refers to spi.o(.text.SPI_Init) for [Anonymous Symbol]
    spi.o(.text.SPI_GPIO) refers to spi.o(.text.CS_Low) for CS_Low
    spi.o(.ARM.exidx.text.SPI_GPIO) refers to spi.o(.text.SPI_GPIO) for [Anonymous Symbol]
    spi.o(.ARM.exidx.text.SPI_Enable) refers to spi.o(.text.SPI_Enable) for [Anonymous Symbol]
    spi.o(.ARM.exidx.text.CS_Low) refers to spi.o(.text.CS_Low) for [Anonymous Symbol]
    spi.o(.ARM.exidx.text.SPI_Disable) refers to spi.o(.text.SPI_Disable) for [Anonymous Symbol]
    spi.o(.ARM.exidx.text.SPI_Transmit) refers to spi.o(.text.SPI_Transmit) for [Anonymous Symbol]
    spi.o(.ARM.exidx.text.CS_High) refers to spi.o(.text.CS_High) for [Anonymous Symbol]
    testmain.o(.text.main) refers to ili9341.o(.text.Display_Init) for Display_Init
    testmain.o(.text.main) refers to ili9341.o(.text.delayMS) for delayMS
    testmain.o(.text.main) refers to testmain.o(.rodata.testImage) for testImage
    testmain.o(.text.main) refers to ili9341.o(.text.Draw_Bitmap) for Draw_Bitmap
    testmain.o(.text.main) refers to ili9341.o(.text.Fill_Screen) for Fill_Screen
    testmain.o(.text.main) refers to testmain.o(.rodata.font_ubuntu_mono_24) for font_ubuntu_mono_24
    testmain.o(.text.main) refers to testmain.o(.rodata.str1.1) for .L.str
    testmain.o(.text.main) refers to ili9341.o(.text.Draw_String_NoBG) for Draw_String_NoBG
    testmain.o(.ARM.exidx.text.main) refers to testmain.o(.text.main) for [Anonymous Symbol]
    testmain.o(.rodata.testImage) refers to testmain.o(.rodata.testImageData) for testImageData
    testmain.o(.rodata.font_ubuntu_mono_24) refers to testmain.o(.rodata.font_ubuntu_mono_24_array) for [Anonymous Symbol]
    testmain.o(.rodata.font_ubuntu_mono_24_array) refers to testmain.o(.rodata.font_ubuntu_mono_24_0x20) for [Anonymous Symbol]
    testmain.o(.rodata.font_ubuntu_mono_24_array) refers to testmain.o(.rodata.font_ubuntu_mono_24_0x21) for [Anonymous Symbol]
    testmain.o(.rodata.font_ubuntu_mono_24_array) refers to testmain.o(.rodata.font_ubuntu_mono_24_0x22) for [Anonymous Symbol]
    testmain.o(.rodata.font_ubuntu_mono_24_array) refers to testmain.o(.rodata.font_ubuntu_mono_24_0x23) for [Anonymous Symbol]
    testmain.o(.rodata.font_ubuntu_mono_24_array) refers to testmain.o(.rodata.font_ubuntu_mono_24_0x24) for [Anonymous Symbol]
    testmain.o(.rodata.font_ubuntu_mono_24_array) refers to testmain.o(.rodata.font_ubuntu_mono_24_0x25) for [Anonymous Symbol]
    testmain.o(.rodata.font_ubuntu_mono_24_array) refers to testmain.o(.rodata.font_ubuntu_mono_24_0x26) for [Anonymous Symbol]
    testmain.o(.rodata.font_ubuntu_mono_24_array) refers to testmain.o(.rodata.font_ubuntu_mono_24_0x27) for [Anonymous Symbol]
    testmain.o(.rodata.font_ubuntu_mono_24_array) refers to testmain.o(.rodata.font_ubuntu_mono_24_0x28) for [Anonymous Symbol]
    testmain.o(.rodata.font_ubuntu_mono_24_array) refers to testmain.o(.rodata.font_ubuntu_mono_24_0x29) for [Anonymous Symbol]
    testmain.o(.rodata.font_ubuntu_mono_24_array) refers to testmain.o(.rodata.font_ubuntu_mono_24_0x2a) for [Anonymous Symbol]
    testmain.o(.rodata.font_ubuntu_mono_24_array) refers to testmain.o(.rodata.font_ubuntu_mono_24_0x2b) for [Anonymous Symbol]
    testmain.o(.rodata.font_ubuntu_mono_24_array) refers to testmain.o(.rodata.font_ubuntu_mono_24_0x2c) for [Anonymous Symbol]
    testmain.o(.rodata.font_ubuntu_mono_24_array) refers to testmain.o(.rodata.font_ubuntu_mono_24_0x2d) for [Anonymous Symbol]
    testmain.o(.rodata.font_ubuntu_mono_24_array) refers to testmain.o(.rodata.font_ubuntu_mono_24_0x2e) for [Anonymous Symbol]
    testmain.o(.rodata.font_ubuntu_mono_24_array) refers to testmain.o(.rodata.font_ubuntu_mono_24_0x2f) for [Anonymous Symbol]
    testmain.o(.rodata.font_ubuntu_mono_24_array) refers to testmain.o(.rodata.font_ubuntu_mono_24_0x30) for [Anonymous Symbol]
    testmain.o(.rodata.font_ubuntu_mono_24_array) refers to testmain.o(.rodata.font_ubuntu_mono_24_0x31) for [Anonymous Symbol]
    testmain.o(.rodata.font_ubuntu_mono_24_array) refers to testmain.o(.rodata.font_ubuntu_mono_24_0x32) for [Anonymous Symbol]
    testmain.o(.rodata.font_ubuntu_mono_24_array) refers to testmain.o(.rodata.font_ubuntu_mono_24_0x33) for [Anonymous Symbol]
    testmain.o(.rodata.font_ubuntu_mono_24_array) refers to testmain.o(.rodata.font_ubuntu_mono_24_0x34) for [Anonymous Symbol]
    testmain.o(.rodata.font_ubuntu_mono_24_array) refers to testmain.o(.rodata.font_ubuntu_mono_24_0x35) for [Anonymous Symbol]
    testmain.o(.rodata.font_ubuntu_mono_24_array) refers to testmain.o(.rodata.font_ubuntu_mono_24_0x36) for [Anonymous Symbol]
    testmain.o(.rodata.font_ubuntu_mono_24_array) refers to testmain.o(.rodata.font_ubuntu_mono_24_0x37) for [Anonymous Symbol]
    testmain.o(.rodata.font_ubuntu_mono_24_array) refers to testmain.o(.rodata.font_ubuntu_mono_24_0x38) for [Anonymous Symbol]
    testmain.o(.rodata.font_ubuntu_mono_24_array) refers to testmain.o(.rodata.font_ubuntu_mono_24_0x39) for [Anonymous Symbol]
    testmain.o(.rodata.font_ubuntu_mono_24_array) refers to testmain.o(.rodata.font_ubuntu_mono_24_0x3a) for [Anonymous Symbol]
    testmain.o(.rodata.font_ubuntu_mono_24_array) refers to testmain.o(.rodata.font_ubuntu_mono_24_0x3b) for [Anonymous Symbol]
    testmain.o(.rodata.font_ubuntu_mono_24_array) refers to testmain.o(.rodata.font_ubuntu_mono_24_0x3c) for [Anonymous Symbol]
    testmain.o(.rodata.font_ubuntu_mono_24_array) refers to testmain.o(.rodata.font_ubuntu_mono_24_0x3d) for [Anonymous Symbol]
    testmain.o(.rodata.font_ubuntu_mono_24_array) refers to testmain.o(.rodata.font_ubuntu_mono_24_0x3e) for [Anonymous Symbol]
    testmain.o(.rodata.font_ubuntu_mono_24_array) refers to testmain.o(.rodata.font_ubuntu_mono_24_0x3f) for [Anonymous Symbol]
    testmain.o(.rodata.font_ubuntu_mono_24_array) refers to testmain.o(.rodata.font_ubuntu_mono_24_0x40) for [Anonymous Symbol]
    testmain.o(.rodata.font_ubuntu_mono_24_array) refers to testmain.o(.rodata.font_ubuntu_mono_24_0x41) for [Anonymous Symbol]
    testmain.o(.rodata.font_ubuntu_mono_24_array) refers to testmain.o(.rodata.font_ubuntu_mono_24_0x42) for [Anonymous Symbol]
    testmain.o(.rodata.font_ubuntu_mono_24_array) refers to testmain.o(.rodata.font_ubuntu_mono_24_0x43) for [Anonymous Symbol]
    testmain.o(.rodata.font_ubuntu_mono_24_array) refers to testmain.o(.rodata.font_ubuntu_mono_24_0x44) for [Anonymous Symbol]
    testmain.o(.rodata.font_ubuntu_mono_24_array) refers to testmain.o(.rodata.font_ubuntu_mono_24_0x45) for [Anonymous Symbol]
    testmain.o(.rodata.font_ubuntu_mono_24_array) refers to testmain.o(.rodata.font_ubuntu_mono_24_0x46) for [Anonymous Symbol]
    testmain.o(.rodata.font_ubuntu_mono_24_array) refers to testmain.o(.rodata.font_ubuntu_mono_24_0x47) for [Anonymous Symbol]
    testmain.o(.rodata.font_ubuntu_mono_24_array) refers to testmain.o(.rodata.font_ubuntu_mono_24_0x48) for [Anonymous Symbol]
    testmain.o(.rodata.font_ubuntu_mono_24_array) refers to testmain.o(.rodata.font_ubuntu_mono_24_0x49) for [Anonymous Symbol]
    testmain.o(.rodata.font_ubuntu_mono_24_array) refers to testmain.o(.rodata.font_ubuntu_mono_24_0x4a) for [Anonymous Symbol]
    testmain.o(.rodata.font_ubuntu_mono_24_array) refers to testmain.o(.rodata.font_ubuntu_mono_24_0x4b) for [Anonymous Symbol]
    testmain.o(.rodata.font_ubuntu_mono_24_array) refers to testmain.o(.rodata.font_ubuntu_mono_24_0x4c) for [Anonymous Symbol]
    testmain.o(.rodata.font_ubuntu_mono_24_array) refers to testmain.o(.rodata.font_ubuntu_mono_24_0x4d) for [Anonymous Symbol]
    testmain.o(.rodata.font_ubuntu_mono_24_array) refers to testmain.o(.rodata.font_ubuntu_mono_24_0x4e) for [Anonymous Symbol]
    testmain.o(.rodata.font_ubuntu_mono_24_array) refers to testmain.o(.rodata.font_ubuntu_mono_24_0x4f) for [Anonymous Symbol]
    testmain.o(.rodata.font_ubuntu_mono_24_array) refers to testmain.o(.rodata.font_ubuntu_mono_24_0x50) for [Anonymous Symbol]
    testmain.o(.rodata.font_ubuntu_mono_24_array) refers to testmain.o(.rodata.font_ubuntu_mono_24_0x51) for [Anonymous Symbol]
    testmain.o(.rodata.font_ubuntu_mono_24_array) refers to testmain.o(.rodata.font_ubuntu_mono_24_0x52) for [Anonymous Symbol]
    testmain.o(.rodata.font_ubuntu_mono_24_array) refers to testmain.o(.rodata.font_ubuntu_mono_24_0x53) for [Anonymous Symbol]
    testmain.o(.rodata.font_ubuntu_mono_24_array) refers to testmain.o(.rodata.font_ubuntu_mono_24_0x54) for [Anonymous Symbol]
    testmain.o(.rodata.font_ubuntu_mono_24_array) refers to testmain.o(.rodata.font_ubuntu_mono_24_0x55) for [Anonymous Symbol]
    testmain.o(.rodata.font_ubuntu_mono_24_array) refers to testmain.o(.rodata.font_ubuntu_mono_24_0x56) for [Anonymous Symbol]
    testmain.o(.rodata.font_ubuntu_mono_24_array) refers to testmain.o(.rodata.font_ubuntu_mono_24_0x57) for [Anonymous Symbol]
    testmain.o(.rodata.font_ubuntu_mono_24_array) refers to testmain.o(.rodata.font_ubuntu_mono_24_0x58) for [Anonymous Symbol]
    testmain.o(.rodata.font_ubuntu_mono_24_array) refers to testmain.o(.rodata.font_ubuntu_mono_24_0x59) for [Anonymous Symbol]
    testmain.o(.rodata.font_ubuntu_mono_24_array) refers to testmain.o(.rodata.font_ubuntu_mono_24_0x5a) for [Anonymous Symbol]
    testmain.o(.rodata.font_ubuntu_mono_24_array) refers to testmain.o(.rodata.font_ubuntu_mono_24_0x5b) for [Anonymous Symbol]
    testmain.o(.rodata.font_ubuntu_mono_24_array) refers to testmain.o(.rodata.font_ubuntu_mono_24_0x5c) for [Anonymous Symbol]
    testmain.o(.rodata.font_ubuntu_mono_24_array) refers to testmain.o(.rodata.font_ubuntu_mono_24_0x5d) for [Anonymous Symbol]
    testmain.o(.rodata.font_ubuntu_mono_24_array) refers to testmain.o(.rodata.font_ubuntu_mono_24_0x5e) for [Anonymous Symbol]
    testmain.o(.rodata.font_ubuntu_mono_24_array) refers to testmain.o(.rodata.font_ubuntu_mono_24_0x5f) for [Anonymous Symbol]
    testmain.o(.rodata.font_ubuntu_mono_24_array) refers to testmain.o(.rodata.font_ubuntu_mono_24_0x60) for [Anonymous Symbol]
    testmain.o(.rodata.font_ubuntu_mono_24_array) refers to testmain.o(.rodata.font_ubuntu_mono_24_0x61) for [Anonymous Symbol]
    testmain.o(.rodata.font_ubuntu_mono_24_array) refers to testmain.o(.rodata.font_ubuntu_mono_24_0x62) for [Anonymous Symbol]
    testmain.o(.rodata.font_ubuntu_mono_24_array) refers to testmain.o(.rodata.font_ubuntu_mono_24_0x63) for [Anonymous Symbol]
    testmain.o(.rodata.font_ubuntu_mono_24_array) refers to testmain.o(.rodata.font_ubuntu_mono_24_0x64) for [Anonymous Symbol]
    testmain.o(.rodata.font_ubuntu_mono_24_array) refers to testmain.o(.rodata.font_ubuntu_mono_24_0x65) for [Anonymous Symbol]
    testmain.o(.rodata.font_ubuntu_mono_24_array) refers to testmain.o(.rodata.font_ubuntu_mono_24_0x66) for [Anonymous Symbol]
    testmain.o(.rodata.font_ubuntu_mono_24_array) refers to testmain.o(.rodata.font_ubuntu_mono_24_0x67) for [Anonymous Symbol]
    testmain.o(.rodata.font_ubuntu_mono_24_array) refers to testmain.o(.rodata.font_ubuntu_mono_24_0x68) for [Anonymous Symbol]
    testmain.o(.rodata.font_ubuntu_mono_24_array) refers to testmain.o(.rodata.font_ubuntu_mono_24_0x69) for [Anonymous Symbol]
    testmain.o(.rodata.font_ubuntu_mono_24_array) refers to testmain.o(.rodata.font_ubuntu_mono_24_0x6a) for [Anonymous Symbol]
    testmain.o(.rodata.font_ubuntu_mono_24_array) refers to testmain.o(.rodata.font_ubuntu_mono_24_0x6b) for [Anonymous Symbol]
    testmain.o(.rodata.font_ubuntu_mono_24_array) refers to testmain.o(.rodata.font_ubuntu_mono_24_0x6c) for [Anonymous Symbol]
    testmain.o(.rodata.font_ubuntu_mono_24_array) refers to testmain.o(.rodata.font_ubuntu_mono_24_0x6d) for [Anonymous Symbol]
    testmain.o(.rodata.font_ubuntu_mono_24_array) refers to testmain.o(.rodata.font_ubuntu_mono_24_0x6e) for [Anonymous Symbol]
    testmain.o(.rodata.font_ubuntu_mono_24_array) refers to testmain.o(.rodata.font_ubuntu_mono_24_0x6f) for [Anonymous Symbol]
    testmain.o(.rodata.font_ubuntu_mono_24_array) refers to testmain.o(.rodata.font_ubuntu_mono_24_0x70) for [Anonymous Symbol]
    testmain.o(.rodata.font_ubuntu_mono_24_array) refers to testmain.o(.rodata.font_ubuntu_mono_24_0x71) for [Anonymous Symbol]
    testmain.o(.rodata.font_ubuntu_mono_24_array) refers to testmain.o(.rodata.font_ubuntu_mono_24_0x72) for [Anonymous Symbol]
    testmain.o(.rodata.font_ubuntu_mono_24_array) refers to testmain.o(.rodata.font_ubuntu_mono_24_0x73) for [Anonymous Symbol]
    testmain.o(.rodata.font_ubuntu_mono_24_array) refers to testmain.o(.rodata.font_ubuntu_mono_24_0x74) for [Anonymous Symbol]
    testmain.o(.rodata.font_ubuntu_mono_24_array) refers to testmain.o(.rodata.font_ubuntu_mono_24_0x75) for [Anonymous Symbol]
    testmain.o(.rodata.font_ubuntu_mono_24_array) refers to testmain.o(.rodata.font_ubuntu_mono_24_0x76) for [Anonymous Symbol]
    testmain.o(.rodata.font_ubuntu_mono_24_array) refers to testmain.o(.rodata.font_ubuntu_mono_24_0x77) for [Anonymous Symbol]
    testmain.o(.rodata.font_ubuntu_mono_24_array) refers to testmain.o(.rodata.font_ubuntu_mono_24_0x78) for [Anonymous Symbol]
    testmain.o(.rodata.font_ubuntu_mono_24_array) refers to testmain.o(.rodata.font_ubuntu_mono_24_0x79) for [Anonymous Symbol]
    testmain.o(.rodata.font_ubuntu_mono_24_array) refers to testmain.o(.rodata.font_ubuntu_mono_24_0x7a) for [Anonymous Symbol]
    testmain.o(.rodata.font_ubuntu_mono_24_array) refers to testmain.o(.rodata.font_ubuntu_mono_24_0x7b) for [Anonymous Symbol]
    testmain.o(.rodata.font_ubuntu_mono_24_array) refers to testmain.o(.rodata.font_ubuntu_mono_24_0x7c) for [Anonymous Symbol]
    testmain.o(.rodata.font_ubuntu_mono_24_array) refers to testmain.o(.rodata.font_ubuntu_mono_24_0x7d) for [Anonymous Symbol]
    testmain.o(.rodata.font_ubuntu_mono_24_array) refers to testmain.o(.rodata.font_ubuntu_mono_24_0x7e) for [Anonymous Symbol]
    testmain.o(.rodata.font_ubuntu_mono_24_0x20) refers to testmain.o(.rodata.image_data_font_ubuntu_mono_24_0x20) for [Anonymous Symbol]
    testmain.o(.rodata.font_ubuntu_mono_24_0x21) refers to testmain.o(.rodata.image_data_font_ubuntu_mono_24_0x21) for [Anonymous Symbol]
    testmain.o(.rodata.font_ubuntu_mono_24_0x22) refers to testmain.o(.rodata.image_data_font_ubuntu_mono_24_0x22) for [Anonymous Symbol]
    testmain.o(.rodata.font_ubuntu_mono_24_0x23) refers to testmain.o(.rodata.image_data_font_ubuntu_mono_24_0x23) for [Anonymous Symbol]
    testmain.o(.rodata.font_ubuntu_mono_24_0x24) refers to testmain.o(.rodata.image_data_font_ubuntu_mono_24_0x24) for [Anonymous Symbol]
    testmain.o(.rodata.font_ubuntu_mono_24_0x25) refers to testmain.o(.rodata.image_data_font_ubuntu_mono_24_0x25) for [Anonymous Symbol]
    testmain.o(.rodata.font_ubuntu_mono_24_0x26) refers to testmain.o(.rodata.image_data_font_ubuntu_mono_24_0x26) for [Anonymous Symbol]
    testmain.o(.rodata.font_ubuntu_mono_24_0x27) refers to testmain.o(.rodata.image_data_font_ubuntu_mono_24_0x27) for [Anonymous Symbol]
    testmain.o(.rodata.font_ubuntu_mono_24_0x28) refers to testmain.o(.rodata.image_data_font_ubuntu_mono_24_0x28) for [Anonymous Symbol]
    testmain.o(.rodata.font_ubuntu_mono_24_0x29) refers to testmain.o(.rodata.image_data_font_ubuntu_mono_24_0x29) for [Anonymous Symbol]
    testmain.o(.rodata.font_ubuntu_mono_24_0x2a) refers to testmain.o(.rodata.image_data_font_ubuntu_mono_24_0x2a) for [Anonymous Symbol]
    testmain.o(.rodata.font_ubuntu_mono_24_0x2b) refers to testmain.o(.rodata.image_data_font_ubuntu_mono_24_0x2b) for [Anonymous Symbol]
    testmain.o(.rodata.font_ubuntu_mono_24_0x2c) refers to testmain.o(.rodata.image_data_font_ubuntu_mono_24_0x2c) for [Anonymous Symbol]
    testmain.o(.rodata.font_ubuntu_mono_24_0x2d) refers to testmain.o(.rodata.image_data_font_ubuntu_mono_24_0x2d) for [Anonymous Symbol]
    testmain.o(.rodata.font_ubuntu_mono_24_0x2e) refers to testmain.o(.rodata.image_data_font_ubuntu_mono_24_0x2e) for [Anonymous Symbol]
    testmain.o(.rodata.font_ubuntu_mono_24_0x2f) refers to testmain.o(.rodata.image_data_font_ubuntu_mono_24_0x2f) for [Anonymous Symbol]
    testmain.o(.rodata.font_ubuntu_mono_24_0x30) refers to testmain.o(.rodata.image_data_font_ubuntu_mono_24_0x30) for [Anonymous Symbol]
    testmain.o(.rodata.font_ubuntu_mono_24_0x31) refers to testmain.o(.rodata.image_data_font_ubuntu_mono_24_0x31) for [Anonymous Symbol]
    testmain.o(.rodata.font_ubuntu_mono_24_0x32) refers to testmain.o(.rodata.image_data_font_ubuntu_mono_24_0x32) for [Anonymous Symbol]
    testmain.o(.rodata.font_ubuntu_mono_24_0x33) refers to testmain.o(.rodata.image_data_font_ubuntu_mono_24_0x33) for [Anonymous Symbol]
    testmain.o(.rodata.font_ubuntu_mono_24_0x34) refers to testmain.o(.rodata.image_data_font_ubuntu_mono_24_0x34) for [Anonymous Symbol]
    testmain.o(.rodata.font_ubuntu_mono_24_0x35) refers to testmain.o(.rodata.image_data_font_ubuntu_mono_24_0x35) for [Anonymous Symbol]
    testmain.o(.rodata.font_ubuntu_mono_24_0x36) refers to testmain.o(.rodata.image_data_font_ubuntu_mono_24_0x36) for [Anonymous Symbol]
    testmain.o(.rodata.font_ubuntu_mono_24_0x37) refers to testmain.o(.rodata.image_data_font_ubuntu_mono_24_0x37) for [Anonymous Symbol]
    testmain.o(.rodata.font_ubuntu_mono_24_0x38) refers to testmain.o(.rodata.image_data_font_ubuntu_mono_24_0x38) for [Anonymous Symbol]
    testmain.o(.rodata.font_ubuntu_mono_24_0x39) refers to testmain.o(.rodata.image_data_font_ubuntu_mono_24_0x39) for [Anonymous Symbol]
    testmain.o(.rodata.font_ubuntu_mono_24_0x3a) refers to testmain.o(.rodata.image_data_font_ubuntu_mono_24_0x3a) for [Anonymous Symbol]
    testmain.o(.rodata.font_ubuntu_mono_24_0x3b) refers to testmain.o(.rodata.image_data_font_ubuntu_mono_24_0x3b) for [Anonymous Symbol]
    testmain.o(.rodata.font_ubuntu_mono_24_0x3c) refers to testmain.o(.rodata.image_data_font_ubuntu_mono_24_0x3c) for [Anonymous Symbol]
    testmain.o(.rodata.font_ubuntu_mono_24_0x3d) refers to testmain.o(.rodata.image_data_font_ubuntu_mono_24_0x3d) for [Anonymous Symbol]
    testmain.o(.rodata.font_ubuntu_mono_24_0x3e) refers to testmain.o(.rodata.image_data_font_ubuntu_mono_24_0x3e) for [Anonymous Symbol]
    testmain.o(.rodata.font_ubuntu_mono_24_0x3f) refers to testmain.o(.rodata.image_data_font_ubuntu_mono_24_0x3f) for [Anonymous Symbol]
    testmain.o(.rodata.font_ubuntu_mono_24_0x40) refers to testmain.o(.rodata.image_data_font_ubuntu_mono_24_0x40) for [Anonymous Symbol]
    testmain.o(.rodata.font_ubuntu_mono_24_0x41) refers to testmain.o(.rodata.image_data_font_ubuntu_mono_24_0x41) for [Anonymous Symbol]
    testmain.o(.rodata.font_ubuntu_mono_24_0x42) refers to testmain.o(.rodata.image_data_font_ubuntu_mono_24_0x42) for [Anonymous Symbol]
    testmain.o(.rodata.font_ubuntu_mono_24_0x43) refers to testmain.o(.rodata.image_data_font_ubuntu_mono_24_0x43) for [Anonymous Symbol]
    testmain.o(.rodata.font_ubuntu_mono_24_0x44) refers to testmain.o(.rodata.image_data_font_ubuntu_mono_24_0x44) for [Anonymous Symbol]
    testmain.o(.rodata.font_ubuntu_mono_24_0x45) refers to testmain.o(.rodata.image_data_font_ubuntu_mono_24_0x45) for [Anonymous Symbol]
    testmain.o(.rodata.font_ubuntu_mono_24_0x46) refers to testmain.o(.rodata.image_data_font_ubuntu_mono_24_0x46) for [Anonymous Symbol]
    testmain.o(.rodata.font_ubuntu_mono_24_0x47) refers to testmain.o(.rodata.image_data_font_ubuntu_mono_24_0x47) for [Anonymous Symbol]
    testmain.o(.rodata.font_ubuntu_mono_24_0x48) refers to testmain.o(.rodata.image_data_font_ubuntu_mono_24_0x48) for [Anonymous Symbol]
    testmain.o(.rodata.font_ubuntu_mono_24_0x49) refers to testmain.o(.rodata.image_data_font_ubuntu_mono_24_0x49) for [Anonymous Symbol]
    testmain.o(.rodata.font_ubuntu_mono_24_0x4a) refers to testmain.o(.rodata.image_data_font_ubuntu_mono_24_0x4a) for [Anonymous Symbol]
    testmain.o(.rodata.font_ubuntu_mono_24_0x4b) refers to testmain.o(.rodata.image_data_font_ubuntu_mono_24_0x4b) for [Anonymous Symbol]
    testmain.o(.rodata.font_ubuntu_mono_24_0x4c) refers to testmain.o(.rodata.image_data_font_ubuntu_mono_24_0x4c) for [Anonymous Symbol]
    testmain.o(.rodata.font_ubuntu_mono_24_0x4d) refers to testmain.o(.rodata.image_data_font_ubuntu_mono_24_0x4d) for [Anonymous Symbol]
    testmain.o(.rodata.font_ubuntu_mono_24_0x4e) refers to testmain.o(.rodata.image_data_font_ubuntu_mono_24_0x4e) for [Anonymous Symbol]
    testmain.o(.rodata.font_ubuntu_mono_24_0x4f) refers to testmain.o(.rodata.image_data_font_ubuntu_mono_24_0x4f) for [Anonymous Symbol]
    testmain.o(.rodata.font_ubuntu_mono_24_0x50) refers to testmain.o(.rodata.image_data_font_ubuntu_mono_24_0x50) for [Anonymous Symbol]
    testmain.o(.rodata.font_ubuntu_mono_24_0x51) refers to testmain.o(.rodata.image_data_font_ubuntu_mono_24_0x51) for [Anonymous Symbol]
    testmain.o(.rodata.font_ubuntu_mono_24_0x52) refers to testmain.o(.rodata.image_data_font_ubuntu_mono_24_0x52) for [Anonymous Symbol]
    testmain.o(.rodata.font_ubuntu_mono_24_0x53) refers to testmain.o(.rodata.image_data_font_ubuntu_mono_24_0x53) for [Anonymous Symbol]
    testmain.o(.rodata.font_ubuntu_mono_24_0x54) refers to testmain.o(.rodata.image_data_font_ubuntu_mono_24_0x54) for [Anonymous Symbol]
    testmain.o(.rodata.font_ubuntu_mono_24_0x55) refers to testmain.o(.rodata.image_data_font_ubuntu_mono_24_0x55) for [Anonymous Symbol]
    testmain.o(.rodata.font_ubuntu_mono_24_0x56) refers to testmain.o(.rodata.image_data_font_ubuntu_mono_24_0x56) for [Anonymous Symbol]
    testmain.o(.rodata.font_ubuntu_mono_24_0x57) refers to testmain.o(.rodata.image_data_font_ubuntu_mono_24_0x57) for [Anonymous Symbol]
    testmain.o(.rodata.font_ubuntu_mono_24_0x58) refers to testmain.o(.rodata.image_data_font_ubuntu_mono_24_0x58) for [Anonymous Symbol]
    testmain.o(.rodata.font_ubuntu_mono_24_0x59) refers to testmain.o(.rodata.image_data_font_ubuntu_mono_24_0x59) for [Anonymous Symbol]
    testmain.o(.rodata.font_ubuntu_mono_24_0x5a) refers to testmain.o(.rodata.image_data_font_ubuntu_mono_24_0x5a) for [Anonymous Symbol]
    testmain.o(.rodata.font_ubuntu_mono_24_0x5b) refers to testmain.o(.rodata.image_data_font_ubuntu_mono_24_0x5b) for [Anonymous Symbol]
    testmain.o(.rodata.font_ubuntu_mono_24_0x5c) refers to testmain.o(.rodata.image_data_font_ubuntu_mono_24_0x5c) for [Anonymous Symbol]
    testmain.o(.rodata.font_ubuntu_mono_24_0x5d) refers to testmain.o(.rodata.image_data_font_ubuntu_mono_24_0x5d) for [Anonymous Symbol]
    testmain.o(.rodata.font_ubuntu_mono_24_0x5e) refers to testmain.o(.rodata.image_data_font_ubuntu_mono_24_0x5e) for [Anonymous Symbol]
    testmain.o(.rodata.font_ubuntu_mono_24_0x5f) refers to testmain.o(.rodata.image_data_font_ubuntu_mono_24_0x5f) for [Anonymous Symbol]
    testmain.o(.rodata.font_ubuntu_mono_24_0x60) refers to testmain.o(.rodata.image_data_font_ubuntu_mono_24_0x60) for [Anonymous Symbol]
    testmain.o(.rodata.font_ubuntu_mono_24_0x61) refers to testmain.o(.rodata.image_data_font_ubuntu_mono_24_0x61) for [Anonymous Symbol]
    testmain.o(.rodata.font_ubuntu_mono_24_0x62) refers to testmain.o(.rodata.image_data_font_ubuntu_mono_24_0x62) for [Anonymous Symbol]
    testmain.o(.rodata.font_ubuntu_mono_24_0x63) refers to testmain.o(.rodata.image_data_font_ubuntu_mono_24_0x63) for [Anonymous Symbol]
    testmain.o(.rodata.font_ubuntu_mono_24_0x64) refers to testmain.o(.rodata.image_data_font_ubuntu_mono_24_0x64) for [Anonymous Symbol]
    testmain.o(.rodata.font_ubuntu_mono_24_0x65) refers to testmain.o(.rodata.image_data_font_ubuntu_mono_24_0x65) for [Anonymous Symbol]
    testmain.o(.rodata.font_ubuntu_mono_24_0x66) refers to testmain.o(.rodata.image_data_font_ubuntu_mono_24_0x66) for [Anonymous Symbol]
    testmain.o(.rodata.font_ubuntu_mono_24_0x67) refers to testmain.o(.rodata.image_data_font_ubuntu_mono_24_0x67) for [Anonymous Symbol]
    testmain.o(.rodata.font_ubuntu_mono_24_0x68) refers to testmain.o(.rodata.image_data_font_ubuntu_mono_24_0x68) for [Anonymous Symbol]
    testmain.o(.rodata.font_ubuntu_mono_24_0x69) refers to testmain.o(.rodata.image_data_font_ubuntu_mono_24_0x69) for [Anonymous Symbol]
    testmain.o(.rodata.font_ubuntu_mono_24_0x6a) refers to testmain.o(.rodata.image_data_font_ubuntu_mono_24_0x6a) for [Anonymous Symbol]
    testmain.o(.rodata.font_ubuntu_mono_24_0x6b) refers to testmain.o(.rodata.image_data_font_ubuntu_mono_24_0x6b) for [Anonymous Symbol]
    testmain.o(.rodata.font_ubuntu_mono_24_0x6c) refers to testmain.o(.rodata.image_data_font_ubuntu_mono_24_0x6c) for [Anonymous Symbol]
    testmain.o(.rodata.font_ubuntu_mono_24_0x6d) refers to testmain.o(.rodata.image_data_font_ubuntu_mono_24_0x6d) for [Anonymous Symbol]
    testmain.o(.rodata.font_ubuntu_mono_24_0x6e) refers to testmain.o(.rodata.image_data_font_ubuntu_mono_24_0x6e) for [Anonymous Symbol]
    testmain.o(.rodata.font_ubuntu_mono_24_0x6f) refers to testmain.o(.rodata.image_data_font_ubuntu_mono_24_0x6f) for [Anonymous Symbol]
    testmain.o(.rodata.font_ubuntu_mono_24_0x70) refers to testmain.o(.rodata.image_data_font_ubuntu_mono_24_0x70) for [Anonymous Symbol]
    testmain.o(.rodata.font_ubuntu_mono_24_0x71) refers to testmain.o(.rodata.image_data_font_ubuntu_mono_24_0x71) for [Anonymous Symbol]
    testmain.o(.rodata.font_ubuntu_mono_24_0x72) refers to testmain.o(.rodata.image_data_font_ubuntu_mono_24_0x72) for [Anonymous Symbol]
    testmain.o(.rodata.font_ubuntu_mono_24_0x73) refers to testmain.o(.rodata.image_data_font_ubuntu_mono_24_0x73) for [Anonymous Symbol]
    testmain.o(.rodata.font_ubuntu_mono_24_0x74) refers to testmain.o(.rodata.image_data_font_ubuntu_mono_24_0x74) for [Anonymous Symbol]
    testmain.o(.rodata.font_ubuntu_mono_24_0x75) refers to testmain.o(.rodata.image_data_font_ubuntu_mono_24_0x75) for [Anonymous Symbol]
    testmain.o(.rodata.font_ubuntu_mono_24_0x76) refers to testmain.o(.rodata.image_data_font_ubuntu_mono_24_0x76) for [Anonymous Symbol]
    testmain.o(.rodata.font_ubuntu_mono_24_0x77) refers to testmain.o(.rodata.image_data_font_ubuntu_mono_24_0x77) for [Anonymous Symbol]
    testmain.o(.rodata.font_ubuntu_mono_24_0x78) refers to testmain.o(.rodata.image_data_font_ubuntu_mono_24_0x78) for [Anonymous Symbol]
    testmain.o(.rodata.font_ubuntu_mono_24_0x79) refers to testmain.o(.rodata.image_data_font_ubuntu_mono_24_0x79) for [Anonymous Symbol]
    testmain.o(.rodata.font_ubuntu_mono_24_0x7a) refers to testmain.o(.rodata.image_data_font_ubuntu_mono_24_0x7a) for [Anonymous Symbol]
    testmain.o(.rodata.font_ubuntu_mono_24_0x7b) refers to testmain.o(.rodata.image_data_font_ubuntu_mono_24_0x7b) for [Anonymous Symbol]
    testmain.o(.rodata.font_ubuntu_mono_24_0x7c) refers to testmain.o(.rodata.image_data_font_ubuntu_mono_24_0x7c) for [Anonymous Symbol]
    testmain.o(.rodata.font_ubuntu_mono_24_0x7d) refers to testmain.o(.rodata.image_data_font_ubuntu_mono_24_0x7d) for [Anonymous Symbol]
    testmain.o(.rodata.font_ubuntu_mono_24_0x7e) refers to testmain.o(.rodata.image_data_font_ubuntu_mono_24_0x7e) for [Anonymous Symbol]
    retarget_io.o(.ARM.exidx.text.ITM_SendChar) refers to retarget_io.o(.text.ITM_SendChar) for [Anonymous Symbol]
    retarget_io.o(.text.ITM_ReceiveChar) refers to retarget_io.o(.data.ITM_RxBuffer) for ITM_RxBuffer
    retarget_io.o(.ARM.exidx.text.ITM_ReceiveChar) refers to retarget_io.o(.text.ITM_ReceiveChar) for [Anonymous Symbol]
    retarget_io.o(.text._sys_open) refers to retarget_io.o(.rodata.str1.1) for .L.str
    retarget_io.o(.text._sys_open) refers to strcmpv7em.o(.text) for strcmp
    retarget_io.o(.ARM.exidx.text._sys_open) refers to retarget_io.o(.text._sys_open) for [Anonymous Symbol]
    retarget_io.o(.ARM.exidx.text._sys_close) refers to retarget_io.o(.text._sys_close) for [Anonymous Symbol]
    retarget_io.o(.text._sys_write) refers to retarget_io.o(.text.stdout_putchar) for stdout_putchar
    retarget_io.o(.text._sys_write) refers to retarget_io.o(.text.stderr_putchar) for stderr_putchar
    retarget_io.o(.ARM.exidx.text._sys_write) refers to retarget_io.o(.text._sys_write) for [Anonymous Symbol]
    retarget_io.o(.text.stdout_putchar) refers to retarget_io.o(.text.ITM_SendChar) for ITM_SendChar
    retarget_io.o(.ARM.exidx.text.stdout_putchar) refers to retarget_io.o(.text.stdout_putchar) for [Anonymous Symbol]
    retarget_io.o(.text.stderr_putchar) refers to retarget_io.o(.text.ITM_SendChar) for ITM_SendChar
    retarget_io.o(.ARM.exidx.text.stderr_putchar) refers to retarget_io.o(.text.stderr_putchar) for [Anonymous Symbol]
    retarget_io.o(.text._sys_read) refers to retarget_io.o(.text.stdin_getchar) for stdin_getchar
    retarget_io.o(.ARM.exidx.text._sys_read) refers to retarget_io.o(.text._sys_read) for [Anonymous Symbol]
    retarget_io.o(.text.stdin_getchar) refers to retarget_io.o(.text.ITM_ReceiveChar) for ITM_ReceiveChar
    retarget_io.o(.ARM.exidx.text.stdin_getchar) refers to retarget_io.o(.text.stdin_getchar) for [Anonymous Symbol]
    retarget_io.o(.ARM.exidx.text._sys_istty) refers to retarget_io.o(.text._sys_istty) for [Anonymous Symbol]
    retarget_io.o(.ARM.exidx.text._sys_seek) refers to retarget_io.o(.text._sys_seek) for [Anonymous Symbol]
    retarget_io.o(.ARM.exidx.text._sys_flen) refers to retarget_io.o(.text._sys_flen) for [Anonymous Symbol]
    startup_stm32f446xx.o(STACK) refers (Special) to heapauxi.o(.text) for __use_two_region_memory
    startup_stm32f446xx.o(HEAP) refers (Special) to heapauxi.o(.text) for __use_two_region_memory
    startup_stm32f446xx.o(RESET) refers (Special) to heapauxi.o(.text) for __use_two_region_memory
    startup_stm32f446xx.o(RESET) refers to startup_stm32f446xx.o(STACK) for __initial_sp
    startup_stm32f446xx.o(RESET) refers to startup_stm32f446xx.o(.text) for Reset_Handler
    startup_stm32f446xx.o(.text) refers (Special) to heapauxi.o(.text) for __use_two_region_memory
    startup_stm32f446xx.o(.text) refers to system_stm32f4xx.o(.text.SystemInit) for SystemInit
    startup_stm32f446xx.o(.text) refers to __main.o(!!!main) for __main
    startup_stm32f446xx.o(.text) refers to startup_stm32f446xx.o(HEAP) for Heap_Mem
    startup_stm32f446xx.o(.text) refers to startup_stm32f446xx.o(STACK) for Stack_Mem
    system_stm32f4xx.o(.ARM.exidx.text.SystemInit) refers to system_stm32f4xx.o(.text.SystemInit) for [Anonymous Symbol]
    system_stm32f4xx.o(.text.SystemCoreClockUpdate) refers to system_stm32f4xx.o(.data.SystemCoreClock) for SystemCoreClock
    system_stm32f4xx.o(.text.SystemCoreClockUpdate) refers to system_stm32f4xx.o(.rodata.AHBPrescTable) for AHBPrescTable
    system_stm32f4xx.o(.ARM.exidx.text.SystemCoreClockUpdate) refers to system_stm32f4xx.o(.text.SystemCoreClockUpdate) for [Anonymous Symbol]
    printf.o(.text) refers (Special) to _printf_a.o(.ARM.Collect$$_printf_percent$$00000006) for _printf_a
    printf.o(.text) refers (Special) to _printf_c.o(.ARM.Collect$$_printf_percent$$00000013) for _printf_c
    printf.o(.text) refers (Special) to _printf_charcount.o(.text) for _printf_charcount
    printf.o(.text) refers (Special) to _printf_d.o(.ARM.Collect$$_printf_percent$$00000009) for _printf_d
    printf.o(.text) refers (Special) to _printf_e.o(.ARM.Collect$$_printf_percent$$00000004) for _printf_e
    printf.o(.text) refers (Special) to _printf_f.o(.ARM.Collect$$_printf_percent$$00000003) for _printf_f
    printf.o(.text) refers (Special) to printf1.o(x$fpl$printf1) for _printf_fp_dec
    printf.o(.text) refers (Special) to printf2.o(x$fpl$printf2) for _printf_fp_hex
    printf.o(.text) refers (Special) to _printf_g.o(.ARM.Collect$$_printf_percent$$00000005) for _printf_g
    printf.o(.text) refers (Special) to _printf_i.o(.ARM.Collect$$_printf_percent$$00000008) for _printf_i
    printf.o(.text) refers (Special) to _printf_dec.o(.text) for _printf_int_dec
    printf.o(.text) refers (Special) to _printf_l.o(.ARM.Collect$$_printf_percent$$00000012) for _printf_l
    printf.o(.text) refers (Special) to _printf_lc.o(.ARM.Collect$$_printf_percent$$00000015) for _printf_lc
    printf.o(.text) refers (Special) to _printf_ll.o(.ARM.Collect$$_printf_percent$$00000007) for _printf_ll
    printf.o(.text) refers (Special) to _printf_lld.o(.ARM.Collect$$_printf_percent$$0000000E) for _printf_lld
    printf.o(.text) refers (Special) to _printf_lli.o(.ARM.Collect$$_printf_percent$$0000000D) for _printf_lli
    printf.o(.text) refers (Special) to _printf_llo.o(.ARM.Collect$$_printf_percent$$00000010) for _printf_llo
    printf.o(.text) refers (Special) to _printf_llu.o(.ARM.Collect$$_printf_percent$$0000000F) for _printf_llu
    printf.o(.text) refers (Special) to _printf_llx.o(.ARM.Collect$$_printf_percent$$00000011) for _printf_llx
    printf.o(.text) refers (Special) to _printf_longlong_dec.o(.text) for _printf_longlong_dec
    printf.o(.text) refers (Special) to _printf_hex_int_ll_ptr.o(.text) for _printf_longlong_hex
    printf.o(.text) refers (Special) to _printf_oct_int_ll.o(.text) for _printf_longlong_oct
    printf.o(.text) refers (Special) to _printf_ls.o(.ARM.Collect$$_printf_percent$$00000016) for _printf_ls
    printf.o(.text) refers (Special) to _printf_n.o(.ARM.Collect$$_printf_percent$$00000001) for _printf_n
    printf.o(.text) refers (Special) to _printf_o.o(.ARM.Collect$$_printf_percent$$0000000B) for _printf_o
    printf.o(.text) refers (Special) to _printf_p.o(.ARM.Collect$$_printf_percent$$00000002) for _printf_p
    printf.o(.text) refers (Special) to _printf_percent.o(.ARM.Collect$$_printf_percent$$00000000) for _printf_percent
    printf.o(.text) refers (Special) to _printf_pad.o(.text) for _printf_post_padding
    printf.o(.text) refers (Special) to _printf_s.o(.ARM.Collect$$_printf_percent$$00000014) for _printf_s
    printf.o(.text) refers (Special) to _printf_str.o(.text) for _printf_str
    printf.o(.text) refers (Special) to _printf_truncate.o(.text) for _printf_truncate_signed
    printf.o(.text) refers (Special) to _printf_u.o(.ARM.Collect$$_printf_percent$$0000000A) for _printf_u
    printf.o(.text) refers (Special) to _printf_wctomb.o(.text) for _printf_wctomb
    printf.o(.text) refers (Special) to _printf_x.o(.ARM.Collect$$_printf_percent$$0000000C) for _printf_x
    printf.o(.text) refers to _printf_char_file.o(.text) for _printf_char_file
    printf.o(.text) refers to stdio_streams.o(.bss) for __stdout
    __main.o(!!!main) refers to __rtentry.o(.ARM.Collect$$rtentry$$00000000) for __rt_entry
    __rtentry.o(.ARM.Collect$$rtentry$$00000000) refers (Special) to __rtentry2.o(.ARM.Collect$$rtentry$$0000000A) for __rt_entry_li
    __rtentry.o(.ARM.Collect$$rtentry$$00000000) refers (Special) to __rtentry2.o(.ARM.Collect$$rtentry$$0000000D) for __rt_entry_main
    __rtentry.o(.ARM.Collect$$rtentry$$00000000) refers (Special) to __rtentry2.o(.ARM.Collect$$rtentry$$0000000C) for __rt_entry_postli_1
    __rtentry.o(.ARM.Collect$$rtentry$$00000000) refers (Special) to __rtentry2.o(.ARM.Collect$$rtentry$$00000009) for __rt_entry_postsh_1
    __rtentry.o(.ARM.Collect$$rtentry$$00000000) refers (Special) to __rtentry2.o(.ARM.Collect$$rtentry$$00000002) for __rt_entry_presh_1
    __rtentry.o(.ARM.Collect$$rtentry$$00000000) refers (Special) to __rtentry4.o(.ARM.Collect$$rtentry$$00000004) for __rt_entry_sh
    __printf.o(.text) refers to _printf_percent.o(.ARM.Collect$$_printf_percent$$00000000) for _printf_percent
    _printf_str.o(.text) refers (Special) to _printf_char.o(.text) for _printf_cs_common
    _printf_str.o(.text) refers (Weak) to _printf_pad.o(.text) for _printf_pre_padding
    _printf_str.o(.text) refers (Weak) to _printf_pad.o(.text) for _printf_post_padding
    _printf_dec.o(.text) refers (Weak) to _printf_truncate.o(.text) for _printf_truncate_signed
    _printf_dec.o(.text) refers (Weak) to _printf_truncate.o(.text) for _printf_truncate_unsigned
    _printf_dec.o(.text) refers to _printf_intcommon.o(.text) for _printf_int_common
    _printf_char_file.o(.text) refers to _printf_char_common.o(.text) for _printf_char_common
    _printf_char_file.o(.text) refers to ferror.o(.text) for ferror
    _printf_char_file.o(.text) refers to fputc.o(i.fputc) for fputc
    _printf_wctomb.o(.text) refers (Special) to _printf_wchar.o(.text) for _printf_lcs_common
    _printf_wctomb.o(.text) refers to _c16rtomb.o(.text) for _wcrtomb
    _printf_wctomb.o(.text) refers (Weak) to _printf_pad.o(.text) for _printf_pre_padding
    _printf_wctomb.o(.text) refers (Weak) to _printf_pad.o(.text) for _printf_post_padding
    _printf_wctomb.o(.text) refers to _printf_wctomb.o(.constdata) for .constdata
    _printf_wctomb.o(.constdata) refers (Special) to _printf_wchar.o(.text) for _printf_lcs_common
    _printf_longlong_dec.o(.text) refers to lludiv10.o(.text) for _ll_udiv10
    _printf_longlong_dec.o(.text) refers to _printf_intcommon.o(.text) for _printf_int_common
    _printf_oct_ll.o(.text) refers to _printf_intcommon.o(.text) for _printf_int_common
    _printf_oct_int.o(.text) refers (Weak) to _printf_truncate.o(.text) for _printf_truncate_unsigned
    _printf_oct_int.o(.text) refers to _printf_intcommon.o(.text) for _printf_int_common
    _printf_oct_int_ll.o(.text) refers to _printf_intcommon.o(.text) for _printf_int_common
    _printf_oct_int_ll.o(.text) refers (Weak) to _printf_truncate.o(.text) for _printf_truncate_unsigned
    _printf_hex_ll.o(.text) refers to _printf_intcommon.o(.text) for _printf_int_common
    _printf_hex_ll.o(.text) refers to _printf_hex_ll.o(.constdata) for .constdata
    _printf_hex_int.o(.text) refers (Weak) to _printf_truncate.o(.text) for _printf_truncate_unsigned
    _printf_hex_int.o(.text) refers to _printf_intcommon.o(.text) for _printf_int_common
    _printf_hex_int.o(.text) refers to _printf_hex_int.o(.constdata) for .constdata
    _printf_hex_int_ll.o(.text) refers to _printf_intcommon.o(.text) for _printf_int_common
    _printf_hex_int_ll.o(.text) refers (Weak) to _printf_truncate.o(.text) for _printf_truncate_unsigned
    _printf_hex_int_ll.o(.text) refers to _printf_hex_int_ll.o(.constdata) for .constdata
    _printf_hex_ptr.o(.text) refers to _printf_intcommon.o(.text) for _printf_int_common
    _printf_hex_ptr.o(.text) refers to _printf_hex_ptr.o(.constdata) for .constdata
    _printf_hex_int_ptr.o(.text) refers to _printf_intcommon.o(.text) for _printf_int_common
    _printf_hex_int_ptr.o(.text) refers (Weak) to _printf_truncate.o(.text) for _printf_truncate_unsigned
    _printf_hex_int_ptr.o(.text) refers to _printf_hex_int_ptr.o(.constdata) for .constdata
    _printf_hex_ll_ptr.o(.text) refers to _printf_intcommon.o(.text) for _printf_int_common
    _printf_hex_ll_ptr.o(.text) refers to _printf_hex_ll_ptr.o(.constdata) for .constdata
    _printf_hex_int_ll_ptr.o(.text) refers to _printf_intcommon.o(.text) for _printf_int_common
    _printf_hex_int_ll_ptr.o(.text) refers (Weak) to _printf_truncate.o(.text) for _printf_truncate_unsigned
    _printf_hex_int_ll_ptr.o(.text) refers to _printf_hex_int_ll_ptr.o(.constdata) for .constdata
    __printf_flags.o(.text) refers to _printf_percent.o(.ARM.Collect$$_printf_percent$$00000000) for _printf_percent
    __printf_flags.o(.text) refers to __printf_flags.o(.constdata) for .constdata
    __printf_ss.o(.text) refers to _printf_percent.o(.ARM.Collect$$_printf_percent$$00000000) for _printf_percent
    __printf_flags_ss.o(.text) refers to _printf_percent.o(.ARM.Collect$$_printf_percent$$00000000) for _printf_percent
    __printf_flags_ss.o(.text) refers to __printf_flags_ss.o(.constdata) for .constdata
    __printf_wp.o(.text) refers to __printf_wp.o(i._is_digit) for _is_digit
    __printf_wp.o(.text) refers to _printf_percent.o(.ARM.Collect$$_printf_percent$$00000000) for _printf_percent
    __printf_flags_wp.o(.text) refers to __printf_wp.o(i._is_digit) for _is_digit
    __printf_flags_wp.o(.text) refers to _printf_percent.o(.ARM.Collect$$_printf_percent$$00000000) for _printf_percent
    __printf_flags_wp.o(.text) refers to __printf_flags_wp.o(.constdata) for .constdata
    __printf_ss_wp.o(.text) refers to __printf_wp.o(i._is_digit) for _is_digit
    __printf_ss_wp.o(.text) refers to _printf_percent.o(.ARM.Collect$$_printf_percent$$00000000) for _printf_percent
    __printf_flags_ss_wp.o(.text) refers to __printf_wp.o(i._is_digit) for _is_digit
    __printf_flags_ss_wp.o(.text) refers to _printf_percent.o(.ARM.Collect$$_printf_percent$$00000000) for _printf_percent
    __printf_flags_ss_wp.o(.text) refers to __printf_flags_ss_wp.o(.constdata) for .constdata
    _printf_c.o(.ARM.Collect$$_printf_percent$$00000013) refers (Weak) to _printf_char.o(.text) for _printf_char
    _printf_s.o(.ARM.Collect$$_printf_percent$$00000014) refers (Weak) to _printf_char.o(.text) for _printf_string
    _printf_n.o(.ARM.Collect$$_printf_percent$$00000001) refers (Weak) to _printf_charcount.o(.text) for _printf_charcount
    _printf_x.o(.ARM.Collect$$_printf_percent$$0000000C) refers (Weak) to _printf_hex_int_ll_ptr.o(.text) for _printf_int_hex
    _printf_p.o(.ARM.Collect$$_printf_percent$$00000002) refers (Weak) to _printf_hex_int_ll_ptr.o(.text) for _printf_hex_ptr
    _printf_o.o(.ARM.Collect$$_printf_percent$$0000000B) refers (Weak) to _printf_oct_int_ll.o(.text) for _printf_int_oct
    _printf_i.o(.ARM.Collect$$_printf_percent$$00000008) refers (Weak) to _printf_dec.o(.text) for _printf_int_dec
    _printf_d.o(.ARM.Collect$$_printf_percent$$00000009) refers (Weak) to _printf_dec.o(.text) for _printf_int_dec
    _printf_u.o(.ARM.Collect$$_printf_percent$$0000000A) refers (Weak) to _printf_dec.o(.text) for _printf_int_dec
    _printf_f.o(.ARM.Collect$$_printf_percent$$00000003) refers (Weak) to printf1.o(x$fpl$printf1) for _printf_fp_dec
    _printf_e.o(.ARM.Collect$$_printf_percent$$00000004) refers (Weak) to printf1.o(x$fpl$printf1) for _printf_fp_dec
    _printf_g.o(.ARM.Collect$$_printf_percent$$00000005) refers (Weak) to printf1.o(x$fpl$printf1) for _printf_fp_dec
    _printf_a.o(.ARM.Collect$$_printf_percent$$00000006) refers (Weak) to printf2.o(x$fpl$printf2) for _printf_fp_hex
    _printf_percent.o(.ARM.Collect$$_printf_percent$$00000000) refers (Special) to _printf_percent_end.o(.ARM.Collect$$_printf_percent$$00000017) for _printf_percent_end
    _printf_lli.o(.ARM.Collect$$_printf_percent$$0000000D) refers (Special) to _printf_ll.o(.ARM.Collect$$_printf_percent$$00000007) for _printf_ll
    _printf_lli.o(.ARM.Collect$$_printf_percent$$0000000D) refers (Weak) to _printf_longlong_dec.o(.text) for _printf_longlong_dec
    _printf_lld.o(.ARM.Collect$$_printf_percent$$0000000E) refers (Special) to _printf_ll.o(.ARM.Collect$$_printf_percent$$00000007) for _printf_ll
    _printf_lld.o(.ARM.Collect$$_printf_percent$$0000000E) refers (Weak) to _printf_longlong_dec.o(.text) for _printf_longlong_dec
    _printf_llu.o(.ARM.Collect$$_printf_percent$$0000000F) refers (Special) to _printf_ll.o(.ARM.Collect$$_printf_percent$$00000007) for _printf_ll
    _printf_llu.o(.ARM.Collect$$_printf_percent$$0000000F) refers (Weak) to _printf_longlong_dec.o(.text) for _printf_longlong_dec
    _printf_lc.o(.ARM.Collect$$_printf_percent$$00000015) refers (Special) to _printf_l.o(.ARM.Collect$$_printf_percent$$00000012) for _printf_l
    _printf_lc.o(.ARM.Collect$$_printf_percent$$00000015) refers (Weak) to _printf_wchar.o(.text) for _printf_wchar
    _printf_ls.o(.ARM.Collect$$_printf_percent$$00000016) refers (Special) to _printf_l.o(.ARM.Collect$$_printf_percent$$00000012) for _printf_l
    _printf_ls.o(.ARM.Collect$$_printf_percent$$00000016) refers (Weak) to _printf_wchar.o(.text) for _printf_wstring
    _printf_llo.o(.ARM.Collect$$_printf_percent$$00000010) refers (Special) to _printf_ll.o(.ARM.Collect$$_printf_percent$$00000007) for _printf_ll
    _printf_llo.o(.ARM.Collect$$_printf_percent$$00000010) refers (Weak) to _printf_oct_int_ll.o(.text) for _printf_ll_oct
    _printf_llx.o(.ARM.Collect$$_printf_percent$$00000011) refers (Special) to _printf_ll.o(.ARM.Collect$$_printf_percent$$00000007) for _printf_ll
    _printf_llx.o(.ARM.Collect$$_printf_percent$$00000011) refers (Weak) to _printf_hex_int_ll_ptr.o(.text) for _printf_ll_hex
    stdio_streams.o(.bss) refers (Special) to initio.o(.text) for _initio
    stdio_streams.o(.bss) refers (Special) to initio.o(.text) for _initio
    stdio_streams.o(.bss) refers (Special) to initio.o(.text) for _initio
    stdio_streams.o(.data) refers (Special) to initio.o(.text) for _initio
    stdio_streams.o(.data) refers (Special) to initio.o(.text) for _initio
    stdio_streams.o(.data) refers (Special) to initio.o(.text) for _initio
    printf1.o(x$fpl$printf1) refers to _printf_fp_dec.o(.text) for _printf_fp_dec_real
    printf2.o(x$fpl$printf2) refers to _printf_fp_hex.o(.text) for _printf_fp_hex_real
    printf2b.o(x$fpl$printf2) refers to _printf_fp_hex.o(.text) for _printf_fp_hex_real
    __rtentry2.o(.ARM.Collect$$rtentry$$00000008) refers to boardinit2.o(.text) for _platform_post_stackheap_init
    __rtentry2.o(.ARM.Collect$$rtentry$$0000000A) refers to libinit.o(.ARM.Collect$$libinit$$00000000) for __rt_lib_init
    __rtentry2.o(.ARM.Collect$$rtentry$$0000000B) refers to boardinit3.o(.text) for _platform_post_lib_init
    __rtentry2.o(.ARM.Collect$$rtentry$$0000000D) refers to main.o(.text.main) for main
    __rtentry2.o(.ARM.Collect$$rtentry$$0000000D) refers to testmain.o(.text.main) for main
    __rtentry2.o(.ARM.Collect$$rtentry$$0000000D) refers to exit.o(.text) for exit
    __rtentry2.o(.ARM.exidx) refers to __rtentry2.o(.ARM.Collect$$rtentry$$00000001) for .ARM.Collect$$rtentry$$00000001
    __rtentry2.o(.ARM.exidx) refers to __rtentry2.o(.ARM.Collect$$rtentry$$00000008) for .ARM.Collect$$rtentry$$00000008
    __rtentry2.o(.ARM.exidx) refers to __rtentry2.o(.ARM.Collect$$rtentry$$0000000A) for .ARM.Collect$$rtentry$$0000000A
    __rtentry2.o(.ARM.exidx) refers to __rtentry2.o(.ARM.Collect$$rtentry$$0000000B) for .ARM.Collect$$rtentry$$0000000B
    __rtentry2.o(.ARM.exidx) refers to __rtentry2.o(.ARM.Collect$$rtentry$$0000000D) for .ARM.Collect$$rtentry$$0000000D
    __rtentry4.o(.ARM.Collect$$rtentry$$00000004) refers to sys_stackheap_outer.o(.text) for __user_setup_stackheap
    __rtentry4.o(.ARM.exidx) refers to __rtentry4.o(.ARM.Collect$$rtentry$$00000004) for .ARM.Collect$$rtentry$$00000004
    _printf_intcommon.o(.text) refers (Weak) to _printf_pad.o(.text) for _printf_pre_padding
    _printf_intcommon.o(.text) refers (Weak) to _printf_pad.o(.text) for _printf_pre_padding
    _printf_intcommon.o(.text) refers (Weak) to _printf_pad.o(.text) for _printf_post_padding
    _printf_fp_dec.o(.text) refers (Special) to usenofp.o(x$fpl$usenofp) for __I$use$fp
    _printf_fp_dec.o(.text) refers (Special) to lc_numeric_c.o(locale$$code) for _get_lc_numeric
    _printf_fp_dec.o(.text) refers to bigflt0.o(.text) for _btod_etento
    _printf_fp_dec.o(.text) refers to btod.o(CL$$btod_d2e) for _btod_d2e
    _printf_fp_dec.o(.text) refers to btod.o(CL$$btod_ediv) for _btod_ediv
    _printf_fp_dec.o(.text) refers to btod.o(CL$$btod_emul) for _btod_emul
    _printf_fp_dec.o(.text) refers to lludiv10.o(.text) for _ll_udiv10
    _printf_fp_dec.o(.text) refers to fpclassify.o(i.__ARM_fpclassify) for __ARM_fpclassify
    _printf_fp_dec.o(.text) refers to _printf_fp_infnan.o(.text) for _printf_fp_infnan
    _printf_fp_dec.o(.text) refers (Weak) to _printf_pad.o(.text) for _printf_pre_padding
    _printf_fp_dec.o(.text) refers (Weak) to _printf_pad.o(.text) for _printf_pre_padding
    _printf_fp_dec.o(.text) refers to rt_locale_intlibspace.o(.text) for __rt_locale
    _printf_fp_dec.o(.text) refers (Weak) to _printf_pad.o(.text) for _printf_post_padding
    _printf_fp_dec_accurate.o(.text) refers (Special) to usenofp.o(x$fpl$usenofp) for __I$use$fp
    _printf_fp_dec_accurate.o(.text) refers (Special) to lc_numeric_c.o(locale$$code) for _get_lc_numeric
    _printf_fp_dec_accurate.o(.text) refers to btod_accurate.o(.text) for _btod_main
    _printf_fp_dec_accurate.o(.text) refers to fpclassify.o(i.__ARM_fpclassify) for __ARM_fpclassify
    _printf_fp_dec_accurate.o(.text) refers to _printf_fp_infnan.o(.text) for _printf_fp_infnan
    _printf_fp_dec_accurate.o(.text) refers (Weak) to _printf_pad.o(.text) for _printf_pre_padding
    _printf_fp_dec_accurate.o(.text) refers (Weak) to _printf_pad.o(.text) for _printf_pre_padding
    _printf_fp_dec_accurate.o(.text) refers to rt_locale_intlibspace.o(.text) for __rt_locale
    _printf_fp_dec_accurate.o(.text) refers (Weak) to _printf_pad.o(.text) for _printf_post_padding
    _printf_fp_hex.o(.text) refers (Special) to usenofp.o(x$fpl$usenofp) for __I$use$fp
    _printf_fp_hex.o(.text) refers to fpclassify.o(i.__ARM_fpclassify) for __ARM_fpclassify
    _printf_fp_hex.o(.text) refers to _printf_fp_infnan.o(.text) for _printf_fp_infnan
    _printf_fp_hex.o(.text) refers (Weak) to _printf_pad.o(.text) for _printf_pre_padding
    _printf_fp_hex.o(.text) refers (Weak) to _printf_pad.o(.text) for _printf_pre_padding
    _printf_fp_hex.o(.text) refers (Weak) to _printf_pad.o(.text) for _printf_post_padding
    _printf_fp_hex.o(.text) refers to _printf_fp_hex.o(.constdata) for .constdata
    _printf_fp_hex.o(.constdata) refers (Special) to usenofp.o(x$fpl$usenofp) for __I$use$fp
    _printf_char_common.o(.text) refers to __printf_flags_ss_wp.o(.text) for __printf
    _printf_char.o(.text) refers (Weak) to _printf_str.o(.text) for _printf_str
    _printf_wchar.o(.text) refers (Weak) to _printf_wctomb.o(.text) for _printf_wctomb
    fputc.o(i.fputc) refers to flsbuf.o(.text) for __flsbuf_byte
    initio.o(.text) refers (Special) to libinit2.o(.ARM.Collect$$libinit$$00000026) for __rt_lib_init_stdio_2
    initio.o(.text) refers (Special) to libshutdown2.o(.ARM.Collect$$libshutdown$$00000003) for __rt_lib_shutdown_stdio_2
    initio.o(.text) refers to rt_memclr_w.o(.text) for __aeabi_memclr4
    initio.o(.text) refers to fopen.o(.text) for freopen
    initio.o(.text) refers to defsig_rtred_outer.o(.text) for __rt_SIGRTRED
    initio.o(.text) refers to setvbuf.o(.text) for setvbuf
    initio.o(.text) refers to fclose.o(.text) for _fclose_internal
    initio.o(.text) refers to h1_free.o(.text) for free
    initio.o(.text) refers to stdio_streams.o(.bss) for __stdin
    initio.o(.text) refers to stdio_streams.o(.bss) for __stdout
    initio.o(.text) refers to stdio_streams.o(.bss) for __stderr
    initio.o(.text) refers to stdio_streams.o(.data) for __aeabi_stdin
    initio.o(.text) refers to stdio_streams.o(.data) for __aeabi_stdout
    initio.o(.text) refers to stdio_streams.o(.data) for __aeabi_stderr
    initio.o(.text) refers to retarget_io.o(.rodata.__stdin_name) for __stdin_name
    initio.o(.text) refers to retarget_io.o(.rodata.__stdout_name) for __stdout_name
    initio.o(.text) refers to retarget_io.o(.rodata.__stderr_name) for __stderr_name
    initio_locked.o(.text) refers (Special) to libinit2.o(.ARM.Collect$$libinit$$00000026) for __rt_lib_init_stdio_2
    initio_locked.o(.text) refers (Special) to libshutdown2.o(.ARM.Collect$$libshutdown$$00000003) for __rt_lib_shutdown_stdio_2
    initio_locked.o(.text) refers to rt_memclr_w.o(.text) for __aeabi_memclr4
    initio_locked.o(.text) refers to fopen.o(.text) for freopen
    initio_locked.o(.text) refers to defsig_rtred_outer.o(.text) for __rt_SIGRTRED
    initio_locked.o(.text) refers to setvbuf.o(.text) for setvbuf
    initio_locked.o(.text) refers to fclose.o(.text) for _fclose_internal
    initio_locked.o(.text) refers to h1_free.o(.text) for free
    initio_locked.o(.text) refers to stdio_streams.o(.bss) for __stdin
    initio_locked.o(.text) refers to stdio_streams.o(.bss) for __stdout
    initio_locked.o(.text) refers to stdio_streams.o(.bss) for __stderr
    initio_locked.o(.text) refers to stdio_streams.o(.data) for __aeabi_stdin
    initio_locked.o(.text) refers to stdio_streams.o(.data) for __aeabi_stdout
    initio_locked.o(.text) refers to stdio_streams.o(.data) for __aeabi_stderr
    initio_locked.o(.text) refers to streamlock.o(.data) for _stream_list_lock
    initio_locked.o(.text) refers to retarget_io.o(.rodata.__stdin_name) for __stdin_name
    initio_locked.o(.text) refers to retarget_io.o(.rodata.__stdout_name) for __stdout_name
    initio_locked.o(.text) refers to retarget_io.o(.rodata.__stderr_name) for __stderr_name
    _c16rtomb.o(.text) refers to rt_ctype_table.o(.text) for __rt_ctype_table
    sys_stackheap_outer.o(.text) refers to libspace.o(.text) for __user_perproc_libspace
    sys_stackheap_outer.o(.text) refers to startup_stm32f446xx.o(.text) for __user_initial_stackheap
    rt_ctype_table.o(.text) refers to rt_locale_intlibspace.o(.text) for __rt_locale
    rt_ctype_table.o(.text) refers to lc_ctype_c.o(locale$$code) for _get_lc_ctype
    rt_locale.o(.text) refers to rt_locale.o(.bss) for __rt_locale_data
    rt_locale_intlibspace.o(.text) refers to libspace.o(.bss) for __libspace_start
    free.o(.text) refers (Special) to hguard.o(.text) for __heap$guard
    free.o(.text) refers to rt_heap_descriptor_intlibspace.o(.text) for __rt_heap_descriptor
    free.o(.text) refers to heapstubs.o(.text) for __Heap_Free
    h1_free.o(.text) refers to rt_heap_descriptor_intlibspace.o(.text) for __rt_heap_descriptor
    h1_free_threads.o(.text) refers to rt_heap_descriptor_intlibspace.o(.text) for __rt_heap_descriptor
    heap2.o(i._FDIterate) refers to heap2.o(.conststring) for .conststring
    heap2.o(i.__Heap_ProvideMemory$realtime) refers to fdtree.o(i._FDTree_Delete) for _FDTree_Delete
    heap2.o(i.__Heap_ProvideMemory$realtime) refers to fdtree.o(i._FDTree_Insert) for _FDTree_Insert
    heap2.o(i.__Heap_Stats$realtime) refers to heap2.o(i._Heap2_StatsIterate) for _Heap2_StatsIterate
    heap2.o(i.__Heap_Valid$realtime) refers to heap2.o(i._FDIterate) for _FDIterate
    heap2.o(i.__Heap_Valid$realtime) refers to heap2.o(.conststring) for .conststring
    heap2.o(i.free$realtime) refers to rt_heap_descriptor_intlibspace.o(.text) for __rt_heap_descriptor
    heap2.o(i.free$realtime) refers to fdtree.o(i._FDTree_Delete) for _FDTree_Delete
    heap2.o(i.free$realtime) refers to fdtree.o(i._FDTree_Insert) for _FDTree_Insert
    heap2.o(i.malloc$realtime) refers to rt_heap_descriptor_intlibspace.o(.text) for __rt_heap_descriptor
    heap2.o(i.malloc$realtime) refers to fdtree.o(i._FDTree_FindFirst) for _FDTree_FindFirst
    heap2.o(i.malloc$realtime) refers to init_alloc.o(.text) for __Heap_Full
    heap2.o(i.malloc$realtime) refers to fdtree.o(i._FDTree_RemoveNode) for _FDTree_RemoveNode
    heap2.o(i.malloc$realtime) refers to fdtree.o(i._FDTree_Insert) for _FDTree_Insert
    heap2.o(i.posix_memalign$realtime) refers to rt_heap_descriptor_intlibspace.o(.text) for __rt_heap_descriptor
    heap2.o(i.posix_memalign$realtime) refers to fdtree.o(i._FDTree_FindFirst) for _FDTree_FindFirst
    heap2.o(i.posix_memalign$realtime) refers to init_alloc.o(.text) for __Heap_Full
    heap2.o(i.posix_memalign$realtime) refers to fdtree.o(i._FDTree_RemoveNode) for _FDTree_RemoveNode
    heap2.o(i.posix_memalign$realtime) refers to fdtree.o(i._FDTree_Insert) for _FDTree_Insert
    heap2.o(i.realloc$realtime) refers to rt_heap_descriptor_intlibspace.o(.text) for __rt_heap_descriptor
    heap2.o(i.realloc$realtime) refers to fdtree.o(i._FDTree_Insert) for _FDTree_Insert
    heap2.o(i.realloc$realtime) refers to h1_free.o(.text) for free
    heap2.o(i.realloc$realtime) refers to h1_alloc.o(.text) for malloc
    heap2.o(i.realloc$realtime) refers to fdtree.o(i._FDTree_Delete) for _FDTree_Delete
    heap2.o(i.realloc$realtime) refers to rt_memcpy_w.o(.text) for __aeabi_memcpy4
    heap2_threads.o(i._FDIterate) refers to heap2_threads.o(.conststring) for .conststring
    heap2_threads.o(i.__Heap_Initialize$realtime$concurrent) refers to mutex_dummy.o(.text) for _mutex_initialize
    heap2_threads.o(i.__Heap_ProvideMemory$realtime$concurrent) refers to fdtree.o(i._FDTree_Delete) for _FDTree_Delete
    heap2_threads.o(i.__Heap_ProvideMemory$realtime$concurrent) refers to fdtree.o(i._FDTree_Insert) for _FDTree_Insert
    heap2_threads.o(i.__Heap_Stats$realtime$concurrent) refers to heap2_threads.o(i._Heap2_StatsIterate) for _Heap2_StatsIterate
    heap2_threads.o(i.__Heap_Valid$realtime$concurrent) refers to heap2_threads.o(i._FDIterate) for _FDIterate
    heap2_threads.o(i.__Heap_Valid$realtime$concurrent) refers to heap2_threads.o(.conststring) for .conststring
    heap2_threads.o(i.free$realtime$concurrent) refers to rt_heap_descriptor_intlibspace.o(.text) for __rt_heap_descriptor
    heap2_threads.o(i.free$realtime$concurrent) refers to fdtree.o(i._FDTree_Delete) for _FDTree_Delete
    heap2_threads.o(i.free$realtime$concurrent) refers to fdtree.o(i._FDTree_Insert) for _FDTree_Insert
    heap2_threads.o(i.malloc$realtime$concurrent) refers to rt_heap_descriptor_intlibspace.o(.text) for __rt_heap_descriptor
    heap2_threads.o(i.malloc$realtime$concurrent) refers to fdtree.o(i._FDTree_FindFirst) for _FDTree_FindFirst
    heap2_threads.o(i.malloc$realtime$concurrent) refers to init_alloc.o(.text) for __Heap_Full
    heap2_threads.o(i.malloc$realtime$concurrent) refers to fdtree.o(i._FDTree_RemoveNode) for _FDTree_RemoveNode
    heap2_threads.o(i.malloc$realtime$concurrent) refers to fdtree.o(i._FDTree_Insert) for _FDTree_Insert
    heap2_threads.o(i.posix_memalign$realtime$concurrent) refers to rt_heap_descriptor_intlibspace.o(.text) for __rt_heap_descriptor
    heap2_threads.o(i.posix_memalign$realtime$concurrent) refers to fdtree.o(i._FDTree_FindFirst) for _FDTree_FindFirst
    heap2_threads.o(i.posix_memalign$realtime$concurrent) refers to init_alloc.o(.text) for __Heap_Full
    heap2_threads.o(i.posix_memalign$realtime$concurrent) refers to fdtree.o(i._FDTree_RemoveNode) for _FDTree_RemoveNode
    heap2_threads.o(i.posix_memalign$realtime$concurrent) refers to fdtree.o(i._FDTree_Insert) for _FDTree_Insert
    heap2_threads.o(i.realloc$realtime$concurrent) refers to rt_heap_descriptor_intlibspace.o(.text) for __rt_heap_descriptor
    heap2_threads.o(i.realloc$realtime$concurrent) refers to fdtree.o(i._FDTree_Insert) for _FDTree_Insert
    heap2_threads.o(i.realloc$realtime$concurrent) refers to h1_free.o(.text) for free
    heap2_threads.o(i.realloc$realtime$concurrent) refers to h1_alloc.o(.text) for malloc
    heap2_threads.o(i.realloc$realtime$concurrent) refers to fdtree.o(i._FDTree_Delete) for _FDTree_Delete
    heap2_threads.o(i.realloc$realtime$concurrent) refers to rt_memcpy_w.o(.text) for __aeabi_memcpy4
    _printf_fp_infnan.o(.text) refers (Weak) to _printf_pad.o(.text) for _printf_pre_padding
    _printf_fp_infnan.o(.text) refers (Weak) to _printf_pad.o(.text) for _printf_post_padding
    bigflt0.o(.text) refers (Special) to usenofp.o(x$fpl$usenofp) for __I$use$fp
    bigflt0.o(.text) refers to btod.o(CL$$btod_emul) for _btod_emul
    bigflt0.o(.text) refers to btod.o(CL$$btod_ediv) for _btod_ediv
    bigflt0.o(.text) refers to bigflt0.o(.constdata) for .constdata
    bigflt0.o(.constdata) refers (Special) to usenofp.o(x$fpl$usenofp) for __I$use$fp
    btod.o(CL$$btod_d2e) refers (Special) to usenofp.o(x$fpl$usenofp) for __I$use$fp
    btod.o(CL$$btod_d2e) refers to btod.o(CL$$btod_d2e_norm_op1) for _d2e_norm_op1
    btod.o(CL$$btod_d2e_norm_op1) refers (Special) to usenofp.o(x$fpl$usenofp) for __I$use$fp
    btod.o(CL$$btod_d2e_norm_op1) refers to btod.o(CL$$btod_d2e_denorm_low) for _d2e_denorm_low
    btod.o(CL$$btod_d2e_denorm_low) refers (Special) to usenofp.o(x$fpl$usenofp) for __I$use$fp
    btod.o(CL$$btod_emul) refers (Special) to usenofp.o(x$fpl$usenofp) for __I$use$fp
    btod.o(CL$$btod_emul) refers to btod.o(CL$$btod_mult_common) for __btod_mult_common
    btod.o(CL$$btod_emul) refers to btod.o(CL$$btod_e2e) for _e2e
    btod.o(CL$$btod_ediv) refers (Special) to usenofp.o(x$fpl$usenofp) for __I$use$fp
    btod.o(CL$$btod_ediv) refers to btod.o(CL$$btod_div_common) for __btod_div_common
    btod.o(CL$$btod_ediv) refers to btod.o(CL$$btod_e2e) for _e2e
    btod.o(CL$$btod_emuld) refers (Special) to usenofp.o(x$fpl$usenofp) for __I$use$fp
    btod.o(CL$$btod_emuld) refers to btod.o(CL$$btod_mult_common) for __btod_mult_common
    btod.o(CL$$btod_emuld) refers to btod.o(CL$$btod_e2d) for _e2d
    btod.o(CL$$btod_edivd) refers (Special) to usenofp.o(x$fpl$usenofp) for __I$use$fp
    btod.o(CL$$btod_edivd) refers to btod.o(CL$$btod_div_common) for __btod_div_common
    btod.o(CL$$btod_edivd) refers to btod.o(CL$$btod_e2d) for _e2d
    btod.o(CL$$btod_e2e) refers (Special) to usenofp.o(x$fpl$usenofp) for __I$use$fp
    btod.o(CL$$btod_e2d) refers (Special) to usenofp.o(x$fpl$usenofp) for __I$use$fp
    btod.o(CL$$btod_e2d) refers to btod.o(CL$$btod_e2e) for _e2e
    btod.o(CL$$btod_mult_common) refers (Special) to usenofp.o(x$fpl$usenofp) for __I$use$fp
    btod.o(CL$$btod_div_common) refers (Special) to usenofp.o(x$fpl$usenofp) for __I$use$fp
    btod_accurate.o(.text) refers to btod_accurate_common.o(.text) for _btod_common
    flsbuf.o(.text) refers to stdio.o(.text) for _deferredlazyseek
    flsbuf.o(.text) refers to retarget_io.o(.text._sys_flen) for _sys_flen
    flsbuf.o(.text) refers to retarget_io.o(.text._sys_istty) for _sys_istty
    flsbuf.o(.text) refers to h1_alloc.o(.text) for malloc
    streamlock.o(.data) refers (Special) to initio.o(.text) for _initio
    fopen.o(.text) refers to fclose.o(.text) for _fclose_internal
    fopen.o(.text) refers to retarget_io.o(.text._sys_open) for _sys_open
    fopen.o(.text) refers to fseek.o(.text) for _fseek
    fopen.o(.text) refers to h1_alloc.o(.text) for malloc
    fopen.o(.text) refers to rt_memclr_w.o(.text) for __aeabi_memclr4
    fopen.o(.text) refers to stdio_streams.o(.bss) for __stdin
    fclose.o(.text) refers to stdio.o(.text) for _fflush
    fclose.o(.text) refers to retarget_io.o(.text._sys_close) for _sys_close
    fclose.o(.text) refers to h1_free.o(.text) for free
    fclose.o(.text) refers to rt_memclr_w.o(.text) for __aeabi_memclr4
    fopen_locked.o(.text) refers to fclose.o(.text) for _fclose_internal
    fopen_locked.o(.text) refers to retarget_io.o(.text._sys_open) for _sys_open
    fopen_locked.o(.text) refers to fseek.o(.text) for _fseek
    fopen_locked.o(.text) refers to h1_alloc.o(.text) for malloc
    fopen_locked.o(.text) refers to rt_memclr_w.o(.text) for __aeabi_memclr4
    fopen_locked.o(.text) refers to streamlock.o(.data) for _stream_list_lock
    fopen_locked.o(.text) refers to stdio_streams.o(.bss) for __stdin
    lc_numeric_c.o(locale$$data) refers (Special) to libinit2.o(.ARM.Collect$$libinit$$00000018) for __rt_lib_init_lc_numeric_2
    lc_numeric_c.o(locale$$code) refers (Special) to libinit2.o(.ARM.Collect$$libinit$$00000018) for __rt_lib_init_lc_numeric_2
    lc_numeric_c.o(locale$$code) refers to strcmpv7em.o(.text) for strcmp
    lc_numeric_c.o(locale$$code) refers to lc_numeric_c.o(locale$$data) for __lcnum_c_name
    exit.o(.text) refers to rtexit.o(.ARM.Collect$$rtexit$$00000000) for __rt_exit
    defsig_rtred_outer.o(.text) refers to defsig_rtred_inner.o(.text) for __rt_SIGRTRED_inner
    defsig_rtred_outer.o(.text) refers to defsig_exit.o(.text) for __sig_exit
    defsig_rtred_formal.o(.text) refers to rt_raise.o(.text) for __rt_raise
    libinit.o(.ARM.Collect$$libinit$$00000000) refers (Special) to libinit2.o(.ARM.Collect$$libinit$$00000030) for __rt_lib_init_alloca_1
    libinit.o(.ARM.Collect$$libinit$$00000000) refers (Special) to libinit2.o(.ARM.Collect$$libinit$$0000002E) for __rt_lib_init_argv_1
    libinit.o(.ARM.Collect$$libinit$$00000000) refers (Special) to libinit2.o(.ARM.Collect$$libinit$$0000001D) for __rt_lib_init_atexit_1
    libinit.o(.ARM.Collect$$libinit$$00000000) refers (Special) to libinit2.o(.ARM.Collect$$libinit$$00000023) for __rt_lib_init_clock_1
    libinit.o(.ARM.Collect$$libinit$$00000000) refers (Special) to libinit2.o(.ARM.Collect$$libinit$$00000034) for __rt_lib_init_cpp_1
    libinit.o(.ARM.Collect$$libinit$$00000000) refers (Special) to libinit2.o(.ARM.Collect$$libinit$$00000032) for __rt_lib_init_exceptions_1
    libinit.o(.ARM.Collect$$libinit$$00000000) refers (Special) to libinit2.o(.ARM.Collect$$libinit$$00000001) for __rt_lib_init_fp_1
    libinit.o(.ARM.Collect$$libinit$$00000000) refers (Special) to libinit2.o(.ARM.Collect$$libinit$$00000021) for __rt_lib_init_fp_trap_1
    libinit.o(.ARM.Collect$$libinit$$00000000) refers (Special) to libinit2.o(.ARM.Collect$$libinit$$00000025) for __rt_lib_init_getenv_1
    libinit.o(.ARM.Collect$$libinit$$00000000) refers (Special) to libinit2.o(.ARM.Collect$$libinit$$0000000C) for __rt_lib_init_heap_1
    libinit.o(.ARM.Collect$$libinit$$00000000) refers (Special) to libinit2.o(.ARM.Collect$$libinit$$00000013) for __rt_lib_init_lc_collate_1
    libinit.o(.ARM.Collect$$libinit$$00000000) refers (Special) to libinit2.o(.ARM.Collect$$libinit$$00000015) for __rt_lib_init_lc_ctype_1
    libinit.o(.ARM.Collect$$libinit$$00000000) refers (Special) to libinit2.o(.ARM.Collect$$libinit$$00000017) for __rt_lib_init_lc_monetary_1
    libinit.o(.ARM.Collect$$libinit$$00000000) refers (Special) to libinit2.o(.ARM.Collect$$libinit$$00000019) for __rt_lib_init_lc_numeric_1
    libinit.o(.ARM.Collect$$libinit$$00000000) refers (Special) to libinit2.o(.ARM.Collect$$libinit$$0000001B) for __rt_lib_init_lc_time_1
    libinit.o(.ARM.Collect$$libinit$$00000000) refers (Special) to libinit2.o(.ARM.Collect$$libinit$$00000006) for __rt_lib_init_preinit_1
    libinit.o(.ARM.Collect$$libinit$$00000000) refers (Special) to libinit2.o(.ARM.Collect$$libinit$$00000010) for __rt_lib_init_rand_1
    libinit.o(.ARM.Collect$$libinit$$00000000) refers (Special) to libinit2.o(.ARM.Collect$$libinit$$00000004) for __rt_lib_init_relocate_pie_1
    libinit.o(.ARM.Collect$$libinit$$00000000) refers (Special) to libinit2.o(.ARM.Collect$$libinit$$00000035) for __rt_lib_init_return
    libinit.o(.ARM.Collect$$libinit$$00000000) refers (Special) to libinit2.o(.ARM.Collect$$libinit$$0000001F) for __rt_lib_init_signal_1
    libinit.o(.ARM.Collect$$libinit$$00000000) refers (Special) to libinit2.o(.ARM.Collect$$libinit$$00000027) for __rt_lib_init_stdio_1
    libinit.o(.ARM.Collect$$libinit$$00000000) refers (Special) to libinit2.o(.ARM.Collect$$libinit$$0000000E) for __rt_lib_init_user_alloc_1
    libinit2.o(.ARM.Collect$$libinit$$00000001) refers to fpinit.o(x$fpl$fpinit) for _fp_init
    libinit2.o(.ARM.Collect$$libinit$$00000007) refers (Weak) to init_alloc.o(.text) for _init_alloc
    libinit2.o(.ARM.Collect$$libinit$$00000011) refers (Weak) to rt_locale_intlibspace.o(.text) for __rt_locale
    libinit2.o(.ARM.Collect$$libinit$$00000012) refers to libinit2.o(.ARM.Collect$$libinit$$00000011) for .ARM.Collect$$libinit$$00000011
    libinit2.o(.ARM.Collect$$libinit$$00000014) refers to libinit2.o(.ARM.Collect$$libinit$$00000011) for .ARM.Collect$$libinit$$00000011
    libinit2.o(.ARM.Collect$$libinit$$00000014) refers (Weak) to lc_ctype_c.o(locale$$code) for _get_lc_ctype
    libinit2.o(.ARM.Collect$$libinit$$00000016) refers to libinit2.o(.ARM.Collect$$libinit$$00000011) for .ARM.Collect$$libinit$$00000011
    libinit2.o(.ARM.Collect$$libinit$$00000018) refers to libinit2.o(.ARM.Collect$$libinit$$00000011) for .ARM.Collect$$libinit$$00000011
    libinit2.o(.ARM.Collect$$libinit$$00000018) refers (Weak) to lc_numeric_c.o(locale$$code) for _get_lc_numeric
    libinit2.o(.ARM.Collect$$libinit$$0000001A) refers to libinit2.o(.ARM.Collect$$libinit$$00000011) for .ARM.Collect$$libinit$$00000011
    libinit2.o(.ARM.Collect$$libinit$$00000026) refers (Weak) to initio.o(.text) for _initio
    libinit2.o(.ARM.Collect$$libinit$$00000028) refers to argv_veneer.o(.emb_text) for __ARM_argv_veneer
    libinit2.o(.ARM.Collect$$libinit$$00000029) refers to argv_veneer.o(.emb_text) for __ARM_argv_veneer
    libshutdown2.o(.ARM.Collect$$libshutdown$$00000003) refers (Weak) to initio.o(.text) for _terminateio
    libshutdown2.o(.ARM.Collect$$libshutdown$$0000000D) refers (Weak) to term_alloc.o(.text) for _terminate_alloc
    flsbuf_fwide.o(.text) refers to flsbuf.o(.text) for __flsbuf
    istatus.o(x$fpl$ieeestatus) refers (Special) to usenofp.o(x$fpl$usenofp) for __I$use$fp
    fpclassify.o(i.__ARM_fpclassify) refers (Special) to usenofp.o(x$fpl$usenofp) for __I$use$fp
    libspace.o(.text) refers to libspace.o(.bss) for __libspace_start
    rtexit.o(.ARM.Collect$$rtexit$$00000000) refers (Special) to rtexit2.o(.ARM.Collect$$rtexit$$00000004) for __rt_exit_exit
    rtexit.o(.ARM.Collect$$rtexit$$00000000) refers (Special) to rtexit2.o(.ARM.Collect$$rtexit$$00000003) for __rt_exit_ls
    rtexit.o(.ARM.Collect$$rtexit$$00000000) refers (Special) to rtexit2.o(.ARM.Collect$$rtexit$$00000002) for __rt_exit_prels_1
    rtexit.o(.ARM.exidx) refers (Special) to rtexit2.o(.ARM.Collect$$rtexit$$00000004) for __rt_exit_exit
    rtexit.o(.ARM.exidx) refers (Special) to rtexit2.o(.ARM.Collect$$rtexit$$00000003) for __rt_exit_ls
    rtexit.o(.ARM.exidx) refers (Special) to rtexit2.o(.ARM.Collect$$rtexit$$00000002) for __rt_exit_prels_1
    rtexit.o(.ARM.exidx) refers to rtexit.o(.ARM.Collect$$rtexit$$00000000) for .ARM.Collect$$rtexit$$00000000
    rt_raise.o(.text) refers to __raise.o(.text) for __raise
    rt_raise.o(.text) refers to sys_exit.o(.text) for _sys_exit
    rt_heap_descriptor.o(.text) refers to rt_heap_descriptor.o(.bss) for __rt_heap_descriptor_data
    rt_heap_descriptor_intlibspace.o(.text) refers to libspace.o(.bss) for __libspace_start
    init_alloc.o(.text) refers (Special) to hguard.o(.text) for __heap$guard
    init_alloc.o(.text) refers (Special) to libinit2.o(.ARM.Collect$$libinit$$00000007) for __rt_lib_init_heap_2
    init_alloc.o(.text) refers (Special) to maybetermalloc1.o(.text) for _maybe_terminate_alloc
    init_alloc.o(.text) refers to h1_extend.o(.text) for __Heap_ProvideMemory
    init_alloc.o(.text) refers to defsig_rtmem_outer.o(.text) for __rt_SIGRTMEM
    init_alloc.o(.text) refers to rt_heap_descriptor_intlibspace.o(.text) for __rt_heap_descriptor
    init_alloc.o(.text) refers to h1_init.o(.text) for __Heap_Initialize
    malloc.o(.text) refers (Special) to hguard.o(.text) for __heap$guard
    malloc.o(.text) refers (Special) to init_alloc.o(.text) for _init_alloc
    malloc.o(.text) refers to rt_heap_descriptor_intlibspace.o(.text) for __rt_heap_descriptor
    malloc.o(.text) refers to heapstubs.o(.text) for __Heap_Alloc
    h1_alloc.o(.text) refers (Special) to h1_init.o(.text) for __Heap_Initialize
    h1_alloc.o(.text) refers to rt_heap_descriptor_intlibspace.o(.text) for __rt_heap_descriptor
    h1_alloc.o(.text) refers to init_alloc.o(.text) for __Heap_Full
    h1_alloc_threads.o(.text) refers (Special) to h1_init.o(.text) for __Heap_Initialize
    h1_alloc_threads.o(.text) refers to init_alloc.o(.text) for __Heap_Full
    h1_alloc_threads.o(.text) refers to rt_heap_descriptor_intlibspace.o(.text) for __rt_heap_descriptor
    _printf_char_file_locked.o(.text) refers to _printf_char_common.o(.text) for _printf_char_common
    _printf_char_file_locked.o(.text) refers to fputc.o(i._fputc$unlocked) for _fputc$unlocked
    btod_accurate_common.o(.text) refers to llushr.o(.text) for __aeabi_llsr
    fseek.o(.text) refers to retarget_io.o(.text._sys_istty) for _sys_istty
    fseek.o(.text) refers to ftell.o(.text) for _ftell_internal
    fseek.o(.text) refers to retarget_io.o(.text._sys_flen) for _sys_flen
    fseek.o(.text) refers to stdio.o(.text) for _seterr
    stdio.o(.text) refers to retarget_io.o(.text._sys_seek) for _sys_seek
    stdio.o(.text) refers to retarget_io.o(.text._sys_write) for _sys_write
    fwritefast.o(.text) refers to stdio.o(.text) for _writebuf
    fwritefast.o(.text) refers to flsbuf.o(.text) for __flsbuf_byte
    fwritefast.o(.text) refers to rt_memcpy_v6.o(.text) for __aeabi_memcpy
    fwritefast_locked.o(.text) refers to stdio.o(.text) for _writebuf
    fwritefast_locked.o(.text) refers to flsbuf.o(.text) for __flsbuf_byte
    fwritefast_locked.o(.text) refers to rt_memcpy_v6.o(.text) for __aeabi_memcpy
    lc_ctype_c.o(locale$$data) refers (Special) to libinit2.o(.ARM.Collect$$libinit$$00000014) for __rt_lib_init_lc_ctype_2
    lc_ctype_c.o(locale$$code) refers (Special) to libinit2.o(.ARM.Collect$$libinit$$00000014) for __rt_lib_init_lc_ctype_2
    lc_ctype_c.o(locale$$code) refers to strcmpv7em.o(.text) for strcmp
    lc_ctype_c.o(locale$$code) refers to lc_ctype_c.o(locale$$data) for __lcctype_c_name
    defsig_exit.o(.text) refers to sys_exit.o(.text) for _sys_exit
    defsig_rtred_inner.o(.text) refers to defsig_general.o(.text) for __default_signal_display
    assert_stdio.o(.text) refers to fputs.o(.text) for fputs
    assert_stdio.o(.text) refers to fflush.o(.text) for fflush
    assert_stdio.o(.text) refers to stdio_streams.o(.bss) for __stderr
    argv_veneer.o(.emb_text) refers to no_argv.o(.text) for __ARM_get_argv
    sys_exit.o(.text) refers (Special) to use_no_semi.o(.text) for __I$use$semihosting
    sys_exit.o(.text) refers (Special) to indicate_semi.o(.text) for __semihosting_library_function
    sys_exit_hlt.o(.text) refers (Special) to use_no_semi.o(.text) for __I$use$semihosting
    sys_exit_hlt.o(.text) refers (Special) to indicate_semi.o(.text) for __semihosting_library_function
    rtexit2.o(.ARM.Collect$$rtexit$$00000003) refers to libshutdown.o(.ARM.Collect$$libshutdown$$00000000) for __rt_lib_shutdown
    rtexit2.o(.ARM.Collect$$rtexit$$00000004) refers to sys_exit.o(.text) for _sys_exit
    rtexit2.o(.ARM.exidx) refers to rtexit2.o(.ARM.Collect$$rtexit$$00000001) for .ARM.Collect$$rtexit$$00000001
    rtexit2.o(.ARM.exidx) refers to rtexit2.o(.ARM.Collect$$rtexit$$00000003) for .ARM.Collect$$rtexit$$00000003
    rtexit2.o(.ARM.exidx) refers to rtexit2.o(.ARM.Collect$$rtexit$$00000004) for .ARM.Collect$$rtexit$$00000004
    maybetermalloc2.o(.text) refers (Special) to term_alloc.o(.text) for _terminate_alloc
    h1_extend.o(.text) refers to h1_free.o(.text) for free
    h1_init_threads.o(.text) refers to mutex_dummy.o(.text) for _mutex_initialize
    h1_extend_threads.o(.text) refers to h1_free_threads.o(.text) for free_internal$concurrent
    fflush.o(.text) refers to stdio.o(.text) for _fflush
    fflush.o(.text) refers to fseek.o(.text) for _fseek
    fflush.o(.text) refers to stdio_streams.o(.bss) for __stdin
    fputs.o(.text) refers to fputc.o(i.fputc) for fputc
    ftell.o(.text) refers to rt_errno_addr_intlibspace.o(.text) for __aeabi_errno_addr
    fflush_locked.o(.text) refers to stdio.o(.text) for _fflush
    fflush_locked.o(.text) refers to fseek.o(.text) for _fseek
    fflush_locked.o(.text) refers to fflush.o(.text) for _do_fflush
    fflush_locked.o(.text) refers to streamlock.o(.data) for _stream_list_lock
    fflush_locked.o(.text) refers to stdio_streams.o(.bss) for __stdin
    __raise.o(.text) refers to defsig.o(CL$$defsig) for __default_signal_handler
    defsig_general.o(.text) refers to sys_wrch.o(.text) for _ttywrch
    defsig_rtmem_outer.o(.text) refers to defsig_rtmem_inner.o(.text) for __rt_SIGRTMEM_inner
    defsig_rtmem_outer.o(.text) refers to defsig_exit.o(.text) for __sig_exit
    defsig_rtmem_formal.o(.text) refers to rt_raise.o(.text) for __rt_raise
    rt_memcpy_v6.o(.text) refers to rt_memcpy_w.o(.text) for __aeabi_memcpy4
    heapauxa.o(.text) refers to heapauxa.o(.data) for .data
    _get_argv.o(.text) refers (Special) to hrguard.o(.text) for __heap_region$guard
    _get_argv.o(.text) refers to h1_alloc.o(.text) for malloc
    _get_argv.o(.text) refers to defsig_rtmem_outer.o(.text) for __rt_SIGRTMEM
    _get_argv.o(.text) refers to sys_command.o(.text) for _sys_command_string
    _get_argv_nomalloc.o(.text) refers (Special) to hrguard.o(.text) for __heap_region$guard
    _get_argv_nomalloc.o(.text) refers to defsig_rtmem_outer.o(.text) for __rt_SIGRTMEM
    _get_argv_nomalloc.o(.text) refers to sys_command.o(.text) for _sys_command_string
    sys_wrch.o(.text) refers (Special) to use_no_semi.o(.text) for __I$use$semihosting
    sys_wrch.o(.text) refers (Special) to indicate_semi.o(.text) for __semihosting_library_function
    sys_command.o(.text) refers (Special) to use_no_semi.o(.text) for __I$use$semihosting
    sys_command.o(.text) refers (Special) to indicate_semi.o(.text) for __semihosting_library_function
    sys_wrch_hlt.o(.text) refers (Special) to use_no_semi.o(.text) for __I$use$semihosting
    sys_wrch_hlt.o(.text) refers (Special) to indicate_semi.o(.text) for __semihosting_library_function
    sys_command_hlt.o(.text) refers (Special) to use_no_semi.o(.text) for __I$use$semihosting
    sys_command_hlt.o(.text) refers (Special) to indicate_semi.o(.text) for __semihosting_library_function
    rt_errno_addr.o(.text) refers to rt_errno_addr.o(.bss) for __aeabi_errno_addr_data
    rt_errno_addr_intlibspace.o(.text) refers to libspace.o(.bss) for __libspace_start
    term_alloc.o(.text) refers (Special) to libshutdown2.o(.ARM.Collect$$libshutdown$$0000000E) for __rt_lib_shutdown_heap_2
    term_alloc.o(.text) refers to rt_heap_descriptor_intlibspace.o(.text) for __rt_heap_descriptor
    term_alloc.o(.text) refers to h1_final.o(.text) for __Heap_Finalize
    defsig_rtmem_inner.o(.text) refers to defsig_general.o(.text) for __default_signal_display
    defsig.o(CL$$defsig) refers to defsig_rtred_inner.o(.text) for __rt_SIGRTRED_inner
    defsig.o(CL$$defsig) refers to defsig_rtmem_inner.o(.text) for __rt_SIGRTMEM_inner
    libshutdown.o(.ARM.Collect$$libshutdown$$00000000) refers (Special) to libshutdown2.o(.ARM.Collect$$libshutdown$$00000002) for __rt_lib_shutdown_cpp_1
    libshutdown.o(.ARM.Collect$$libshutdown$$00000000) refers (Special) to libshutdown2.o(.ARM.Collect$$libshutdown$$00000007) for __rt_lib_shutdown_fp_trap_1
    libshutdown.o(.ARM.Collect$$libshutdown$$00000000) refers (Special) to libshutdown2.o(.ARM.Collect$$libshutdown$$0000000F) for __rt_lib_shutdown_heap_1
    libshutdown.o(.ARM.Collect$$libshutdown$$00000000) refers (Special) to libshutdown2.o(.ARM.Collect$$libshutdown$$00000010) for __rt_lib_shutdown_return
    libshutdown.o(.ARM.Collect$$libshutdown$$00000000) refers (Special) to libshutdown2.o(.ARM.Collect$$libshutdown$$0000000A) for __rt_lib_shutdown_signal_1
    libshutdown.o(.ARM.Collect$$libshutdown$$00000000) refers (Special) to libshutdown2.o(.ARM.Collect$$libshutdown$$00000004) for __rt_lib_shutdown_stdio_1
    libshutdown.o(.ARM.Collect$$libshutdown$$00000000) refers (Special) to libshutdown2.o(.ARM.Collect$$libshutdown$$0000000C) for __rt_lib_shutdown_user_alloc_1
    defsig_abrt_inner.o(.text) refers to defsig_general.o(.text) for __default_signal_display
    defsig_fpe_inner.o(.text) refers to defsig_general.o(.text) for __default_signal_display
    defsig_stak_inner.o(.text) refers to defsig_general.o(.text) for __default_signal_display
    defsig_pvfn_inner.o(.text) refers to defsig_general.o(.text) for __default_signal_display
    defsig_cppl_inner.o(.text) refers to defsig_general.o(.text) for __default_signal_display
    defsig_segv_inner.o(.text) refers to defsig_general.o(.text) for __default_signal_display
    defsig_other.o(.text) refers to defsig_general.o(.text) for __default_signal_display

