Component: Arm Compiler for Embedded 6.19 Tool: armlink [5e73cb00]

==============================================================================

Section Cross References

    main.o(.text.main) refers to main.o(.text.gpio_init) for gpio_init
    main.o(.text.main) refers to ili9341.o(.text.Display_Init) for Display_Init
    main.o(.text.main) refers to ili9341.o(.text.Fill_Screen) for Fill_Screen
    main.o(.text.main) refers to adc.o(.text.adc_init) for adc_init
    main.o(.text.main) refers to main.o(.text.SysTick_init) for SysTick_init
    main.o(.text.main) refers to adc.o(.text.Read_ADC) for Read_ADC
    main.o(.text.main) refers to main.o(.bss.value) for value
    main.o(.text.main) refers to dflt_clz.o(x$fpl$dfltu) for __aeabi_ui2d
    main.o(.text.main) refers to ddiv.o(x$fpl$ddiv) for __aeabi_ddiv
    main.o(.text.main) refers to dmul.o(x$fpl$dmul) for __aeabi_dmul
    main.o(.text.main) refers to dfixu.o(x$fpl$dfixu) for __aeabi_d2uiz
    main.o(.text.main) refers to main.o(.bss.flag) for flag
    main.o(.text.main) refers to main.o(.data.Center) for Center
    main.o(.text.main) refers to main.o(.text.display_adc) for display_adc
    main.o(.ARM.exidx.text.main) refers to main.o(.text.main) for [Anonymous Symbol]
    main.o(.ARM.exidx.text.gpio_init) refers to main.o(.text.gpio_init) for [Anonymous Symbol]
    main.o(.ARM.exidx.text.SysTick_init) refers to main.o(.text.SysTick_init) for [Anonymous Symbol]
    main.o(.text.display_adc) refers to main.o(.bss.value) for value
    main.o(.text.display_adc) refers to main.o(.rodata.font_ubuntu_mono_24) for font_ubuntu_mono_24
    main.o(.text.display_adc) refers to ili9341.o(.text.Draw_Char_BG) for Draw_Char_BG
    main.o(.ARM.exidx.text.display_adc) refers to main.o(.text.display_adc) for [Anonymous Symbol]
    main.o(.text.SysTick_Handler) refers to main.o(.bss.flag) for flag
    main.o(.ARM.exidx.text.SysTick_Handler) refers to main.o(.text.SysTick_Handler) for [Anonymous Symbol]
    main.o(.rodata.font_ubuntu_mono_24) refers to main.o(.rodata.font_ubuntu_mono_24_array) for [Anonymous Symbol]
    main.o(.rodata.font_ubuntu_mono_24_array) refers to main.o(.rodata.font_ubuntu_mono_24_0x20) for [Anonymous Symbol]
    main.o(.rodata.font_ubuntu_mono_24_array) refers to main.o(.rodata.font_ubuntu_mono_24_0x21) for [Anonymous Symbol]
    main.o(.rodata.font_ubuntu_mono_24_array) refers to main.o(.rodata.font_ubuntu_mono_24_0x22) for [Anonymous Symbol]
    main.o(.rodata.font_ubuntu_mono_24_array) refers to main.o(.rodata.font_ubuntu_mono_24_0x23) for [Anonymous Symbol]
    main.o(.rodata.font_ubuntu_mono_24_array) refers to main.o(.rodata.font_ubuntu_mono_24_0x24) for [Anonymous Symbol]
    main.o(.rodata.font_ubuntu_mono_24_array) refers to main.o(.rodata.font_ubuntu_mono_24_0x25) for [Anonymous Symbol]
    main.o(.rodata.font_ubuntu_mono_24_array) refers to main.o(.rodata.font_ubuntu_mono_24_0x26) for [Anonymous Symbol]
    main.o(.rodata.font_ubuntu_mono_24_array) refers to main.o(.rodata.font_ubuntu_mono_24_0x27) for [Anonymous Symbol]
    main.o(.rodata.font_ubuntu_mono_24_array) refers to main.o(.rodata.font_ubuntu_mono_24_0x28) for [Anonymous Symbol]
    main.o(.rodata.font_ubuntu_mono_24_array) refers to main.o(.rodata.font_ubuntu_mono_24_0x29) for [Anonymous Symbol]
    main.o(.rodata.font_ubuntu_mono_24_array) refers to main.o(.rodata.font_ubuntu_mono_24_0x2a) for [Anonymous Symbol]
    main.o(.rodata.font_ubuntu_mono_24_array) refers to main.o(.rodata.font_ubuntu_mono_24_0x2b) for [Anonymous Symbol]
    main.o(.rodata.font_ubuntu_mono_24_array) refers to main.o(.rodata.font_ubuntu_mono_24_0x2c) for [Anonymous Symbol]
    main.o(.rodata.font_ubuntu_mono_24_array) refers to main.o(.rodata.font_ubuntu_mono_24_0x2d) for [Anonymous Symbol]
    main.o(.rodata.font_ubuntu_mono_24_array) refers to main.o(.rodata.font_ubuntu_mono_24_0x2e) for [Anonymous Symbol]
    main.o(.rodata.font_ubuntu_mono_24_array) refers to main.o(.rodata.font_ubuntu_mono_24_0x2f) for [Anonymous Symbol]
    main.o(.rodata.font_ubuntu_mono_24_array) refers to main.o(.rodata.font_ubuntu_mono_24_0x30) for [Anonymous Symbol]
    main.o(.rodata.font_ubuntu_mono_24_array) refers to main.o(.rodata.font_ubuntu_mono_24_0x31) for [Anonymous Symbol]
    main.o(.rodata.font_ubuntu_mono_24_array) refers to main.o(.rodata.font_ubuntu_mono_24_0x32) for [Anonymous Symbol]
    main.o(.rodata.font_ubuntu_mono_24_array) refers to main.o(.rodata.font_ubuntu_mono_24_0x33) for [Anonymous Symbol]
    main.o(.rodata.font_ubuntu_mono_24_array) refers to main.o(.rodata.font_ubuntu_mono_24_0x34) for [Anonymous Symbol]
    main.o(.rodata.font_ubuntu_mono_24_array) refers to main.o(.rodata.font_ubuntu_mono_24_0x35) for [Anonymous Symbol]
    main.o(.rodata.font_ubuntu_mono_24_array) refers to main.o(.rodata.font_ubuntu_mono_24_0x36) for [Anonymous Symbol]
    main.o(.rodata.font_ubuntu_mono_24_array) refers to main.o(.rodata.font_ubuntu_mono_24_0x37) for [Anonymous Symbol]
[...]
    font_ubuntu_mono_24_0x73                 0x08001fcc   Data          12  main.o(.rodata.font_ubuntu_mono_24_0x73)
    [Anonymous Symbol]                       0x08001fcc   Section        0  main.o(.rodata.font_ubuntu_mono_24_0x73)
    font_ubuntu_mono_24_0x74                 0x08001fd8   Data          12  main.o(.rodata.font_ubuntu_mono_24_0x74)
    [Anonymous Symbol]                       0x08001fd8   Section        0  main.o(.rodata.font_ubuntu_mono_24_0x74)
    font_ubuntu_mono_24_0x75                 0x08001fe4   Data          12  main.o(.rodata.font_ubuntu_mono_24_0x75)
    [Anonymous Symbol]                       0x08001fe4   Section        0  main.o(.rodata.font_ubuntu_mono_24_0x75)
    font_ubuntu_mono_24_0x76                 0x08001ff0   Data          12  main.o(.rodata.font_ubuntu_mono_24_0x76)
    [Anonymous Symbol]                       0x08001ff0   Section        0  main.o(.rodata.font_ubuntu_mono_24_0x76)
    font_ubuntu_mono_24_0x77                 0x08001ffc   Data          12  main.o(.rodata.font_ubuntu_mono_24_0x77)
    [Anonymous Symbol]                       0x08001ffc   Section        0  main.o(.rodata.font_ubuntu_mono_24_0x77)
    font_ubuntu_mono_24_0x78                 0x08002008   Data          12  main.o(.rodata.font_ubuntu_mono_24_0x78)
    [Anonymous Symbol]                       0x08002008   Section        0  main.o(.rodata.font_ubuntu_mono_24_0x78)
    font_ubuntu_mono_24_0x79                 0x08002014   Data          12  main.o(.rodata.font_ubuntu_mono_24_0x79)
    [Anonymous Symbol]                       0x08002014   Section        0  main.o(.rodata.font_ubuntu_mono_24_0x79)
    font_ubuntu_mono_24_0x7a                 0x08002020   Data          12  main.o(.rodata.font_ubuntu_mono_24_0x7a)
    [Anonymous Symbol]                       0x08002020   Section        0  main.o(.rodata.font_ubuntu_mono_24_0x7a)
    font_ubuntu_mono_24_0x7b                 0x0800202c   Data          12  main.o(.rodata.font_ubuntu_mono_24_0x7b)
    [Anonymous Symbol]                       0x0800202c   Section        0  main.o(.rodata.font_ubuntu_mono_24_0x7b)
    font_ubuntu_mono_24_0x7c                 0x08002038   Data          12  main.o(.rodata.font_ubuntu_mono_24_0x7c)
    [Anonymous Symbol]                       0x08002038   Section        0  main.o(.rodata.font_ubuntu_mono_24_0x7c)
    font_ubuntu_mono_24_0x7d                 0x08002044   Data          12  main.o(.rodata.font_ubuntu_mono_24_0x7d)
    [Anonymous Symbol]                       0x08002044   Section        0  main.o(.rodata.font_ubuntu_mono_24_0x7d)
    font_ubuntu_mono_24_0x7e                 0x08002050   Data          12  main.o(.rodata.font_ubuntu_mono_24_0x7e)
    [Anonymous Symbol]                       0x08002050   Section        0  main.o(.rodata.font_ubuntu_mono_24_0x7e)
    font_ubuntu_mono_24_array                0x0800205c   Data         760  main.o(.rodata.font_ubuntu_mono_24_array)
    [Anonymous Symbol]                       0x0800205c   Section        0  main.o(.rodata.font_ubuntu_mono_24_array)
    image_data_font_ubuntu_mono_24_0x20      0x08002354   Data          48  main.o(.rodata.image_data_font_ubuntu_mono_24_0x20)
    [Anonymous Symbol]                       0x08002354   Section        0  main.o(.rodata.image_data_font_ubuntu_mono_24_0x20)
    image_data_font_ubuntu_mono_24_0x21      0x08002384   Data          48  main.o(.rodata.image_data_font_ubuntu_mono_24_0x21)
    [Anonymous Symbol]                       0x08002384   Section        0  main.o(.rodata.image_data_font_ubuntu_mono_24_0x21)
    image_data_font_ubuntu_mono_24_0x22      0x080023b4   Data          48  main.o(.rodata.image_data_font_ubuntu_mono_24_0x22)
    [Anonymous Symbol]                       0x080023b4   Section        0  main.o(.rodata.image_data_font_ubuntu_mono_24_0x22)
    image_data_font_ubuntu_mono_24_0x23      0x080023e4   Data          48  main.o(.rodata.image_data_font_ubuntu_mono_24_0x23)
    [Anonymous Symbol]                       0x080023e4   Section        0  main.o(.rodata.image_data_font_ubuntu_mono_24_0x23)
    image_data_font_ubuntu_mono_24_0x24      0x08002414   Data          48  main.o(.rodata.image_data_font_ubuntu_mono_24_0x24)
    [Anonymous Symbol]                       0x08002414   Section        0  main.o(.rodata.image_data_font_ubuntu_mono_24_0x24)
    image_data_font_ubuntu_mono_24_0x25      0x08002444   Data          48  main.o(.rodata.image_data_font_ubuntu_mono_24_0x25)
    [Anonymous Symbol]                       0x08002444   Section        0  main.o(.rodata.image_data_font_ubuntu_mono_24_0x25)
    image_data_font_ubuntu_mono_24_0x26      0x08002474   Data          48  main.o(.rodata.image_data_font_ubuntu_mono_24_0x26)
    [Anonymous Symbol]                       0x08002474   Section        0  main.o(.rodata.image_data_font_ubuntu_mono_24_0x26)
    image_data_font_ubuntu_mono_24_0x27      0x080024a4   Data          48  main.o(.rodata.image_data_font_ubuntu_mono_24_0x27)
    [Anonymous Symbol]                       0x080024a4   Section        0  main.o(.rodata.image_data_font_ubuntu_mono_24_0x27)
    image_data_font_ubuntu_mono_24_0x28      0x080024d4   Data          48  main.o(.rodata.image_data_font_ubuntu_mono_24_0x28)
    [Anonymous Symbol]                       0x080024d4   Section        0  main.o(.rodata.image_data_font_ubuntu_mono_24_0x28)
    image_data_font_ubuntu_mono_24_0x29      0x08002504   Data          48  main.o(.rodata.image_data_font_ubuntu_mono_24_0x29)
    [Anonymous Symbol]                       0x08002504   Section        0  main.o(.rodata.image_data_font_ubuntu_mono_24_0x29)
    image_data_font_ubuntu_mono_24_0x2a      0x08002534   Data          48  main.o(.rodata.image_data_font_ubuntu_mono_24_0x2a)
    [Anonymous Symbol]                       0x08002534   Section        0  main.o(.rodata.image_data_font_ubuntu_mono_24_0x2a)
    image_data_font_ubuntu_mono_24_0x2b      0x08002564   Data          48  main.o(.rodata.image_data_font_ubuntu_mono_24_0x2b)
    [Anonymous Symbol]                       0x08002564   Section        0  main.o(.rodata.image_data_font_ubuntu_mono_24_0x2b)
    image_data_font_ubuntu_mono_24_0x2c      0x08002594   Data          48  main.o(.rodata.image_data_font_ubuntu_mono_24_0x2c)
    [Anonymous Symbol]                       0x08002594   Section        0  main.o(.rodata.image_data_font_ubuntu_mono_24_0x2c)
    image_data_font_ubuntu_mono_24_0x2d      0x080025c4   Data          48  main.o(.rodata.image_data_font_ubuntu_mono_24_0x2d)
    [Anonymous Symbol]                       0x080025c4   Section        0  main.o(.rodata.image_data_font_ubuntu_mono_24_0x2d)
    image_data_font_ubuntu_mono_24_0x2e      0x080025f4   Data          48  main.o(.rodata.image_data_font_ubuntu_mono_24_0x2e)
    [Anonymous Symbol]                       0x080025f4   Section        0  main.o(.rodata.image_data_font_ubuntu_mono_24_0x2e)
    image_data_font_ubuntu_mono_24_0x2f      0x08002624   Data          48  main.o(.rodata.image_data_font_ubuntu_mono_24_0x2f)
    [Anonymous Symbol]                       0x08002624   Section        0  main.o(.rodata.image_data_font_ubuntu_mono_24_0x2f)
    image_data_font_ubuntu_mono_24_0x30      0x08002654   Data          48  main.o(.rodata.image_data_font_ubuntu_mono_24_0x30)
    [Anonymous Symbol]                       0x08002654   Section        0  main.o(.rodata.image_data_font_ubuntu_mono_24_0x30)
    image_data_font_ubuntu_mono_24_0x31      0x08002684   Data          48  main.o(.rodata.image_data_font_ubuntu_mono_24_0x31)
    [Anonymous Symbol]                       0x08002684   Section        0  main.o(.rodata.image_data_font_ubuntu_mono_24_0x31)
    image_data_font_ubuntu_mono_24_0x32      0x080026b4   Data          48  main.o(.rodata.image_data_font_ubuntu_mono_24_0x32)
    [Anonymous Symbol]                       0x080026b4   Section        0  main.o(.rodata.image_data_font_ubuntu_mono_24_0x32)
    image_data_font_ubuntu_mono_24_0x33      0x080026e4   Data          48  main.o(.rodata.image_data_font_ubuntu_mono_24_0x33)
    [Anonymous Symbol]                       0x080026e4   Section        0  main.o(.rodata.image_data_font_ubuntu_mono_24_0x33)
    image_data_font_ubuntu_mono_24_0x34      0x08002714   Data          48  main.o(.rodata.image_data_font_ubuntu_mono_24_0x34)
    [Anonymous Symbol]                       0x08002714   Section        0  main.o(.rodata.image_data_font_ubuntu_mono_24_0x34)
    image_data_font_ubuntu_mono_24_0x35      0x08002744   Data          48  main.o(.rodata.image_data_font_ubuntu_mono_24_0x35)
    [Anonymous Symbol]                       0x08002744   Section        0  main.o(.rodata.image_data_font_ubuntu_mono_24_0x35)
    image_data_font_ubuntu_mono_24_0x36      0x08002774   Data          48  main.o(.rodata.image_data_font_ubuntu_mono_24_0x36)
    [Anonymous Symbol]                       0x08002774   Section        0  main.o(.rodata.image_data_font_ubuntu_mono_24_0x36)
    image_data_font_ubuntu_mono_24_0x37      0x080027a4   Data          48  main.o(.rodata.image_data_font_ubuntu_mono_24_0x37)
    [Anonymous Symbol]                       0x080027a4   Section        0  main.o(.rodata.image_data_font_ubuntu_mono_24_0x37)
    image_data_font_ubuntu_mono_24_0x38      0x080027d4   Data          48  main.o(.rodata.image_data_font_ubuntu_mono_24_0x38)
    [Anonymous Symbol]                       0x080027d4   Section        0  main.o(.rodata.image_data_font_ubuntu_mono_24_0x38)
    image_data_font_ubuntu_mono_24_0x39      0x08002804   Data          48  main.o(.rodata.image_data_font_ubuntu_mono_24_0x39)
    [Anonymous Symbol]                       0x08002804   Section        0  main.o(.rodata.image_data_font_ubuntu_mono_24_0x39)
    image_data_font_ubuntu_mono_24_0x3a      0x08002834   Data          48  main.o(.rodata.image_data_font_ubuntu_mono_24_0x3a)
    [Anonymous Symbol]                       0x08002834   Section        0  main.o(.rodata.image_data_font_ubuntu_mono_24_0x3a)
    image_data_font_ubuntu_mono_24_0x3b      0x08002864   Data          48  main.o(.rodata.image_data_font_ubuntu_mono_24_0x3b)
    [Anonymous Symbol]                       0x08002864   Section        0  main.o(.rodata.image_data_font_ubuntu_mono_24_0x3b)
    image_data_font_ubuntu_mono_24_0x3c      0x08002894   Data          48  main.o(.rodata.image_data_font_ubuntu_mono_24_0x3c)
    [Anonymous Symbol]                       0x08002894   Section        0  main.o(.rodata.image_data_font_ubuntu_mono_24_0x3c)
    image_data_font_ubuntu_mono_24_0x3d      0x080028c4   Data          48  main.o(.rodata.image_data_font_ubuntu_mono_24_0x3d)
    [Anonymous Symbol]                       0x080028c4   Section        0  main.o(.rodata.image_data_font_ubuntu_mono_24_0x3d)
    image_data_font_ubuntu_mono_24_0x3e      0x080028f4   Data          48  main.o(.rodata.image_data_font_ubuntu_mono_24_0x3e)
    [Anonymous Symbol]                       0x080028f4   Section        0  main.o(.rodata.image_data_font_ubuntu_mono_24_0x3e)
    image_data_font_ubuntu_mono_24_0x3f      0x08002924   Data          48  main.o(.rodata.image_data_font_ubuntu_mono_24_0x3f)
    [Anonymous Symbol]                       0x08002924   Section        0  main.o(.rodata.image_data_font_ubuntu_mono_24_0x3f)
    image_data_font_ubuntu_mono_24_0x40      0x08002954   Data          48  main.o(.rodata.image_data_font_ubuntu_mono_24_0x40)
    [Anonymous Symbol]                       0x08002954   Section        0  main.o(.rodata.image_data_font_ubuntu_mono_24_0x40)
    image_data_font_ubuntu_mono_24_0x41      0x08002984   Data          48  main.o(.rodata.image_data_font_ubuntu_mono_24_0x41)
    [Anonymous Symbol]                       0x08002984   Section        0  main.o(.rodata.image_data_font_ubuntu_mono_24_0x41)
    image_data_font_ubuntu_mono_24_0x42      0x080029b4   Data          48  main.o(.rodata.image_data_font_ubuntu_mono_24_0x42)
    [Anonymous Symbol]                       0x080029b4   Section        0  main.o(.rodata.image_data_font_ubuntu_mono_24_0x42)
    image_data_font_ubuntu_mono_24_0x43      0x080029e4   Data          48  main.o(.rodata.image_data_font_ubuntu_mono_24_0x43)
    [Anonymous Symbol]                       0x080029e4   Section        0  main.o(.rodata.image_data_font_ubuntu_mono_24_0x43)
    image_data_font_ubuntu_mono_24_0x44      0x08002a14   Data          48  main.o(.rodata.image_data_font_ubuntu_mono_24_0x44)
    [Anonymous Symbol]                       0x08002a14   Section        0  main.o(.rodata.image_data_font_ubuntu_mono_24_0x44)
    image_data_font_ubuntu_mono_24_0x45      0x08002a44   Data          48  main.o(.rodata.image_data_font_ubuntu_mono_24_0x45)
    [Anonymous Symbol]                       0x08002a44   Section        0  main.o(.rodata.image_data_font_ubuntu_mono_24_0x45)
    image_data_font_ubuntu_mono_24_0x46      0x08002a74   Data          48  main.o(.rodata.image_data_font_ubuntu_mono_24_0x46)
    [Anonymous Symbol]                       0x08002a74   Section        0  main.o(.rodata.image_data_font_ubuntu_mono_24_0x46)
    image_data_font_ubuntu_mono_24_0x47      0x08002aa4   Data          48  main.o(.rodata.image_data_font_ubuntu_mono_24_0x47)
    [Anonymous Symbol]                       0x08002aa4   Section        0  main.o(.rodata.image_data_font_ubuntu_mono_24_0x47)
    image_data_font_ubuntu_mono_24_0x48      0x08002ad4   Data          48  main.o(.rodata.image_data_font_ubuntu_mono_24_0x48)
    [Anonymous Symbol]                       0x08002ad4   Section        0  main.o(.rodata.image_data_font_ubuntu_mono_24_0x48)
    image_data_font_ubuntu_mono_24_0x49      0x08002b04   Data          48  main.o(.rodata.image_data_font_ubuntu_mono_24_0x49)
    [Anonymous Symbol]                       0x08002b04   Section        0  main.o(.rodata.image_data_font_ubuntu_mono_24_0x49)
    image_data_font_ubuntu_mono_24_0x4a      0x08002b34   Data          48  main.o(.rodata.image_data_font_ubuntu_mono_24_0x4a)
    [Anonymous Symbol]                       0x08002b34   Section        0  main.o(.rodata.image_data_font_ubuntu_mono_24_0x4a)
    image_data_font_ubuntu_mono_24_0x4b      0x08002b64   Data          48  main.o(.rodata.image_data_font_ubuntu_mono_24_0x4b)
    [Anonymous Symbol]                       0x08002b64   Section        0  main.o(.rodata.image_data_font_ubuntu_mono_24_0x4b)
    image_data_font_ubuntu_mono_24_0x4c      0x08002b94   Data          48  main.o(.rodata.image_data_font_ubuntu_mono_24_0x4c)
    [Anonymous Symbol]                       0x08002b94   Section        0  main.o(.rodata.image_data_font_ubuntu_mono_24_0x4c)
    image_data_font_ubuntu_mono_24_0x4d      0x08002bc4   Data          48  main.o(.rodata.image_data_font_ubuntu_mono_24_0x4d)
    [Anonymous Symbol]                       0x08002bc4   Section        0  main.o(.rodata.image_data_font_ubuntu_mono_24_0x4d)
    image_data_font_ubuntu_mono_24_0x4e      0x08002bf4   Data          48  main.o(.rodata.image_data_font_ubuntu_mono_24_0x4e)
    [Anonymous Symbol]                       0x08002bf4   Section        0  main.o(.rodata.image_data_font_ubuntu_mono_24_0x4e)
    image_data_font_ubuntu_mono_24_0x4f      0x08002c24   Data          48  main.o(.rodata.image_data_font_ubuntu_mono_24_0x4f)
    [Anonymous Symbol]                       0x08002c24   Section        0  main.o(.rodata.image_data_font_ubuntu_mono_24_0x4f)
    image_data_font_ubuntu_mono_24_0x50      0x08002c54   Data          48  main.o(.rodata.image_data_font_ubuntu_mono_24_0x50)
    [Anonymous Symbol]                       0x08002c54   Section        0  main.o(.rodata.image_data_font_ubuntu_mono_24_0x50)
    image_data_font_ubuntu_mono_24_0x51      0x08002c84   Data          48  main.o(.rodata.image_data_font_ubuntu_mono_24_0x51)
    [Anonymous Symbol]                       0x08002c84   Section        0  main.o(.rodata.image_data_font_ubuntu_mono_24_0x51)
    image_data_font_ubuntu_mono_24_0x52      0x08002cb4   Data          48  main.o(.rodata.image_data_font_ubuntu_mono_24_0x52)
    [Anonymous Symbol]                       0x08002cb4   Section        0  main.o(.rodata.image_data_font_ubuntu_mono_24_0x52)
    image_data_font_ubuntu_mono_24_0x53      0x08002ce4   Data          48  main.o(.rodata.image_data_font_ubuntu_mono_24_0x53)
    [Anonymous Symbol]                       0x08002ce4   Section        0  main.o(.rodata.image_data_font_ubuntu_mono_24_0x53)
    image_data_font_ubuntu_mono_24_0x54      0x08002d14   Data          48  main.o(.rodata.image_data_font_ubuntu_mono_24_0x54)
    [Anonymous Symbol]                       0x08002d14   Section        0  main.o(.rodata.image_data_font_ubuntu_mono_24_0x54)
    image_data_font_ubuntu_mono_24_0x55      0x08002d44   Data          48  main.o(.rodata.image_data_font_ubuntu_mono_24_0x55)
    [Anonymous Symbol]                       0x08002d44   Section        0  main.o(.rodata.image_data_font_ubuntu_mono_24_0x55)
    image_data_font_ubuntu_mono_24_0x56      0x08002d74   Data          48  main.o(.rodata.image_data_font_ubuntu_mono_24_0x56)
    [Anonymous Symbol]                       0x08002d74   Section        0  main.o(.rodata.image_data_font_ubuntu_mono_24_0x56)
    image_data_font_ubuntu_mono_24_0x57      0x08002da4   Data          48  main.o(.rodata.image_data_font_ubuntu_mono_24_0x57)
    [Anonymous Symbol]                       0x08002da4   Section        0  main.o(.rodata.image_data_font_ubuntu_mono_24_0x57)
    image_data_font_ubuntu_mono_24_0x58      0x08002dd4   Data          48  main.o(.rodata.image_data_font_ubuntu_mono_24_0x58)
    [Anonymous Symbol]                       0x08002dd4   Section        0  main.o(.rodata.image_data_font_ubuntu_mono_24_0x58)
    image_data_font_ubuntu_mono_24_0x59      0x08002e04   Data          48  main.o(.rodata.image_data_font_ubuntu_mono_24_0x59)
    [Anonymous Symbol]                       0x08002e04   Section        0  main.o(.rodata.image_data_font_ubuntu_mono_24_0x59)
    image_data_font_ubuntu_mono_24_0x5a      0x08002e34   Data          48  main.o(.rodata.image_data_font_ubuntu_mono_24_0x5a)
    [Anonymous Symbol]                       0x08002e34   Section        0  main.o(.rodata.image_data_font_ubuntu_mono_24_0x5a)
    image_data_font_ubuntu_mono_24_0x5b      0x08002e64   Data          48  main.o(.rodata.image_data_font_ubuntu_mono_24_0x5b)
    [Anonymous Symbol]                       0x08002e64   Section        0  main.o(.rodata.image_data_font_ubuntu_mono_24_0x5b)
    image_data_font_ubuntu_mono_24_0x5c      0x08002e94   Data          48  main.o(.rodata.image_data_font_ubuntu_mono_24_0x5c)
    [Anonymous Symbol]                       0x08002e94   Section        0  main.o(.rodata.image_data_font_ubuntu_mono_24_0x5c)
    image_data_font_ubuntu_mono_24_0x5d      0x08002ec4   Data          48  main.o(.rodata.image_data_font_ubuntu_mono_24_0x5d)
    [Anonymous Symbol]                       0x08002ec4   Section        0  main.o(.rodata.image_data_font_ubuntu_mono_24_0x5d)
    image_data_font_ubuntu_mono_24_0x5e      0x08002ef4   Data          48  main.o(.rodata.image_data_font_ubuntu_mono_24_0x5e)
    [Anonymous Symbol]                       0x08002ef4   Section        0  main.o(.rodata.image_data_font_ubuntu_mono_24_0x5e)
    image_data_font_ubuntu_mono_24_0x5f      0x08002f24   Data          48  main.o(.rodata.image_data_font_ubuntu_mono_24_0x5f)
    [Anonymous Symbol]                       0x08002f24   Section        0  main.o(.rodata.image_data_font_ubuntu_mono_24_0x5f)
    image_data_font_ubuntu_mono_24_0x60      0x08002f54   Data          48  main.o(.rodata.image_data_font_ubuntu_mono_24_0x60)
    [Anonymous Symbol]                       0x08002f54   Section        0  main.o(.rodata.image_data_font_ubuntu_mono_24_0x60)
    image_data_font_ubuntu_mono_24_0x61      0x08002f84   Data          48  main.o(.rodata.image_data_font_ubuntu_mono_24_0x61)
    [Anonymous Symbol]                       0x08002f84   Section        0  main.o(.rodata.image_data_font_ubuntu_mono_24_0x61)
    image_data_font_ubuntu_mono_24_0x62      0x08002fb4   Data          48  main.o(.rodata.image_data_font_ubuntu_mono_24_0x62)
    [Anonymous Symbol]                       0x08002fb4   Section        0  main.o(.rodata.image_data_font_ubuntu_mono_24_0x62)
    image_data_font_ubuntu_mono_24_0x63      0x08002fe4   Data          48  main.o(.rodata.image_data_font_ubuntu_mono_24_0x63)
    [Anonymous Symbol]                       0x08002fe4   Section        0  main.o(.rodata.image_data_font_ubuntu_mono_24_0x63)
    image_data_font_ubuntu_mono_24_0x64      0x08003014   Data          48  main.o(.rodata.image_data_font_ubuntu_mono_24_0x64)
    [Anonymous Symbol]                       0x08003014   Section        0  main.o(.rodata.image_data_font_ubuntu_mono_24_0x64)
    image_data_font_ubuntu_mono_24_0x65      0x08003044   Data          48  main.o(.rodata.image_data_font_ubuntu_mono_24_0x65)
    [Anonymous Symbol]                       0x08003044   Section        0  main.o(.rodata.image_data_font_ubuntu_mono_24_0x65)
    image_data_font_ubuntu_mono_24_0x66      0x08003074   Data          48  main.o(.rodata.image_data_font_ubuntu_mono_24_0x66)
    [Anonymous Symbol]                       0x08003074   Section        0  main.o(.rodata.image_data_font_ubuntu_mono_24_0x66)
    image_data_font_ubuntu_mono_24_0x67      0x080030a4   Data          48  main.o(.rodata.image_data_font_ubuntu_mono_24_0x67)
    [Anonymous Symbol]                       0x080030a4   Section        0  main.o(.rodata.image_data_font_ubuntu_mono_24_0x67)
    image_data_font_ubuntu_mono_24_0x68      0x080030d4   Data          48  main.o(.rodata.image_data_font_ubuntu_mono_24_0x68)
    [Anonymous Symbol]                       0x080030d4   Section        0  main.o(.rodata.image_data_font_ubuntu_mono_24_0x68)
    image_data_font_ubuntu_mono_24_0x69      0x08003104   Data          48  main.o(.rodata.image_data_font_ubuntu_mono_24_0x69)
    [Anonymous Symbol]                       0x08003104   Section        0  main.o(.rodata.image_data_font_ubuntu_mono_24_0x69)
    image_data_font_ubuntu_mono_24_0x6a      0x08003134   Data          48  main.o(.rodata.image_data_font_ubuntu_mono_24_0x6a)
    [Anonymous Symbol]                       0x08003134   Section        0  main.o(.rodata.image_data_font_ubuntu_mono_24_0x6a)
    image_data_font_ubuntu_mono_24_0x6b      0x08003164   Data          48  main.o(.rodata.image_data_font_ubuntu_mono_24_0x6b)
    [Anonymous Symbol]                       0x08003164   Section        0  main.o(.rodata.image_data_font_ubuntu_mono_24_0x6b)
    image_data_font_ubuntu_mono_24_0x6c      0x08003194   Data          48  main.o(.rodata.image_data_font_ubuntu_mono_24_0x6c)
    [Anonymous Symbol]                       0x08003194   Section        0  main.o(.rodata.image_data_font_ubuntu_mono_24_0x6c)
    image_data_font_ubuntu_mono_24_0x6d      0x080031c4   Data          48  main.o(.rodata.image_data_font_ubuntu_mono_24_0x6d)
    [Anonymous Symbol]                       0x080031c4   Section        0  main.o(.rodata.image_data_font_ubuntu_mono_24_0x6d)
    image_data_font_ubuntu_mono_24_0x6e      0x080031f4   Data          48  main.o(.rodata.image_data_font_ubuntu_mono_24_0x6e)
    [Anonymous Symbol]                       0x080031f4   Section        0  main.o(.rodata.image_data_font_ubuntu_mono_24_0x6e)
    image_data_font_ubuntu_mono_24_0x6f      0x08003224   Data          48  main.o(.rodata.image_data_font_ubuntu_mono_24_0x6f)
    [Anonymous Symbol]                       0x08003224   Section        0  main.o(.rodata.image_data_font_ubuntu_mono_24_0x6f)
    image_data_font_ubuntu_mono_24_0x70      0x08003254   Data          48  main.o(.rodata.image_data_font_ubuntu_mono_24_0x70)
    [Anonymous Symbol]                       0x08003254   Section        0  main.o(.rodata.image_data_font_ubuntu_mono_24_0x70)
    image_data_font_ubuntu_mono_24_0x71      0x08003284   Data          48  main.o(.rodata.image_data_font_ubuntu_mono_24_0x71)
    [Anonymous Symbol]                       0x08003284   Section        0  main.o(.rodata.image_data_font_ubuntu_mono_24_0x71)
    image_data_font_ubuntu_mono_24_0x72      0x080032b4   Data          48  main.o(.rodata.image_data_font_ubuntu_mono_24_0x72)
    [Anonymous Symbol]                       0x080032b4   Section        0  main.o(.rodata.image_data_font_ubuntu_mono_24_0x72)
    image_data_font_ubuntu_mono_24_0x73      0x080032e4   Data          48  main.o(.rodata.image_data_font_ubuntu_mono_24_0x73)
    [Anonymous Symbol]                       0x080032e4   Section        0  main.o(.rodata.image_data_font_ubuntu_mono_24_0x73)
    image_data_font_ubuntu_mono_24_0x74      0x08003314   Data          48  main.o(.rodata.image_data_font_ubuntu_mono_24_0x74)
    [Anonymous Symbol]                       0x08003314   Section        0  main.o(.rodata.image_data_font_ubuntu_mono_24_0x74)
    image_data_font_ubuntu_mono_24_0x75      0x08003344   Data          48  main.o(.rodata.image_data_font_ubuntu_mono_24_0x75)
    [Anonymous Symbol]                       0x08003344   Section        0  main.o(.rodata.image_data_font_ubuntu_mono_24_0x75)
    image_data_font_ubuntu_mono_24_0x76      0x08003374   Data          48  main.o(.rodata.image_data_font_ubuntu_mono_24_0x76)
    [Anonymous Symbol]                       0x08003374   Section        0  main.o(.rodata.image_data_font_ubuntu_mono_24_0x76)
    image_data_font_ubuntu_mono_24_0x77      0x080033a4   Data          48  main.o(.rodata.image_data_font_ubuntu_mono_24_0x77)
    [Anonymous Symbol]                       0x080033a4   Section        0  main.o(.rodata.image_data_font_ubuntu_mono_24_0x77)
    image_data_font_ubuntu_mono_24_0x78      0x080033d4   Data          48  main.o(.rodata.image_data_font_ubuntu_mono_24_0x78)
    [Anonymous Symbol]                       0x080033d4   Section        0  main.o(.rodata.image_data_font_ubuntu_mono_24_0x78)
    image_data_font_ubuntu_mono_24_0x79      0x08003404   Data          48  main.o(.rodata.image_data_font_ubuntu_mono_24_0x79)
    [Anonymous Symbol]                       0x08003404   Section        0  main.o(.rodata.image_data_font_ubuntu_mono_24_0x79)
    image_data_font_ubuntu_mono_24_0x7a      0x08003434   Data          48  main.o(.rodata.image_data_font_ubuntu_mono_24_0x7a)
    [Anonymous Symbol]                       0x08003434   Section        0  main.o(.rodata.image_data_font_ubuntu_mono_24_0x7a)
    image_data_font_ubuntu_mono_24_0x7b      0x08003464   Data          48  main.o(.rodata.image_data_font_ubuntu_mono_24_0x7b)
    [Anonymous Symbol]                       0x08003464   Section        0  main.o(.rodata.image_data_font_ubuntu_mono_24_0x7b)
    image_data_font_ubuntu_mono_24_0x7c      0x08003494   Data          48  main.o(.rodata.image_data_font_ubuntu_mono_24_0x7c)
    [Anonymous Symbol]                       0x08003494   Section        0  main.o(.rodata.image_data_font_ubuntu_mono_24_0x7c)
    image_data_font_ubuntu_mono_24_0x7d      0x080034c4   Data          48  main.o(.rodata.image_data_font_ubuntu_mono_24_0x7d)
    [Anonymous Symbol]                       0x080034c4   Section        0  main.o(.rodata.image_data_font_ubuntu_mono_24_0x7d)
    image_data_font_ubuntu_mono_24_0x7e      0x080034f4   Data          48  main.o(.rodata.image_data_font_ubuntu_mono_24_0x7e)
    [Anonymous Symbol]                       0x080034f4   Section        0  main.o(.rodata.image_data_font_ubuntu_mono_24_0x7e)
    ILI_TFTheight                            0x20000004   Data           2  ili9341.o(.data.ILI_TFTheight)
    [Anonymous Symbol]                       0x20000004   Section        0  ili9341.o(.data.ILI_TFTheight)
    ILI_TFTwidth                             0x20000006   Data           2  ili9341.o(.data.ILI_TFTwidth)
    [Anonymous Symbol]                       0x20000006   Section        0  ili9341.o(.data.ILI_TFTwidth)
    .bss                                     0x20000008   Section       96  libspace.o(.bss)
    ILI_Orientation                          0x20000068   Data           1  ili9341.o(.bss.ILI_Orientation)
    [Anonymous Symbol]                       0x20000068   Section        0  ili9341.o(.bss.ILI_Orientation)
    Heap_Mem                                 0x20000070   Data         512  startup_stm32f446xx.o(HEAP)
    HEAP                                     0x20000070   Section      512  startup_stm32f446xx.o(HEAP)
    Stack_Mem                                0x20000270   Data        1024  startup_stm32f446xx.o(STACK)
    STACK                                    0x20000270   Section     1024  startup_stm32f446xx.o(STACK)
    __initial_sp                             0x20000670   Data           0  startup_stm32f446xx.o(STACK)

    Global Symbols

    Symbol Name                              Value     Ov Type        Size  Object(Section)

    BuildAttributes$$THM_ISAv4$E$P$D$K$B$S$7EM$VFPi3$EXTD16$VFPS$VFMA$PE$A:L22UL41UL21$X:L11$S22US41US21$IEEE1$IW$~IW$USESV6$~STKCKD$USESV7$~SHL$OSPACE$ROPI$EBA8$UX$STANDARDLIB$REQ8$PRES8$EABIv2 0x00000000   Number         0  anon$$obj.o ABSOLUTE
    __ARM_exceptions_init                     - Undefined Weak Reference
    __alloca_initialize                       - Undefined Weak Reference
    __arm_preinit_                            - Undefined Weak Reference
    __arm_relocate_pie_                       - Undefined Weak Reference
    __cpp_initialize__aeabi_                  - Undefined Weak Reference
    __cxa_finalize                            - Undefined Weak Reference
    __rt_locale                               - Undefined Weak Reference
    __sigvec_lookup                           - Undefined Weak Reference
    _atexit_init                              - Undefined Weak Reference
    _call_atexit_fns                          - Undefined Weak Reference
    _clock_init                               - Undefined Weak Reference
    _fp_trap_init                             - Undefined Weak Reference
    _fp_trap_shutdown                         - Undefined Weak Reference
    _get_lc_collate                           - Undefined Weak Reference
    _get_lc_ctype                             - Undefined Weak Reference
    _get_lc_monetary                          - Undefined Weak Reference
    _get_lc_numeric                           - Undefined Weak Reference
    _get_lc_time                              - Undefined Weak Reference
    _getenv_init                              - Undefined Weak Reference
    _handle_redirection                       - Undefined Weak Reference
    _init_alloc                               - Undefined Weak Reference
    _init_user_alloc                          - Undefined Weak Reference
    _initio                                   - Undefined Weak Reference
    _rand_init                                - Undefined Weak Reference
    _signal_finish                            - Undefined Weak Reference
    _signal_init                              - Undefined Weak Reference
    _terminate_alloc                          - Undefined Weak Reference
    _terminate_user_alloc                     - Undefined Weak Reference
    _terminateio                              - Undefined Weak Reference
    __Vectors_Size                           0x000001c4   Number         0  startup_stm32f446xx.o ABSOLUTE
    __Vectors                                0x08000000   Data           4  startup_stm32f446xx.o(RESET)
    __Vectors_End                            0x080001c4   Data           0  startup_stm32f446xx.o(RESET)
    __main                                   0x080001c5   Thumb Code     8  __main.o(!!!main)
    __scatterload                            0x080001cd   Thumb Code     0  __scatter.o(!!!scatter)
    __scatterload_rt2                        0x080001cd   Thumb Code    44  __scatter.o(!!!scatter)
    __scatterload_rt2_thumb_only             0x080001cd   Thumb Code     0  __scatter.o(!!!scatter)
    __scatterload_null                       0x080001db   Thumb Code     0  __scatter.o(!!!scatter)
    __scatterload_copy                       0x08000201   Thumb Code    26  __scatter_copy.o(!!handler_copy)
    __scatterload_zeroinit                   0x0800021d   Thumb Code    28  __scatter_zi.o(!!handler_zi)
    __rt_lib_init                            0x08000239   Thumb Code     0  libinit.o(.ARM.Collect$$libinit$$00000000)
    __rt_lib_init_fp_1                       0x0800023b   Thumb Code     0  libinit2.o(.ARM.Collect$$libinit$$00000001)
    __rt_lib_init_alloca_1                   0x0800023f   Thumb Code     0  libinit2.o(.ARM.Collect$$libinit$$00000030)
    __rt_lib_init_argv_1                     0x0800023f   Thumb Code     0  libinit2.o(.ARM.Collect$$libinit$$0000002E)
    __rt_lib_init_atexit_1                   0x0800023f   Thumb Code     0  libinit2.o(.ARM.Collect$$libinit$$0000001D)
    __rt_lib_init_clock_1                    0x0800023f   Thumb Code     0  libinit2.o(.ARM.Collect$$libinit$$00000023)
    __rt_lib_init_cpp_1                      0x0800023f   Thumb Code     0  libinit2.o(.ARM.Collect$$libinit$$00000034)
    __rt_lib_init_exceptions_1               0x0800023f   Thumb Code     0  libinit2.o(.ARM.Collect$$libinit$$00000032)
    __rt_lib_init_fp_trap_1                  0x0800023f   Thumb Code     0  libinit2.o(.ARM.Collect$$libinit$$00000021)
    __rt_lib_init_getenv_1                   0x0800023f   Thumb Code     0  libinit2.o(.ARM.Collect$$libinit$$00000025)
    __rt_lib_init_heap_1                     0x0800023f   Thumb Code     0  libinit2.o(.ARM.Collect$$libinit$$0000000C)
    __rt_lib_init_lc_collate_1               0x0800023f   Thumb Code     0  libinit2.o(.ARM.Collect$$libinit$$00000013)
    __rt_lib_init_lc_ctype_1                 0x0800023f   Thumb Code     0  libinit2.o(.ARM.Collect$$libinit$$00000015)
    __rt_lib_init_lc_monetary_1              0x0800023f   Thumb Code     0  libinit2.o(.ARM.Collect$$libinit$$00000017)
    __rt_lib_init_lc_numeric_1               0x0800023f   Thumb Code     0  libinit2.o(.ARM.Collect$$libinit$$00000019)
    __rt_lib_init_lc_time_1                  0x0800023f   Thumb Code     0  libinit2.o(.ARM.Collect$$libinit$$0000001B)
    __rt_lib_init_preinit_1                  0x0800023f   Thumb Code     0  libinit2.o(.ARM.Collect$$libinit$$00000006)
    __rt_lib_init_rand_1                     0x0800023f   Thumb Code     0  libinit2.o(.ARM.Collect$$libinit$$00000010)
    __rt_lib_init_relocate_pie_1             0x0800023f   Thumb Code     0  libinit2.o(.ARM.Collect$$libinit$$00000004)
    __rt_lib_init_return                     0x0800023f   Thumb Code     0  libinit2.o(.ARM.Collect$$libinit$$00000035)
    __rt_lib_init_signal_1                   0x0800023f   Thumb Code     0  libinit2.o(.ARM.Collect$$libinit$$0000001F)
    __rt_lib_init_stdio_1                    0x0800023f   Thumb Code     0  libinit2.o(.ARM.Collect$$libinit$$00000027)
    __rt_lib_init_user_alloc_1               0x0800023f   Thumb Code     0  libinit2.o(.ARM.Collect$$libinit$$0000000E)
    __rt_lib_shutdown                        0x08000241   Thumb Code     0  libshutdown.o(.ARM.Collect$$libshutdown$$00000000)
    __rt_lib_shutdown_cpp_1                  0x08000243   Thumb Code     0  libshutdown2.o(.ARM.Collect$$libshutdown$$00000002)
    __rt_lib_shutdown_fp_trap_1              0x08000243   Thumb Code     0  libshutdown2.o(.ARM.Collect$$libshutdown$$00000007)
    __rt_lib_shutdown_heap_1                 0x08000243   Thumb Code     0  libshutdown2.o(.ARM.Collect$$libshutdown$$0000000F)
    __rt_lib_shutdown_return                 0x08000243   Thumb Code     0  libshutdown2.o(.ARM.Collect$$libshutdown$$00000010)
    __rt_lib_shutdown_signal_1               0x08000243   Thumb Code     0  libshutdown2.o(.ARM.Collect$$libshutdown$$0000000A)
    __rt_lib_shutdown_stdio_1                0x08000243   Thumb Code     0  libshutdown2.o(.ARM.Collect$$libshutdown$$00000004)
    __rt_lib_shutdown_user_alloc_1           0x08000243   Thumb Code     0  libshutdown2.o(.ARM.Collect$$libshutdown$$0000000C)
    __rt_entry                               0x08000245   Thumb Code     0  __rtentry.o(.ARM.Collect$$rtentry$$00000000)
    __rt_entry_presh_1                       0x08000245   Thumb Code     0  __rtentry2.o(.ARM.Collect$$rtentry$$00000002)
    __rt_entry_sh                            0x08000245   Thumb Code     0  __rtentry4.o(.ARM.Collect$$rtentry$$00000004)
    __rt_entry_li                            0x0800024b   Thumb Code     0  __rtentry2.o(.ARM.Collect$$rtentry$$0000000A)
    __rt_entry_postsh_1                      0x0800024b   Thumb Code     0  __rtentry2.o(.ARM.Collect$$rtentry$$00000009)
    __rt_entry_main                          0x0800024f   Thumb Code     0  __rtentry2.o(.ARM.Collect$$rtentry$$0000000D)
    __rt_entry_postli_1                      0x0800024f   Thumb Code     0  __rtentry2.o(.ARM.Collect$$rtentry$$0000000C)
    __rt_exit                                0x08000257   Thumb Code     0  rtexit.o(.ARM.Collect$$rtexit$$00000000)
    __rt_exit_ls                             0x08000259   Thumb Code     0  rtexit2.o(.ARM.Collect$$rtexit$$00000003)
    __rt_exit_prels_1                        0x08000259   Thumb Code     0  rtexit2.o(.ARM.Collect$$rtexit$$00000002)
    __rt_exit_exit                           0x0800025d   Thumb Code     0  rtexit2.o(.ARM.Collect$$rtexit$$00000004)
    Reset_Handler                            0x08000265   Thumb Code     8  startup_stm32f446xx.o(.text)
    NMI_Handler                              0x0800026d   Thumb Code     2  startup_stm32f446xx.o(.text)
    HardFault_Handler                        0x0800026f   Thumb Code     2  startup_stm32f446xx.o(.text)
    MemManage_Handler                        0x08000271   Thumb Code     2  startup_stm32f446xx.o(.text)
    BusFault_Handler                         0x08000273   Thumb Code     2  startup_stm32f446xx.o(.text)
    UsageFault_Handler                       0x08000275   Thumb Code     2  startup_stm32f446xx.o(.text)
    SVC_Handler                              0x08000277   Thumb Code     2  startup_stm32f446xx.o(.text)
    DebugMon_Handler                         0x08000279   Thumb Code     2  startup_stm32f446xx.o(.text)
    PendSV_Handler                           0x0800027b   Thumb Code     2  startup_stm32f446xx.o(.text)
    ADC_IRQHandler                           0x0800027f   Thumb Code     0  startup_stm32f446xx.o(.text)
    CAN1_RX0_IRQHandler                      0x0800027f   Thumb Code     0  startup_stm32f446xx.o(.text)
    CAN1_RX1_IRQHandler                      0x0800027f   Thumb Code     0  startup_stm32f446xx.o(.text)
    CAN1_SCE_IRQHandler                      0x0800027f   Thumb Code     0  startup_stm32f446xx.o(.text)
    CAN1_TX_IRQHandler                       0x0800027f   Thumb Code     0  startup_stm32f446xx.o(.text)
    CAN2_RX0_IRQHandler                      0x0800027f   Thumb Code     0  startup_stm32f446xx.o(.text)
    CAN2_RX1_IRQHandler                      0x0800027f   Thumb Code     0  startup_stm32f446xx.o(.text)
    CAN2_SCE_IRQHandler                      0x0800027f   Thumb Code     0  startup_stm32f446xx.o(.text)
    CAN2_TX_IRQHandler                       0x0800027f   Thumb Code     0  startup_stm32f446xx.o(.text)
    CEC_IRQHandler                           0x0800027f   Thumb Code     0  startup_stm32f446xx.o(.text)
    DCMI_IRQHandler                          0x0800027f   Thumb Code     0  startup_stm32f446xx.o(.text)
    DMA1_Stream0_IRQHandler                  0x0800027f   Thumb Code     0  startup_stm32f446xx.o(.text)
    DMA1_Stream1_IRQHandler                  0x0800027f   Thumb Code     0  startup_stm32f446xx.o(.text)
    DMA1_Stream2_IRQHandler                  0x0800027f   Thumb Code     0  startup_stm32f446xx.o(.text)
    DMA1_Stream3_IRQHandler                  0x0800027f   Thumb Code     0  startup_stm32f446xx.o(.text)
    DMA1_Stream4_IRQHandler                  0x0800027f   Thumb Code     0  startup_stm32f446xx.o(.text)
    DMA1_Stream5_IRQHandler                  0x0800027f   Thumb Code     0  startup_stm32f446xx.o(.text)
    DMA1_Stream6_IRQHandler                  0x0800027f   Thumb Code     0  startup_stm32f446xx.o(.text)
    DMA1_Stream7_IRQHandler                  0x0800027f   Thumb Code     0  startup_stm32f446xx.o(.text)
    DMA2_Stream0_IRQHandler                  0x0800027f   Thumb Code     0  startup_stm32f446xx.o(.text)
    DMA2_Stream1_IRQHandler                  0x0800027f   Thumb Code     0  startup_stm32f446xx.o(.text)
    DMA2_Stream2_IRQHandler                  0x0800027f   Thumb Code     0  startup_stm32f446xx.o(.text)
    DMA2_Stream3_IRQHandler                  0x0800027f   Thumb Code     0  startup_stm32f446xx.o(.text)
    DMA2_Stream4_IRQHandler                  0x0800027f   Thumb Code     0  startup_stm32f446xx.o(.text)
    DMA2_Stream5_IRQHandler                  0x0800027f   Thumb Code     0  startup_stm32f446xx.o(.text)
    DMA2_Stream6_IRQHandler                  0x0800027f   Thumb Code     0  startup_stm32f446xx.o(.text)
    DMA2_Stream7_IRQHandler                  0x0800027f   Thumb Code     0  startup_stm32f446xx.o(.text)
    EXTI0_IRQHandler                         0x0800027f   Thumb Code     0  startup_stm32f446xx.o(.text)
    EXTI15_10_IRQHandler                     0x0800027f   Thumb Code     0  startup_stm32f446xx.o(.text)
    EXTI1_IRQHandler                         0x0800027f   Thumb Code     0  startup_stm32f446xx.o(.text)
    EXTI2_IRQHandler                         0x0800027f   Thumb Code     0  startup_stm32f446xx.o(.text)
    EXTI3_IRQHandler                         0x0800027f   Thumb Code     0  startup_stm32f446xx.o(.text)
    EXTI4_IRQHandler                         0x0800027f   Thumb Code     0  startup_stm32f446xx.o(.text)
    EXTI9_5_IRQHandler                       0x0800027f   Thumb Code     0  startup_stm32f446xx.o(.text)
    FLASH_IRQHandler                         0x0800027f   Thumb Code     0  startup_stm32f446xx.o(.text)
    FMC_IRQHandler                           0x0800027f   Thumb Code     0  startup_stm32f446xx.o(.text)
    FMPI2C1_ER_IRQHandler                    0x0800027f   Thumb Code     0  startup_stm32f446xx.o(.text)
    FMPI2C1_EV_IRQHandler                    0x0800027f   Thumb Code     0  startup_stm32f446xx.o(.text)
    FPU_IRQHandler                           0x0800027f   Thumb Code     0  startup_stm32f446xx.o(.text)
    I2C1_ER_IRQHandler                       0x0800027f   Thumb Code     0  startup_stm32f446xx.o(.text)
    I2C1_EV_IRQHandler                       0x0800027f   Thumb Code     0  startup_stm32f446xx.o(.text)
    I2C2_ER_IRQHandler                       0x0800027f   Thumb Code     0  startup_stm32f446xx.o(.text)
    I2C2_EV_IRQHandler                       0x0800027f   Thumb Code     0  startup_stm32f446xx.o(.text)
    I2C3_ER_IRQHandler                       0x0800027f   Thumb Code     0  startup_stm32f446xx.o(.text)
    I2C3_EV_IRQHandler                       0x0800027f   Thumb Code     0  startup_stm32f446xx.o(.text)
    OTG_FS_IRQHandler                        0x0800027f   Thumb Code     0  startup_stm32f446xx.o(.text)
    OTG_FS_WKUP_IRQHandler                   0x0800027f   Thumb Code     0  startup_stm32f446xx.o(.text)
    OTG_HS_EP1_IN_IRQHandler                 0x0800027f   Thumb Code     0  startup_stm32f446xx.o(.text)
    OTG_HS_EP1_OUT_IRQHandler                0x0800027f   Thumb Code     0  startup_stm32f446xx.o(.text)
    OTG_HS_IRQHandler                        0x0800027f   Thumb Code     0  startup_stm32f446xx.o(.text)
    OTG_HS_WKUP_IRQHandler                   0x0800027f   Thumb Code     0  startup_stm32f446xx.o(.text)
    PVD_IRQHandler                           0x0800027f   Thumb Code     0  startup_stm32f446xx.o(.text)
    QUADSPI_IRQHandler                       0x0800027f   Thumb Code     0  startup_stm32f446xx.o(.text)
    RCC_IRQHandler                           0x0800027f   Thumb Code     0  startup_stm32f446xx.o(.text)
    RTC_Alarm_IRQHandler                     0x0800027f   Thumb Code     0  startup_stm32f446xx.o(.text)
    RTC_WKUP_IRQHandler                      0x0800027f   Thumb Code     0  startup_stm32f446xx.o(.text)
    SAI1_IRQHandler                          0x0800027f   Thumb Code     0  startup_stm32f446xx.o(.text)
    SAI2_IRQHandler                          0x0800027f   Thumb Code     0  startup_stm32f446xx.o(.text)
    SDIO_IRQHandler                          0x0800027f   Thumb Code     0  startup_stm32f446xx.o(.text)
    SPDIF_RX_IRQHandler                      0x0800027f   Thumb Code     0  startup_stm32f446xx.o(.text)
    SPI1_IRQHandler                          0x0800027f   Thumb Code     0  startup_stm32f446xx.o(.text)
    SPI2_IRQHandler                          0x0800027f   Thumb Code     0  startup_stm32f446xx.o(.text)
    SPI3_IRQHandler                          0x0800027f   Thumb Code     0  startup_stm32f446xx.o(.text)
    SPI4_IRQHandler                          0x0800027f   Thumb Code     0  startup_stm32f446xx.o(.text)
    TAMP_STAMP_IRQHandler                    0x0800027f   Thumb Code     0  startup_stm32f446xx.o(.text)
    TIM1_BRK_TIM9_IRQHandler                 0x0800027f   Thumb Code     0  startup_stm32f446xx.o(.text)
    TIM1_CC_IRQHandler                       0x0800027f   Thumb Code     0  startup_stm32f446xx.o(.text)
    TIM1_TRG_COM_TIM11_IRQHandler            0x0800027f   Thumb Code     0  startup_stm32f446xx.o(.text)
    TIM1_UP_TIM10_IRQHandler                 0x0800027f   Thumb Code     0  startup_stm32f446xx.o(.text)
    TIM2_IRQHandler                          0x0800027f   Thumb Code     0  startup_stm32f446xx.o(.text)
    TIM3_IRQHandler                          0x0800027f   Thumb Code     0  startup_stm32f446xx.o(.text)
    TIM4_IRQHandler                          0x0800027f   Thumb Code     0  startup_stm32f446xx.o(.text)
    TIM5_IRQHandler                          0x0800027f   Thumb Code     0  startup_stm32f446xx.o(.text)
    TIM6_DAC_IRQHandler                      0x0800027f   Thumb Code     0  startup_stm32f446xx.o(.text)
    TIM7_IRQHandler                          0x0800027f   Thumb Code     0  startup_stm32f446xx.o(.text)
    TIM8_BRK_TIM12_IRQHandler                0x0800027f   Thumb Code     0  startup_stm32f446xx.o(.text)
    TIM8_CC_IRQHandler                       0x0800027f   Thumb Code     0  startup_stm32f446xx.o(.text)
    TIM8_TRG_COM_TIM14_IRQHandler            0x0800027f   Thumb Code     0  startup_stm32f446xx.o(.text)
    TIM8_UP_TIM13_IRQHandler                 0x0800027f   Thumb Code     0  startup_stm32f446xx.o(.text)
    UART4_IRQHandler                         0x0800027f   Thumb Code     0  startup_stm32f446xx.o(.text)
    UART5_IRQHandler                         0x0800027f   Thumb Code     0  startup_stm32f446xx.o(.text)
    USART1_IRQHandler                        0x0800027f   Thumb Code     0  startup_stm32f446xx.o(.text)
    USART2_IRQHandler                        0x0800027f   Thumb Code     0  startup_stm32f446xx.o(.text)
    USART3_IRQHandler                        0x0800027f   Thumb Code     0  startup_stm32f446xx.o(.text)
    USART6_IRQHandler                        0x0800027f   Thumb Code     0  startup_stm32f446xx.o(.text)
    WWDG_IRQHandler                          0x0800027f   Thumb Code     0  startup_stm32f446xx.o(.text)
    __user_initial_stackheap                 0x08000281   Thumb Code     0  startup_stm32f446xx.o(.text)
    __use_two_region_memory                  0x080002a5   Thumb Code     2  heapauxi.o(.text)
    __rt_heap_escrow$2region                 0x080002a7   Thumb Code     2  heapauxi.o(.text)
    __rt_heap_expand$2region                 0x080002a9   Thumb Code     2  heapauxi.o(.text)
    __user_setup_stackheap                   0x080002ab   Thumb Code    74  sys_stackheap_outer.o(.text)
    exit                                     0x080002f5   Thumb Code    18  exit.o(.text)
    __user_libspace                          0x08000309   Thumb Code     8  libspace.o(.text)
    __user_perproc_libspace                  0x08000309   Thumb Code     0  libspace.o(.text)
    __user_perthread_libspace                0x08000309   Thumb Code     0  libspace.o(.text)
    _sys_exit                                0x08000311   Thumb Code     8  sys_exit.o(.text)
    __I$use$semihosting                      0x0800031d   Thumb Code     0  use_no_semi.o(.text)
    __use_no_semihosting_swi                 0x0800031d   Thumb Code     2  use_no_semi.o(.text)
    __semihosting_library_function           0x0800031f   Thumb Code     0  indicate_semi.o(.text)
    CS_Low                                   0x08000321   Thumb Code    16  spi.o(.text.CS_Low)
    Display_Init                             0x08000331   Thumb Code  1156  ili9341.o(.text.Display_Init)
    Draw_Char_BG                             0x080007b5   Thumb Code   370  ili9341.o(.text.Draw_Char_BG)
    Draw_Pixel                               0x08000929   Thumb Code    72  ili9341.o(.text.Draw_Pixel)
    Fill_Color                               0x08000971   Thumb Code   170  ili9341.o(.text.Fill_Color)
    Fill_Screen                              0x08000a1d   Thumb Code    90  ili9341.o(.text.Fill_Screen)
    GPIO_PinMode_Setup                       0x08000a79   Thumb Code    90  ili9341.o(.text.GPIO_PinMode_Setup)
    ILI_8Bit_Command                         0x08000ad5   Thumb Code    58  ili9341.o(.text.ILI_8Bit_Command)
    ILI_8Bit_Data                            0x08000b11   Thumb Code    58  ili9341.o(.text.ILI_8Bit_Data)
    ILI_Push_16Bit                           0x08000b4d   Thumb Code    28  ili9341.o(.text.ILI_Push_16Bit)
    Read_ADC                                 0x08000b69   Thumb Code   216  adc.o(.text.Read_ADC)
    Rotate_Display                           0x08000c41   Thumb Code   350  ili9341.o(.text.Rotate_Display)
    SPI_Enable                               0x08000da1   Thumb Code    18  spi.o(.text.SPI_Enable)
    SPI_GPIO                                 0x08000db5   Thumb Code   148  spi.o(.text.SPI_GPIO)
    SPI_Init                                 0x08000e49   Thumb Code    88  spi.o(.text.SPI_Init)
    SPI_Transmit                             0x08000ea1   Thumb Code   158  spi.o(.text.SPI_Transmit)
    Set_Address_Window                       0x08000f41   Thumb Code    74  ili9341.o(.text.Set_Address_Window)
    SysTick_Handler                          0x08000f8d   Thumb Code    14  main.o(.text.SysTick_Handler)
    SysTick_Init                             0x08000f9d   Thumb Code    46  ili9341.o(.text.SysTick_Init)
    SysTick_init                             0x08000fcd   Thumb Code    46  main.o(.text.SysTick_init)
    SystemInit                               0x08000ffd   Thumb Code    18  system_stm32f4xx.o(.text.SystemInit)
    adc_init                                 0x08001011   Thumb Code    86  adc.o(.text.adc_init)
    delayMS                                  0x08001069   Thumb Code    66  ili9341.o(.text.delayMS)
    delayMicroS                              0x080010ad   Thumb Code    66  ili9341.o(.text.delayMicroS)
    display_adc                              0x080010f1   Thumb Code   100  main.o(.text.display_adc)
    gpio_init                                0x08001155   Thumb Code   170  main.o(.text.gpio_init)
    main                                     0x08001201   Thumb Code   216  main.o(.text.main)
    __aeabi_dadd                             0x080012d9   Thumb Code     0  daddsub_clz.o(x$fpl$dadd)
    _dadd                                    0x080012d9   Thumb Code   332  daddsub_clz.o(x$fpl$dadd)
    __aeabi_ddiv                             0x08001429   Thumb Code     0  ddiv.o(x$fpl$ddiv)
    _ddiv                                    0x08001429   Thumb Code   556  ddiv.o(x$fpl$ddiv)
    __aeabi_d2iz                             0x080016dd   Thumb Code     0  dfix.o(x$fpl$dfix)
    _dfix                                    0x080016dd   Thumb Code    94  dfix.o(x$fpl$dfix)
    __aeabi_d2uiz                            0x0800173d   Thumb Code     0  dfixu.o(x$fpl$dfixu)
    _dfixu                                   0x0800173d   Thumb Code    90  dfixu.o(x$fpl$dfixu)
    __aeabi_i2d                              0x08001797   Thumb Code     0  dflt_clz.o(x$fpl$dflt)
    _dflt                                    0x08001797   Thumb Code    46  dflt_clz.o(x$fpl$dflt)
    __aeabi_ui2d                             0x080017c5   Thumb Code     0  dflt_clz.o(x$fpl$dfltu)
    _dfltu                                   0x080017c5   Thumb Code    38  dflt_clz.o(x$fpl$dfltu)
    __aeabi_dmul                             0x080017ed   Thumb Code     0  dmul.o(x$fpl$dmul)
    _dmul                                    0x080017ed   Thumb Code   332  dmul.o(x$fpl$dmul)
    __fpl_dnaninf                            0x08001941   Thumb Code   156  dnaninf.o(x$fpl$dnaninf)
    __fpl_dretinf                            0x080019dd   Thumb Code    12  dretinf.o(x$fpl$dretinf)
    __aeabi_dsub                             0x080019e9   Thumb Code     0  daddsub_clz.o(x$fpl$dsub)
    _dsub                                    0x080019e9   Thumb Code   472  daddsub_clz.o(x$fpl$dsub)
    _fp_init                                 0x08001bc5   Thumb Code    26  fpinit.o(x$fpl$fpinit)
    __fplib_config_fpu_vfp                   0x08001bdd   Thumb Code     0  fpinit.o(x$fpl$fpinit)
    __fplib_config_pureend_doubles           0x08001bdd   Thumb Code     0  fpinit.o(x$fpl$fpinit)
    __I$use$fp                               0x08001bde   Number         0  usenofp.o(x$fpl$usenofp)
    Region$$Table$$Base                      0x08003524   Number         0  anon$$obj.o(Region$$Table)
    Region$$Table$$Limit                     0x08003544   Number         0  anon$$obj.o(Region$$Table)
    Center                                   0x20000000   Data           4  main.o(.data.Center)
    __libspace_start                         0x20000008   Data          96  libspace.o(.bss)
    __temporary_stack_top$libspace           0x20000068   Data           0  libspace.o(.bss)
    flag                                     0x20000069   Data           1  main.o(.bss.flag)
    value                                    0x2000006a   Data           1  main.o(.bss.value)



==============================================================================

Memory Map of the image

  Image Entry point : 0x08000265

  Load Region LR_1 (Base: 0x08000000, Size: 0x0000354c, Max: 0xffffffff, ABSOLUTE)

    Execution Region ER_RO (Exec base: 0x08000000, Load base: 0x08000000, Size: 0x00003544, Max: 0xffffffff, ABSOLUTE)

    Exec Addr    Load Addr    Size         Type   Attr      Idx    E Section Name        Object

    0x08000000   0x08000000   0x000001c4   Data   RO          345    RESET               startup_stm32f446xx.o
    0x080001c4   0x080001c4   0x00000008   Code   RO          376  * !!!main             c_w.l(__main.o)
    0x080001cc   0x080001cc   0x00000034   Code   RO          572    !!!scatter          c_w.l(__scatter.o)
    0x08000200   0x08000200   0x0000001a   Code   RO          574    !!handler_copy      c_w.l(__scatter_copy.o)
    0x0800021a   0x0800021a   0x00000002   PAD
    0x0800021c   0x0800021c   0x0000001c   Code   RO          576    !!handler_zi        c_w.l(__scatter_zi.o)
    0x08000238   0x08000238   0x00000002   Code   RO          434    .ARM.Collect$$libinit$$00000000  c_w.l(libinit.o)
    0x0800023a   0x0800023a   0x00000004   Code   RO          440    .ARM.Collect$$libinit$$00000001  c_w.l(libinit2.o)
    0x0800023e   0x0800023e   0x00000000   Code   RO          443    .ARM.Collect$$libinit$$00000004  c_w.l(libinit2.o)
    0x0800023e   0x0800023e   0x00000000   Code   RO          445    .ARM.Collect$$libinit$$00000006  c_w.l(libinit2.o)
    0x0800023e   0x0800023e   0x00000000   Code   RO          448    .ARM.Collect$$libinit$$0000000C  c_w.l(libinit2.o)
    0x0800023e   0x0800023e   0x00000000   Code   RO          450    .ARM.Collect$$libinit$$0000000E  c_w.l(libinit2.o)
    0x0800023e   0x0800023e   0x00000000   Code   RO          452    .ARM.Collect$$libinit$$00000010  c_w.l(libinit2.o)
    0x0800023e   0x0800023e   0x00000000   Code   RO          455    .ARM.Collect$$libinit$$00000013  c_w.l(libinit2.o)
    0x0800023e   0x0800023e   0x00000000   Code   RO          457    .ARM.Collect$$libinit$$00000015  c_w.l(libinit2.o)
    0x0800023e   0x0800023e   0x00000000   Code   RO          459    .ARM.Collect$$libinit$$00000017  c_w.l(libinit2.o)
    0x0800023e   0x0800023e   0x00000000   Code   RO          461    .ARM.Collect$$libinit$$00000019  c_w.l(libinit2.o)
    0x0800023e   0x0800023e   0x00000000   Code   RO          463    .ARM.Collect$$libinit$$0000001B  c_w.l(libinit2.o)
    0x0800023e   0x0800023e   0x00000000   Code   RO          465    .ARM.Collect$$libinit$$0000001D  c_w.l(libinit2.o)
    0x0800023e   0x0800023e   0x00000000   Code   RO          467    .ARM.Collect$$libinit$$0000001F  c_w.l(libinit2.o)
    0x0800023e   0x0800023e   0x00000000   Code   RO          469    .ARM.Collect$$libinit$$00000021  c_w.l(libinit2.o)
    0x0800023e   0x0800023e   0x00000000   Code   RO          471    .ARM.Collect$$libinit$$00000023  c_w.l(libinit2.o)
    0x0800023e   0x0800023e   0x00000000   Code   RO          473    .ARM.Collect$$libinit$$00000025  c_w.l(libinit2.o)
    0x0800023e   0x0800023e   0x00000000   Code   RO          475    .ARM.Collect$$libinit$$00000027  c_w.l(libinit2.o)
    0x0800023e   0x0800023e   0x00000000   Code   RO          479    .ARM.Collect$$libinit$$0000002E  c_w.l(libinit2.o)
    0x0800023e   0x0800023e   0x00000000   Code   RO          481    .ARM.Collect$$libinit$$00000030  c_w.l(libinit2.o)
    0x0800023e   0x0800023e   0x00000000   Code   RO          483    .ARM.Collect$$libinit$$00000032  c_w.l(libinit2.o)
    0x0800023e   0x0800023e   0x00000000   Code   RO          485    .ARM.Collect$$libinit$$00000034  c_w.l(libinit2.o)
    0x0800023e   0x0800023e   0x00000002   Code   RO          486    .ARM.Collect$$libinit$$00000035  c_w.l(libinit2.o)
    0x08000240   0x08000240   0x00000002   Code   RO          508    .ARM.Collect$$libshutdown$$00000000  c_w.l(libshutdown.o)
    0x08000242   0x08000242   0x00000000   Code   RO          523    .ARM.Collect$$libshutdown$$00000002  c_w.l(libshutdown2.o)
    0x08000242   0x08000242   0x00000000   Code   RO          525    .ARM.Collect$$libshutdown$$00000004  c_w.l(libshutdown2.o)
    0x08000242   0x08000242   0x00000000   Code   RO          528    .ARM.Collect$$libshutdown$$00000007  c_w.l(libshutdown2.o)
    0x08000242   0x08000242   0x00000000   Code   RO          531    .ARM.Collect$$libshutdown$$0000000A  c_w.l(libshutdown2.o)
    0x08000242   0x08000242   0x00000000   Code   RO          533    .ARM.Collect$$libshutdown$$0000000C  c_w.l(libshutdown2.o)
    0x08000242   0x08000242   0x00000000   Code   RO          536    .ARM.Collect$$libshutdown$$0000000F  c_w.l(libshutdown2.o)
    0x08000242   0x08000242   0x00000002   Code   RO          537    .ARM.Collect$$libshutdown$$00000010  c_w.l(libshutdown2.o)
    0x08000244   0x08000244   0x00000000   Code   RO          404    .ARM.Collect$$rtentry$$00000000  c_w.l(__rtentry.o)
    0x08000244   0x08000244   0x00000000   Code   RO          411    .ARM.Collect$$rtentry$$00000002  c_w.l(__rtentry2.o)
    0x08000244   0x08000244   0x00000006   Code   RO          423    .ARM.Collect$$rtentry$$00000004  c_w.l(__rtentry4.o)
    0x0800024a   0x0800024a   0x00000000   Code   RO          413    .ARM.Collect$$rtentry$$00000009  c_w.l(__rtentry2.o)
    0x0800024a   0x0800024a   0x00000004   Code   RO          414    .ARM.Collect$$rtentry$$0000000A  c_w.l(__rtentry2.o)
    0x0800024e   0x0800024e   0x00000000   Code   RO          416    .ARM.Collect$$rtentry$$0000000C  c_w.l(__rtentry2.o)
    0x0800024e   0x0800024e   0x00000008   Code   RO          417    .ARM.Collect$$rtentry$$0000000D  c_w.l(__rtentry2.o)
    0x08000256   0x08000256   0x00000002   Code   RO          438    .ARM.Collect$$rtexit$$00000000  c_w.l(rtexit.o)
    0x08000258   0x08000258   0x00000000   Code   RO          488    .ARM.Collect$$rtexit$$00000002  c_w.l(rtexit2.o)
    0x08000258   0x08000258   0x00000004   Code   RO          489    .ARM.Collect$$rtexit$$00000003  c_w.l(rtexit2.o)
    0x0800025c   0x0800025c   0x00000006   Code   RO          490    .ARM.Collect$$rtexit$$00000004  c_w.l(rtexit2.o)
    0x08000262   0x08000262   0x00000002   PAD
    0x08000264   0x08000264   0x00000040   Code   RO          346  * .text               startup_stm32f446xx.o
    0x080002a4   0x080002a4   0x00000006   Code   RO          374    .text               c_w.l(heapauxi.o)
    0x080002aa   0x080002aa   0x0000004a   Code   RO          425    .text               c_w.l(sys_stackheap_outer.o)
    0x080002f4   0x080002f4   0x00000012   Code   RO          427    .text               c_w.l(exit.o)
    0x08000306   0x08000306   0x00000002   PAD
    0x08000308   0x08000308   0x00000008   Code   RO          435    .text               c_w.l(libspace.o)
    0x08000310   0x08000310   0x0000000c   Code   RO          498    .text               c_w.l(sys_exit.o)
    0x0800031c   0x0800031c   0x00000002   Code   RO          513    .text               c_w.l(use_no_semi.o)
    0x0800031e   0x0800031e   0x00000000   Code   RO          515    .text               c_w.l(indicate_semi.o)
    0x0800031e   0x0800031e   0x00000002   PAD
    0x08000320   0x08000320   0x00000010   Code   RO          293    .text.CS_Low        spi.o
    0x08000330   0x08000330   0x00000484   Code   RO          267    .text.Display_Init  ili9341.o
    0x080007b4   0x080007b4   0x00000172   Code   RO          235    .text.Draw_Char_BG  ili9341.o
    0x08000926   0x08000926   0x00000002   PAD
    0x08000928   0x08000928   0x00000048   Code   RO          241    .text.Draw_Pixel    ili9341.o
    0x08000970   0x08000970   0x000000aa   Code   RO          251    .text.Fill_Color    ili9341.o
    0x08000a1a   0x08000a1a   0x00000002   PAD
    0x08000a1c   0x08000a1c   0x0000005a   Code   RO          249    .text.Fill_Screen   ili9341.o
    0x08000a76   0x08000a76   0x00000002   PAD
    0x08000a78   0x08000a78   0x0000005a   Code   RO          269    .text.GPIO_PinMode_Setup  ili9341.o
    0x08000ad2   0x08000ad2   0x00000002   PAD
    0x08000ad4   0x08000ad4   0x0000003a   Code   RO          263    .text.ILI_8Bit_Command  ili9341.o
    0x08000b0e   0x08000b0e   0x00000002   PAD
    0x08000b10   0x08000b10   0x0000003a   Code   RO          247    .text.ILI_8Bit_Data  ili9341.o
    0x08000b4a   0x08000b4a   0x00000002   PAD
    0x08000b4c   0x08000b4c   0x0000001c   Code   RO          255    .text.ILI_Push_16Bit  ili9341.o
    0x08000b68   0x08000b68   0x000000d8   Code   RO          217    .text.Read_ADC      adc.o
    0x08000c40   0x08000c40   0x0000015e   Code   RO          265    .text.Rotate_Display  ili9341.o
    0x08000d9e   0x08000d9e   0x00000002   PAD
    0x08000da0   0x08000da0   0x00000012   Code   RO          291    .text.SPI_Enable    spi.o
    0x08000db2   0x08000db2   0x00000002   PAD
    0x08000db4   0x08000db4   0x00000094   Code   RO          289    .text.SPI_GPIO      spi.o
    0x08000e48   0x08000e48   0x00000058   Code   RO          287    .text.SPI_Init      spi.o
    0x08000ea0   0x08000ea0   0x0000009e   Code   RO          297    .text.SPI_Transmit  spi.o
    0x08000f3e   0x08000f3e   0x00000002   PAD
    0x08000f40   0x08000f40   0x0000004a   Code   RO          245    .text.Set_Address_Window  ili9341.o
    0x08000f8a   0x08000f8a   0x00000002   PAD
    0x08000f8c   0x08000f8c   0x0000000e   Code   RO           10    .text.SysTick_Handler  main.o
    0x08000f9a   0x08000f9a   0x00000002   PAD
    0x08000f9c   0x08000f9c   0x0000002e   Code   RO          227    .text.SysTick_Init  ili9341.o
    0x08000fca   0x08000fca   0x00000002   PAD
    0x08000fcc   0x08000fcc   0x0000002e   Code   RO            6    .text.SysTick_init  main.o
    0x08000ffa   0x08000ffa   0x00000002   PAD
    0x08000ffc   0x08000ffc   0x00000012   Code   RO          353    .text.SystemInit    system_stm32f4xx.o
    0x0800100e   0x0800100e   0x00000002   PAD
    0x08001010   0x08001010   0x00000056   Code   RO          215    .text.adc_init      adc.o
    0x08001066   0x08001066   0x00000002   PAD
    0x08001068   0x08001068   0x00000042   Code   RO          229    .text.delayMS       ili9341.o
    0x080010aa   0x080010aa   0x00000002   PAD
    0x080010ac   0x080010ac   0x00000042   Code   RO          231    .text.delayMicroS   ili9341.o
    0x080010ee   0x080010ee   0x00000002   PAD
    0x080010f0   0x080010f0   0x00000064   Code   RO            8    .text.display_adc   main.o
    0x08001154   0x08001154   0x000000aa   Code   RO            4    .text.gpio_init     main.o
    0x080011fe   0x080011fe   0x00000002   PAD
    0x08001200   0x08001200   0x000000d8   Code   RO            2    .text.main          main.o
    0x080012d8   0x080012d8   0x00000150   Code   RO          378    x$fpl$dadd          fz_wm.l(daddsub_clz.o)
    0x08001428   0x08001428   0x000002b4   Code   RO          385    x$fpl$ddiv          fz_wm.l(ddiv.o)
    0x080016dc   0x080016dc   0x0000005e   Code   RO          388    x$fpl$dfix          fz_wm.l(dfix.o)
    0x0800173a   0x0800173a   0x00000002   PAD
    0x0800173c   0x0800173c   0x0000005a   Code   RO          392    x$fpl$dfixu         fz_wm.l(dfixu.o)
    0x08001796   0x08001796   0x0000002e   Code   RO          397    x$fpl$dflt          fz_wm.l(dflt_clz.o)
    0x080017c4   0x080017c4   0x00000026   Code   RO          396    x$fpl$dfltu         fz_wm.l(dflt_clz.o)
    0x080017ea   0x080017ea   0x00000002   PAD
    0x080017ec   0x080017ec   0x00000154   Code   RO          402    x$fpl$dmul          fz_wm.l(dmul.o)
    0x08001940   0x08001940   0x0000009c   Code   RO          405    x$fpl$dnaninf       fz_wm.l(dnaninf.o)
    0x080019dc   0x080019dc   0x0000000c   Code   RO          407    x$fpl$dretinf       fz_wm.l(dretinf.o)
    0x080019e8   0x080019e8   0x000001dc   Code   RO          380    x$fpl$dsub          fz_wm.l(daddsub_clz.o)
    0x08001bc4   0x08001bc4   0x0000001a   Code   RO          496    x$fpl$fpinit        fz_wm.l(fpinit.o)
    0x08001bde   0x08001bde   0x00000000   Code   RO          409    x$fpl$usenofp       fz_wm.l(usenofp.o)
    0x08001bde   0x08001bde   0x00000002   PAD
    0x08001be0   0x08001be0   0x00000008   Data   RO           15    .rodata.font_ubuntu_mono_24  main.o
    0x08001be8   0x08001be8   0x0000000c   Data   RO           17    .rodata.font_ubuntu_mono_24_0x20  main.o
    0x08001bf4   0x08001bf4   0x0000000c   Data   RO           18    .rodata.font_ubuntu_mono_24_0x21  main.o
    0x08001c00   0x08001c00   0x0000000c   Data   RO           19    .rodata.font_ubuntu_mono_24_0x22  main.o
    0x08001c0c   0x08001c0c   0x0000000c   Data   RO           20    .rodata.font_ubuntu_mono_24_0x23  main.o
    0x08001c18   0x08001c18   0x0000000c   Data   RO           21    .rodata.font_ubuntu_mono_24_0x24  main.o
    0x08001c24   0x08001c24   0x0000000c   Data   RO           22    .rodata.font_ubuntu_mono_24_0x25  main.o
    0x08001c30   0x08001c30   0x0000000c   Data   RO           23    .rodata.font_ubuntu_mono_24_0x26  main.o
    0x08001c3c   0x08001c3c   0x0000000c   Data   RO           24    .rodata.font_ubuntu_mono_24_0x27  main.o
    0x08001c48   0x08001c48   0x0000000c   Data   RO           25    .rodata.font_ubuntu_mono_24_0x28  main.o
    0x08001c54   0x08001c54   0x0000000c   Data   RO           26    .rodata.font_ubuntu_mono_24_0x29  main.o
    0x08001c60   0x08001c60   0x0000000c   Data   RO           27    .rodata.font_ubuntu_mono_24_0x2a  main.o
    0x08001c6c   0x08001c6c   0x0000000c   Data   RO           28    .rodata.font_ubuntu_mono_24_0x2b  main.o
    0x08001c78   0x08001c78   0x0000000c   Data   RO           29    .rodata.font_ubuntu_mono_24_0x2c  main.o
    0x08001c84   0x08001c84   0x0000000c   Data   RO           30    .rodata.font_ubuntu_mono_24_0x2d  main.o
    0x08001c90   0x08001c90   0x0000000c   Data   RO           31    .rodata.font_ubuntu_mono_24_0x2e  main.o
    0x08001c9c   0x08001c9c   0x0000000c   Data   RO           32    .rodata.font_ubuntu_mono_24_0x2f  main.o
    0x08001ca8   0x08001ca8   0x0000000c   Data   RO           33    .rodata.font_ubuntu_mono_24_0x30  main.o
    0x08001cb4   0x08001cb4   0x0000000c   Data   RO           34    .rodata.font_ubuntu_mono_24_0x31  main.o
    0x08001cc0   0x08001cc0   0x0000000c   Data   RO           35    .rodata.font_ubuntu_mono_24_0x32  main.o
    0x08001ccc   0x08001ccc   0x0000000c   Data   RO           36    .rodata.font_ubuntu_mono_24_0x33  main.o
    0x08001cd8   0x08001cd8   0x0000000c   Data   RO           37    .rodata.font_ubuntu_mono_24_0x34  main.o
    0x08001ce4   0x08001ce4   0x0000000c   Data   RO           38    .rodata.font_ubuntu_mono_24_0x35  main.o
    0x08001cf0   0x08001cf0   0x0000000c   Data   RO           39    .rodata.font_ubuntu_mono_24_0x36  main.o
    0x08001cfc   0x08001cfc   0x0000000c   Data   RO           40    .rodata.font_ubuntu_mono_24_0x37  main.o
    0x08001d08   0x08001d08   0x0000000c   Data   RO           41    .rodata.font_ubuntu_mono_24_0x38  main.o
    0x08001d14   0x08001d14   0x0000000c   Data   RO           42    .rodata.font_ubuntu_mono_24_0x39  main.o
    0x08001d20   0x08001d20   0x0000000c   Data   RO           43    .rodata.font_ubuntu_mono_24_0x3a  main.o
    0x08001d2c   0x08001d2c   0x0000000c   Data   RO           44    .rodata.font_ubuntu_mono_24_0x3b  main.o
    0x08001d38   0x08001d38   0x0000000c   Data   RO           45    .rodata.font_ubuntu_mono_24_0x3c  main.o
    0x08001d44   0x08001d44   0x0000000c   Data   RO           46    .rodata.font_ubuntu_mono_24_0x3d  main.o
    0x08001d50   0x08001d50   0x0000000c   Data   RO           47    .rodata.font_ubuntu_mono_24_0x3e  main.o
    0x08001d5c   0x08001d5c   0x0000000c   Data   RO           48    .rodata.font_ubuntu_mono_24_0x3f  main.o
    0x08001d68   0x08001d68   0x0000000c   Data   RO           49    .rodata.font_ubuntu_mono_24_0x40  main.o
    0x08001d74   0x08001d74   0x0000000c   Data   RO           50    .rodata.font_ubuntu_mono_24_0x41  main.o
    0x08001d80   0x08001d80   0x0000000c   Data   RO           51    .rodata.font_ubuntu_mono_24_0x42  main.o
    0x08001d8c   0x08001d8c   0x0000000c   Data   RO           52    .rodata.font_ubuntu_mono_24_0x43  main.o
    0x08001d98   0x08001d98   0x0000000c   Data   RO           53    .rodata.font_ubuntu_mono_24_0x44  main.o
    0x08001da4   0x08001da4   0x0000000c   Data   RO           54    .rodata.font_ubuntu_mono_24_0x45  main.o
    0x08001db0   0x08001db0   0x0000000c   Data   RO           55    .rodata.font_ubuntu_mono_24_0x46  main.o
    0x08001dbc   0x08001dbc   0x0000000c   Data   RO           56    .rodata.font_ubuntu_mono_24_0x47  main.o
    0x08001dc8   0x08001dc8   0x0000000c   Data   RO           57    .rodata.font_ubuntu_mono_24_0x48  main.o
    0x08001dd4   0x08001dd4   0x0000000c   Data   RO           58    .rodata.font_ubuntu_mono_24_0x49  main.o
    0x08001de0   0x08001de0   0x0000000c   Data   RO           59    .rodata.font_ubuntu_mono_24_0x4a  main.o
    0x08001dec   0x08001dec   0x0000000c   Data   RO           60    .rodata.font_ubuntu_mono_24_0x4b  main.o
    0x08001df8   0x08001df8   0x0000000c   Data   RO           61    .rodata.font_ubuntu_mono_24_0x4c  main.o
    0x08001e04   0x08001e04   0x0000000c   Data   RO           62    .rodata.font_ubuntu_mono_24_0x4d  main.o
    0x08001e10   0x08001e10   0x0000000c   Data   RO           63    .rodata.font_ubuntu_mono_24_0x4e  main.o
    0x08001e1c   0x08001e1c   0x0000000c   Data   RO           64    .rodata.font_ubuntu_mono_24_0x4f  main.o
    0x08001e28   0x08001e28   0x0000000c   Data   RO           65    .rodata.font_ubuntu_mono_24_0x50  main.o
    0x08001e34   0x08001e34   0x0000000c   Data   RO           66    .rodata.font_ubuntu_mono_24_0x51  main.o
    0x08001e40   0x08001e40   0x0000000c   Data   RO           67    .rodata.font_ubuntu_mono_24_0x52  main.o
    0x08001e4c   0x08001e4c   0x0000000c   Data   RO           68    .rodata.font_ubuntu_mono_24_0x53  main.o
    0x08001e58   0x08001e58   0x0000000c   Data   RO           69    .rodata.font_ubuntu_mono_24_0x54  main.o
    0x08001e64   0x08001e64   0x0000000c   Data   RO           70    .rodata.font_ubuntu_mono_24_0x55  main.o
    0x08001e70   0x08001e70   0x0000000c   Data   RO           71    .rodata.font_ubuntu_mono_24_0x56  main.o
    0x08001e7c   0x08001e7c   0x0000000c   Data   RO           72    .rodata.font_ubuntu_mono_24_0x57  main.o
    0x08001e88   0x08001e88   0x0000000c   Data   RO           73    .rodata.font_ubuntu_mono_24_0x58  main.o
    0x08001e94   0x08001e94   0x0000000c   Data   RO           74    .rodata.font_ubuntu_mono_24_0x59  main.o
    0x08001ea0   0x08001ea0   0x0000000c   Data   RO           75    .rodata.font_ubuntu_mono_24_0x5a  main.o
    0x08001eac   0x08001eac   0x0000000c   Data   RO           76    .rodata.font_ubuntu_mono_24_0x5b  main.o
    0x08001eb8   0x08001eb8   0x0000000c   Data   RO           77    .rodata.font_ubuntu_mono_24_0x5c  main.o
    0x08001ec4   0x08001ec4   0x0000000c   Data   RO           78    .rodata.font_ubuntu_mono_24_0x5d  main.o
    0x08001ed0   0x08001ed0   0x0000000c   Data   RO           79    .rodata.font_ubuntu_mono_24_0x5e  main.o
    0x08001edc   0x08001edc   0x0000000c   Data   RO           80    .rodata.font_ubuntu_mono_24_0x5f  main.o
    0x08001ee8   0x08001ee8   0x0000000c   Data   RO           81    .rodata.font_ubuntu_mono_24_0x60  main.o
    0x08001ef4   0x08001ef4   0x0000000c   Data   RO           82    .rodata.font_ubuntu_mono_24_0x61  main.o
    0x08001f00   0x08001f00   0x0000000c   Data   RO           83    .rodata.font_ubuntu_mono_24_0x62  main.o
    0x08001f0c   0x08001f0c   0x0000000c   Data   RO           84    .rodata.font_ubuntu_mono_24_0x63  main.o
    0x08001f18   0x08001f18   0x0000000c   Data   RO           85    .rodata.font_ubuntu_mono_24_0x64  main.o
    0x08001f24   0x08001f24   0x0000000c   Data   RO           86    .rodata.font_ubuntu_mono_24_0x65  main.o
    0x08001f30   0x08001f30   0x0000000c   Data   RO           87    .rodata.font_ubuntu_mono_24_0x66  main.o
    0x08001f3c   0x08001f3c   0x0000000c   Data   RO           88    .rodata.font_ubuntu_mono_24_0x67  main.o
    0x08001f48   0x08001f48   0x0000000c   Data   RO           89    .rodata.font_ubuntu_mono_24_0x68  main.o
    0x08001f54   0x08001f54   0x0000000c   Data   RO           90    .rodata.font_ubuntu_mono_24_0x69  main.o
    0x08001f60   0x08001f60   0x0000000c   Data   RO           91    .rodata.font_ubuntu_mono_24_0x6a  main.o
    0x08001f6c   0x08001f6c   0x0000000c   Data   RO           92    .rodata.font_ubuntu_mono_24_0x6b  main.o
    0x08001f78   0x08001f78   0x0000000c   Data   RO           93    .rodata.font_ubuntu_mono_24_0x6c  main.o
    0x08001f84   0x08001f84   0x0000000c   Data   RO           94    .rodata.font_ubuntu_mono_24_0x6d  main.o
    0x08001f90   0x08001f90   0x0000000c   Data   RO           95    .rodata.font_ubuntu_mono_24_0x6e  main.o
    0x08001f9c   0x08001f9c   0x0000000c   Data   RO           96    .rodata.font_ubuntu_mono_24_0x6f  main.o
    0x08001fa8   0x08001fa8   0x0000000c   Data   RO           97    .rodata.font_ubuntu_mono_24_0x70  main.o
    0x08001fb4   0x08001fb4   0x0000000c   Data   RO           98    .rodata.font_ubuntu_mono_24_0x71  main.o
    0x08001fc0   0x08001fc0   0x0000000c   Data   RO           99    .rodata.font_ubuntu_mono_24_0x72  main.o
    0x08001fcc   0x08001fcc   0x0000000c   Data   RO          100    .rodata.font_ubuntu_mono_24_0x73  main.o
    0x08001fd8   0x08001fd8   0x0000000c   Data   RO          101    .rodata.font_ubuntu_mono_24_0x74  main.o
    0x08001fe4   0x08001fe4   0x0000000c   Data   RO          102    .rodata.font_ubuntu_mono_24_0x75  main.o
    0x08001ff0   0x08001ff0   0x0000000c   Data   RO          103    .rodata.font_ubuntu_mono_24_0x76  main.o
    0x08001ffc   0x08001ffc   0x0000000c   Data   RO          104    .rodata.font_ubuntu_mono_24_0x77  main.o
    0x08002008   0x08002008   0x0000000c   Data   RO          105    .rodata.font_ubuntu_mono_24_0x78  main.o
    0x08002014   0x08002014   0x0000000c   Data   RO          106    .rodata.font_ubuntu_mono_24_0x79  main.o
    0x08002020   0x08002020   0x0000000c   Data   RO          107    .rodata.font_ubuntu_mono_24_0x7a  main.o
    0x0800202c   0x0800202c   0x0000000c   Data   RO          108    .rodata.font_ubuntu_mono_24_0x7b  main.o
    0x08002038   0x08002038   0x0000000c   Data   RO          109    .rodata.font_ubuntu_mono_24_0x7c  main.o
    0x08002044   0x08002044   0x0000000c   Data   RO          110    .rodata.font_ubuntu_mono_24_0x7d  main.o
    0x08002050   0x08002050   0x0000000c   Data   RO          111    .rodata.font_ubuntu_mono_24_0x7e  main.o
    0x0800205c   0x0800205c   0x000002f8   Data   RO           16    .rodata.font_ubuntu_mono_24_array  main.o
    0x08002354   0x08002354   0x00000030   Data   RO          112    .rodata.image_data_font_ubuntu_mono_24_0x20  main.o
    0x08002384   0x08002384   0x00000030   Data   RO          113    .rodata.image_data_font_ubuntu_mono_24_0x21  main.o
    0x080023b4   0x080023b4   0x00000030   Data   RO          114    .rodata.image_data_font_ubuntu_mono_24_0x22  main.o
    0x080023e4   0x080023e4   0x00000030   Data   RO          115    .rodata.image_data_font_ubuntu_mono_24_0x23  main.o
    0x08002414   0x08002414   0x00000030   Data   RO          116    .rodata.image_data_font_ubuntu_mono_24_0x24  main.o
    0x08002444   0x08002444   0x00000030   Data   RO          117    .rodata.image_data_font_ubuntu_mono_24_0x25  main.o
    0x08002474   0x08002474   0x00000030   Data   RO          118    .rodata.image_data_font_ubuntu_mono_24_0x26  main.o
    0x080024a4   0x080024a4   0x00000030   Data   RO          119    .rodata.image_data_font_ubuntu_mono_24_0x27  main.o
    0x080024d4   0x080024d4   0x00000030   Data   RO          120    .rodata.image_data_font_ubuntu_mono_24_0x28  main.o
    0x08002504   0x08002504   0x00000030   Data   RO          121    .rodata.image_data_font_ubuntu_mono_24_0x29  main.o
    0x08002534   0x08002534   0x00000030   Data   RO          122    .rodata.image_data_font_ubuntu_mono_24_0x2a  main.o
    0x08002564   0x08002564   0x00000030   Data   RO          123    .rodata.image_data_font_ubuntu_mono_24_0x2b  main.o
    0x08002594   0x08002594   0x00000030   Data   RO          124    .rodata.image_data_font_ubuntu_mono_24_0x2c  main.o
    0x080025c4   0x080025c4   0x00000030   Data   RO          125    .rodata.image_data_font_ubuntu_mono_24_0x2d  main.o
    0x080025f4   0x080025f4   0x00000030   Data   RO          126    .rodata.image_data_font_ubuntu_mono_24_0x2e  main.o
    0x08002624   0x08002624   0x00000030   Data   RO          127    .rodata.image_data_font_ubuntu_mono_24_0x2f  main.o
    0x08002654   0x08002654   0x00000030   Data   RO          128    .rodata.image_data_font_ubuntu_mono_24_0x30  main.o
    0x08002684   0x08002684   0x00000030   Data   RO          129    .rodata.image_data_font_ubuntu_mono_24_0x31  main.o
    0x080026b4   0x080026b4   0x00000030   Data   RO          130    .rodata.image_data_font_ubuntu_mono_24_0x32  main.o
    0x080026e4   0x080026e4   0x00000030   Data   RO          131    .rodata.image_data_font_ubuntu_mono_24_0x33  main.o
    0x08002714   0x08002714   0x00000030   Data   RO          132    .rodata.image_data_font_ubuntu_mono_24_0x34  main.o
    0x08002744   0x08002744   0x00000030   Data   RO          133    .rodata.image_data_font_ubuntu_mono_24_0x35  main.o
    0x08002774   0x08002774   0x00000030   Data   RO          134    .rodata.image_data_font_ubuntu_mono_24_0x36  main.o
    0x080027a4   0x080027a4   0x00000030   Data   RO          135    .rodata.image_data_font_ubuntu_mono_24_0x37  main.o
    0x080027d4   0x080027d4   0x00000030   Data   RO          136    .rodata.image_data_font_ubuntu_mono_24_0x38  main.o
    0x08002804   0x08002804   0x00000030   Data   RO          137    .rodata.image_data_font_ubuntu_mono_24_0x39  main.o
    0x08002834   0x08002834   0x00000030   Data   RO          138    .rodata.image_data_font_ubuntu_mono_24_0x3a  main.o
    0x08002864   0x08002864   0x00000030   Data   RO          139    .rodata.image_data_font_ubuntu_mono_24_0x3b  main.o
    0x08002894   0x08002894   0x00000030   Data   RO          140    .rodata.image_data_font_ubuntu_mono_24_0x3c  main.o
    0x080028c4   0x080028c4   0x00000030   Data   RO          141    .rodata.image_data_font_ubuntu_mono_24_0x3d  main.o
    0x080028f4   0x080028f4   0x00000030   Data   RO          142    .rodata.image_data_font_ubuntu_mono_24_0x3e  main.o
    0x08002924   0x08002924   0x00000030   Data   RO          143    .rodata.image_data_font_ubuntu_mono_24_0x3f  main.o
    0x08002954   0x08002954   0x00000030   Data   RO          144    .rodata.image_data_font_ubuntu_mono_24_0x40  main.o
    0x08002984   0x08002984   0x00000030   Data   RO          145    .rodata.image_data_font_ubuntu_mono_24_0x41  main.o
    0x080029b4   0x080029b4   0x00000030   Data   RO          146    .rodata.image_data_font_ubuntu_mono_24_0x42  main.o
    0x080029e4   0x080029e4   0x00000030   Data   RO          147    .rodata.image_data_font_ubuntu_mono_24_0x43  main.o
    0x08002a14   0x08002a14   0x00000030   Data   RO          148    .rodata.image_data_font_ubuntu_mono_24_0x44  main.o
    0x08002a44   0x08002a44   0x00000030   Data   RO          149    .rodata.image_data_font_ubuntu_mono_24_0x45  main.o
    0x08002a74   0x08002a74   0x00000030   Data   RO          150    .rodata.image_data_font_ubuntu_mono_24_0x46  main.o
    0x08002aa4   0x08002aa4   0x00000030   Data   RO          151    .rodata.image_data_font_ubuntu_mono_24_0x47  main.o
    0x08002ad4   0x08002ad4   0x00000030   Data   RO          152    .rodata.image_data_font_ubuntu_mono_24_0x48  main.o
    0x08002b04   0x08002b04   0x00000030   Data   RO          153    .rodata.image_data_font_ubuntu_mono_24_0x49  main.o
    0x08002b34   0x08002b34   0x00000030   Data   RO          154    .rodata.image_data_font_ubuntu_mono_24_0x4a  main.o
    0x08002b64   0x08002b64   0x00000030   Data   RO          155    .rodata.image_data_font_ubuntu_mono_24_0x4b  main.o
    0x08002b94   0x08002b94   0x00000030   Data   RO          156    .rodata.image_data_font_ubuntu_mono_24_0x4c  main.o
    0x08002bc4   0x08002bc4   0x00000030   Data   RO          157    .rodata.image_data_font_ubuntu_mono_24_0x4d  main.o
    0x08002bf4   0x08002bf4   0x00000030   Data   RO          158    .rodata.image_data_font_ubuntu_mono_24_0x4e  main.o
    0x08002c24   0x08002c24   0x00000030   Data   RO          159    .rodata.image_data_font_ubuntu_mono_24_0x4f  main.o
    0x08002c54   0x08002c54   0x00000030   Data   RO          160    .rodata.image_data_font_ubuntu_mono_24_0x50  main.o
    0x08002c84   0x08002c84   0x00000030   Data   RO          161    .rodata.image_data_font_ubuntu_mono_24_0x51  main.o
    0x08002cb4   0x08002cb4   0x00000030   Data   RO          162    .rodata.image_data_font_ubuntu_mono_24_0x52  main.o
    0x08002ce4   0x08002ce4   0x00000030   Data   RO          163    .rodata.image_data_font_ubuntu_mono_24_0x53  main.o
    0x08002d14   0x08002d14   0x00000030   Data   RO          164    .rodata.image_data_font_ubuntu_mono_24_0x54  main.o
    0x08002d44   0x08002d44   0x00000030   Data   RO          165    .rodata.image_data_font_ubuntu_mono_24_0x55  main.o
    0x08002d74   0x08002d74   0x00000030   Data   RO          166    .rodata.image_data_font_ubuntu_mono_24_0x56  main.o
    0x08002da4   0x08002da4   0x00000030   Data   RO          167    .rodata.image_data_font_ubuntu_mono_24_0x57  main.o
    0x08002dd4   0x08002dd4   0x00000030   Data   RO          168    .rodata.image_data_font_ubuntu_mono_24_0x58  main.o
    0x08002e04   0x08002e04   0x00000030   Data   RO          169    .rodata.image_data_font_ubuntu_mono_24_0x59  main.o
    0x08002e34   0x08002e34   0x00000030   Data   RO          170    .rodata.image_data_font_ubuntu_mono_24_0x5a  main.o
    0x08002e64   0x08002e64   0x00000030   Data   RO          171    .rodata.image_data_font_ubuntu_mono_24_0x5b  main.o
    0x08002e94   0x08002e94   0x00000030   Data   RO          172    .rodata.image_data_font_ubuntu_mono_24_0x5c  main.o
    0x08002ec4   0x08002ec4   0x00000030   Data   RO          173    .rodata.image_data_font_ubuntu_mono_24_0x5d  main.o
    0x08002ef4   0x08002ef4   0x00000030   Data   RO          174    .rodata.image_data_font_ubuntu_mono_24_0x5e  main.o
    0x08002f24   0x08002f24   0x00000030   Data   RO          175    .rodata.image_data_font_ubuntu_mono_24_0x5f  main.o
    0x08002f54   0x08002f54   0x00000030   Data   RO          176    .rodata.image_data_font_ubuntu_mono_24_0x60  main.o
    0x08002f84   0x08002f84   0x00000030   Data   RO          177    .rodata.image_data_font_ubuntu_mono_24_0x61  main.o
    0x08002fb4   0x08002fb4   0x00000030   Data   RO          178    .rodata.image_data_font_ubuntu_mono_24_0x62  main.o
    0x08002fe4   0x08002fe4   0x00000030   Data   RO          179    .rodata.image_data_font_ubuntu_mono_24_0x63  main.o
    0x08003014   0x08003014   0x00000030   Data   RO          180    .rodata.image_data_font_ubuntu_mono_24_0x64  main.o
    0x08003044   0x08003044   0x00000030   Data   RO          181    .rodata.image_data_font_ubuntu_mono_24_0x65  main.o
    0x08003074   0x08003074   0x00000030   Data   RO          182    .rodata.image_data_font_ubuntu_mono_24_0x66  main.o
    0x080030a4   0x080030a4   0x00000030   Data   RO          183    .rodata.image_data_font_ubuntu_mono_24_0x67  main.o
    0x080030d4   0x080030d4   0x00000030   Data   RO          184    .rodata.image_data_font_ubuntu_mono_24_0x68  main.o
    0x08003104   0x08003104   0x00000030   Data   RO          185    .rodata.image_data_font_ubuntu_mono_24_0x69  main.o
    0x08003134   0x08003134   0x00000030   Data   RO          186    .rodata.image_data_font_ubuntu_mono_24_0x6a  main.o
    0x08003164   0x08003164   0x00000030   Data   RO          187    .rodata.image_data_font_ubuntu_mono_24_0x6b  main.o
    0x08003194   0x08003194   0x00000030   Data   RO          188    .rodata.image_data_font_ubuntu_mono_24_0x6c  main.o
    0x080031c4   0x080031c4   0x00000030   Data   RO          189    .rodata.image_data_font_ubuntu_mono_24_0x6d  main.o
    0x080031f4   0x080031f4   0x00000030   Data   RO          190    .rodata.image_data_font_ubuntu_mono_24_0x6e  main.o
    0x08003224   0x08003224   0x00000030   Data   RO          191    .rodata.image_data_font_ubuntu_mono_24_0x6f  main.o
    0x08003254   0x08003254   0x00000030   Data   RO          192    .rodata.image_data_font_ubuntu_mono_24_0x70  main.o
    0x08003284   0x08003284   0x00000030   Data   RO          193    .rodata.image_data_font_ubuntu_mono_24_0x71  main.o
    0x080032b4   0x080032b4   0x00000030   Data   RO          194    .rodata.image_data_font_ubuntu_mono_24_0x72  main.o
    0x080032e4   0x080032e4   0x00000030   Data   RO          195    .rodata.image_data_font_ubuntu_mono_24_0x73  main.o
    0x08003314   0x08003314   0x00000030   Data   RO          196    .rodata.image_data_font_ubuntu_mono_24_0x74  main.o
    0x08003344   0x08003344   0x00000030   Data   RO          197    .rodata.image_data_font_ubuntu_mono_24_0x75  main.o
    0x08003374   0x08003374   0x00000030   Data   RO          198    .rodata.image_data_font_ubuntu_mono_24_0x76  main.o
    0x080033a4   0x080033a4   0x00000030   Data   RO          199    .rodata.image_data_font_ubuntu_mono_24_0x77  main.o
    0x080033d4   0x080033d4   0x00000030   Data   RO          200    .rodata.image_data_font_ubuntu_mono_24_0x78  main.o
    0x08003404   0x08003404   0x00000030   Data   RO          201    .rodata.image_data_font_ubuntu_mono_24_0x79  main.o
    0x08003434   0x08003434   0x00000030   Data   RO          202    .rodata.image_data_font_ubuntu_mono_24_0x7a  main.o
    0x08003464   0x08003464   0x00000030   Data   RO          203    .rodata.image_data_font_ubuntu_mono_24_0x7b  main.o
    0x08003494   0x08003494   0x00000030   Data   RO          204    .rodata.image_data_font_ubuntu_mono_24_0x7c  main.o
    0x080034c4   0x080034c4   0x00000030   Data   RO          205    .rodata.image_data_font_ubuntu_mono_24_0x7d  main.o
    0x080034f4   0x080034f4   0x00000030   Data   RO          206    .rodata.image_data_font_ubuntu_mono_24_0x7e  main.o
    0x08003524   0x08003524   0x00000020   Data   RO          571    Region$$Table       anon$$obj.o


    Execution Region ER_RW (Exec base: 0x20000000, Load base: 0x08003544, Size: 0x00000008, Max: 0xffffffff, ABSOLUTE)

    Exec Addr    Load Addr    Size         Type   Attr      Idx    E Section Name        Object

    0x20000000   0x08003544   0x00000004   Data   RW           13    .data.Center        main.o
    0x20000004   0x08003548   0x00000002   Data   RW          276    .data.ILI_TFTheight  ili9341.o
    0x20000006   0x0800354a   0x00000002   Data   RW          275    .data.ILI_TFTwidth  ili9341.o


    Execution Region ER_ZI (Exec base: 0x20000008, Load base: 0x0800354c, Size: 0x00000668, Max: 0xffffffff, ABSOLUTE)

    Exec Addr    Load Addr    Size         Type   Attr      Idx    E Section Name        Object

    0x20000008        -       0x00000060   Zero   RW          436    .bss                c_w.l(libspace.o)
    0x20000068        -       0x00000001   Zero   RW          278    .bss.ILI_Orientation  ili9341.o
    0x20000069        -       0x00000001   Zero   RW           12    .bss.flag           main.o
    0x2000006a        -       0x00000001   Zero   RW           14    .bss.value          main.o
    0x2000006b   0x0800354c   0x00000005   PAD
    0x20000070        -       0x00000200   Zero   RW          344    HEAP                startup_stm32f446xx.o
    0x20000270        -       0x00000400   Zero   RW          343    STACK               startup_stm32f446xx.o


==============================================================================

Image component sizes


      Code (inc. data)   RO Data    RW Data    ZI Data      Debug   Object Name

       302          8          0          0          0       2327   adc.o
      2694          4          0          4          1      10328   ili9341.o
       546          8       6468          4          2      12925   main.o
       428          0          0          0          0       2739   spi.o
        64         26        452          0       1536        944   startup_stm32f446xx.o
        18          0          0          0          0       2789   system_stm32f4xx.o

    ----------------------------------------------------------------------
      4088         46       6952          8       1544      32052   Object Totals
         0          0         32          0          0          0   (incl. Generated)
        36          0          0          0          5          0   (incl. Padding)

    ----------------------------------------------------------------------

      Code (inc. data)   RO Data    RW Data    ZI Data      Debug   Library Member Name

         8          0          0          0          0         68   __main.o
         0          0          0          0          0          0   __rtentry.o
        12          0          0          0          0          0   __rtentry2.o
         6          0          0          0          0          0   __rtentry4.o
        52          8          0          0          0          0   __scatter.o
        26          0          0          0          0          0   __scatter_copy.o
        28          0          0          0          0          0   __scatter_zi.o
        18          0          0          0          0         80   exit.o
         6          0          0          0          0        152   heapauxi.o
         0          0          0          0          0          0   indicate_semi.o
         2          0          0          0          0          0   libinit.o
         6          0          0          0          0          0   libinit2.o
         2          0          0          0          0          0   libshutdown.o
         2          0          0          0          0          0   libshutdown2.o
         8          4          0          0         96         68   libspace.o
         2          0          0          0          0          0   rtexit.o
        10          0          0          0          0          0   rtexit2.o
        12          4          0          0          0         68   sys_exit.o
        74          0          0          0          0         80   sys_stackheap_outer.o
         2          0          0          0          0         68   use_no_semi.o
       812         16          0          0          0        392   daddsub_clz.o
       692        140          0          0          0        264   ddiv.o
        94          4          0          0          0        140   dfix.o
        90          4          0          0          0        140   dfixu.o
        84          0          0          0          0        232   dflt_clz.o
       340         12          0          0          0        152   dmul.o
       156          4          0          0          0        140   dnaninf.o
        12          0          0          0          0        116   dretinf.o
        26          0          0          0          0        116   fpinit.o
         0          0          0          0          0          0   usenofp.o

    ----------------------------------------------------------------------
      2596        196          0          0         96       2276   Library Totals
        14          0          0          0          0          0   (incl. Padding)

    ----------------------------------------------------------------------

      Code (inc. data)   RO Data    RW Data    ZI Data      Debug   Library Name

       276         16          0          0         96        584   c_w.l
      2306        180          0          0          0       1692   fz_wm.l

    ----------------------------------------------------------------------
      2596        196          0          0         96       2276   Library Totals

    ----------------------------------------------------------------------

==============================================================================


      Code (inc. data)   RO Data    RW Data    ZI Data      Debug   

      6684        242       6952          8       1640      33092   Grand Totals
      6684        242       6952          8       1640      33092   ELF Image Totals
      6684        242       6952          8          0          0   ROM Totals

==============================================================================

    Total RO  Size (Code + RO Data)                13636 (  13.32kB)
    Total RW  Size (RW Data + ZI Data)              1648 (   1.61kB)
    Total ROM Size (Code + RO Data + RW Data)      13644 (  13.32kB)

==============================================================================

